
Optional file libmchp_peripheral.a not found

Optional file libmchp_peripheral_32MX795F512L.a not found
Archive member included because of file (symbol)

/home/john/MPLAB-X/XC32_Compiler/bin/bin/../../lib/gcc/pic32mx/4.8.3/../../../../pic32mx/lib/libpic32.a(memcpy.o)
                              build/default/production/_ext/1458882252/queue.o (memcpy)
/home/john/MPLAB-X/XC32_Compiler/bin/bin/../../lib/gcc/pic32mx/4.8.3/../../../../pic32mx/lib/libpic32.a(memset.o)
                              build/default/production/_ext/1458882252/tasks.o (memset)
/home/john/MPLAB-X/XC32_Compiler/bin/bin/../../lib/gcc/pic32mx/4.8.3/../../../../pic32mx/lib/libpic32.a(strcpy.o)
                              build/default/production/_ext/1952159421/sys_debug.o (strcpy)
/home/john/MPLAB-X/XC32_Compiler/bin/bin/../../lib/gcc/pic32mx/4.8.3/../../../../pic32mx/lib/libpic32.a(strlen.o)
                              build/default/production/_ext/207392127/sys_console_appio.o (strlen)
/home/john/MPLAB-X/XC32_Compiler/bin/bin/../../lib/gcc/pic32mx/4.8.3/../../../../pic32mx/lib/libpic32.a(default-bootstrap-exception-handler.o)
                              /home/john/MPLAB-X/XC32_Compiler/bin/bin/../../lib/gcc/pic32mx/4.8.3/../../../../pic32mx/lib/./proc/32MX795F512L/crt0_mips32r2.o (_bootstrap_exception_handler)
/home/john/MPLAB-X/XC32_Compiler/bin/bin/../../lib/gcc/pic32mx/4.8.3/../../../../pic32mx/lib/libpic32.a(default-on-reset.o)
                              /home/john/MPLAB-X/XC32_Compiler/bin/bin/../../lib/gcc/pic32mx/4.8.3/../../../../pic32mx/lib/./proc/32MX795F512L/crt0_mips32r2.o (_on_reset)
/home/john/MPLAB-X/XC32_Compiler/bin/bin/../../lib/gcc/pic32mx/4.8.3/../../../../pic32mx/lib/libpic32.a(default-on-bootstrap.o)
                              /home/john/MPLAB-X/XC32_Compiler/bin/bin/../../lib/gcc/pic32mx/4.8.3/../../../../pic32mx/lib/./proc/32MX795F512L/crt0_mips32r2.o (_on_bootstrap)
/home/john/MPLAB-X/XC32_Compiler/bin/bin/../../lib/gcc/pic32mx/4.8.3/../../../../pic32mx/lib/libpic32.a(default-nmi-handler.o)
                              /home/john/MPLAB-X/XC32_Compiler/bin/bin/../../lib/gcc/pic32mx/4.8.3/../../../../pic32mx/lib/./proc/32MX795F512L/crt0_mips32r2.o (_nmi_handler)
/home/john/MPLAB-X/XC32_Compiler/bin/bin/../../lib/gcc/pic32mx/4.8.3/../../../../pic32mx/lib/libpic32.a(general-exception.o)
                              /home/john/MPLAB-X/XC32_Compiler/bin/bin/../../lib/gcc/pic32mx/4.8.3/../../../../pic32mx/lib/./proc/32MX795F512L/crt0_mips32r2.o (_general_exception_context)
/home/john/MPLAB-X/XC32_Compiler/bin/bin/../../lib/gcc/pic32mx/4.8.3/../../../../pic32mx/lib/libpic32.a(vector0.o)
                              /home/john/MPLAB-X/XC32_Compiler/bin/bin/../../lib/gcc/pic32mx/4.8.3/../../../../pic32mx/lib/./proc/32MX795F512L/default_isr_vectors.o (__vector_dispatch_0)
/home/john/MPLAB-X/XC32_Compiler/bin/bin/../../lib/gcc/pic32mx/4.8.3/../../../../pic32mx/lib/libpic32.a(vector2.o)
                              /home/john/MPLAB-X/XC32_Compiler/bin/bin/../../lib/gcc/pic32mx/4.8.3/../../../../pic32mx/lib/./proc/32MX795F512L/default_isr_vectors.o (__vector_dispatch_2)
/home/john/MPLAB-X/XC32_Compiler/bin/bin/../../lib/gcc/pic32mx/4.8.3/../../../../pic32mx/lib/libpic32.a(vector3.o)
                              /home/john/MPLAB-X/XC32_Compiler/bin/bin/../../lib/gcc/pic32mx/4.8.3/../../../../pic32mx/lib/./proc/32MX795F512L/default_isr_vectors.o (__vector_dispatch_3)
/home/john/MPLAB-X/XC32_Compiler/bin/bin/../../lib/gcc/pic32mx/4.8.3/../../../../pic32mx/lib/libpic32.a(vector5.o)
                              /home/john/MPLAB-X/XC32_Compiler/bin/bin/../../lib/gcc/pic32mx/4.8.3/../../../../pic32mx/lib/./proc/32MX795F512L/default_isr_vectors.o (__vector_dispatch_5)
/home/john/MPLAB-X/XC32_Compiler/bin/bin/../../lib/gcc/pic32mx/4.8.3/../../../../pic32mx/lib/libpic32.a(vector6.o)
                              /home/john/MPLAB-X/XC32_Compiler/bin/bin/../../lib/gcc/pic32mx/4.8.3/../../../../pic32mx/lib/./proc/32MX795F512L/default_isr_vectors.o (__vector_dispatch_6)
/home/john/MPLAB-X/XC32_Compiler/bin/bin/../../lib/gcc/pic32mx/4.8.3/../../../../pic32mx/lib/libpic32.a(vector7.o)
                              /home/john/MPLAB-X/XC32_Compiler/bin/bin/../../lib/gcc/pic32mx/4.8.3/../../../../pic32mx/lib/./proc/32MX795F512L/default_isr_vectors.o (__vector_dispatch_7)
/home/john/MPLAB-X/XC32_Compiler/bin/bin/../../lib/gcc/pic32mx/4.8.3/../../../../pic32mx/lib/libpic32.a(vector8.o)
                              /home/john/MPLAB-X/XC32_Compiler/bin/bin/../../lib/gcc/pic32mx/4.8.3/../../../../pic32mx/lib/./proc/32MX795F512L/default_isr_vectors.o (__vector_dispatch_8)
/home/john/MPLAB-X/XC32_Compiler/bin/bin/../../lib/gcc/pic32mx/4.8.3/../../../../pic32mx/lib/libpic32.a(vector9.o)
                              /home/john/MPLAB-X/XC32_Compiler/bin/bin/../../lib/gcc/pic32mx/4.8.3/../../../../pic32mx/lib/./proc/32MX795F512L/default_isr_vectors.o (__vector_dispatch_9)
[...]
Memory Configuration

Name             Origin             Length             Attributes
kseg0_program_mem 0x9d000000         0x00080000         xr
kseg0_boot_mem   0x9fc00490         0x00000970
exception_mem    0x9fc01000         0x00001000
kseg1_boot_mem   0xbfc00000         0x00000490
debug_exec_mem   0xbfc02000         0x00000ff0
config3          0xbfc02ff0         0x00000004
config2          0xbfc02ff4         0x00000004
config1          0xbfc02ff8         0x00000004
config0          0xbfc02ffc         0x00000004
kseg1_data_mem   0xa0000000         0x00020000         w !x
sfrs             0xbf800000         0x00100000
configsfrs       0xbfc02ff0         0x00000010
*default*        0x00000000         0xffffffff

Linker script and memory map

LOAD /home/john/MPLAB-X/XC32_Compiler/bin/bin/../../lib/gcc/pic32mx/4.8.3/../../../../pic32mx/lib/./proc/32MX795F512L/crt0_mips32r2.o
LOAD /home/john/MPLAB-X/XC32_Compiler/bin/bin/../../lib/gcc/pic32mx/4.8.3/../../../../pic32mx/lib/debug-exception-return.o
LOAD build/default/production/_ext/1360937237/app_public.o
LOAD build/default/production/_ext/1360937237/app.o
LOAD build/default/production/_ext/1360937237/main.o
LOAD build/default/production/_ext/382300584/drv_usart.o
LOAD build/default/production/_ext/382300584/drv_usart_byte_model.o
LOAD build/default/production/_ext/1964585049/osal_freertos.o
LOAD build/default/production/_ext/207392127/sys_console.o
LOAD build/default/production/_ext/207392127/sys_console_appio.o
LOAD build/default/production/_ext/1952159421/sys_debug.o
LOAD build/default/production/_ext/1921105363/sys_devcon.o
LOAD build/default/production/_ext/1921105363/sys_devcon_pic32mx.o
LOAD build/default/production/_ext/993332121/sys_int_pic32.o
LOAD build/default/production/_ext/1458882252/croutine.o
LOAD build/default/production/_ext/1458882252/list.o
LOAD build/default/production/_ext/1458882252/queue.o
LOAD build/default/production/_ext/1458882252/tasks.o
LOAD build/default/production/_ext/1458882252/timers.o
LOAD build/default/production/_ext/1458882252/event_groups.o
LOAD build/default/production/_ext/628943767/heap_1.o
LOAD build/default/production/_ext/1338673686/port.o
LOAD build/default/production/_ext/1338673686/port_asm.o
LOAD build/default/production/_ext/639803181/sys_clk_static.o
LOAD build/default/production/_ext/822048611/sys_ports_static.o
LOAD build/default/production/_ext/1688732426/system_init.o
LOAD build/default/production/_ext/1688732426/system_interrupt.o
LOAD build/default/production/_ext/1688732426/system_exceptions.o
LOAD build/default/production/_ext/1688732426/system_tasks.o
LOAD build/default/production/_ext/1688732426/system_interrupt_a.o
LOAD build/default/production/_ext/1688732426/rtos_hooks.o
LOAD ../../../../../../../../../microchip/harmony/v1_08_01/bin/framework/peripheral/PIC32MX795F512L_peripherals.a
LOAD ../../../../../../../../../microchip/harmony/v1_08_01/framework/tcpip/src/crypto/aes_pic32mx.a
                0x00000001                __MPLAB_BUILD = 0x1
                0x00000800                _min_heap_size = 0x800
LOAD /home/john/MPLAB-X/XC32_Compiler/bin/bin/../../lib/gcc/pic32mx/4.8.3/../../../../pic32mx/lib/./proc/32MX795F512L/default_isr_vectors.o
LOAD /home/john/MPLAB-X/XC32_Compiler/bin/bin/../../lib/gcc/pic32mx/4.8.3/../../../../pic32mx/lib/pic32_software_reset.o
                0x00000400                PROVIDE (_min_stack_size, 0x400)
LOAD /home/john/MPLAB-X/XC32_Compiler/bin/bin/../../lib/gcc/pic32mx/4.8.3/../../../../pic32mx/lib/./proc/32MX795F512L/processor.o
START GROUP
LOAD libmchp_peripheral.a
END GROUP
START GROUP
LOAD libmchp_peripheral_32MX795F512L.a
END GROUP
                0x00000001                PROVIDE (_vector_spacing, 0x1)
                0x9fc01000                PROVIDE (_ebase_address, 0x9fc01000)
                0xbfc00000                _RESET_ADDR = 0xbfc00000
                0xbfc00380                _BEV_EXCPT_ADDR = 0xbfc00380
                0xbfc00480                _DBG_EXCPT_ADDR = 0xbfc00480
                0xbfc02000                _DBG_CODE_ADDR = 0xbfc02000
                0x00000ff0                _DBG_CODE_SIZE = 0xff0
                0x9fc01180                _GEN_EXCPT_ADDR = (_ebase_address + 0x180)

.config_BFC02FF0
                0xbfc02ff0        0x4
 *(.config_BFC02FF0)
 .config_BFC02FF0
                0xbfc02ff0        0x4 build/default/production/_ext/1688732426/system_init.o

.config_BFC02FF4
                0xbfc02ff4        0x4
 *(.config_BFC02FF4)
 .config_BFC02FF4
                0xbfc02ff4        0x4 build/default/production/_ext/1688732426/system_init.o

.config_BFC02FF8
                0xbfc02ff8        0x4
 *(.config_BFC02FF8)
 .config_BFC02FF8
                0xbfc02ff8        0x4 build/default/production/_ext/1688732426/system_init.o

.config_BFC02FFC
                0xbfc02ffc        0x4
 *(.config_BFC02FFC)
 .config_BFC02FFC
                0xbfc02ffc        0x4 build/default/production/_ext/1688732426/system_init.o
                0xbfc02000                PROVIDE (_DBG_CODE_ADDR, 0xbfc02000)
                0x00000ff0                PROVIDE (_DBG_CODE_SIZE, 0xff0)

.reset          0xbfc00000      0x208
 *(.reset)
 .reset         0xbfc00000        0x8 /home/john/MPLAB-X/XC32_Compiler/bin/bin/../../lib/gcc/pic32mx/4.8.3/../../../../pic32mx/lib/./proc/32MX795F512L/crt0_mips32r2.o
                0xbfc00000                _reset
 *(.reset.startup)
 .reset.startup
                0xbfc00008      0x200 /home/john/MPLAB-X/XC32_Compiler/bin/bin/../../lib/gcc/pic32mx/4.8.3/../../../../pic32mx/lib/./proc/32MX795F512L/crt0_mips32r2.o

.bev_excpt      0xbfc00380       0x10
 *(.bev_handler)
 .bev_handler   0xbfc00380       0x10 /home/john/MPLAB-X/XC32_Compiler/bin/bin/../../lib/gcc/pic32mx/4.8.3/../../../../pic32mx/lib/./proc/32MX795F512L/crt0_mips32r2.o

.dbg_excpt      0xbfc00480        0x0
                0xbfc00480                . = (. + DEFINED (_DEBUGGER)?0x8:0x0)

.dbg_code       0xbfc02000        0x0
                0xbfc02000                . = (. + DEFINED (_DEBUGGER)?_DBG_CODE_SIZE:0x0)

.app_excpt      0x9fc01180       0x10
 *(.gen_handler)
 .gen_handler   0x9fc01180       0x10 /home/john/MPLAB-X/XC32_Compiler/bin/bin/../../lib/gcc/pic32mx/4.8.3/../../../../pic32mx/lib/./proc/32MX795F512L/crt0_mips32r2.o

.vector_0       0x9fc01200        0x8
 *(.vector_0)
 .vector_0      0x9fc01200        0x8 /home/john/MPLAB-X/XC32_Compiler/bin/bin/../../lib/gcc/pic32mx/4.8.3/../../../../pic32mx/lib/libpic32.a(vector0.o)
                0x9fc01200                __vector_dispatch_0
                0x00000001                ASSERT (((_vector_spacing == 0x0) || (SIZEOF (.vector_0) <= (_vector_spacing << 0x5))), function at exception vector 0 too large)

.vector_1       0x9fc01220        0x8
 *(.vector_1)
 .vector_1      0x9fc01220        0x8 build/default/production/_ext/1338673686/port.o
                0x9fc01220                __vector_dispatch_1
                0x00000001                ASSERT (((_vector_spacing == 0x0) || (SIZEOF (.vector_1) <= (_vector_spacing << 0x5))), function at exception vector 1 too large)

.vector_2       0x9fc01240        0x8
 *(.vector_2)
 .vector_2      0x9fc01240        0x8 /home/john/MPLAB-X/XC32_Compiler/bin/bin/../../lib/gcc/pic32mx/4.8.3/../../../../pic32mx/lib/libpic32.a(vector2.o)
                0x9fc01240                __vector_dispatch_2
                0x00000001                ASSERT (((_vector_spacing == 0x0) || (SIZEOF (.vector_2) <= (_vector_spacing << 0x5))), function at exception vector 2 too large)

.vector_3       0x9fc01260        0x8
 *(.vector_3)
 .vector_3      0x9fc01260        0x8 /home/john/MPLAB-X/XC32_Compiler/bin/bin/../../lib/gcc/pic32mx/4.8.3/../../../../pic32mx/lib/libpic32.a(vector3.o)
                0x9fc01260                __vector_dispatch_3
                0x00000001                ASSERT (((_vector_spacing == 0x0) || (SIZEOF (.vector_3) <= (_vector_spacing << 0x5))), function at exception vector 3 too large)

.vector_4       0x9fc01280        0x8
 *(.vector_4)
 .vector_4      0x9fc01280        0x8 build/default/production/_ext/1338673686/port.o
                0x9fc01280                __vector_dispatch_4
                0x00000001                ASSERT (((_vector_spacing == 0x0) || (SIZEOF (.vector_4) <= (_vector_spacing << 0x5))), function at exception vector 4 too large)

.vector_5       0x9fc012a0        0x8
 *(.vector_5)
 .vector_5      0x9fc012a0        0x8 /home/john/MPLAB-X/XC32_Compiler/bin/bin/../../lib/gcc/pic32mx/4.8.3/../../../../pic32mx/lib/libpic32.a(vector5.o)
                0x9fc012a0                __vector_dispatch_5
                0x00000001                ASSERT (((_vector_spacing == 0x0) || (SIZEOF (.vector_5) <= (_vector_spacing << 0x5))), function at exception vector 5 too large)

.vector_6       0x9fc012c0        0x8
 *(.vector_6)
 .vector_6      0x9fc012c0        0x8 /home/john/MPLAB-X/XC32_Compiler/bin/bin/../../lib/gcc/pic32mx/4.8.3/../../../../pic32mx/lib/libpic32.a(vector6.o)
                0x9fc012c0                __vector_dispatch_6
                0x00000001                ASSERT (((_vector_spacing == 0x0) || (SIZEOF (.vector_6) <= (_vector_spacing << 0x5))), function at exception vector 6 too large)

.vector_7       0x9fc012e0        0x8
 *(.vector_7)
 .vector_7      0x9fc012e0        0x8 /home/john/MPLAB-X/XC32_Compiler/bin/bin/../../lib/gcc/pic32mx/4.8.3/../../../../pic32mx/lib/libpic32.a(vector7.o)
                0x9fc012e0                __vector_dispatch_7
                0x00000001                ASSERT (((_vector_spacing == 0x0) || (SIZEOF (.vector_7) <= (_vector_spacing << 0x5))), function at exception vector 7 too large)

.vector_8       0x9fc01300        0x8
 *(.vector_8)
 .vector_8      0x9fc01300        0x8 /home/john/MPLAB-X/XC32_Compiler/bin/bin/../../lib/gcc/pic32mx/4.8.3/../../../../pic32mx/lib/libpic32.a(vector8.o)
                0x9fc01300                __vector_dispatch_8
                0x00000001                ASSERT (((_vector_spacing == 0x0) || (SIZEOF (.vector_8) <= (_vector_spacing << 0x5))), function at exception vector 8 too large)

.vector_9       0x9fc01320        0x8
 *(.vector_9)
 .vector_9      0x9fc01320        0x8 /home/john/MPLAB-X/XC32_Compiler/bin/bin/../../lib/gcc/pic32mx/4.8.3/../../../../pic32mx/lib/libpic32.a(vector9.o)
                0x9fc01320                __vector_dispatch_9
                0x00000001                ASSERT (((_vector_spacing == 0x0) || (SIZEOF (.vector_9) <= (_vector_spacing << 0x5))), function at exception vector 9 too large)

.vector_10      0x9fc01340        0x8
 *(.vector_10)
 .vector_10     0x9fc01340        0x8 /home/john/MPLAB-X/XC32_Compiler/bin/bin/../../lib/gcc/pic32mx/4.8.3/../../../../pic32mx/lib/libpic32.a(vector10.o)
                0x9fc01340                __vector_dispatch_10
                0x00000001                ASSERT (((_vector_spacing == 0x0) || (SIZEOF (.vector_10) <= (_vector_spacing << 0x5))), function at exception vector 10 too large)

.vector_11      0x9fc01360        0x8
 *(.vector_11)
 .vector_11     0x9fc01360        0x8 /home/john/MPLAB-X/XC32_Compiler/bin/bin/../../lib/gcc/pic32mx/4.8.3/../../../../pic32mx/lib/libpic32.a(vector11.o)
                0x9fc01360                __vector_dispatch_11
                0x00000001                ASSERT (((_vector_spacing == 0x0) || (SIZEOF (.vector_11) <= (_vector_spacing << 0x5))), function at exception vector 11 too large)

.vector_12      0x9fc01380        0x8
 *(.vector_12)
 .vector_12     0x9fc01380        0x8 /home/john/MPLAB-X/XC32_Compiler/bin/bin/../../lib/gcc/pic32mx/4.8.3/../../../../pic32mx/lib/libpic32.a(vector12.o)
                0x9fc01380                __vector_dispatch_12
                0x00000001                ASSERT (((_vector_spacing == 0x0) || (SIZEOF (.vector_12) <= (_vector_spacing << 0x5))), function at exception vector 12 too large)

.vector_13      0x9fc013a0        0x8
 *(.vector_13)
 .vector_13     0x9fc013a0        0x8 /home/john/MPLAB-X/XC32_Compiler/bin/bin/../../lib/gcc/pic32mx/4.8.3/../../../../pic32mx/lib/libpic32.a(vector13.o)
                0x9fc013a0                __vector_dispatch_13
                0x00000001                ASSERT (((_vector_spacing == 0x0) || (SIZEOF (.vector_13) <= (_vector_spacing << 0x5))), function at exception vector 13 too large)

.vector_14      0x9fc013c0        0x8
 *(.vector_14)
 .vector_14     0x9fc013c0        0x8 /home/john/MPLAB-X/XC32_Compiler/bin/bin/../../lib/gcc/pic32mx/4.8.3/../../../../pic32mx/lib/libpic32.a(vector14.o)
                0x9fc013c0                __vector_dispatch_14
                0x00000001                ASSERT (((_vector_spacing == 0x0) || (SIZEOF (.vector_14) <= (_vector_spacing << 0x5))), function at exception vector 14 too large)

.vector_15      0x9fc013e0        0x8
 *(.vector_15)
 .vector_15     0x9fc013e0        0x8 /home/john/MPLAB-X/XC32_Compiler/bin/bin/../../lib/gcc/pic32mx/4.8.3/../../../../pic32mx/lib/libpic32.a(vector15.o)
                0x9fc013e0                __vector_dispatch_15
                0x00000001                ASSERT (((_vector_spacing == 0x0) || (SIZEOF (.vector_15) <= (_vector_spacing << 0x5))), function at exception vector 15 too large)

.vector_16      0x9fc01400        0x8
 *(.vector_16)
 .vector_16     0x9fc01400        0x8 /home/john/MPLAB-X/XC32_Compiler/bin/bin/../../lib/gcc/pic32mx/4.8.3/../../../../pic32mx/lib/libpic32.a(vector16.o)
                0x9fc01400                __vector_dispatch_16
                0x00000001                ASSERT (((_vector_spacing == 0x0) || (SIZEOF (.vector_16) <= (_vector_spacing << 0x5))), function at exception vector 16 too large)

.vector_17      0x9fc01420        0x8
 *(.vector_17)
 .vector_17     0x9fc01420        0x8 /home/john/MPLAB-X/XC32_Compiler/bin/bin/../../lib/gcc/pic32mx/4.8.3/../../../../pic32mx/lib/libpic32.a(vector17.o)
                0x9fc01420                __vector_dispatch_17
                0x00000001                ASSERT (((_vector_spacing == 0x0) || (SIZEOF (.vector_17) <= (_vector_spacing << 0x5))), function at exception vector 17 too large)

.vector_18      0x9fc01440        0x8
 *(.vector_18)
 .vector_18     0x9fc01440        0x8 /home/john/MPLAB-X/XC32_Compiler/bin/bin/../../lib/gcc/pic32mx/4.8.3/../../../../pic32mx/lib/libpic32.a(vector18.o)
                0x9fc01440                __vector_dispatch_18
                0x00000001                ASSERT (((_vector_spacing == 0x0) || (SIZEOF (.vector_18) <= (_vector_spacing << 0x5))), function at exception vector 18 too large)

.vector_19      0x9fc01460        0x8
 *(.vector_19)
 .vector_19     0x9fc01460        0x8 /home/john/MPLAB-X/XC32_Compiler/bin/bin/../../lib/gcc/pic32mx/4.8.3/../../../../pic32mx/lib/libpic32.a(vector19.o)
                0x9fc01460                __vector_dispatch_19
                0x00000001                ASSERT (((_vector_spacing == 0x0) || (SIZEOF (.vector_19) <= (_vector_spacing << 0x5))), function at exception vector 19 too large)

.vector_20      0x9fc01480        0x8
 *(.vector_20)
 .vector_20     0x9fc01480        0x8 /home/john/MPLAB-X/XC32_Compiler/bin/bin/../../lib/gcc/pic32mx/4.8.3/../../../../pic32mx/lib/libpic32.a(vector20.o)
                0x9fc01480                __vector_dispatch_20
                0x00000001                ASSERT (((_vector_spacing == 0x0) || (SIZEOF (.vector_20) <= (_vector_spacing << 0x5))), function at exception vector 20 too large)

.vector_21      0x9fc014a0        0x8
 *(.vector_21)
 .vector_21     0x9fc014a0        0x8 /home/john/MPLAB-X/XC32_Compiler/bin/bin/../../lib/gcc/pic32mx/4.8.3/../../../../pic32mx/lib/libpic32.a(vector21.o)
                0x9fc014a0                __vector_dispatch_21
                0x00000001                ASSERT (((_vector_spacing == 0x0) || (SIZEOF (.vector_21) <= (_vector_spacing << 0x5))), function at exception vector 21 too large)

.vector_22      0x9fc014c0        0x8
 *(.vector_22)
 .vector_22     0x9fc014c0        0x8 /home/john/MPLAB-X/XC32_Compiler/bin/bin/../../lib/gcc/pic32mx/4.8.3/../../../../pic32mx/lib/libpic32.a(vector22.o)
                0x9fc014c0                __vector_dispatch_22
                0x00000001                ASSERT (((_vector_spacing == 0x0) || (SIZEOF (.vector_22) <= (_vector_spacing << 0x5))), function at exception vector 22 too large)

.vector_23      0x9fc014e0        0x8
 *(.vector_23)
 .vector_23     0x9fc014e0        0x8 /home/john/MPLAB-X/XC32_Compiler/bin/bin/../../lib/gcc/pic32mx/4.8.3/../../../../pic32mx/lib/libpic32.a(vector23.o)
                0x9fc014e0                __vector_dispatch_23
                0x00000001                ASSERT (((_vector_spacing == 0x0) || (SIZEOF (.vector_23) <= (_vector_spacing << 0x5))), function at exception vector 23 too large)

.vector_24      0x9fc01500       0x10
 *(.vector_24)
 .vector_24     0x9fc01500       0x10 build/default/production/_ext/1688732426/system_interrupt_a.o
                0x9fc01500                __vector_dispatch_24
                0x00000001                ASSERT (((_vector_spacing == 0x0) || (SIZEOF (.vector_24) <= (_vector_spacing << 0x5))), function at exception vector 24 too large)

.vector_25      0x9fc01520        0x8
 *(.vector_25)
 .vector_25     0x9fc01520        0x8 /home/john/MPLAB-X/XC32_Compiler/bin/bin/../../lib/gcc/pic32mx/4.8.3/../../../../pic32mx/lib/libpic32.a(vector25.o)
                0x9fc01520                __vector_dispatch_25
                0x00000001                ASSERT (((_vector_spacing == 0x0) || (SIZEOF (.vector_25) <= (_vector_spacing << 0x5))), function at exception vector 25 too large)

.vector_26      0x9fc01540        0x8
 *(.vector_26)
 .vector_26     0x9fc01540        0x8 /home/john/MPLAB-X/XC32_Compiler/bin/bin/../../lib/gcc/pic32mx/4.8.3/../../../../pic32mx/lib/libpic32.a(vector26.o)
                0x9fc01540                __vector_dispatch_26
                0x00000001                ASSERT (((_vector_spacing == 0x0) || (SIZEOF (.vector_26) <= (_vector_spacing << 0x5))), function at exception vector 26 too large)

.vector_27      0x9fc01560        0x8
 *(.vector_27)
 .vector_27     0x9fc01560        0x8 /home/john/MPLAB-X/XC32_Compiler/bin/bin/../../lib/gcc/pic32mx/4.8.3/../../../../pic32mx/lib/libpic32.a(vector27.o)
                0x9fc01560                __vector_dispatch_27
                0x00000001                ASSERT (((_vector_spacing == 0x0) || (SIZEOF (.vector_27) <= (_vector_spacing << 0x5))), function at exception vector 27 too large)

.vector_28      0x9fc01580        0x8
 *(.vector_28)
 .vector_28     0x9fc01580        0x8 /home/john/MPLAB-X/XC32_Compiler/bin/bin/../../lib/gcc/pic32mx/4.8.3/../../../../pic32mx/lib/libpic32.a(vector28.o)
                0x9fc01580                __vector_dispatch_28
                0x00000001                ASSERT (((_vector_spacing == 0x0) || (SIZEOF (.vector_28) <= (_vector_spacing << 0x5))), function at exception vector 28 too large)

.vector_29      0x9fc015a0        0x8
 *(.vector_29)
 .vector_29     0x9fc015a0        0x8 /home/john/MPLAB-X/XC32_Compiler/bin/bin/../../lib/gcc/pic32mx/4.8.3/../../../../pic32mx/lib/libpic32.a(vector29.o)
                0x9fc015a0                __vector_dispatch_29
                0x00000001                ASSERT (((_vector_spacing == 0x0) || (SIZEOF (.vector_29) <= (_vector_spacing << 0x5))), function at exception vector 29 too large)

.vector_30      0x9fc015c0        0x8
 *(.vector_30)
 .vector_30     0x9fc015c0        0x8 /home/john/MPLAB-X/XC32_Compiler/bin/bin/../../lib/gcc/pic32mx/4.8.3/../../../../pic32mx/lib/libpic32.a(vector30.o)
                0x9fc015c0                __vector_dispatch_30
                0x00000001                ASSERT (((_vector_spacing == 0x0) || (SIZEOF (.vector_30) <= (_vector_spacing << 0x5))), function at exception vector 30 too large)

.vector_31      0x9fc015e0        0x8
 *(.vector_31)
 .vector_31     0x9fc015e0        0x8 /home/john/MPLAB-X/XC32_Compiler/bin/bin/../../lib/gcc/pic32mx/4.8.3/../../../../pic32mx/lib/libpic32.a(vector31.o)
                0x9fc015e0                __vector_dispatch_31
                0x00000001                ASSERT (((_vector_spacing == 0x0) || (SIZEOF (.vector_31) <= (_vector_spacing << 0x5))), function at exception vector 31 too large)

.vector_32      0x9fc01600        0x8
 *(.vector_32)
 .vector_32     0x9fc01600        0x8 /home/john/MPLAB-X/XC32_Compiler/bin/bin/../../lib/gcc/pic32mx/4.8.3/../../../../pic32mx/lib/libpic32.a(vector32.o)
                0x9fc01600                __vector_dispatch_32
                0x00000001                ASSERT (((_vector_spacing == 0x0) || (SIZEOF (.vector_32) <= (_vector_spacing << 0x5))), function at exception vector 32 too large)

.vector_33      0x9fc01620        0x8
 *(.vector_33)
 .vector_33     0x9fc01620        0x8 /home/john/MPLAB-X/XC32_Compiler/bin/bin/../../lib/gcc/pic32mx/4.8.3/../../../../pic32mx/lib/libpic32.a(vector33.o)
                0x9fc01620                __vector_dispatch_33
                0x00000001                ASSERT (((_vector_spacing == 0x0) || (SIZEOF (.vector_33) <= (_vector_spacing << 0x5))), function at exception vector 33 too large)

.vector_34      0x9fc01640        0x8
 *(.vector_34)
 .vector_34     0x9fc01640        0x8 /home/john/MPLAB-X/XC32_Compiler/bin/bin/../../lib/gcc/pic32mx/4.8.3/../../../../pic32mx/lib/libpic32.a(vector34.o)
                0x9fc01640                __vector_dispatch_34
                0x00000001                ASSERT (((_vector_spacing == 0x0) || (SIZEOF (.vector_34) <= (_vector_spacing << 0x5))), function at exception vector 34 too large)

.vector_35      0x9fc01660        0x8
 *(.vector_35)
 .vector_35     0x9fc01660        0x8 /home/john/MPLAB-X/XC32_Compiler/bin/bin/../../lib/gcc/pic32mx/4.8.3/../../../../pic32mx/lib/libpic32.a(vector35.o)
                0x9fc01660                __vector_dispatch_35
                0x00000001                ASSERT (((_vector_spacing == 0x0) || (SIZEOF (.vector_35) <= (_vector_spacing << 0x5))), function at exception vector 35 too large)

.vector_36      0x9fc01680        0x8
 *(.vector_36)
 .vector_36     0x9fc01680        0x8 /home/john/MPLAB-X/XC32_Compiler/bin/bin/../../lib/gcc/pic32mx/4.8.3/../../../../pic32mx/lib/libpic32.a(vector36.o)
                0x9fc01680                __vector_dispatch_36
                0x00000001                ASSERT (((_vector_spacing == 0x0) || (SIZEOF (.vector_36) <= (_vector_spacing << 0x5))), function at exception vector 36 too large)

.vector_37      0x9fc016a0        0x8
 *(.vector_37)
 .vector_37     0x9fc016a0        0x8 /home/john/MPLAB-X/XC32_Compiler/bin/bin/../../lib/gcc/pic32mx/4.8.3/../../../../pic32mx/lib/libpic32.a(vector37.o)
                0x9fc016a0                __vector_dispatch_37
                0x00000001                ASSERT (((_vector_spacing == 0x0) || (SIZEOF (.vector_37) <= (_vector_spacing << 0x5))), function at exception vector 37 too large)

.vector_38      0x9fc016c0        0x8
 *(.vector_38)
 .vector_38     0x9fc016c0        0x8 /home/john/MPLAB-X/XC32_Compiler/bin/bin/../../lib/gcc/pic32mx/4.8.3/../../../../pic32mx/lib/libpic32.a(vector38.o)
                0x9fc016c0                __vector_dispatch_38
                0x00000001                ASSERT (((_vector_spacing == 0x0) || (SIZEOF (.vector_38) <= (_vector_spacing << 0x5))), function at exception vector 38 too large)

.vector_39      0x9fc016e0        0x8
 *(.vector_39)
 .vector_39     0x9fc016e0        0x8 /home/john/MPLAB-X/XC32_Compiler/bin/bin/../../lib/gcc/pic32mx/4.8.3/../../../../pic32mx/lib/libpic32.a(vector39.o)
                0x9fc016e0                __vector_dispatch_39
                0x00000001                ASSERT (((_vector_spacing == 0x0) || (SIZEOF (.vector_39) <= (_vector_spacing << 0x5))), function at exception vector 39 too large)

.vector_40      0x9fc01700        0x8
 *(.vector_40)
 .vector_40     0x9fc01700        0x8 /home/john/MPLAB-X/XC32_Compiler/bin/bin/../../lib/gcc/pic32mx/4.8.3/../../../../pic32mx/lib/libpic32.a(vector40.o)
                0x9fc01700                __vector_dispatch_40
                0x00000001                ASSERT (((_vector_spacing == 0x0) || (SIZEOF (.vector_40) <= (_vector_spacing << 0x5))), function at exception vector 40 too large)

.vector_41      0x9fc01720        0x8
 *(.vector_41)
 .vector_41     0x9fc01720        0x8 /home/john/MPLAB-X/XC32_Compiler/bin/bin/../../lib/gcc/pic32mx/4.8.3/../../../../pic32mx/lib/libpic32.a(vector41.o)
                0x9fc01720                __vector_dispatch_41
                0x00000001                ASSERT (((_vector_spacing == 0x0) || (SIZEOF (.vector_41) <= (_vector_spacing << 0x5))), function at exception vector 41 too large)

.vector_42      0x9fc01740        0x8
 *(.vector_42)
 .vector_42     0x9fc01740        0x8 /home/john/MPLAB-X/XC32_Compiler/bin/bin/../../lib/gcc/pic32mx/4.8.3/../../../../pic32mx/lib/libpic32.a(vector42.o)
                0x9fc01740                __vector_dispatch_42
                0x00000001                ASSERT (((_vector_spacing == 0x0) || (SIZEOF (.vector_42) <= (_vector_spacing << 0x5))), function at exception vector 42 too large)

.vector_43      0x9fc01760        0x8
 *(.vector_43)
 .vector_43     0x9fc01760        0x8 /home/john/MPLAB-X/XC32_Compiler/bin/bin/../../lib/gcc/pic32mx/4.8.3/../../../../pic32mx/lib/libpic32.a(vector43.o)
                0x9fc01760                __vector_dispatch_43
                0x00000001                ASSERT (((_vector_spacing == 0x0) || (SIZEOF (.vector_43) <= (_vector_spacing << 0x5))), function at exception vector 43 too large)

.vector_44      0x9fc01780        0x8
 *(.vector_44)
 .vector_44     0x9fc01780        0x8 /home/john/MPLAB-X/XC32_Compiler/bin/bin/../../lib/gcc/pic32mx/4.8.3/../../../../pic32mx/lib/libpic32.a(vector44.o)
                0x9fc01780                __vector_dispatch_44
                0x00000001                ASSERT (((_vector_spacing == 0x0) || (SIZEOF (.vector_44) <= (_vector_spacing << 0x5))), function at exception vector 44 too large)

.vector_45      0x9fc017a0        0x8
 *(.vector_45)
 .vector_45     0x9fc017a0        0x8 /home/john/MPLAB-X/XC32_Compiler/bin/bin/../../lib/gcc/pic32mx/4.8.3/../../../../pic32mx/lib/libpic32.a(vector45.o)
                0x9fc017a0                __vector_dispatch_45
                0x00000001                ASSERT (((_vector_spacing == 0x0) || (SIZEOF (.vector_45) <= (_vector_spacing << 0x5))), function at exception vector 45 too large)

.vector_46      0x9fc017c0        0x8
 *(.vector_46)
 .vector_46     0x9fc017c0        0x8 /home/john/MPLAB-X/XC32_Compiler/bin/bin/../../lib/gcc/pic32mx/4.8.3/../../../../pic32mx/lib/libpic32.a(vector46.o)
                0x9fc017c0                __vector_dispatch_46
                0x00000001                ASSERT (((_vector_spacing == 0x0) || (SIZEOF (.vector_46) <= (_vector_spacing << 0x5))), function at exception vector 46 too large)

.vector_47      0x9fc017e0        0x8
 *(.vector_47)
 .vector_47     0x9fc017e0        0x8 /home/john/MPLAB-X/XC32_Compiler/bin/bin/../../lib/gcc/pic32mx/4.8.3/../../../../pic32mx/lib/libpic32.a(vector47.o)
                0x9fc017e0                __vector_dispatch_47
                0x00000001                ASSERT (((_vector_spacing == 0x0) || (SIZEOF (.vector_47) <= (_vector_spacing << 0x5))), function at exception vector 47 too large)

.vector_48      0x9fc01800        0x8
 *(.vector_48)
 .vector_48     0x9fc01800        0x8 /home/john/MPLAB-X/XC32_Compiler/bin/bin/../../lib/gcc/pic32mx/4.8.3/../../../../pic32mx/lib/libpic32.a(vector48.o)
                0x9fc01800                __vector_dispatch_48
                0x00000001                ASSERT (((_vector_spacing == 0x0) || (SIZEOF (.vector_48) <= (_vector_spacing << 0x5))), function at exception vector 48 too large)

.vector_49      0x9fc01820        0x8
 *(.vector_49)
 .vector_49     0x9fc01820        0x8 /home/john/MPLAB-X/XC32_Compiler/bin/bin/../../lib/gcc/pic32mx/4.8.3/../../../../pic32mx/lib/libpic32.a(vector49.o)
                0x9fc01820                __vector_dispatch_49
                0x00000001                ASSERT (((_vector_spacing == 0x0) || (SIZEOF (.vector_49) <= (_vector_spacing << 0x5))), function at exception vector 49 too large)

.vector_50      0x9fc01840        0x8
 *(.vector_50)
 .vector_50     0x9fc01840        0x8 /home/john/MPLAB-X/XC32_Compiler/bin/bin/../../lib/gcc/pic32mx/4.8.3/../../../../pic32mx/lib/libpic32.a(vector50.o)
                0x9fc01840                __vector_dispatch_50
                0x00000001                ASSERT (((_vector_spacing == 0x0) || (SIZEOF (.vector_50) <= (_vector_spacing << 0x5))), function at exception vector 50 too large)

.vector_51      0x9fc01860        0x8
 *(.vector_51)
 .vector_51     0x9fc01860        0x8 /home/john/MPLAB-X/XC32_Compiler/bin/bin/../../lib/gcc/pic32mx/4.8.3/../../../../pic32mx/lib/libpic32.a(vector51.o)
                0x9fc01860                __vector_dispatch_51
                0x00000001                ASSERT (((_vector_spacing == 0x0) || (SIZEOF (.vector_51) <= (_vector_spacing << 0x5))), function at exception vector 51 too large)

.vector_52      0x9fc01880        0x0
 *(.vector_52)
                0x00000001                ASSERT (((_vector_spacing == 0x0) || (SIZEOF (.vector_52) <= (_vector_spacing << 0x5))), function at exception vector 52 too large)

.vector_53      0x9fc018a0        0x0
 *(.vector_53)
                0x00000001                ASSERT (((_vector_spacing == 0x0) || (SIZEOF (.vector_53) <= (_vector_spacing << 0x5))), function at exception vector 53 too large)

.vector_54      0x9fc018c0        0x0
 *(.vector_54)
                0x00000001                ASSERT (((_vector_spacing == 0x0) || (SIZEOF (.vector_54) <= (_vector_spacing << 0x5))), function at exception vector 54 too large)

.vector_55      0x9fc018e0        0x0
 *(.vector_55)
                0x00000001                ASSERT (((_vector_spacing == 0x0) || (SIZEOF (.vector_55) <= (_vector_spacing << 0x5))), function at exception vector 55 too large)

.vector_56      0x9fc01900        0x0
 *(.vector_56)
                0x00000001                ASSERT (((_vector_spacing == 0x0) || (SIZEOF (.vector_56) <= (_vector_spacing << 0x5))), function at exception vector 56 too large)

.vector_57      0x9fc01920        0x0
 *(.vector_57)
                0x00000001                ASSERT (((_vector_spacing == 0x0) || (SIZEOF (.vector_57) <= (_vector_spacing << 0x5))), function at exception vector 57 too large)

.vector_58      0x9fc01940        0x0
 *(.vector_58)
                0x00000001                ASSERT (((_vector_spacing == 0x0) || (SIZEOF (.vector_58) <= (_vector_spacing << 0x5))), function at exception vector 58 too large)

.vector_59      0x9fc01960        0x0
 *(.vector_59)
                0x00000001                ASSERT (((_vector_spacing == 0x0) || (SIZEOF (.vector_59) <= (_vector_spacing << 0x5))), function at exception vector 59 too large)

.vector_60      0x9fc01980        0x0
 *(.vector_60)
                0x00000001                ASSERT (((_vector_spacing == 0x0) || (SIZEOF (.vector_60) <= (_vector_spacing << 0x5))), function at exception vector 60 too large)

.vector_61      0x9fc019a0        0x0
 *(.vector_61)
                0x00000001                ASSERT (((_vector_spacing == 0x0) || (SIZEOF (.vector_61) <= (_vector_spacing << 0x5))), function at exception vector 61 too large)

.vector_62      0x9fc019c0        0x0
 *(.vector_62)
                0x00000001                ASSERT (((_vector_spacing == 0x0) || (SIZEOF (.vector_62) <= (_vector_spacing << 0x5))), function at exception vector 62 too large)

.vector_63      0x9fc019e0        0x0
 *(.vector_63)
                0x00000001                ASSERT (((_vector_spacing == 0x0) || (SIZEOF (.vector_63) <= (_vector_spacing << 0x5))), function at exception vector 63 too large)

.startup
 *(.startup)

.text           0x9d000000        0x0
 *(.stub .gnu.linkonce.t.*)
 *(.text.*personality*)
 *(.mips16.fn.*)
 *(.mips16.call.*)
 *(.gnu.warning)
                0x9d000000                . = ALIGN (0x4)

.init           0x9d000000        0x0
 *crti.o(.init)
 *crtbegin.o(.init)
 *(EXCLUDE_FILE(*crtn.o *crtend?.o *crtend.o) .init)
 *crtend.o(.init)
 *crtn.o(.init)
                0x9d000000                . = ALIGN (0x4)

.fini           0x9d000000        0x0
 *(.fini)
                0x9d000000                . = ALIGN (0x4)

.preinit_array  0x9d000000        0x0
                0x9d000000                PROVIDE (__preinit_array_start, .)
 *(.preinit_array)
                0x9d000000                PROVIDE (__preinit_array_end, .)
                0x9d000000                . = ALIGN (0x4)

.init_array     0x9d000000        0x0
                0x9d000000                PROVIDE (__init_array_start, .)
 *(SORT(.init_array.*))
 *(.init_array)
                0x9d000000                PROVIDE (__init_array_end, .)
                0x9d000000                . = ALIGN (0x4)

.fini_array     0x9d000000        0x0
                0x9d000000                PROVIDE (__fini_array_start, .)
 *(SORT(.fini_array.*))
 *(.fini_array)
                0x9d000000                PROVIDE (__fini_array_end, .)
                0x9d000000                . = ALIGN (0x4)

.ctors          0x9d000000        0x0
 *crtbegin.o(.ctors)
 *crtbegin?.o(.ctors)
 *(EXCLUDE_FILE(*crtend?.o *crtend.o) .ctors)
 *(SORT(.ctors.*))
 *(.ctors)
                0x9d000000                . = ALIGN (0x4)

.dtors          0x9d000000        0x0
 *crtbegin.o(.dtors)
 *crtbegin?.o(.dtors)
 *(EXCLUDE_FILE(*crtend?.o *crtend.o) .dtors)
 *(SORT(.dtors.*))
 *(.dtors)
                0x9d000000                . = ALIGN (0x4)

.rodata         0x9d000000        0x0
 *(.gnu.linkonce.r.*)
 *(.rodata1)
                0x9d000000                . = ALIGN (0x4)

.sdata2         0x9fc00490        0x0
 *(.sdata2 .sdata2.* .gnu.linkonce.s2.*)
                0x9fc00490                . = ALIGN (0x4)

.sbss2          0x9fc00490        0x0
 *(.sbss2 .sbss2.* .gnu.linkonce.sb2.*)
                0x9fc00490                . = ALIGN (0x4)

.eh_frame_hdr
 *(.eh_frame_hdr)
                0x9fc00490                . = ALIGN (0x4)

.eh_frame
 *(.eh_frame)
                0x9fc00490                . = ALIGN (0x4)

.gcc_except_table
 *(.gcc_except_table .gcc_except_table.*)
                0x9fc00490                . = ALIGN (0x4)

.dbg_data       0xa0000000        0x0
                0xa0000000                . = (. + DEFINED (_DEBUGGER)?0x200:0x0)

.jcr            0xa0000000        0x0
 *(.jcr)
                0xa0000000                . = ALIGN (0x4)

.eh_frame
 *(.eh_frame)
                0xa0000000                . = ALIGN (0x4)

.gcc_except_table
 *(.gcc_except_table .gcc_except_table.*)
                0xa0000000                . = ALIGN (0x4)

.persist        0xa0000000        0x0
                0xa0000000                _persist_begin = .
 *(.persist .persist.*)
 *(.pbss .pbss.*)
                0xa0000000                . = ALIGN (0x4)
                0xa0000000                _persist_end = .

.data           0xa0000000        0x0
 *(.gnu.linkonce.d.*)
 *(.data1)
                0xa0000000                . = ALIGN (0x4)
                0xa0000000                . = .
                0xa0007ff0                _gp = (ALIGN (0x10) + 0x7ff0)

.got            0xa0000000        0x0
 *(.got.plt)
 *(.got)
                0xa0000000                . = ALIGN (0x4)

.sdata          0xa0000000       0x14
                0xa0000000                _sdata_begin = .
 *(.sdata .sdata.* .gnu.linkonce.s.*)
 .sdata         0xa0000000        0x4 build/default/production/_ext/1338673686/port.o
                0xa0000000                uxInterruptNesting
 .sdata         0xa0000004        0xc build/default/production/_ext/1688732426/system_init.o
                0xa0000004                consAppIOInit0
                0xa000000c                sysConsoleObjects
 .sdata         0xa0000010        0x4 /home/john/MPLAB-X/XC32_Compiler/bin/bin/../../lib/gcc/pic32mx/4.8.3/../../../../pic32mx/lib/libpic32.a(xc32_uart.o)
                0xa0000010                __XC_UART
                0xa0000014                . = ALIGN (0x4)
                0xa0000014                _sdata_end = .

.lit8
 *(.lit8)

.lit4
 *(.lit4)
                0xa0000014                . = ALIGN (0x4)
                0xa0000014                _data_end = .
                0xa0000014                _bss_begin = .

.sbss           0xa0000014       0x6c
                0xa0000014                _sbss_begin = .
 *(.dynsbss)
 *(.sbss .sbss.* .gnu.linkonce.sb.*)
 .sbss          0xa0000014       0x38 build/default/production/_ext/1458882252/tasks.o
                0xa0000048                pxCurrentTCB
 .sbss          0xa000004c       0x10 build/default/production/_ext/1458882252/timers.o
 .sbss          0xa000005c        0x8 build/default/production/_ext/628943767/heap_1.o
 .sbss          0xa0000064        0x4 build/default/production/_ext/1338673686/port.o
                0xa0000064                uxSavedTaskStackPointer
 .sbss          0xa0000068        0xc build/default/production/_ext/1688732426/system_exceptions.o
 *(.scommon)
 .scommon       0xa0000074        0x4 build/default/production/_ext/1952159421/sys_debug.o
                0xa0000074                gblErrLvl
 .scommon       0xa0000078        0x8 build/default/production/_ext/1921105363/sys_devcon.o
                0xa0000078                sysDevconObj
                0xa0000080                _sbss_end = .
                0xa0000080                . = ALIGN (0x4)

.bss            0xa0000080       0xe8
 *(.dynbss)
 *(COMMON)
 COMMON         0xa0000080       0x10 build/default/production/_ext/1360937237/app.o
                0xa0000080                appData
 COMMON         0xa0000090       0xb8 build/default/production/_ext/382300584/drv_usart.o
                0xa0000090                gDrvUSARTCommonDataObj
                0xa000009c                gDrvUSARTClientObj
                0xa00000e8                gDrvUSARTObj
 COMMON         0xa0000148       0x10 build/default/production/_ext/1952159421/sys_debug.o
                0xa0000148                sysDebugInstance
 COMMON         0xa0000158       0x10 build/default/production/_ext/1688732426/system_init.o
                0xa0000158                sysObj
                0xa0000168                . = ALIGN ((. != 0x0)?0x4:0x1)
                0xa0000168                . = ALIGN (0x4)
                0xa0000168                _end = .
                0xa0000168                _bss_end = .
                0x00020000                _bmxdudba_address = 0x20000
                0x00020000                _bmxdupba_address = 0x20000

/DISCARD/
 *(.pdr)
 *(.rel.dyn)
 *(.note.GNU-stack)
 *(.note.GNU-stack)
 *(.gnu_debuglink)
 *(.gnu.lto_*)
 *(.discard)

.gptab.sdata
 *(.gptab.data)
 *(.gptab.sdata)

.gptab.sbss
 *(.gptab.bss)
 *(.gptab.sbss)

.mdebug.abi32   0xa0000168        0x0
 *(.mdebug.abi32)
 .mdebug.abi32  0xa0000168        0x0 build/default/production/_ext/1360937237/app_public.o
 .mdebug.abi32  0xa0000168        0x0 build/default/production/_ext/1360937237/app.o
 .mdebug.abi32  0xa0000168        0x0 build/default/production/_ext/1360937237/main.o
 .mdebug.abi32  0xa0000168        0x0 build/default/production/_ext/382300584/drv_usart.o
 .mdebug.abi32  0xa0000168        0x0 build/default/production/_ext/382300584/drv_usart_byte_model.o
 .mdebug.abi32  0xa0000168        0x0 build/default/production/_ext/1964585049/osal_freertos.o
 .mdebug.abi32  0xa0000168        0x0 build/default/production/_ext/207392127/sys_console.o
 .mdebug.abi32  0xa0000168        0x0 build/default/production/_ext/207392127/sys_console_appio.o
 .mdebug.abi32  0xa0000168        0x0 build/default/production/_ext/1952159421/sys_debug.o
 .mdebug.abi32  0xa0000168        0x0 build/default/production/_ext/1921105363/sys_devcon.o
 .mdebug.abi32  0xa0000168        0x0 build/default/production/_ext/1921105363/sys_devcon_pic32mx.o
 .mdebug.abi32  0xa0000168        0x0 build/default/production/_ext/993332121/sys_int_pic32.o
 .mdebug.abi32  0xa0000168        0x0 build/default/production/_ext/1458882252/croutine.o
 .mdebug.abi32  0xa0000168        0x0 build/default/production/_ext/1458882252/list.o
 .mdebug.abi32  0xa0000168        0x0 build/default/production/_ext/1458882252/queue.o
 .mdebug.abi32  0xa0000168        0x0 build/default/production/_ext/1458882252/tasks.o
 .mdebug.abi32  0xa0000168        0x0 build/default/production/_ext/1458882252/timers.o
 .mdebug.abi32  0xa0000168        0x0 build/default/production/_ext/1458882252/event_groups.o
 .mdebug.abi32  0xa0000168        0x0 build/default/production/_ext/628943767/heap_1.o
 .mdebug.abi32  0xa0000168        0x0 build/default/production/_ext/1338673686/port.o
 .mdebug.abi32  0xa0000168        0x0 build/default/production/_ext/639803181/sys_clk_static.o
 .mdebug.abi32  0xa0000168        0x0 build/default/production/_ext/822048611/sys_ports_static.o
 .mdebug.abi32  0xa0000168        0x0 build/default/production/_ext/1688732426/system_init.o
 .mdebug.abi32  0xa0000168        0x0 build/default/production/_ext/1688732426/system_interrupt.o
 .mdebug.abi32  0xa0000168        0x0 build/default/production/_ext/1688732426/system_exceptions.o
 .mdebug.abi32  0xa0000168        0x0 build/default/production/_ext/1688732426/system_tasks.o
 .mdebug.abi32  0xa0000168        0x0 build/default/production/_ext/1688732426/rtos_hooks.o
 .mdebug.abi32  0xa0000168        0x0 /home/john/MPLAB-X/XC32_Compiler/bin/bin/../../lib/gcc/pic32mx/4.8.3/../../../../pic32mx/lib/libpic32.a(default-bootstrap-exception-handler.o)
 .mdebug.abi32  0xa0000168        0x0 /home/john/MPLAB-X/XC32_Compiler/bin/bin/../../lib/gcc/pic32mx/4.8.3/../../../../pic32mx/lib/libpic32.a(default-on-reset.o)
 .mdebug.abi32  0xa0000168        0x0 /home/john/MPLAB-X/XC32_Compiler/bin/bin/../../lib/gcc/pic32mx/4.8.3/../../../../pic32mx/lib/libpic32.a(default-on-bootstrap.o)
 .mdebug.abi32  0xa0000168        0x0 /home/john/MPLAB-X/XC32_Compiler/bin/bin/../../lib/gcc/pic32mx/4.8.3/../../../../pic32mx/lib/libpic32.a(defaultinterrupt.o)
 .mdebug.abi32  0xa0000168        0x0 /home/john/MPLAB-X/XC32_Compiler/bin/bin/../../lib/gcc/pic32mx/4.8.3/../../../../pic32mx/lib/libc.a(vsnprintf.o)
 .mdebug.abi32  0xa0000168        0x0 /home/john/MPLAB-X/XC32_Compiler/bin/bin/../../lib/gcc/pic32mx/4.8.3/../../../../pic32mx/lib/libc.a(doprnt.o)
 .mdebug.abi32  0xa0000168        0x0 /home/john/MPLAB-X/XC32_Compiler/bin/bin/../../lib/gcc/pic32mx/4.8.3/../../../../pic32mx/lib/libc.a(_fputc_simple.o)
 .mdebug.abi32  0xa0000168        0x0 /home/john/MPLAB-X/XC32_Compiler/bin/bin/../../lib/gcc/pic32mx/4.8.3/../../../../pic32mx/lib/libc.a(ctype.o)
 .mdebug.abi32  0xa0000168        0x0 /home/john/MPLAB-X/XC32_Compiler/bin/bin/../../lib/gcc/pic32mx/4.8.3/../../../../pic32mx/lib/libc.a(powersf.o)
 .mdebug.abi32  0xa0000168        0x0 /home/john/MPLAB-X/XC32_Compiler/bin/bin/../../lib/gcc/pic32mx/4.8.3/../../../../pic32mx/lib/libc.a(_iob.o)
 .mdebug.abi32  0xa0000168        0x0 /home/john/MPLAB-X/XC32_Compiler/bin/bin/../../lib/gcc/pic32mx/4.8.3/../../../../pic32mx/lib/libc.a(_flsbuf_simple.o)
 .mdebug.abi32  0xa0000168        0x0 /home/john/MPLAB-X/XC32_Compiler/bin/bin/../../lib/gcc/pic32mx/4.8.3/../../../../pic32mx/lib/libpic32.a(write.o)
 .mdebug.abi32  0xa0000168        0x0 /home/john/MPLAB-X/XC32_Compiler/bin/bin/../../lib/gcc/pic32mx/4.8.3/../../../../pic32mx/lib/libpic32.a(_mon_putc.o)
 .mdebug.abi32  0xa0000168        0x0 /home/john/MPLAB-X/XC32_Compiler/bin/bin/../../lib/gcc/pic32mx/4.8.3/../../../../pic32mx/lib/libpic32.a(xc32_uart.o)
 .mdebug.abi32  0xa0000168        0x0 /home/john/MPLAB-X/XC32_Compiler/bin/bin/../../lib/gcc/pic32mx/4.8.3/../../../../pic32mx/lib/libe.a(_floatdisf.o)
 .mdebug.abi32  0xa0000168        0x0 /home/john/MPLAB-X/XC32_Compiler/bin/bin/../../lib/gcc/pic32mx/4.8.3/libgcc.a(_udivdi3.o)
 .mdebug.abi32  0xa0000168        0x0 /home/john/MPLAB-X/XC32_Compiler/bin/bin/../../lib/gcc/pic32mx/4.8.3/libgcc.a(_umoddi3.o)
 .mdebug.abi32  0xa0000168        0x0 /home/john/MPLAB-X/XC32_Compiler/bin/bin/../../lib/gcc/pic32mx/4.8.3/libgcc.a(floatunsisf.o)

.mdebug.abiN32
 *(.mdebug.abiN32)

.mdebug.abi64
 *(.mdebug.abi64)

.mdebug.abiO64
 *(.mdebug.abiO64)

.mdebug.eabi32
 *(.mdebug.eabi32)

.mdebug.eabi64
 *(.mdebug.eabi64)

.gcc_compiled_long32
 *(.gcc_compiled_long32)

.gcc_compiled_long64
 *(.gcc_compiled_long64)

.stab
 *(.stab)

.stabstr
 *(.stabstr)

.stab.excl
 *(.stab.excl)

.stab.exclstr
 *(.stab.exclstr)

.stab.index
 *(.stab.index)

.stab.indexstr
 *(.stab.indexstr)

.comment        0x00000000      0x172
 *(.comment)
 .comment       0x00000000       0x3c build/default/production/_ext/1360937237/app_public.o
                                 0x3d (size before relaxing)
 .comment       0x00000000       0x3d build/default/production/_ext/1360937237/app.o
 .comment       0x00000000       0x3d build/default/production/_ext/1360937237/main.o
 .comment       0x00000000       0x3d build/default/production/_ext/382300584/drv_usart.o
 .comment       0x00000000       0x3d build/default/production/_ext/382300584/drv_usart_byte_model.o
 .comment       0x00000000       0x3d build/default/production/_ext/1964585049/osal_freertos.o
 .comment       0x00000000       0x3d build/default/production/_ext/207392127/sys_console.o
 .comment       0x00000000       0x3d build/default/production/_ext/207392127/sys_console_appio.o
 .comment       0x00000000       0x3d build/default/production/_ext/1952159421/sys_debug.o
 .comment       0x00000000       0x3d build/default/production/_ext/1921105363/sys_devcon.o
 .comment       0x00000000       0x3d build/default/production/_ext/1921105363/sys_devcon_pic32mx.o
 .comment       0x00000000       0x3d build/default/production/_ext/993332121/sys_int_pic32.o
 .comment       0x00000000       0x3d build/default/production/_ext/1458882252/croutine.o
 .comment       0x00000000       0x3d build/default/production/_ext/1458882252/list.o
 .comment       0x00000000       0x3d build/default/production/_ext/1458882252/queue.o
 .comment       0x00000000       0x3d build/default/production/_ext/1458882252/tasks.o
 .comment       0x00000000       0x3d build/default/production/_ext/1458882252/timers.o
 .comment       0x00000000       0x3d build/default/production/_ext/1458882252/event_groups.o
 .comment       0x00000000       0x3d build/default/production/_ext/628943767/heap_1.o
 .comment       0x00000000       0x3d build/default/production/_ext/1338673686/port.o
 .comment       0x00000000       0x3d build/default/production/_ext/639803181/sys_clk_static.o
 .comment       0x00000000       0x3d build/default/production/_ext/822048611/sys_ports_static.o
 .comment       0x00000000       0x3d build/default/production/_ext/1688732426/system_init.o
 .comment       0x00000000       0x3d build/default/production/_ext/1688732426/system_interrupt.o
 .comment       0x00000000       0x3d build/default/production/_ext/1688732426/system_exceptions.o
 .comment       0x00000000       0x3d build/default/production/_ext/1688732426/system_tasks.o
 .comment       0x00000000       0x3d build/default/production/_ext/1688732426/rtos_hooks.o
 .comment       0x0000003c       0x18 /home/john/MPLAB-X/XC32_Compiler/bin/bin/../../lib/gcc/pic32mx/4.8.3/../../../../pic32mx/lib/libpic32.a(memset.o)
                                 0x19 (size before relaxing)
 .comment       0x00000054       0x19 /home/john/MPLAB-X/XC32_Compiler/bin/bin/../../lib/gcc/pic32mx/4.8.3/../../../../pic32mx/lib/libpic32.a(strcpy.o)
                                 0x1a (size before relaxing)
 .comment       0x0000006d       0x19 /home/john/MPLAB-X/XC32_Compiler/bin/bin/../../lib/gcc/pic32mx/4.8.3/../../../../pic32mx/lib/libpic32.a(strlen.o)
                                 0x1a (size before relaxing)
 .comment       0x00000000       0x3d /home/john/MPLAB-X/XC32_Compiler/bin/bin/../../lib/gcc/pic32mx/4.8.3/../../../../pic32mx/lib/libpic32.a(default-bootstrap-exception-handler.o)
 .comment       0x00000000       0x3d /home/john/MPLAB-X/XC32_Compiler/bin/bin/../../lib/gcc/pic32mx/4.8.3/../../../../pic32mx/lib/libpic32.a(default-on-reset.o)
 .comment       0x00000000       0x3d /home/john/MPLAB-X/XC32_Compiler/bin/bin/../../lib/gcc/pic32mx/4.8.3/../../../../pic32mx/lib/libpic32.a(default-on-bootstrap.o)
 .comment       0x00000000       0x3d /home/john/MPLAB-X/XC32_Compiler/bin/bin/../../lib/gcc/pic32mx/4.8.3/../../../../pic32mx/lib/libpic32.a(defaultinterrupt.o)
 .comment       0x00000000       0x3d /home/john/MPLAB-X/XC32_Compiler/bin/bin/../../lib/gcc/pic32mx/4.8.3/../../../../pic32mx/lib/libc.a(vsnprintf.o)
 .comment       0x00000000       0x3d /home/john/MPLAB-X/XC32_Compiler/bin/bin/../../lib/gcc/pic32mx/4.8.3/../../../../pic32mx/lib/libc.a(doprnt.o)
 .comment       0x00000000       0x3d /home/john/MPLAB-X/XC32_Compiler/bin/bin/../../lib/gcc/pic32mx/4.8.3/../../../../pic32mx/lib/libc.a(_fputc_simple.o)
 .comment       0x00000086       0x4e /home/john/MPLAB-X/XC32_Compiler/bin/bin/../../lib/gcc/pic32mx/4.8.3/../../../../pic32mx/lib/libc.a(ctype.o)
                                 0x8b (size before relaxing)
 .comment       0x00000000       0x3d /home/john/MPLAB-X/XC32_Compiler/bin/bin/../../lib/gcc/pic32mx/4.8.3/../../../../pic32mx/lib/libc.a(powersf.o)
 .comment       0x00000000       0x3d /home/john/MPLAB-X/XC32_Compiler/bin/bin/../../lib/gcc/pic32mx/4.8.3/../../../../pic32mx/lib/libc.a(_iob.o)
 .comment       0x00000000       0x3d /home/john/MPLAB-X/XC32_Compiler/bin/bin/../../lib/gcc/pic32mx/4.8.3/../../../../pic32mx/lib/libc.a(_flsbuf_simple.o)
 .comment       0x00000000       0x3d /home/john/MPLAB-X/XC32_Compiler/bin/bin/../../lib/gcc/pic32mx/4.8.3/../../../../pic32mx/lib/libpic32.a(write.o)
 .comment       0x00000000       0x3d /home/john/MPLAB-X/XC32_Compiler/bin/bin/../../lib/gcc/pic32mx/4.8.3/../../../../pic32mx/lib/libpic32.a(_mon_putc.o)
 .comment       0x00000000       0x3d /home/john/MPLAB-X/XC32_Compiler/bin/bin/../../lib/gcc/pic32mx/4.8.3/../../../../pic32mx/lib/libpic32.a(xc32_uart.o)
 .comment       0x000000d4       0x9e /home/john/MPLAB-X/XC32_Compiler/bin/bin/../../lib/gcc/pic32mx/4.8.3/../../../../pic32mx/lib/libe.a(_floatdisf.o)
                                 0xdb (size before relaxing)
 .comment       0x00000000       0x3d /home/john/MPLAB-X/XC32_Compiler/bin/bin/../../lib/gcc/pic32mx/4.8.3/libgcc.a(_udivdi3.o)
 .comment       0x00000000       0x3d /home/john/MPLAB-X/XC32_Compiler/bin/bin/../../lib/gcc/pic32mx/4.8.3/libgcc.a(_umoddi3.o)
 .comment       0x00000000       0x3d /home/john/MPLAB-X/XC32_Compiler/bin/bin/../../lib/gcc/pic32mx/4.8.3/libgcc.a(floatunsisf.o)

.debug
 *(.debug)

.line
 *(.line)

.debug_srcinfo
 *(.debug_srcinfo)

.debug_sfnames
 *(.debug_sfnames)

.debug_aranges  0x00000000      0xc30
 *(.debug_aranges)
 .debug_aranges
                0x00000000       0x28 build/default/production/_ext/1360937237/app_public.o
 .debug_aranges
                0x00000028       0x30 build/default/production/_ext/1360937237/app.o
 .debug_aranges
                0x00000058       0x20 build/default/production/_ext/1360937237/main.o
 .debug_aranges
                0x00000078       0xd8 build/default/production/_ext/382300584/drv_usart.o
 .debug_aranges
                0x00000150       0x48 build/default/production/_ext/382300584/drv_usart_byte_model.o
 .debug_aranges
                0x00000198       0x88 build/default/production/_ext/1964585049/osal_freertos.o
 .debug_aranges
                0x00000220       0x60 build/default/production/_ext/207392127/sys_console.o
 .debug_aranges
                0x00000280       0x58 build/default/production/_ext/207392127/sys_console_appio.o
 .debug_aranges
                0x000002d8       0x60 build/default/production/_ext/1952159421/sys_debug.o
 .debug_aranges
                0x00000338       0x78 build/default/production/_ext/1921105363/sys_devcon.o
 .debug_aranges
                0x000003b0       0x20 build/default/production/_ext/1921105363/sys_devcon_pic32mx.o
 .debug_aranges
                0x000003d0       0x48 build/default/production/_ext/993332121/sys_int_pic32.o
 .debug_aranges
                0x00000418       0x18 build/default/production/_ext/1458882252/croutine.o
 .debug_aranges
                0x00000430       0x40 build/default/production/_ext/1458882252/list.o
 .debug_aranges
                0x00000470       0xb8 build/default/production/_ext/1458882252/queue.o
 .debug_aranges
                0x00000528      0x180 build/default/production/_ext/1458882252/tasks.o
 .debug_aranges
                0x000006a8       0x70 build/default/production/_ext/1458882252/timers.o
 .debug_aranges
                0x00000718       0x60 build/default/production/_ext/1458882252/event_groups.o
 .debug_aranges
                0x00000778       0x38 build/default/production/_ext/628943767/heap_1.o
 .debug_aranges
                0x000007b0       0x58 build/default/production/_ext/1338673686/port.o
 .debug_aranges
                0x00000808       0x20 build/default/production/_ext/1338673686/port_asm.o
 .debug_aranges
                0x00000828       0x50 build/default/production/_ext/639803181/sys_clk_static.o
 .debug_aranges
                0x00000878      0x108 build/default/production/_ext/822048611/sys_ports_static.o
 .debug_aranges
                0x00000980       0x20 build/default/production/_ext/1688732426/system_init.o
 .debug_aranges
                0x000009a0       0x20 build/default/production/_ext/1688732426/system_interrupt.o
 .debug_aranges
                0x000009c0       0x20 build/default/production/_ext/1688732426/system_exceptions.o
 .debug_aranges
                0x000009e0       0x30 build/default/production/_ext/1688732426/system_tasks.o
 .debug_aranges
                0x00000a10       0x28 build/default/production/_ext/1688732426/system_interrupt_a.o
 .debug_aranges
                0x00000a38       0x28 build/default/production/_ext/1688732426/rtos_hooks.o
 .debug_aranges
                0x00000a60       0x20 /home/john/MPLAB-X/XC32_Compiler/bin/bin/../../lib/gcc/pic32mx/4.8.3/../../../../pic32mx/lib/libpic32.a(default-bootstrap-exception-handler.o)
 .debug_aranges
                0x00000a80       0x20 /home/john/MPLAB-X/XC32_Compiler/bin/bin/../../lib/gcc/pic32mx/4.8.3/../../../../pic32mx/lib/libpic32.a(default-on-reset.o)
 .debug_aranges
                0x00000aa0       0x20 /home/john/MPLAB-X/XC32_Compiler/bin/bin/../../lib/gcc/pic32mx/4.8.3/../../../../pic32mx/lib/libpic32.a(default-on-bootstrap.o)
 .debug_aranges
                0x00000ac0       0x20 /home/john/MPLAB-X/XC32_Compiler/bin/bin/../../lib/gcc/pic32mx/4.8.3/../../../../pic32mx/lib/libpic32.a(defaultinterrupt.o)
 .debug_aranges
                0x00000ae0       0x20 /home/john/MPLAB-X/XC32_Compiler/bin/bin/../../lib/gcc/pic32mx/4.8.3/../../../../pic32mx/lib/libc.a(vsnprintf.o)
 .debug_aranges
                0x00000b00       0x30 /home/john/MPLAB-X/XC32_Compiler/bin/bin/../../lib/gcc/pic32mx/4.8.3/../../../../pic32mx/lib/libc.a(doprnt.o)
 .debug_aranges
                0x00000b30       0x20 /home/john/MPLAB-X/XC32_Compiler/bin/bin/../../lib/gcc/pic32mx/4.8.3/../../../../pic32mx/lib/libc.a(_fputc_simple.o)
 .debug_aranges
                0x00000b50       0x20 /home/john/MPLAB-X/XC32_Compiler/bin/bin/../../lib/gcc/pic32mx/4.8.3/../../../../pic32mx/lib/libc.a(_flsbuf_simple.o)
 .debug_aranges
                0x00000b70       0x20 /home/john/MPLAB-X/XC32_Compiler/bin/bin/../../lib/gcc/pic32mx/4.8.3/../../../../pic32mx/lib/libpic32.a(write.o)
 .debug_aranges
                0x00000b90       0x20 /home/john/MPLAB-X/XC32_Compiler/bin/bin/../../lib/gcc/pic32mx/4.8.3/../../../../pic32mx/lib/libpic32.a(_mon_putc.o)
 .debug_aranges
                0x00000bb0       0x20 /home/john/MPLAB-X/XC32_Compiler/bin/bin/../../lib/gcc/pic32mx/4.8.3/../../../../pic32mx/lib/libe.a(_floatdisf.o)
 .debug_aranges
                0x00000bd0       0x20 /home/john/MPLAB-X/XC32_Compiler/bin/bin/../../lib/gcc/pic32mx/4.8.3/libgcc.a(_udivdi3.o)
 .debug_aranges
                0x00000bf0       0x20 /home/john/MPLAB-X/XC32_Compiler/bin/bin/../../lib/gcc/pic32mx/4.8.3/libgcc.a(_umoddi3.o)
 .debug_aranges
                0x00000c10       0x20 /home/john/MPLAB-X/XC32_Compiler/bin/bin/../../lib/gcc/pic32mx/4.8.3/libgcc.a(floatunsisf.o)

.debug_pubnames
 *(.debug_pubnames)

.debug_info     0x00000000    0x2684c
 *(.debug_info .gnu.linkonce.wi.*)
 .debug_info    0x00000000      0x340 build/default/production/_ext/1360937237/app_public.o
 .debug_info    0x00000340     0x113f build/default/production/_ext/1360937237/app.o
 .debug_info    0x0000147f      0x816 build/default/production/_ext/1360937237/main.o
 .debug_info    0x00001c95     0x7913 build/default/production/_ext/382300584/drv_usart.o
 .debug_info    0x000095a8     0x2aa6 build/default/production/_ext/382300584/drv_usart_byte_model.o
 .debug_info    0x0000c04e      0xaf7 build/default/production/_ext/1964585049/osal_freertos.o
 .debug_info    0x0000cb45      0xca8 build/default/production/_ext/207392127/sys_console.o
 .debug_info    0x0000d7ed      0xd60 build/default/production/_ext/207392127/sys_console_appio.o
 .debug_info    0x0000e54d      0x95c build/default/production/_ext/1952159421/sys_debug.o
 .debug_info    0x0000eea9     0x11cb build/default/production/_ext/1921105363/sys_devcon.o
 .debug_info    0x00010074      0xdbc build/default/production/_ext/1921105363/sys_devcon_pic32mx.o
 .debug_info    0x00010e30     0x1623 build/default/production/_ext/993332121/sys_int_pic32.o
 .debug_info    0x00012453      0x1d8 build/default/production/_ext/1458882252/croutine.o
 .debug_info    0x0001262b      0x4dc build/default/production/_ext/1458882252/list.o
 .debug_info    0x00012b07     0x1898 build/default/production/_ext/1458882252/queue.o
 .debug_info    0x0001439f     0x2a63 build/default/production/_ext/1458882252/tasks.o
 .debug_info    0x00016e02     0x155d build/default/production/_ext/1458882252/timers.o
 .debug_info    0x0001835f      0xdaa build/default/production/_ext/1458882252/event_groups.o
 .debug_info    0x00019109      0x3de build/default/production/_ext/628943767/heap_1.o
 .debug_info    0x000194e7     0x1207 build/default/production/_ext/1338673686/port.o
 .debug_info    0x0001a6ee      0x126 build/default/production/_ext/1338673686/port_asm.o
 .debug_info    0x0001a814     0x1504 build/default/production/_ext/639803181/sys_clk_static.o
 .debug_info    0x0001bd18     0x3f78 build/default/production/_ext/822048611/sys_ports_static.o
 .debug_info    0x0001fc90     0x2e8d build/default/production/_ext/1688732426/system_init.o
 .debug_info    0x00022b1d      0x933 build/default/production/_ext/1688732426/system_interrupt.o
 .debug_info    0x00023450      0xb29 build/default/production/_ext/1688732426/system_exceptions.o
 .debug_info    0x00023f79      0xbca build/default/production/_ext/1688732426/system_tasks.o
 .debug_info    0x00024b43       0xdb build/default/production/_ext/1688732426/system_interrupt_a.o
 .debug_info    0x00024c1e      0x291 build/default/production/_ext/1688732426/rtos_hooks.o
 .debug_info    0x00024eaf       0xf5 /home/john/MPLAB-X/XC32_Compiler/bin/bin/../../lib/gcc/pic32mx/4.8.3/../../../../pic32mx/lib/libpic32.a(default-bootstrap-exception-handler.o)
 .debug_info    0x00024fa4       0xcf /home/john/MPLAB-X/XC32_Compiler/bin/bin/../../lib/gcc/pic32mx/4.8.3/../../../../pic32mx/lib/libpic32.a(default-on-reset.o)
 .debug_info    0x00025073       0xd7 /home/john/MPLAB-X/XC32_Compiler/bin/bin/../../lib/gcc/pic32mx/4.8.3/../../../../pic32mx/lib/libpic32.a(default-on-bootstrap.o)
 .debug_info    0x0002514a       0xe9 /home/john/MPLAB-X/XC32_Compiler/bin/bin/../../lib/gcc/pic32mx/4.8.3/../../../../pic32mx/lib/libpic32.a(defaultinterrupt.o)
 .debug_info    0x00025233       0xce /home/john/MPLAB-X/XC32_Compiler/bin/bin/../../lib/gcc/pic32mx/4.8.3/../../../../pic32mx/lib/libc.a(vsnprintf.o)
 .debug_info    0x00025301      0x102 /home/john/MPLAB-X/XC32_Compiler/bin/bin/../../lib/gcc/pic32mx/4.8.3/../../../../pic32mx/lib/libc.a(doprnt.o)
 .debug_info    0x00025403       0xc6 /home/john/MPLAB-X/XC32_Compiler/bin/bin/../../lib/gcc/pic32mx/4.8.3/../../../../pic32mx/lib/libc.a(_fputc_simple.o)
 .debug_info    0x000254c9       0xc9 /home/john/MPLAB-X/XC32_Compiler/bin/bin/../../lib/gcc/pic32mx/4.8.3/../../../../pic32mx/lib/libc.a(_flsbuf_simple.o)
 .debug_info    0x00025592       0xc0 /home/john/MPLAB-X/XC32_Compiler/bin/bin/../../lib/gcc/pic32mx/4.8.3/../../../../pic32mx/lib/libpic32.a(write.o)
 .debug_info    0x00025652       0xc8 /home/john/MPLAB-X/XC32_Compiler/bin/bin/../../lib/gcc/pic32mx/4.8.3/../../../../pic32mx/lib/libpic32.a(_mon_putc.o)
 .debug_info    0x0002571a       0xde /home/john/MPLAB-X/XC32_Compiler/bin/bin/../../lib/gcc/pic32mx/4.8.3/../../../../pic32mx/lib/libe.a(_floatdisf.o)
 .debug_info    0x000257f8      0x773 /home/john/MPLAB-X/XC32_Compiler/bin/bin/../../lib/gcc/pic32mx/4.8.3/libgcc.a(_udivdi3.o)
 .debug_info    0x00025f6b      0x7b0 /home/john/MPLAB-X/XC32_Compiler/bin/bin/../../lib/gcc/pic32mx/4.8.3/libgcc.a(_umoddi3.o)
 .debug_info    0x0002671b      0x131 /home/john/MPLAB-X/XC32_Compiler/bin/bin/../../lib/gcc/pic32mx/4.8.3/libgcc.a(floatunsisf.o)

.debug_abbrev   0x00000000     0x3b21
 *(.debug_abbrev)
 .debug_abbrev  0x00000000       0xc2 build/default/production/_ext/1360937237/app_public.o
 .debug_abbrev  0x000000c2      0x1fc build/default/production/_ext/1360937237/app.o
 .debug_abbrev  0x000002be       0xab build/default/production/_ext/1360937237/main.o
 .debug_abbrev  0x00000369      0x452 build/default/production/_ext/382300584/drv_usart.o
 .debug_abbrev  0x000007bb      0x32d build/default/production/_ext/382300584/drv_usart_byte_model.o
 .debug_abbrev  0x00000ae8      0x1fe build/default/production/_ext/1964585049/osal_freertos.o
 .debug_abbrev  0x00000ce6      0x23e build/default/production/_ext/207392127/sys_console.o
 .debug_abbrev  0x00000f24      0x27b build/default/production/_ext/207392127/sys_console_appio.o
 .debug_abbrev  0x0000119f      0x284 build/default/production/_ext/1952159421/sys_debug.o
 .debug_abbrev  0x00001423      0x26d build/default/production/_ext/1921105363/sys_devcon.o
 .debug_abbrev  0x00001690      0x16d build/default/production/_ext/1921105363/sys_devcon_pic32mx.o
 .debug_abbrev  0x000017fd      0x1d0 build/default/production/_ext/993332121/sys_int_pic32.o
 .debug_abbrev  0x000019cd       0x1b build/default/production/_ext/1458882252/croutine.o
 .debug_abbrev  0x000019e8       0xf1 build/default/production/_ext/1458882252/list.o
 .debug_abbrev  0x00001ad9      0x2c4 build/default/production/_ext/1458882252/queue.o
 .debug_abbrev  0x00001d9d      0x36d build/default/production/_ext/1458882252/tasks.o
 .debug_abbrev  0x0000210a      0x341 build/default/production/_ext/1458882252/timers.o
 .debug_abbrev  0x0000244b      0x29a build/default/production/_ext/1458882252/event_groups.o
 .debug_abbrev  0x000026e5      0x13f build/default/production/_ext/628943767/heap_1.o
 .debug_abbrev  0x00002824      0x2cf build/default/production/_ext/1338673686/port.o
 .debug_abbrev  0x00002af3       0x14 build/default/production/_ext/1338673686/port_asm.o
 .debug_abbrev  0x00002b07      0x26a build/default/production/_ext/639803181/sys_clk_static.o
 .debug_abbrev  0x00002d71      0x22b build/default/production/_ext/822048611/sys_ports_static.o
 .debug_abbrev  0x00002f9c      0x309 build/default/production/_ext/1688732426/system_init.o
 .debug_abbrev  0x000032a5       0xc3 build/default/production/_ext/1688732426/system_interrupt.o
 .debug_abbrev  0x00003368       0xf9 build/default/production/_ext/1688732426/system_exceptions.o
 .debug_abbrev  0x00003461      0x154 build/default/production/_ext/1688732426/system_tasks.o
 .debug_abbrev  0x000035b5       0x12 build/default/production/_ext/1688732426/system_interrupt_a.o
 .debug_abbrev  0x000035c7       0x97 build/default/production/_ext/1688732426/rtos_hooks.o
 .debug_abbrev  0x0000365e       0x28 /home/john/MPLAB-X/XC32_Compiler/bin/bin/../../lib/gcc/pic32mx/4.8.3/../../../../pic32mx/lib/libpic32.a(default-bootstrap-exception-handler.o)
 .debug_abbrev  0x00003686       0x28 /home/john/MPLAB-X/XC32_Compiler/bin/bin/../../lib/gcc/pic32mx/4.8.3/../../../../pic32mx/lib/libpic32.a(default-on-reset.o)
 .debug_abbrev  0x000036ae       0x28 /home/john/MPLAB-X/XC32_Compiler/bin/bin/../../lib/gcc/pic32mx/4.8.3/../../../../pic32mx/lib/libpic32.a(default-on-bootstrap.o)
 .debug_abbrev  0x000036d6       0x28 /home/john/MPLAB-X/XC32_Compiler/bin/bin/../../lib/gcc/pic32mx/4.8.3/../../../../pic32mx/lib/libpic32.a(defaultinterrupt.o)
 .debug_abbrev  0x000036fe       0x28 /home/john/MPLAB-X/XC32_Compiler/bin/bin/../../lib/gcc/pic32mx/4.8.3/../../../../pic32mx/lib/libc.a(vsnprintf.o)
 .debug_abbrev  0x00003726       0x45 /home/john/MPLAB-X/XC32_Compiler/bin/bin/../../lib/gcc/pic32mx/4.8.3/../../../../pic32mx/lib/libc.a(doprnt.o)
 .debug_abbrev  0x0000376b       0x28 /home/john/MPLAB-X/XC32_Compiler/bin/bin/../../lib/gcc/pic32mx/4.8.3/../../../../pic32mx/lib/libc.a(_fputc_simple.o)
 .debug_abbrev  0x00003793       0x28 /home/john/MPLAB-X/XC32_Compiler/bin/bin/../../lib/gcc/pic32mx/4.8.3/../../../../pic32mx/lib/libc.a(_flsbuf_simple.o)
 .debug_abbrev  0x000037bb       0x28 /home/john/MPLAB-X/XC32_Compiler/bin/bin/../../lib/gcc/pic32mx/4.8.3/../../../../pic32mx/lib/libpic32.a(write.o)
 .debug_abbrev  0x000037e3       0x28 /home/john/MPLAB-X/XC32_Compiler/bin/bin/../../lib/gcc/pic32mx/4.8.3/../../../../pic32mx/lib/libpic32.a(_mon_putc.o)
 .debug_abbrev  0x0000380b       0x35 /home/john/MPLAB-X/XC32_Compiler/bin/bin/../../lib/gcc/pic32mx/4.8.3/../../../../pic32mx/lib/libe.a(_floatdisf.o)
 .debug_abbrev  0x00003840      0x138 /home/john/MPLAB-X/XC32_Compiler/bin/bin/../../lib/gcc/pic32mx/4.8.3/libgcc.a(_udivdi3.o)
 .debug_abbrev  0x00003978      0x147 /home/john/MPLAB-X/XC32_Compiler/bin/bin/../../lib/gcc/pic32mx/4.8.3/libgcc.a(_umoddi3.o)
 .debug_abbrev  0x00003abf       0x62 /home/john/MPLAB-X/XC32_Compiler/bin/bin/../../lib/gcc/pic32mx/4.8.3/libgcc.a(floatunsisf.o)

.debug_line     0x00000000     0x826a
 *(.debug_line)
 .debug_line    0x00000000      0x1d2 build/default/production/_ext/1360937237/app_public.o
 .debug_line    0x000001d2      0x46a build/default/production/_ext/1360937237/app.o
 .debug_line    0x0000063c      0x148 build/default/production/_ext/1360937237/main.o
 .debug_line    0x00000784     0x15df build/default/production/_ext/382300584/drv_usart.o
 .debug_line    0x00001d63      0x76d build/default/production/_ext/382300584/drv_usart_byte_model.o
 .debug_line    0x000024d0      0x2d1 build/default/production/_ext/1964585049/osal_freertos.o
 .debug_line    0x000027a1      0x322 build/default/production/_ext/207392127/sys_console.o
 .debug_line    0x00002ac3      0x344 build/default/production/_ext/207392127/sys_console_appio.o
 .debug_line    0x00002e07      0x30d build/default/production/_ext/1952159421/sys_debug.o
 .debug_line    0x00003114      0x629 build/default/production/_ext/1921105363/sys_devcon.o
 .debug_line    0x0000373d      0x4c9 build/default/production/_ext/1921105363/sys_devcon_pic32mx.o
 .debug_line    0x00003c06      0x3b8 build/default/production/_ext/993332121/sys_int_pic32.o
 .debug_line    0x00003fbe       0x1d build/default/production/_ext/1458882252/croutine.o
 .debug_line    0x00003fdb      0x1f2 build/default/production/_ext/1458882252/list.o
 .debug_line    0x000041cd      0x4ab build/default/production/_ext/1458882252/queue.o
 .debug_line    0x00004678      0x820 build/default/production/_ext/1458882252/tasks.o
 .debug_line    0x00004e98      0x3a0 build/default/production/_ext/1458882252/timers.o
 .debug_line    0x00005238      0x32c build/default/production/_ext/1458882252/event_groups.o
 .debug_line    0x00005564      0x222 build/default/production/_ext/628943767/heap_1.o
 .debug_line    0x00005786      0x23a build/default/production/_ext/1338673686/port.o
 .debug_line    0x000059c0      0x12c build/default/production/_ext/1338673686/port_asm.o
 .debug_line    0x00005aec      0x473 build/default/production/_ext/639803181/sys_clk_static.o
 .debug_line    0x00005f5f      0x82e build/default/production/_ext/822048611/sys_ports_static.o
 .debug_line    0x0000678d      0x7d7 build/default/production/_ext/1688732426/system_init.o
 .debug_line    0x00006f64      0x218 build/default/production/_ext/1688732426/system_interrupt.o
 .debug_line    0x0000717c      0x21a build/default/production/_ext/1688732426/system_exceptions.o
 .debug_line    0x00007396      0x3e3 build/default/production/_ext/1688732426/system_tasks.o
 .debug_line    0x00007779       0x7c build/default/production/_ext/1688732426/system_interrupt_a.o
 .debug_line    0x000077f5      0x17f build/default/production/_ext/1688732426/rtos_hooks.o
 .debug_line    0x00007974       0xa9 /home/john/MPLAB-X/XC32_Compiler/bin/bin/../../lib/gcc/pic32mx/4.8.3/../../../../pic32mx/lib/libpic32.a(default-bootstrap-exception-handler.o)
 .debug_line    0x00007a1d       0x96 /home/john/MPLAB-X/XC32_Compiler/bin/bin/../../lib/gcc/pic32mx/4.8.3/../../../../pic32mx/lib/libpic32.a(default-on-reset.o)
 .debug_line    0x00007ab3       0x9a /home/john/MPLAB-X/XC32_Compiler/bin/bin/../../lib/gcc/pic32mx/4.8.3/../../../../pic32mx/lib/libpic32.a(default-on-bootstrap.o)
 .debug_line    0x00007b4d       0xa8 /home/john/MPLAB-X/XC32_Compiler/bin/bin/../../lib/gcc/pic32mx/4.8.3/../../../../pic32mx/lib/libpic32.a(defaultinterrupt.o)
 .debug_line    0x00007bf5       0x85 /home/john/MPLAB-X/XC32_Compiler/bin/bin/../../lib/gcc/pic32mx/4.8.3/../../../../pic32mx/lib/libc.a(vsnprintf.o)
 .debug_line    0x00007c7a       0x82 /home/john/MPLAB-X/XC32_Compiler/bin/bin/../../lib/gcc/pic32mx/4.8.3/../../../../pic32mx/lib/libc.a(doprnt.o)
 .debug_line    0x00007cfc       0x81 /home/john/MPLAB-X/XC32_Compiler/bin/bin/../../lib/gcc/pic32mx/4.8.3/../../../../pic32mx/lib/libc.a(_fputc_simple.o)
 .debug_line    0x00007d7d        0x0 /home/john/MPLAB-X/XC32_Compiler/bin/bin/../../lib/gcc/pic32mx/4.8.3/../../../../pic32mx/lib/libc.a(ctype.o)
 .debug_line    0x00007d7d        0x0 /home/john/MPLAB-X/XC32_Compiler/bin/bin/../../lib/gcc/pic32mx/4.8.3/../../../../pic32mx/lib/libc.a(powersf.o)
 .debug_line    0x00007d7d        0x0 /home/john/MPLAB-X/XC32_Compiler/bin/bin/../../lib/gcc/pic32mx/4.8.3/../../../../pic32mx/lib/libc.a(_iob.o)
 .debug_line    0x00007d7d       0x82 /home/john/MPLAB-X/XC32_Compiler/bin/bin/../../lib/gcc/pic32mx/4.8.3/../../../../pic32mx/lib/libc.a(_flsbuf_simple.o)
 .debug_line    0x00007dff       0x8b /home/john/MPLAB-X/XC32_Compiler/bin/bin/../../lib/gcc/pic32mx/4.8.3/../../../../pic32mx/lib/libpic32.a(write.o)
 .debug_line    0x00007e8a       0x8f /home/john/MPLAB-X/XC32_Compiler/bin/bin/../../lib/gcc/pic32mx/4.8.3/../../../../pic32mx/lib/libpic32.a(_mon_putc.o)
 .debug_line    0x00007f19        0x0 /home/john/MPLAB-X/XC32_Compiler/bin/bin/../../lib/gcc/pic32mx/4.8.3/../../../../pic32mx/lib/libpic32.a(xc32_uart.o)
 .debug_line    0x00007f19       0xa5 /home/john/MPLAB-X/XC32_Compiler/bin/bin/../../lib/gcc/pic32mx/4.8.3/../../../../pic32mx/lib/libe.a(_floatdisf.o)
 .debug_line    0x00007fbe       0xff /home/john/MPLAB-X/XC32_Compiler/bin/bin/../../lib/gcc/pic32mx/4.8.3/libgcc.a(_udivdi3.o)
 .debug_line    0x000080bd      0x111 /home/john/MPLAB-X/XC32_Compiler/bin/bin/../../lib/gcc/pic32mx/4.8.3/libgcc.a(_umoddi3.o)
 .debug_line    0x000081ce       0x9c /home/john/MPLAB-X/XC32_Compiler/bin/bin/../../lib/gcc/pic32mx/4.8.3/libgcc.a(floatunsisf.o)

.debug_frame    0x00000000     0x19a0
 *(.debug_frame)
 .debug_frame   0x00000000       0x40 build/default/production/_ext/1360937237/app_public.o
 .debug_frame   0x00000040       0x48 build/default/production/_ext/1360937237/app.o
 .debug_frame   0x00000088       0x28 build/default/production/_ext/1360937237/main.o
 .debug_frame   0x000000b0      0x294 build/default/production/_ext/382300584/drv_usart.o
 .debug_frame   0x00000344       0xa8 build/default/production/_ext/382300584/drv_usart_byte_model.o
 .debug_frame   0x000003ec      0x150 build/default/production/_ext/1964585049/osal_freertos.o
 .debug_frame   0x0000053c      0x108 build/default/production/_ext/207392127/sys_console.o
 .debug_frame   0x00000644       0xa8 build/default/production/_ext/207392127/sys_console_appio.o
 .debug_frame   0x000006ec       0xb4 build/default/production/_ext/1952159421/sys_debug.o
 .debug_frame   0x000007a0       0xe8 build/default/production/_ext/1921105363/sys_devcon.o
 .debug_frame   0x00000888       0x28 build/default/production/_ext/1921105363/sys_devcon_pic32mx.o
 .debug_frame   0x000008b0       0x90 build/default/production/_ext/993332121/sys_int_pic32.o
 .debug_frame   0x00000940       0x60 build/default/production/_ext/1458882252/list.o
 .debug_frame   0x000009a0      0x230 build/default/production/_ext/1458882252/queue.o
 .debug_frame   0x00000bd0      0x470 build/default/production/_ext/1458882252/tasks.o
 .debug_frame   0x00001040      0x134 build/default/production/_ext/1458882252/timers.o
 .debug_frame   0x00001174      0x108 build/default/production/_ext/1458882252/event_groups.o
 .debug_frame   0x0000127c       0x5c build/default/production/_ext/628943767/heap_1.o
 .debug_frame   0x000012d8       0xc0 build/default/production/_ext/1338673686/port.o
 .debug_frame   0x00001398       0xa0 build/default/production/_ext/639803181/sys_clk_static.o
 .debug_frame   0x00001438      0x1f0 build/default/production/_ext/822048611/sys_ports_static.o
 .debug_frame   0x00001628       0x28 build/default/production/_ext/1688732426/system_init.o
 .debug_frame   0x00001650       0x28 build/default/production/_ext/1688732426/system_interrupt.o
 .debug_frame   0x00001678       0x28 build/default/production/_ext/1688732426/system_exceptions.o
 .debug_frame   0x000016a0       0x58 build/default/production/_ext/1688732426/system_tasks.o
 .debug_frame   0x000016f8       0x40 build/default/production/_ext/1688732426/rtos_hooks.o
 .debug_frame   0x00001738       0x2c /home/john/MPLAB-X/XC32_Compiler/bin/bin/../../lib/gcc/pic32mx/4.8.3/../../../../pic32mx/lib/libpic32.a(default-bootstrap-exception-handler.o)
 .debug_frame   0x00001764       0x20 /home/john/MPLAB-X/XC32_Compiler/bin/bin/../../lib/gcc/pic32mx/4.8.3/../../../../pic32mx/lib/libpic32.a(default-on-reset.o)
 .debug_frame   0x00001784       0x20 /home/john/MPLAB-X/XC32_Compiler/bin/bin/../../lib/gcc/pic32mx/4.8.3/../../../../pic32mx/lib/libpic32.a(default-on-bootstrap.o)
 .debug_frame   0x000017a4       0x20 /home/john/MPLAB-X/XC32_Compiler/bin/bin/../../lib/gcc/pic32mx/4.8.3/../../../../pic32mx/lib/libpic32.a(defaultinterrupt.o)
 .debug_frame   0x000017c4       0x2c /home/john/MPLAB-X/XC32_Compiler/bin/bin/../../lib/gcc/pic32mx/4.8.3/../../../../pic32mx/lib/libc.a(vsnprintf.o)
 .debug_frame   0x000017f0       0x74 /home/john/MPLAB-X/XC32_Compiler/bin/bin/../../lib/gcc/pic32mx/4.8.3/../../../../pic32mx/lib/libc.a(doprnt.o)
 .debug_frame   0x00001864       0x2c /home/john/MPLAB-X/XC32_Compiler/bin/bin/../../lib/gcc/pic32mx/4.8.3/../../../../pic32mx/lib/libc.a(_fputc_simple.o)
 .debug_frame   0x00001890       0x28 /home/john/MPLAB-X/XC32_Compiler/bin/bin/../../lib/gcc/pic32mx/4.8.3/../../../../pic32mx/lib/libc.a(_flsbuf_simple.o)
 .debug_frame   0x000018b8       0x38 /home/john/MPLAB-X/XC32_Compiler/bin/bin/../../lib/gcc/pic32mx/4.8.3/../../../../pic32mx/lib/libpic32.a(write.o)
 .debug_frame   0x000018f0       0x28 /home/john/MPLAB-X/XC32_Compiler/bin/bin/../../lib/gcc/pic32mx/4.8.3/../../../../pic32mx/lib/libpic32.a(_mon_putc.o)
 .debug_frame   0x00001918       0x20 /home/john/MPLAB-X/XC32_Compiler/bin/bin/../../lib/gcc/pic32mx/4.8.3/../../../../pic32mx/lib/libe.a(_floatdisf.o)
 .debug_frame   0x00001938       0x20 /home/john/MPLAB-X/XC32_Compiler/bin/bin/../../lib/gcc/pic32mx/4.8.3/libgcc.a(_udivdi3.o)
 .debug_frame   0x00001958       0x20 /home/john/MPLAB-X/XC32_Compiler/bin/bin/../../lib/gcc/pic32mx/4.8.3/libgcc.a(_umoddi3.o)
 .debug_frame   0x00001978       0x28 /home/john/MPLAB-X/XC32_Compiler/bin/bin/../../lib/gcc/pic32mx/4.8.3/libgcc.a(floatunsisf.o)

.debug_str      0x00000000      0x7f8
 *(.debug_str)
 .debug_str     0x00000000        0x0 build/default/production/_ext/1360937237/app_public.o
 .debug_str     0x00000000       0x15 build/default/production/_ext/1360937237/app.o
 .debug_str     0x00000015        0x0 build/default/production/_ext/1360937237/main.o
 .debug_str     0x00000015      0x195 build/default/production/_ext/382300584/drv_usart.o
 .debug_str     0x000001aa       0x28 build/default/production/_ext/382300584/drv_usart_byte_model.o
 .debug_str     0x000001d2       0x40 build/default/production/_ext/1964585049/osal_freertos.o
 .debug_str     0x00000212        0xd build/default/production/_ext/207392127/sys_console.o
 .debug_str     0x0000021f        0xb build/default/production/_ext/207392127/sys_console_appio.o
 .debug_str     0x0000022a       0x12 build/default/production/_ext/1952159421/sys_debug.o
 .debug_str     0x0000023c       0x16 build/default/production/_ext/1921105363/sys_devcon.o
 .debug_str     0x00000252        0x6 build/default/production/_ext/1921105363/sys_devcon_pic32mx.o
 .debug_str     0x00000258       0x2d build/default/production/_ext/993332121/sys_int_pic32.o
 .debug_str     0x00000285        0x0 build/default/production/_ext/1458882252/croutine.o
 .debug_str     0x00000285       0x2b build/default/production/_ext/1458882252/list.o
 .debug_str     0x000002b0       0xf1 build/default/production/_ext/1458882252/queue.o
 .debug_str     0x000003a1      0x191 build/default/production/_ext/1458882252/tasks.o
 .debug_str     0x00000532       0xbf build/default/production/_ext/1458882252/timers.o
 .debug_str     0x000005f1       0xe6 build/default/production/_ext/1458882252/event_groups.o
 .debug_str     0x000006d7       0x1d build/default/production/_ext/628943767/heap_1.o
 .debug_str     0x000006f4       0x37 build/default/production/_ext/1338673686/port.o
 .debug_str     0x0000072b       0x39 build/default/production/_ext/639803181/sys_clk_static.o
 .debug_str     0x00000764       0x55 build/default/production/_ext/822048611/sys_ports_static.o
 .debug_str     0x000007b9       0x36 build/default/production/_ext/1688732426/system_init.o
 .debug_str     0x000007ef        0x0 build/default/production/_ext/1688732426/system_interrupt.o
 .debug_str     0x000007ef        0x0 build/default/production/_ext/1688732426/system_exceptions.o
 .debug_str     0x000007ef        0x0 build/default/production/_ext/1688732426/system_tasks.o
 .debug_str     0x000007ef        0x9 build/default/production/_ext/1688732426/rtos_hooks.o
 .debug_str     0x000007f8        0x0 /home/john/MPLAB-X/XC32_Compiler/bin/bin/../../lib/gcc/pic32mx/4.8.3/../../../../pic32mx/lib/libpic32.a(default-bootstrap-exception-handler.o)
 .debug_str     0x000007f8        0x0 /home/john/MPLAB-X/XC32_Compiler/bin/bin/../../lib/gcc/pic32mx/4.8.3/../../../../pic32mx/lib/libpic32.a(default-on-reset.o)
 .debug_str     0x000007f8        0x0 /home/john/MPLAB-X/XC32_Compiler/bin/bin/../../lib/gcc/pic32mx/4.8.3/../../../../pic32mx/lib/libpic32.a(default-on-bootstrap.o)
 .debug_str     0x000007f8        0x0 /home/john/MPLAB-X/XC32_Compiler/bin/bin/../../lib/gcc/pic32mx/4.8.3/../../../../pic32mx/lib/libpic32.a(defaultinterrupt.o)
 .debug_str     0x000007f8        0x0 /home/john/MPLAB-X/XC32_Compiler/bin/bin/../../lib/gcc/pic32mx/4.8.3/../../../../pic32mx/lib/libc.a(vsnprintf.o)
 .debug_str     0x000007f8        0x0 /home/john/MPLAB-X/XC32_Compiler/bin/bin/../../lib/gcc/pic32mx/4.8.3/../../../../pic32mx/lib/libc.a(doprnt.o)
 .debug_str     0x000007f8        0x0 /home/john/MPLAB-X/XC32_Compiler/bin/bin/../../lib/gcc/pic32mx/4.8.3/../../../../pic32mx/lib/libc.a(_fputc_simple.o)
 .debug_str     0x000007f8        0x0 /home/john/MPLAB-X/XC32_Compiler/bin/bin/../../lib/gcc/pic32mx/4.8.3/../../../../pic32mx/lib/libc.a(ctype.o)
 .debug_str     0x000007f8        0x0 /home/john/MPLAB-X/XC32_Compiler/bin/bin/../../lib/gcc/pic32mx/4.8.3/../../../../pic32mx/lib/libc.a(powersf.o)
 .debug_str     0x000007f8        0x0 /home/john/MPLAB-X/XC32_Compiler/bin/bin/../../lib/gcc/pic32mx/4.8.3/../../../../pic32mx/lib/libc.a(_iob.o)
 .debug_str     0x000007f8        0x0 /home/john/MPLAB-X/XC32_Compiler/bin/bin/../../lib/gcc/pic32mx/4.8.3/../../../../pic32mx/lib/libc.a(_flsbuf_simple.o)
 .debug_str     0x000007f8        0x0 /home/john/MPLAB-X/XC32_Compiler/bin/bin/../../lib/gcc/pic32mx/4.8.3/../../../../pic32mx/lib/libpic32.a(write.o)
 .debug_str     0x000007f8        0x0 /home/john/MPLAB-X/XC32_Compiler/bin/bin/../../lib/gcc/pic32mx/4.8.3/../../../../pic32mx/lib/libpic32.a(_mon_putc.o)
 .debug_str     0x000007f8        0x0 /home/john/MPLAB-X/XC32_Compiler/bin/bin/../../lib/gcc/pic32mx/4.8.3/../../../../pic32mx/lib/libpic32.a(xc32_uart.o)
 .debug_str     0x000007f8        0x0 /home/john/MPLAB-X/XC32_Compiler/bin/bin/../../lib/gcc/pic32mx/4.8.3/../../../../pic32mx/lib/libe.a(_floatdisf.o)
 .debug_str     0x000007f8        0x0 /home/john/MPLAB-X/XC32_Compiler/bin/bin/../../lib/gcc/pic32mx/4.8.3/libgcc.a(_udivdi3.o)
 .debug_str     0x000007f8        0x0 /home/john/MPLAB-X/XC32_Compiler/bin/bin/../../lib/gcc/pic32mx/4.8.3/libgcc.a(_umoddi3.o)
 .debug_str     0x000007f8        0x0 /home/john/MPLAB-X/XC32_Compiler/bin/bin/../../lib/gcc/pic32mx/4.8.3/libgcc.a(floatunsisf.o)

.debug_loc      0x00000000     0xc6b2
 *(.debug_loc)
 .debug_loc     0x00000000       0x58 build/default/production/_ext/1360937237/app_public.o
 .debug_loc     0x00000058       0x32 build/default/production/_ext/1360937237/app.o
 .debug_loc     0x0000008a     0x582c build/default/production/_ext/382300584/drv_usart.o
 .debug_loc     0x000058b6      0x611 build/default/production/_ext/382300584/drv_usart_byte_model.o
 .debug_loc     0x00005ec7      0x40c build/default/production/_ext/1964585049/osal_freertos.o
 .debug_loc     0x000062d3      0x3a6 build/default/production/_ext/207392127/sys_console.o
 .debug_loc     0x00006679      0x342 build/default/production/_ext/207392127/sys_console_appio.o
 .debug_loc     0x000069bb       0xe3 build/default/production/_ext/1952159421/sys_debug.o
 .debug_loc     0x00006a9e       0xf0 build/default/production/_ext/1921105363/sys_devcon.o
 .debug_loc     0x00006b8e       0xec build/default/production/_ext/1921105363/sys_devcon_pic32mx.o
 .debug_loc     0x00006c7a       0x8d build/default/production/_ext/993332121/sys_int_pic32.o
 .debug_loc     0x00006d07       0x31 build/default/production/_ext/1458882252/list.o
 .debug_loc     0x00006d38      0xd43 build/default/production/_ext/1458882252/queue.o
 .debug_loc     0x00007a7b     0x15c1 build/default/production/_ext/1458882252/tasks.o
 .debug_loc     0x0000903c      0x7d1 build/default/production/_ext/1458882252/timers.o
 .debug_loc     0x0000980d      0x8ea build/default/production/_ext/1458882252/event_groups.o
 .debug_loc     0x0000a0f7       0x49 build/default/production/_ext/628943767/heap_1.o
 .debug_loc     0x0000a140       0xea build/default/production/_ext/1338673686/port.o
 .debug_loc     0x0000a22a       0x49 build/default/production/_ext/639803181/sys_clk_static.o
 .debug_loc     0x0000a273      0xecf build/default/production/_ext/822048611/sys_ports_static.o
 .debug_loc     0x0000b142       0x21 build/default/production/_ext/1688732426/system_init.o
 .debug_loc     0x0000b163       0x34 build/default/production/_ext/1688732426/rtos_hooks.o
 .debug_loc     0x0000b197      0xa6a /home/john/MPLAB-X/XC32_Compiler/bin/bin/../../lib/gcc/pic32mx/4.8.3/libgcc.a(_udivdi3.o)
 .debug_loc     0x0000bc01      0xa3d /home/john/MPLAB-X/XC32_Compiler/bin/bin/../../lib/gcc/pic32mx/4.8.3/libgcc.a(_umoddi3.o)
 .debug_loc     0x0000c63e       0x74 /home/john/MPLAB-X/XC32_Compiler/bin/bin/../../lib/gcc/pic32mx/4.8.3/libgcc.a(floatunsisf.o)

.debug_macinfo
 *(.debug_macinfo)

.debug_weaknames
 *(.debug_weaknames)

.debug_funcnames
 *(.debug_funcnames)

.debug_typenames
 *(.debug_typenames)

.debug_varnames
 *(.debug_varnames)

.debug_pubtypes
 *(.debug_pubtypes)

.debug_ranges   0x00000000     0x1b08
 *(.debug_ranges)
 .debug_ranges  0x00000000       0x18 build/default/production/_ext/1360937237/app_public.o
 .debug_ranges  0x00000018       0x20 build/default/production/_ext/1360937237/app.o
 .debug_ranges  0x00000038       0x10 build/default/production/_ext/1360937237/main.o
 .debug_ranges  0x00000048      0xec0 build/default/production/_ext/382300584/drv_usart.o
 .debug_ranges  0x00000f08      0x118 build/default/production/_ext/382300584/drv_usart_byte_model.o
 .debug_ranges  0x00001020       0x78 build/default/production/_ext/1964585049/osal_freertos.o
 .debug_ranges  0x00001098       0x50 build/default/production/_ext/207392127/sys_console.o
 .debug_ranges  0x000010e8       0x78 build/default/production/_ext/207392127/sys_console_appio.o
 .debug_ranges  0x00001160       0x50 build/default/production/_ext/1952159421/sys_debug.o
 .debug_ranges  0x000011b0       0x68 build/default/production/_ext/1921105363/sys_devcon.o
 .debug_ranges  0x00001218       0x10 build/default/production/_ext/1921105363/sys_devcon_pic32mx.o
 .debug_ranges  0x00001228       0x50 build/default/production/_ext/993332121/sys_int_pic32.o
 .debug_ranges  0x00001278       0x30 build/default/production/_ext/1458882252/list.o
 .debug_ranges  0x000012a8       0xa8 build/default/production/_ext/1458882252/queue.o
 .debug_ranges  0x00001350      0x1b8 build/default/production/_ext/1458882252/tasks.o
 .debug_ranges  0x00001508      0x108 build/default/production/_ext/1458882252/timers.o
 .debug_ranges  0x00001610       0x98 build/default/production/_ext/1458882252/event_groups.o
 .debug_ranges  0x000016a8       0x28 build/default/production/_ext/628943767/heap_1.o
 .debug_ranges  0x000016d0       0x48 build/default/production/_ext/1338673686/port.o
 .debug_ranges  0x00001718       0x40 build/default/production/_ext/639803181/sys_clk_static.o
 .debug_ranges  0x00001758       0xf8 build/default/production/_ext/822048611/sys_ports_static.o
 .debug_ranges  0x00001850       0x10 build/default/production/_ext/1688732426/system_init.o
 .debug_ranges  0x00001860       0x10 build/default/production/_ext/1688732426/system_interrupt.o
 .debug_ranges  0x00001870       0x10 build/default/production/_ext/1688732426/system_exceptions.o
 .debug_ranges  0x00001880       0x20 build/default/production/_ext/1688732426/system_tasks.o
 .debug_ranges  0x000018a0       0x20 build/default/production/_ext/1688732426/system_interrupt_a.o
 .debug_ranges  0x000018c0       0x18 build/default/production/_ext/1688732426/rtos_hooks.o
 .debug_ranges  0x000018d8       0x10 /home/john/MPLAB-X/XC32_Compiler/bin/bin/../../lib/gcc/pic32mx/4.8.3/../../../../pic32mx/lib/libpic32.a(default-bootstrap-exception-handler.o)
 .debug_ranges  0x000018e8       0x10 /home/john/MPLAB-X/XC32_Compiler/bin/bin/../../lib/gcc/pic32mx/4.8.3/../../../../pic32mx/lib/libpic32.a(default-on-reset.o)
 .debug_ranges  0x000018f8       0x10 /home/john/MPLAB-X/XC32_Compiler/bin/bin/../../lib/gcc/pic32mx/4.8.3/../../../../pic32mx/lib/libpic32.a(default-on-bootstrap.o)
 .debug_ranges  0x00001908       0x10 /home/john/MPLAB-X/XC32_Compiler/bin/bin/../../lib/gcc/pic32mx/4.8.3/../../../../pic32mx/lib/libpic32.a(defaultinterrupt.o)
 .debug_ranges  0x00001918       0x10 /home/john/MPLAB-X/XC32_Compiler/bin/bin/../../lib/gcc/pic32mx/4.8.3/../../../../pic32mx/lib/libc.a(vsnprintf.o)
 .debug_ranges  0x00001928       0x20 /home/john/MPLAB-X/XC32_Compiler/bin/bin/../../lib/gcc/pic32mx/4.8.3/../../../../pic32mx/lib/libc.a(doprnt.o)
 .debug_ranges  0x00001948       0x10 /home/john/MPLAB-X/XC32_Compiler/bin/bin/../../lib/gcc/pic32mx/4.8.3/../../../../pic32mx/lib/libc.a(_fputc_simple.o)
 .debug_ranges  0x00001958       0x10 /home/john/MPLAB-X/XC32_Compiler/bin/bin/../../lib/gcc/pic32mx/4.8.3/../../../../pic32mx/lib/libc.a(_flsbuf_simple.o)
 .debug_ranges  0x00001968       0x10 /home/john/MPLAB-X/XC32_Compiler/bin/bin/../../lib/gcc/pic32mx/4.8.3/../../../../pic32mx/lib/libpic32.a(write.o)
 .debug_ranges  0x00001978       0x10 /home/john/MPLAB-X/XC32_Compiler/bin/bin/../../lib/gcc/pic32mx/4.8.3/../../../../pic32mx/lib/libpic32.a(_mon_putc.o)
 .debug_ranges  0x00001988       0x10 /home/john/MPLAB-X/XC32_Compiler/bin/bin/../../lib/gcc/pic32mx/4.8.3/../../../../pic32mx/lib/libe.a(_floatdisf.o)
 .debug_ranges  0x00001998       0x98 /home/john/MPLAB-X/XC32_Compiler/bin/bin/../../lib/gcc/pic32mx/4.8.3/libgcc.a(_udivdi3.o)
 .debug_ranges  0x00001a30       0xd8 /home/john/MPLAB-X/XC32_Compiler/bin/bin/../../lib/gcc/pic32mx/4.8.3/libgcc.a(_umoddi3.o)

.gnu.attributes
                0x00000000       0x10
 *(.gnu.attributes)
 .gnu.attributes
                0x00000000       0x10 build/default/production/_ext/1360937237/app_public.o
 .gnu.attributes
                0x00000010       0x10 build/default/production/_ext/1360937237/app.o
 .gnu.attributes
                0x00000020       0x10 build/default/production/_ext/1360937237/main.o
 .gnu.attributes
                0x00000030       0x10 build/default/production/_ext/382300584/drv_usart.o
 .gnu.attributes
                0x00000040       0x10 build/default/production/_ext/382300584/drv_usart_byte_model.o
 .gnu.attributes
                0x00000050       0x10 build/default/production/_ext/1964585049/osal_freertos.o
 .gnu.attributes
                0x00000060       0x10 build/default/production/_ext/207392127/sys_console.o
 .gnu.attributes
                0x00000070       0x10 build/default/production/_ext/207392127/sys_console_appio.o
 .gnu.attributes
                0x00000080       0x10 build/default/production/_ext/1952159421/sys_debug.o
 .gnu.attributes
                0x00000090       0x10 build/default/production/_ext/1921105363/sys_devcon.o
 .gnu.attributes
                0x000000a0       0x10 build/default/production/_ext/1921105363/sys_devcon_pic32mx.o
 .gnu.attributes
                0x000000b0       0x10 build/default/production/_ext/993332121/sys_int_pic32.o
 .gnu.attributes
                0x000000c0       0x10 build/default/production/_ext/1458882252/croutine.o
 .gnu.attributes
                0x000000d0       0x10 build/default/production/_ext/1458882252/list.o
 .gnu.attributes
                0x000000e0       0x10 build/default/production/_ext/1458882252/queue.o
 .gnu.attributes
                0x000000f0       0x10 build/default/production/_ext/1458882252/tasks.o
 .gnu.attributes
                0x00000100       0x10 build/default/production/_ext/1458882252/timers.o
 .gnu.attributes
                0x00000110       0x10 build/default/production/_ext/1458882252/event_groups.o
 .gnu.attributes
                0x00000120       0x10 build/default/production/_ext/628943767/heap_1.o
 .gnu.attributes
                0x00000130       0x10 build/default/production/_ext/1338673686/port.o
 .gnu.attributes
                0x00000140       0x10 build/default/production/_ext/639803181/sys_clk_static.o
 .gnu.attributes
                0x00000150       0x10 build/default/production/_ext/822048611/sys_ports_static.o
 .gnu.attributes
                0x00000160       0x10 build/default/production/_ext/1688732426/system_init.o
 .gnu.attributes
                0x00000170       0x10 build/default/production/_ext/1688732426/system_interrupt.o
 .gnu.attributes
                0x00000180       0x10 build/default/production/_ext/1688732426/system_exceptions.o
 .gnu.attributes
                0x00000190       0x10 build/default/production/_ext/1688732426/system_tasks.o
 .gnu.attributes
                0x000001a0       0x10 build/default/production/_ext/1688732426/rtos_hooks.o
 .gnu.attributes
                0x000001b0       0x10 /home/john/MPLAB-X/XC32_Compiler/bin/bin/../../lib/gcc/pic32mx/4.8.3/../../../../pic32mx/lib/libpic32.a(default-bootstrap-exception-handler.o)
 .gnu.attributes
                0x000001c0       0x10 /home/john/MPLAB-X/XC32_Compiler/bin/bin/../../lib/gcc/pic32mx/4.8.3/../../../../pic32mx/lib/libpic32.a(default-on-reset.o)
 .gnu.attributes
                0x000001d0       0x10 /home/john/MPLAB-X/XC32_Compiler/bin/bin/../../lib/gcc/pic32mx/4.8.3/../../../../pic32mx/lib/libpic32.a(default-on-bootstrap.o)
 .gnu.attributes
                0x000001e0       0x10 /home/john/MPLAB-X/XC32_Compiler/bin/bin/../../lib/gcc/pic32mx/4.8.3/../../../../pic32mx/lib/libpic32.a(defaultinterrupt.o)
 .gnu.attributes
                0x000001f0       0x10 /home/john/MPLAB-X/XC32_Compiler/bin/bin/../../lib/gcc/pic32mx/4.8.3/../../../../pic32mx/lib/libc.a(vsnprintf.o)
 .gnu.attributes
                0x00000200       0x10 /home/john/MPLAB-X/XC32_Compiler/bin/bin/../../lib/gcc/pic32mx/4.8.3/../../../../pic32mx/lib/libc.a(doprnt.o)
 .gnu.attributes
                0x00000210       0x10 /home/john/MPLAB-X/XC32_Compiler/bin/bin/../../lib/gcc/pic32mx/4.8.3/../../../../pic32mx/lib/libc.a(_fputc_simple.o)
 .gnu.attributes
                0x00000220       0x10 /home/john/MPLAB-X/XC32_Compiler/bin/bin/../../lib/gcc/pic32mx/4.8.3/../../../../pic32mx/lib/libc.a(ctype.o)
 .gnu.attributes
                0x00000230       0x10 /home/john/MPLAB-X/XC32_Compiler/bin/bin/../../lib/gcc/pic32mx/4.8.3/../../../../pic32mx/lib/libc.a(powersf.o)
 .gnu.attributes
                0x00000240       0x10 /home/john/MPLAB-X/XC32_Compiler/bin/bin/../../lib/gcc/pic32mx/4.8.3/../../../../pic32mx/lib/libc.a(_iob.o)
 .gnu.attributes
                0x00000250       0x10 /home/john/MPLAB-X/XC32_Compiler/bin/bin/../../lib/gcc/pic32mx/4.8.3/../../../../pic32mx/lib/libc.a(_flsbuf_simple.o)
 .gnu.attributes
                0x00000260       0x10 /home/john/MPLAB-X/XC32_Compiler/bin/bin/../../lib/gcc/pic32mx/4.8.3/../../../../pic32mx/lib/libpic32.a(write.o)
 .gnu.attributes
                0x00000270       0x10 /home/john/MPLAB-X/XC32_Compiler/bin/bin/../../lib/gcc/pic32mx/4.8.3/../../../../pic32mx/lib/libpic32.a(_mon_putc.o)
 .gnu.attributes
                0x00000280       0x10 /home/john/MPLAB-X/XC32_Compiler/bin/bin/../../lib/gcc/pic32mx/4.8.3/../../../../pic32mx/lib/libpic32.a(xc32_uart.o)
 .gnu.attributes
                0x00000290       0x10 /home/john/MPLAB-X/XC32_Compiler/bin/bin/../../lib/gcc/pic32mx/4.8.3/../../../../pic32mx/lib/libe.a(_floatdisf.o)
 .gnu.attributes
                0x000002a0       0x10 /home/john/MPLAB-X/XC32_Compiler/bin/bin/../../lib/gcc/pic32mx/4.8.3/libgcc.a(_udivdi3.o)
 .gnu.attributes
                0x000002b0       0x10 /home/john/MPLAB-X/XC32_Compiler/bin/bin/../../lib/gcc/pic32mx/4.8.3/libgcc.a(_umoddi3.o)
 .gnu.attributes
                0x000002c0       0x10 /home/john/MPLAB-X/XC32_Compiler/bin/bin/../../lib/gcc/pic32mx/4.8.3/libgcc.a(floatunsisf.o)
LOAD /home/john/MPLAB-X/XC32_Compiler/bin/bin/../../lib/gcc/pic32mx/4.8.3/libgcc.a
START GROUP