
Optional file libmchp_peripheral.a not found

Optional file libmchp_peripheral_32MX795F512L.a not found
Archive member included because of file (symbol)

/home/john/MPLAB-X/XC32_Compiler/bin/bin/../../lib/gcc/pic32mx/4.8.3/../../../../pic32mx/lib/libpic32.a(memcpy.o)
                              build/default/production/_ext/1458882252/queue.o (memcpy)
/home/john/MPLAB-X/XC32_Compiler/bin/bin/../../lib/gcc/pic32mx/4.8.3/../../../../pic32mx/lib/libpic32.a(memset.o)
                              build/default/production/_ext/1521864172/drv_tmr.o (memset)
/home/john/MPLAB-X/XC32_Compiler/bin/bin/../../lib/gcc/pic32mx/4.8.3/../../../../pic32mx/lib/libpic32.a(default-bootstrap-exception-handler.o)
                              /home/john/MPLAB-X/XC32_Compiler/bin/bin/../../lib/gcc/pic32mx/4.8.3/../../../../pic32mx/lib/./proc/32MX795F512L/crt0_mips32r2.o (_bootstrap_exception_handler)
/home/john/MPLAB-X/XC32_Compiler/bin/bin/../../lib/gcc/pic32mx/4.8.3/../../../../pic32mx/lib/libpic32.a(default-on-reset.o)
                              /home/john/MPLAB-X/XC32_Compiler/bin/bin/../../lib/gcc/pic32mx/4.8.3/../../../../pic32mx/lib/./proc/32MX795F512L/crt0_mips32r2.o (_on_reset)
/home/john/MPLAB-X/XC32_Compiler/bin/bin/../../lib/gcc/pic32mx/4.8.3/../../../../pic32mx/lib/libpic32.a(default-on-bootstrap.o)
                              /home/john/MPLAB-X/XC32_Compiler/bin/bin/../../lib/gcc/pic32mx/4.8.3/../../../../pic32mx/lib/./proc/32MX795F512L/crt0_mips32r2.o (_on_bootstrap)
/home/john/MPLAB-X/XC32_Compiler/bin/bin/../../lib/gcc/pic32mx/4.8.3/../../../../pic32mx/lib/libpic32.a(default-nmi-handler.o)
                              /home/john/MPLAB-X/XC32_Compiler/bin/bin/../../lib/gcc/pic32mx/4.8.3/../../../../pic32mx/lib/./proc/32MX795F512L/crt0_mips32r2.o (_nmi_handler)
/home/john/MPLAB-X/XC32_Compiler/bin/bin/../../lib/gcc/pic32mx/4.8.3/../../../../pic32mx/lib/libpic32.a(general-exception.o)
                              /home/john/MPLAB-X/XC32_Compiler/bin/bin/../../lib/gcc/pic32mx/4.8.3/../../../../pic32mx/lib/./proc/32MX795F512L/crt0_mips32r2.o (_general_exception_context)
/home/john/MPLAB-X/XC32_Compiler/bin/bin/../../lib/gcc/pic32mx/4.8.3/../../../../pic32mx/lib/libpic32.a(vector0.o)
                              /home/john/MPLAB-X/XC32_Compiler/bin/bin/../../lib/gcc/pic32mx/4.8.3/../../../../pic32mx/lib/./proc/32MX795F512L/default_isr_vectors.o (__vector_dispatch_0)
/home/john/MPLAB-X/XC32_Compiler/bin/bin/../../lib/gcc/pic32mx/4.8.3/../../../../pic32mx/lib/libpic32.a(vector2.o)
                              /home/john/MPLAB-X/XC32_Compiler/bin/bin/../../lib/gcc/pic32mx/4.8.3/../../../../pic32mx/lib/./proc/32MX795F512L/default_isr_vectors.o (__vector_dispatch_2)
/home/john/MPLAB-X/XC32_Compiler/bin/bin/../../lib/gcc/pic32mx/4.8.3/../../../../pic32mx/lib/libpic32.a(vector3.o)
                              /home/john/MPLAB-X/XC32_Compiler/bin/bin/../../lib/gcc/pic32mx/4.8.3/../../../../pic32mx/lib/./proc/32MX795F512L/default_isr_vectors.o (__vector_dispatch_3)
/home/john/MPLAB-X/XC32_Compiler/bin/bin/../../lib/gcc/pic32mx/4.8.3/../../../../pic32mx/lib/libpic32.a(vector5.o)
                              /home/john/MPLAB-X/XC32_Compiler/bin/bin/../../lib/gcc/pic32mx/4.8.3/../../../../pic32mx/lib/./proc/32MX795F512L/default_isr_vectors.o (__vector_dispatch_5)
/home/john/MPLAB-X/XC32_Compiler/bin/bin/../../lib/gcc/pic32mx/4.8.3/../../../../pic32mx/lib/libpic32.a(vector6.o)
                              /home/john/MPLAB-X/XC32_Compiler/bin/bin/../../lib/gcc/pic32mx/4.8.3/../../../../pic32mx/lib/./proc/32MX795F512L/default_isr_vectors.o (__vector_dispatch_6)
/home/john/MPLAB-X/XC32_Compiler/bin/bin/../../lib/gcc/pic32mx/4.8.3/../../../../pic32mx/lib/libpic32.a(vector7.o)
                              /home/john/MPLAB-X/XC32_Compiler/bin/bin/../../lib/gcc/pic32mx/4.8.3/../../../../pic32mx/lib/./proc/32MX795F512L/default_isr_vectors.o (__vector_dispatch_7)
/home/john/MPLAB-X/XC32_Compiler/bin/bin/../../lib/gcc/pic32mx/4.8.3/../../../../pic32mx/lib/libpic32.a(vector8.o)
                              /home/john/MPLAB-X/XC32_Compiler/bin/bin/../../lib/gcc/pic32mx/4.8.3/../../../../pic32mx/lib/./proc/32MX795F512L/default_isr_vectors.o (__vector_dispatch_8)
/home/john/MPLAB-X/XC32_Compiler/bin/bin/../../lib/gcc/pic32mx/4.8.3/../../../../pic32mx/lib/libpic32.a(vector9.o)
                              /home/john/MPLAB-X/XC32_Compiler/bin/bin/../../lib/gcc/pic32mx/4.8.3/../../../../pic32mx/lib/./proc/32MX795F512L/default_isr_vectors.o (__vector_dispatch_9)
/home/john/MPLAB-X/XC32_Compiler/bin/bin/../../lib/gcc/pic32mx/4.8.3/../../../../pic32mx/lib/libpic32.a(vector10.o)
                              /home/john/MPLAB-X/XC32_Compiler/bin/bin/../../lib/gcc/pic32mx/4.8.3/../../../../pic32mx/lib/./proc/32MX795F512L/default_isr_vectors.o (__vector_dispatch_10)
/home/john/MPLAB-X/XC32_Compiler/bin/bin/../../lib/gcc/pic32mx/4.8.3/../../../../pic32mx/lib/libpic32.a(vector11.o)
[...]
Memory Configuration

Name             Origin             Length             Attributes
kseg0_program_mem 0x9d000000         0x00080000         xr
kseg0_boot_mem   0x9fc00490         0x00000970
exception_mem    0x9fc01000         0x00001000
kseg1_boot_mem   0xbfc00000         0x00000490
debug_exec_mem   0xbfc02000         0x00000ff0
config3          0xbfc02ff0         0x00000004
config2          0xbfc02ff4         0x00000004
config1          0xbfc02ff8         0x00000004
config0          0xbfc02ffc         0x00000004
kseg1_data_mem   0xa0000000         0x00020000         w !x
sfrs             0xbf800000         0x00100000
configsfrs       0xbfc02ff0         0x00000010
*default*        0x00000000         0xffffffff

Linker script and memory map

LOAD /home/john/MPLAB-X/XC32_Compiler/bin/bin/../../lib/gcc/pic32mx/4.8.3/../../../../pic32mx/lib/./proc/32MX795F512L/crt0_mips32r2.o
LOAD /home/john/MPLAB-X/XC32_Compiler/bin/bin/../../lib/gcc/pic32mx/4.8.3/../../../../pic32mx/lib/debug-exception-return.o
LOAD build/default/production/_ext/639803181/sys_clk_static.o
LOAD build/default/production/_ext/822048611/sys_ports_static.o
LOAD build/default/production/_ext/1688732426/system_init.o
LOAD build/default/production/_ext/1688732426/system_interrupt.o
LOAD build/default/production/_ext/1688732426/system_exceptions.o
LOAD build/default/production/_ext/1688732426/system_tasks.o
LOAD build/default/production/_ext/1688732426/system_interrupt_a.o
LOAD build/default/production/_ext/1688732426/rtos_hooks.o
LOAD build/default/production/_ext/1360937237/app_public.o
LOAD build/default/production/_ext/1360937237/app.o
LOAD build/default/production/_ext/1360937237/main.o
LOAD build/default/production/_ext/1521864172/drv_tmr.o
LOAD build/default/production/_ext/382300584/drv_usart.o
LOAD build/default/production/_ext/382300584/drv_usart_byte_model.o
LOAD build/default/production/_ext/1964585049/osal_freertos.o
LOAD build/default/production/_ext/1921105363/sys_devcon.o
LOAD build/default/production/_ext/1921105363/sys_devcon_pic32mx.o
LOAD build/default/production/_ext/993332121/sys_int_pic32.o
LOAD build/default/production/_ext/628943767/heap_1.o
LOAD build/default/production/_ext/1338673686/port.o
LOAD build/default/production/_ext/1338673686/port_asm.o
LOAD build/default/production/_ext/1458882252/croutine.o
LOAD build/default/production/_ext/1458882252/list.o
LOAD build/default/production/_ext/1458882252/queue.o
LOAD build/default/production/_ext/1458882252/tasks.o
LOAD build/default/production/_ext/1458882252/timers.o
LOAD build/default/production/_ext/1458882252/event_groups.o
LOAD ../../../../../../../../../microchip/harmony/v1_08_01/bin/framework/peripheral/PIC32MX795F512L_peripherals.a
LOAD ../../../../../../../../../microchip/harmony/v1_08_01/framework/tcpip/src/crypto/aes_pic32mx.a
                0x00000001                __MPLAB_BUILD = 0x1
                0x00000000                _min_heap_size = 0x0
LOAD /home/john/MPLAB-X/XC32_Compiler/bin/bin/../../lib/gcc/pic32mx/4.8.3/../../../../pic32mx/lib/./proc/32MX795F512L/default_isr_vectors.o
LOAD /home/john/MPLAB-X/XC32_Compiler/bin/bin/../../lib/gcc/pic32mx/4.8.3/../../../../pic32mx/lib/pic32_software_reset.o
                0x00000400                PROVIDE (_min_stack_size, 0x400)
LOAD /home/john/MPLAB-X/XC32_Compiler/bin/bin/../../lib/gcc/pic32mx/4.8.3/../../../../pic32mx/lib/./proc/32MX795F512L/processor.o
START GROUP
LOAD libmchp_peripheral.a
END GROUP
START GROUP
LOAD libmchp_peripheral_32MX795F512L.a
END GROUP
                0x00000001                PROVIDE (_vector_spacing, 0x1)
                0x9fc01000                PROVIDE (_ebase_address, 0x9fc01000)
                0xbfc00000                _RESET_ADDR = 0xbfc00000
                0xbfc00380                _BEV_EXCPT_ADDR = 0xbfc00380
                0xbfc00480                _DBG_EXCPT_ADDR = 0xbfc00480
                0xbfc02000                _DBG_CODE_ADDR = 0xbfc02000
                0x00000ff0                _DBG_CODE_SIZE = 0xff0
                0x9fc01180                _GEN_EXCPT_ADDR = (_ebase_address + 0x180)

.config_BFC02FF0
                0xbfc02ff0        0x4
 *(.config_BFC02FF0)
 .config_BFC02FF0
                0xbfc02ff0        0x4 build/default/production/_ext/1688732426/system_init.o

.config_BFC02FF4
                0xbfc02ff4        0x4
 *(.config_BFC02FF4)
 .config_BFC02FF4
                0xbfc02ff4        0x4 build/default/production/_ext/1688732426/system_init.o

.config_BFC02FF8
                0xbfc02ff8        0x4
 *(.config_BFC02FF8)
 .config_BFC02FF8
                0xbfc02ff8        0x4 build/default/production/_ext/1688732426/system_init.o

.config_BFC02FFC
                0xbfc02ffc        0x4
 *(.config_BFC02FFC)
 .config_BFC02FFC
                0xbfc02ffc        0x4 build/default/production/_ext/1688732426/system_init.o
                0xbfc02000                PROVIDE (_DBG_CODE_ADDR, 0xbfc02000)
                0x00000ff0                PROVIDE (_DBG_CODE_SIZE, 0xff0)

.reset          0xbfc00000      0x208
 *(.reset)
 .reset         0xbfc00000        0x8 /home/john/MPLAB-X/XC32_Compiler/bin/bin/../../lib/gcc/pic32mx/4.8.3/../../../../pic32mx/lib/./proc/32MX795F512L/crt0_mips32r2.o
                0xbfc00000                _reset
 *(.reset.startup)
 .reset.startup
                0xbfc00008      0x200 /home/john/MPLAB-X/XC32_Compiler/bin/bin/../../lib/gcc/pic32mx/4.8.3/../../../../pic32mx/lib/./proc/32MX795F512L/crt0_mips32r2.o

.bev_excpt      0xbfc00380       0x10
 *(.bev_handler)
 .bev_handler   0xbfc00380       0x10 /home/john/MPLAB-X/XC32_Compiler/bin/bin/../../lib/gcc/pic32mx/4.8.3/../../../../pic32mx/lib/./proc/32MX795F512L/crt0_mips32r2.o

.dbg_excpt      0xbfc00480        0x0
                0xbfc00480                . = (. + DEFINED (_DEBUGGER)?0x8:0x0)

.dbg_code       0xbfc02000        0x0
                0xbfc02000                . = (. + DEFINED (_DEBUGGER)?_DBG_CODE_SIZE:0x0)

.app_excpt      0x9fc01180       0x10
 *(.gen_handler)
 .gen_handler   0x9fc01180       0x10 /home/john/MPLAB-X/XC32_Compiler/bin/bin/../../lib/gcc/pic32mx/4.8.3/../../../../pic32mx/lib/./proc/32MX795F512L/crt0_mips32r2.o

.vector_0       0x9fc01200        0x8
 *(.vector_0)
 .vector_0      0x9fc01200        0x8 /home/john/MPLAB-X/XC32_Compiler/bin/bin/../../lib/gcc/pic32mx/4.8.3/../../../../pic32mx/lib/libpic32.a(vector0.o)
                0x9fc01200                __vector_dispatch_0
                0x00000001                ASSERT (((_vector_spacing == 0x0) || (SIZEOF (.vector_0) <= (_vector_spacing << 0x5))), function at exception vector 0 too large)

.vector_1       0x9fc01220        0x8
 *(.vector_1)
 .vector_1      0x9fc01220        0x8 build/default/production/_ext/1338673686/port.o
                0x9fc01220                __vector_dispatch_1
                0x00000001                ASSERT (((_vector_spacing == 0x0) || (SIZEOF (.vector_1) <= (_vector_spacing << 0x5))), function at exception vector 1 too large)

.vector_2       0x9fc01240        0x8
 *(.vector_2)
 .vector_2      0x9fc01240        0x8 /home/john/MPLAB-X/XC32_Compiler/bin/bin/../../lib/gcc/pic32mx/4.8.3/../../../../pic32mx/lib/libpic32.a(vector2.o)
                0x9fc01240                __vector_dispatch_2
                0x00000001                ASSERT (((_vector_spacing == 0x0) || (SIZEOF (.vector_2) <= (_vector_spacing << 0x5))), function at exception vector 2 too large)

.vector_3       0x9fc01260        0x8
 *(.vector_3)
 .vector_3      0x9fc01260        0x8 /home/john/MPLAB-X/XC32_Compiler/bin/bin/../../lib/gcc/pic32mx/4.8.3/../../../../pic32mx/lib/libpic32.a(vector3.o)
                0x9fc01260                __vector_dispatch_3
                0x00000001                ASSERT (((_vector_spacing == 0x0) || (SIZEOF (.vector_3) <= (_vector_spacing << 0x5))), function at exception vector 3 too large)

.vector_4       0x9fc01280        0x8
 *(.vector_4)
 .vector_4      0x9fc01280        0x8 build/default/production/_ext/1338673686/port.o
                0x9fc01280                __vector_dispatch_4
                0x00000001                ASSERT (((_vector_spacing == 0x0) || (SIZEOF (.vector_4) <= (_vector_spacing << 0x5))), function at exception vector 4 too large)

.vector_5       0x9fc012a0        0x8
 *(.vector_5)
 .vector_5      0x9fc012a0        0x8 /home/john/MPLAB-X/XC32_Compiler/bin/bin/../../lib/gcc/pic32mx/4.8.3/../../../../pic32mx/lib/libpic32.a(vector5.o)
                0x9fc012a0                __vector_dispatch_5
                0x00000001                ASSERT (((_vector_spacing == 0x0) || (SIZEOF (.vector_5) <= (_vector_spacing << 0x5))), function at exception vector 5 too large)

.vector_6       0x9fc012c0        0x8
 *(.vector_6)
 .vector_6      0x9fc012c0        0x8 /home/john/MPLAB-X/XC32_Compiler/bin/bin/../../lib/gcc/pic32mx/4.8.3/../../../../pic32mx/lib/libpic32.a(vector6.o)
                0x9fc012c0                __vector_dispatch_6
                0x00000001                ASSERT (((_vector_spacing == 0x0) || (SIZEOF (.vector_6) <= (_vector_spacing << 0x5))), function at exception vector 6 too large)

.vector_7       0x9fc012e0        0x8
 *(.vector_7)
 .vector_7      0x9fc012e0        0x8 /home/john/MPLAB-X/XC32_Compiler/bin/bin/../../lib/gcc/pic32mx/4.8.3/../../../../pic32mx/lib/libpic32.a(vector7.o)
                0x9fc012e0                __vector_dispatch_7
                0x00000001                ASSERT (((_vector_spacing == 0x0) || (SIZEOF (.vector_7) <= (_vector_spacing << 0x5))), function at exception vector 7 too large)

.vector_8       0x9fc01300        0x8
 *(.vector_8)
 .vector_8      0x9fc01300        0x8 /home/john/MPLAB-X/XC32_Compiler/bin/bin/../../lib/gcc/pic32mx/4.8.3/../../../../pic32mx/lib/libpic32.a(vector8.o)
                0x9fc01300                __vector_dispatch_8
                0x00000001                ASSERT (((_vector_spacing == 0x0) || (SIZEOF (.vector_8) <= (_vector_spacing << 0x5))), function at exception vector 8 too large)

.vector_9       0x9fc01320        0x8
 *(.vector_9)
 .vector_9      0x9fc01320        0x8 /home/john/MPLAB-X/XC32_Compiler/bin/bin/../../lib/gcc/pic32mx/4.8.3/../../../../pic32mx/lib/libpic32.a(vector9.o)
                0x9fc01320                __vector_dispatch_9
                0x00000001                ASSERT (((_vector_spacing == 0x0) || (SIZEOF (.vector_9) <= (_vector_spacing << 0x5))), function at exception vector 9 too large)

.vector_10      0x9fc01340        0x8
 *(.vector_10)
 .vector_10     0x9fc01340        0x8 /home/john/MPLAB-X/XC32_Compiler/bin/bin/../../lib/gcc/pic32mx/4.8.3/../../../../pic32mx/lib/libpic32.a(vector10.o)
                0x9fc01340                __vector_dispatch_10
                0x00000001                ASSERT (((_vector_spacing == 0x0) || (SIZEOF (.vector_10) <= (_vector_spacing << 0x5))), function at exception vector 10 too large)

.vector_11      0x9fc01360        0x8
 *(.vector_11)
 .vector_11     0x9fc01360        0x8 /home/john/MPLAB-X/XC32_Compiler/bin/bin/../../lib/gcc/pic32mx/4.8.3/../../../../pic32mx/lib/libpic32.a(vector11.o)
                0x9fc01360                __vector_dispatch_11
                0x00000001                ASSERT (((_vector_spacing == 0x0) || (SIZEOF (.vector_11) <= (_vector_spacing << 0x5))), function at exception vector 11 too large)

.vector_12      0x9fc01380        0x8
 *(.vector_12)
 .vector_12     0x9fc01380        0x8 /home/john/MPLAB-X/XC32_Compiler/bin/bin/../../lib/gcc/pic32mx/4.8.3/../../../../pic32mx/lib/libpic32.a(vector12.o)
                0x9fc01380                __vector_dispatch_12
                0x00000001                ASSERT (((_vector_spacing == 0x0) || (SIZEOF (.vector_12) <= (_vector_spacing << 0x5))), function at exception vector 12 too large)

.vector_13      0x9fc013a0        0x8
 *(.vector_13)
 .vector_13     0x9fc013a0        0x8 /home/john/MPLAB-X/XC32_Compiler/bin/bin/../../lib/gcc/pic32mx/4.8.3/../../../../pic32mx/lib/libpic32.a(vector13.o)
                0x9fc013a0                __vector_dispatch_13
                0x00000001                ASSERT (((_vector_spacing == 0x0) || (SIZEOF (.vector_13) <= (_vector_spacing << 0x5))), function at exception vector 13 too large)

.vector_14      0x9fc013c0        0x8
 *(.vector_14)
 .vector_14     0x9fc013c0        0x8 /home/john/MPLAB-X/XC32_Compiler/bin/bin/../../lib/gcc/pic32mx/4.8.3/../../../../pic32mx/lib/libpic32.a(vector14.o)
                0x9fc013c0                __vector_dispatch_14
                0x00000001                ASSERT (((_vector_spacing == 0x0) || (SIZEOF (.vector_14) <= (_vector_spacing << 0x5))), function at exception vector 14 too large)

.vector_15      0x9fc013e0        0x8
 *(.vector_15)
 .vector_15     0x9fc013e0        0x8 /home/john/MPLAB-X/XC32_Compiler/bin/bin/../../lib/gcc/pic32mx/4.8.3/../../../../pic32mx/lib/libpic32.a(vector15.o)
                0x9fc013e0                __vector_dispatch_15
                0x00000001                ASSERT (((_vector_spacing == 0x0) || (SIZEOF (.vector_15) <= (_vector_spacing << 0x5))), function at exception vector 15 too large)

.vector_16      0x9fc01400        0x8
 *(.vector_16)
 .vector_16     0x9fc01400        0x8 /home/john/MPLAB-X/XC32_Compiler/bin/bin/../../lib/gcc/pic32mx/4.8.3/../../../../pic32mx/lib/libpic32.a(vector16.o)
                0x9fc01400                __vector_dispatch_16
                0x00000001                ASSERT (((_vector_spacing == 0x0) || (SIZEOF (.vector_16) <= (_vector_spacing << 0x5))), function at exception vector 16 too large)

.vector_17      0x9fc01420        0x8
 *(.vector_17)
 .vector_17     0x9fc01420        0x8 /home/john/MPLAB-X/XC32_Compiler/bin/bin/../../lib/gcc/pic32mx/4.8.3/../../../../pic32mx/lib/libpic32.a(vector17.o)
                0x9fc01420                __vector_dispatch_17
                0x00000001                ASSERT (((_vector_spacing == 0x0) || (SIZEOF (.vector_17) <= (_vector_spacing << 0x5))), function at exception vector 17 too large)

.vector_18      0x9fc01440        0x8
 *(.vector_18)
 .vector_18     0x9fc01440        0x8 /home/john/MPLAB-X/XC32_Compiler/bin/bin/../../lib/gcc/pic32mx/4.8.3/../../../../pic32mx/lib/libpic32.a(vector18.o)
                0x9fc01440                __vector_dispatch_18
                0x00000001                ASSERT (((_vector_spacing == 0x0) || (SIZEOF (.vector_18) <= (_vector_spacing << 0x5))), function at exception vector 18 too large)

.vector_19      0x9fc01460        0x8
 *(.vector_19)
 .vector_19     0x9fc01460        0x8 /home/john/MPLAB-X/XC32_Compiler/bin/bin/../../lib/gcc/pic32mx/4.8.3/../../../../pic32mx/lib/libpic32.a(vector19.o)
                0x9fc01460                __vector_dispatch_19
                0x00000001                ASSERT (((_vector_spacing == 0x0) || (SIZEOF (.vector_19) <= (_vector_spacing << 0x5))), function at exception vector 19 too large)

.vector_20      0x9fc01480        0x8
 *(.vector_20)
 .vector_20     0x9fc01480        0x8 /home/john/MPLAB-X/XC32_Compiler/bin/bin/../../lib/gcc/pic32mx/4.8.3/../../../../pic32mx/lib/libpic32.a(vector20.o)
                0x9fc01480                __vector_dispatch_20
                0x00000001                ASSERT (((_vector_spacing == 0x0) || (SIZEOF (.vector_20) <= (_vector_spacing << 0x5))), function at exception vector 20 too large)

.vector_21      0x9fc014a0        0x8
 *(.vector_21)
 .vector_21     0x9fc014a0        0x8 /home/john/MPLAB-X/XC32_Compiler/bin/bin/../../lib/gcc/pic32mx/4.8.3/../../../../pic32mx/lib/libpic32.a(vector21.o)
                0x9fc014a0                __vector_dispatch_21
                0x00000001                ASSERT (((_vector_spacing == 0x0) || (SIZEOF (.vector_21) <= (_vector_spacing << 0x5))), function at exception vector 21 too large)

.vector_22      0x9fc014c0        0x8
 *(.vector_22)
 .vector_22     0x9fc014c0        0x8 /home/john/MPLAB-X/XC32_Compiler/bin/bin/../../lib/gcc/pic32mx/4.8.3/../../../../pic32mx/lib/libpic32.a(vector22.o)
                0x9fc014c0                __vector_dispatch_22
                0x00000001                ASSERT (((_vector_spacing == 0x0) || (SIZEOF (.vector_22) <= (_vector_spacing << 0x5))), function at exception vector 22 too large)

.vector_23      0x9fc014e0        0x8
 *(.vector_23)
 .vector_23     0x9fc014e0        0x8 /home/john/MPLAB-X/XC32_Compiler/bin/bin/../../lib/gcc/pic32mx/4.8.3/../../../../pic32mx/lib/libpic32.a(vector23.o)
                0x9fc014e0                __vector_dispatch_23
                0x00000001                ASSERT (((_vector_spacing == 0x0) || (SIZEOF (.vector_23) <= (_vector_spacing << 0x5))), function at exception vector 23 too large)

.vector_24      0x9fc01500       0x10
 *(.vector_24)
 .vector_24     0x9fc01500       0x10 build/default/production/_ext/1688732426/system_interrupt_a.o
                0x9fc01500                __vector_dispatch_24
                0x00000001                ASSERT (((_vector_spacing == 0x0) || (SIZEOF (.vector_24) <= (_vector_spacing << 0x5))), function at exception vector 24 too large)

.vector_25      0x9fc01520        0x8
 *(.vector_25)
 .vector_25     0x9fc01520        0x8 /home/john/MPLAB-X/XC32_Compiler/bin/bin/../../lib/gcc/pic32mx/4.8.3/../../../../pic32mx/lib/libpic32.a(vector25.o)
                0x9fc01520                __vector_dispatch_25
                0x00000001                ASSERT (((_vector_spacing == 0x0) || (SIZEOF (.vector_25) <= (_vector_spacing << 0x5))), function at exception vector 25 too large)

.vector_26      0x9fc01540        0x8
 *(.vector_26)
 .vector_26     0x9fc01540        0x8 /home/john/MPLAB-X/XC32_Compiler/bin/bin/../../lib/gcc/pic32mx/4.8.3/../../../../pic32mx/lib/libpic32.a(vector26.o)
                0x9fc01540                __vector_dispatch_26
                0x00000001                ASSERT (((_vector_spacing == 0x0) || (SIZEOF (.vector_26) <= (_vector_spacing << 0x5))), function at exception vector 26 too large)

.vector_27      0x9fc01560        0x8
 *(.vector_27)
 .vector_27     0x9fc01560        0x8 /home/john/MPLAB-X/XC32_Compiler/bin/bin/../../lib/gcc/pic32mx/4.8.3/../../../../pic32mx/lib/libpic32.a(vector27.o)
                0x9fc01560                __vector_dispatch_27
                0x00000001                ASSERT (((_vector_spacing == 0x0) || (SIZEOF (.vector_27) <= (_vector_spacing << 0x5))), function at exception vector 27 too large)

.vector_28      0x9fc01580        0x8
 *(.vector_28)
 .vector_28     0x9fc01580        0x8 /home/john/MPLAB-X/XC32_Compiler/bin/bin/../../lib/gcc/pic32mx/4.8.3/../../../../pic32mx/lib/libpic32.a(vector28.o)
                0x9fc01580                __vector_dispatch_28
                0x00000001                ASSERT (((_vector_spacing == 0x0) || (SIZEOF (.vector_28) <= (_vector_spacing << 0x5))), function at exception vector 28 too large)

.vector_29      0x9fc015a0        0x8
 *(.vector_29)
 .vector_29     0x9fc015a0        0x8 /home/john/MPLAB-X/XC32_Compiler/bin/bin/../../lib/gcc/pic32mx/4.8.3/../../../../pic32mx/lib/libpic32.a(vector29.o)
                0x9fc015a0                __vector_dispatch_29
                0x00000001                ASSERT (((_vector_spacing == 0x0) || (SIZEOF (.vector_29) <= (_vector_spacing << 0x5))), function at exception vector 29 too large)

.vector_30      0x9fc015c0        0x8
 *(.vector_30)
 .vector_30     0x9fc015c0        0x8 /home/john/MPLAB-X/XC32_Compiler/bin/bin/../../lib/gcc/pic32mx/4.8.3/../../../../pic32mx/lib/libpic32.a(vector30.o)
                0x9fc015c0                __vector_dispatch_30
                0x00000001                ASSERT (((_vector_spacing == 0x0) || (SIZEOF (.vector_30) <= (_vector_spacing << 0x5))), function at exception vector 30 too large)

.vector_31      0x9fc015e0        0x8
 *(.vector_31)
 .vector_31     0x9fc015e0        0x8 /home/john/MPLAB-X/XC32_Compiler/bin/bin/../../lib/gcc/pic32mx/4.8.3/../../../../pic32mx/lib/libpic32.a(vector31.o)
                0x9fc015e0                __vector_dispatch_31
                0x00000001                ASSERT (((_vector_spacing == 0x0) || (SIZEOF (.vector_31) <= (_vector_spacing << 0x5))), function at exception vector 31 too large)

.vector_32      0x9fc01600        0x8
 *(.vector_32)
 .vector_32     0x9fc01600        0x8 /home/john/MPLAB-X/XC32_Compiler/bin/bin/../../lib/gcc/pic32mx/4.8.3/../../../../pic32mx/lib/libpic32.a(vector32.o)
                0x9fc01600                __vector_dispatch_32
                0x00000001                ASSERT (((_vector_spacing == 0x0) || (SIZEOF (.vector_32) <= (_vector_spacing << 0x5))), function at exception vector 32 too large)

.vector_33      0x9fc01620        0x8
 *(.vector_33)
 .vector_33     0x9fc01620        0x8 /home/john/MPLAB-X/XC32_Compiler/bin/bin/../../lib/gcc/pic32mx/4.8.3/../../../../pic32mx/lib/libpic32.a(vector33.o)
                0x9fc01620                __vector_dispatch_33
                0x00000001                ASSERT (((_vector_spacing == 0x0) || (SIZEOF (.vector_33) <= (_vector_spacing << 0x5))), function at exception vector 33 too large)

.vector_34      0x9fc01640        0x8
 *(.vector_34)
 .vector_34     0x9fc01640        0x8 /home/john/MPLAB-X/XC32_Compiler/bin/bin/../../lib/gcc/pic32mx/4.8.3/../../../../pic32mx/lib/libpic32.a(vector34.o)
                0x9fc01640                __vector_dispatch_34
                0x00000001                ASSERT (((_vector_spacing == 0x0) || (SIZEOF (.vector_34) <= (_vector_spacing << 0x5))), function at exception vector 34 too large)

.vector_35      0x9fc01660        0x8
 *(.vector_35)
 .vector_35     0x9fc01660        0x8 /home/john/MPLAB-X/XC32_Compiler/bin/bin/../../lib/gcc/pic32mx/4.8.3/../../../../pic32mx/lib/libpic32.a(vector35.o)
                0x9fc01660                __vector_dispatch_35
                0x00000001                ASSERT (((_vector_spacing == 0x0) || (SIZEOF (.vector_35) <= (_vector_spacing << 0x5))), function at exception vector 35 too large)

.vector_36      0x9fc01680        0x8
 *(.vector_36)
 .vector_36     0x9fc01680        0x8 /home/john/MPLAB-X/XC32_Compiler/bin/bin/../../lib/gcc/pic32mx/4.8.3/../../../../pic32mx/lib/libpic32.a(vector36.o)
                0x9fc01680                __vector_dispatch_36
                0x00000001                ASSERT (((_vector_spacing == 0x0) || (SIZEOF (.vector_36) <= (_vector_spacing << 0x5))), function at exception vector 36 too large)

.vector_37      0x9fc016a0        0x8
 *(.vector_37)
 .vector_37     0x9fc016a0        0x8 /home/john/MPLAB-X/XC32_Compiler/bin/bin/../../lib/gcc/pic32mx/4.8.3/../../../../pic32mx/lib/libpic32.a(vector37.o)
                0x9fc016a0                __vector_dispatch_37
                0x00000001                ASSERT (((_vector_spacing == 0x0) || (SIZEOF (.vector_37) <= (_vector_spacing << 0x5))), function at exception vector 37 too large)

.vector_38      0x9fc016c0        0x8
 *(.vector_38)
 .vector_38     0x9fc016c0        0x8 /home/john/MPLAB-X/XC32_Compiler/bin/bin/../../lib/gcc/pic32mx/4.8.3/../../../../pic32mx/lib/libpic32.a(vector38.o)
                0x9fc016c0                __vector_dispatch_38
                0x00000001                ASSERT (((_vector_spacing == 0x0) || (SIZEOF (.vector_38) <= (_vector_spacing << 0x5))), function at exception vector 38 too large)

.vector_39      0x9fc016e0        0x8
 *(.vector_39)
 .vector_39     0x9fc016e0        0x8 /home/john/MPLAB-X/XC32_Compiler/bin/bin/../../lib/gcc/pic32mx/4.8.3/../../../../pic32mx/lib/libpic32.a(vector39.o)
                0x9fc016e0                __vector_dispatch_39
                0x00000001                ASSERT (((_vector_spacing == 0x0) || (SIZEOF (.vector_39) <= (_vector_spacing << 0x5))), function at exception vector 39 too large)

.vector_40      0x9fc01700        0x8
 *(.vector_40)
 .vector_40     0x9fc01700        0x8 /home/john/MPLAB-X/XC32_Compiler/bin/bin/../../lib/gcc/pic32mx/4.8.3/../../../../pic32mx/lib/libpic32.a(vector40.o)
                0x9fc01700                __vector_dispatch_40
                0x00000001                ASSERT (((_vector_spacing == 0x0) || (SIZEOF (.vector_40) <= (_vector_spacing << 0x5))), function at exception vector 40 too large)

.vector_41      0x9fc01720        0x8
 *(.vector_41)
 .vector_41     0x9fc01720        0x8 /home/john/MPLAB-X/XC32_Compiler/bin/bin/../../lib/gcc/pic32mx/4.8.3/../../../../pic32mx/lib/libpic32.a(vector41.o)
                0x9fc01720                __vector_dispatch_41
                0x00000001                ASSERT (((_vector_spacing == 0x0) || (SIZEOF (.vector_41) <= (_vector_spacing << 0x5))), function at exception vector 41 too large)

.vector_42      0x9fc01740        0x8
 *(.vector_42)
 .vector_42     0x9fc01740        0x8 /home/john/MPLAB-X/XC32_Compiler/bin/bin/../../lib/gcc/pic32mx/4.8.3/../../../../pic32mx/lib/libpic32.a(vector42.o)
                0x9fc01740                __vector_dispatch_42
                0x00000001                ASSERT (((_vector_spacing == 0x0) || (SIZEOF (.vector_42) <= (_vector_spacing << 0x5))), function at exception vector 42 too large)

.vector_43      0x9fc01760        0x8
 *(.vector_43)
 .vector_43     0x9fc01760        0x8 /home/john/MPLAB-X/XC32_Compiler/bin/bin/../../lib/gcc/pic32mx/4.8.3/../../../../pic32mx/lib/libpic32.a(vector43.o)
                0x9fc01760                __vector_dispatch_43
                0x00000001                ASSERT (((_vector_spacing == 0x0) || (SIZEOF (.vector_43) <= (_vector_spacing << 0x5))), function at exception vector 43 too large)

.vector_44      0x9fc01780        0x8
 *(.vector_44)
 .vector_44     0x9fc01780        0x8 /home/john/MPLAB-X/XC32_Compiler/bin/bin/../../lib/gcc/pic32mx/4.8.3/../../../../pic32mx/lib/libpic32.a(vector44.o)
                0x9fc01780                __vector_dispatch_44
                0x00000001                ASSERT (((_vector_spacing == 0x0) || (SIZEOF (.vector_44) <= (_vector_spacing << 0x5))), function at exception vector 44 too large)

.vector_45      0x9fc017a0        0x8
 *(.vector_45)
 .vector_45     0x9fc017a0        0x8 /home/john/MPLAB-X/XC32_Compiler/bin/bin/../../lib/gcc/pic32mx/4.8.3/../../../../pic32mx/lib/libpic32.a(vector45.o)
                0x9fc017a0                __vector_dispatch_45
                0x00000001                ASSERT (((_vector_spacing == 0x0) || (SIZEOF (.vector_45) <= (_vector_spacing << 0x5))), function at exception vector 45 too large)

.vector_46      0x9fc017c0        0x8
 *(.vector_46)
 .vector_46     0x9fc017c0        0x8 /home/john/MPLAB-X/XC32_Compiler/bin/bin/../../lib/gcc/pic32mx/4.8.3/../../../../pic32mx/lib/libpic32.a(vector46.o)
                0x9fc017c0                __vector_dispatch_46
                0x00000001                ASSERT (((_vector_spacing == 0x0) || (SIZEOF (.vector_46) <= (_vector_spacing << 0x5))), function at exception vector 46 too large)

.vector_47      0x9fc017e0        0x8
 *(.vector_47)
 .vector_47     0x9fc017e0        0x8 /home/john/MPLAB-X/XC32_Compiler/bin/bin/../../lib/gcc/pic32mx/4.8.3/../../../../pic32mx/lib/libpic32.a(vector47.o)
                0x9fc017e0                __vector_dispatch_47
                0x00000001                ASSERT (((_vector_spacing == 0x0) || (SIZEOF (.vector_47) <= (_vector_spacing << 0x5))), function at exception vector 47 too large)

.vector_48      0x9fc01800        0x8
 *(.vector_48)
 .vector_48     0x9fc01800        0x8 /home/john/MPLAB-X/XC32_Compiler/bin/bin/../../lib/gcc/pic32mx/4.8.3/../../../../pic32mx/lib/libpic32.a(vector48.o)
                0x9fc01800                __vector_dispatch_48
                0x00000001                ASSERT (((_vector_spacing == 0x0) || (SIZEOF (.vector_48) <= (_vector_spacing << 0x5))), function at exception vector 48 too large)

.vector_49      0x9fc01820        0x8
 *(.vector_49)
 .vector_49     0x9fc01820        0x8 /home/john/MPLAB-X/XC32_Compiler/bin/bin/../../lib/gcc/pic32mx/4.8.3/../../../../pic32mx/lib/libpic32.a(vector49.o)
                0x9fc01820                __vector_dispatch_49
                0x00000001                ASSERT (((_vector_spacing == 0x0) || (SIZEOF (.vector_49) <= (_vector_spacing << 0x5))), function at exception vector 49 too large)

.vector_50      0x9fc01840        0x8
 *(.vector_50)
 .vector_50     0x9fc01840        0x8 /home/john/MPLAB-X/XC32_Compiler/bin/bin/../../lib/gcc/pic32mx/4.8.3/../../../../pic32mx/lib/libpic32.a(vector50.o)
                0x9fc01840                __vector_dispatch_50
                0x00000001                ASSERT (((_vector_spacing == 0x0) || (SIZEOF (.vector_50) <= (_vector_spacing << 0x5))), function at exception vector 50 too large)

.vector_51      0x9fc01860        0x8
 *(.vector_51)
 .vector_51     0x9fc01860        0x8 /home/john/MPLAB-X/XC32_Compiler/bin/bin/../../lib/gcc/pic32mx/4.8.3/../../../../pic32mx/lib/libpic32.a(vector51.o)
                0x9fc01860                __vector_dispatch_51
                0x00000001                ASSERT (((_vector_spacing == 0x0) || (SIZEOF (.vector_51) <= (_vector_spacing << 0x5))), function at exception vector 51 too large)

.vector_52      0x9fc01880        0x0
 *(.vector_52)
                0x00000001                ASSERT (((_vector_spacing == 0x0) || (SIZEOF (.vector_52) <= (_vector_spacing << 0x5))), function at exception vector 52 too large)

.vector_53      0x9fc018a0        0x0
 *(.vector_53)
                0x00000001                ASSERT (((_vector_spacing == 0x0) || (SIZEOF (.vector_53) <= (_vector_spacing << 0x5))), function at exception vector 53 too large)

.vector_54      0x9fc018c0        0x0
 *(.vector_54)
                0x00000001                ASSERT (((_vector_spacing == 0x0) || (SIZEOF (.vector_54) <= (_vector_spacing << 0x5))), function at exception vector 54 too large)

.vector_55      0x9fc018e0        0x0
 *(.vector_55)
                0x00000001                ASSERT (((_vector_spacing == 0x0) || (SIZEOF (.vector_55) <= (_vector_spacing << 0x5))), function at exception vector 55 too large)

.vector_56      0x9fc01900        0x0
 *(.vector_56)
                0x00000001                ASSERT (((_vector_spacing == 0x0) || (SIZEOF (.vector_56) <= (_vector_spacing << 0x5))), function at exception vector 56 too large)

.vector_57      0x9fc01920        0x0
 *(.vector_57)
                0x00000001                ASSERT (((_vector_spacing == 0x0) || (SIZEOF (.vector_57) <= (_vector_spacing << 0x5))), function at exception vector 57 too large)

.vector_58      0x9fc01940        0x0
 *(.vector_58)
                0x00000001                ASSERT (((_vector_spacing == 0x0) || (SIZEOF (.vector_58) <= (_vector_spacing << 0x5))), function at exception vector 58 too large)

.vector_59      0x9fc01960        0x0
 *(.vector_59)
                0x00000001                ASSERT (((_vector_spacing == 0x0) || (SIZEOF (.vector_59) <= (_vector_spacing << 0x5))), function at exception vector 59 too large)

.vector_60      0x9fc01980        0x0
 *(.vector_60)
                0x00000001                ASSERT (((_vector_spacing == 0x0) || (SIZEOF (.vector_60) <= (_vector_spacing << 0x5))), function at exception vector 60 too large)

.vector_61      0x9fc019a0        0x0
 *(.vector_61)
                0x00000001                ASSERT (((_vector_spacing == 0x0) || (SIZEOF (.vector_61) <= (_vector_spacing << 0x5))), function at exception vector 61 too large)

.vector_62      0x9fc019c0        0x0
 *(.vector_62)
                0x00000001                ASSERT (((_vector_spacing == 0x0) || (SIZEOF (.vector_62) <= (_vector_spacing << 0x5))), function at exception vector 62 too large)

.vector_63      0x9fc019e0        0x0
 *(.vector_63)
                0x00000001                ASSERT (((_vector_spacing == 0x0) || (SIZEOF (.vector_63) <= (_vector_spacing << 0x5))), function at exception vector 63 too large)

.startup
 *(.startup)

.text           0x9d000000        0x0
 *(.stub .gnu.linkonce.t.*)
 *(.text.*personality*)
 *(.mips16.fn.*)
 *(.mips16.call.*)
 *(.gnu.warning)
                0x9d000000                . = ALIGN (0x4)

.init           0x9d000000        0x0
 *crti.o(.init)
 *crtbegin.o(.init)
 *(EXCLUDE_FILE(*crtn.o *crtend?.o *crtend.o) .init)
 *crtend.o(.init)
 *crtn.o(.init)
                0x9d000000                . = ALIGN (0x4)

.fini           0x9d000000        0x0
 *(.fini)
                0x9d000000                . = ALIGN (0x4)

.preinit_array  0x9d000000        0x0
                0x9d000000                PROVIDE (__preinit_array_start, .)
 *(.preinit_array)
                0x9d000000                PROVIDE (__preinit_array_end, .)
                0x9d000000                . = ALIGN (0x4)

.init_array     0x9d000000        0x0
                0x9d000000                PROVIDE (__init_array_start, .)
 *(SORT(.init_array.*))
 *(.init_array)
                0x9d000000                PROVIDE (__init_array_end, .)
                0x9d000000                . = ALIGN (0x4)

.fini_array     0x9d000000        0x0
                0x9d000000                PROVIDE (__fini_array_start, .)
 *(SORT(.fini_array.*))
 *(.fini_array)
                0x9d000000                PROVIDE (__fini_array_end, .)
                0x9d000000                . = ALIGN (0x4)

.ctors          0x9d000000        0x0
 *crtbegin.o(.ctors)
 *crtbegin?.o(.ctors)
 *(EXCLUDE_FILE(*crtend?.o *crtend.o) .ctors)
 *(SORT(.ctors.*))
 *(.ctors)
                0x9d000000                . = ALIGN (0x4)

.dtors          0x9d000000        0x0
 *crtbegin.o(.dtors)
 *crtbegin?.o(.dtors)
 *(EXCLUDE_FILE(*crtend?.o *crtend.o) .dtors)
 *(SORT(.dtors.*))
 *(.dtors)
                0x9d000000                . = ALIGN (0x4)

.rodata         0x9d000000        0x0
 *(.gnu.linkonce.r.*)
 *(.rodata1)
                0x9d000000                . = ALIGN (0x4)

.sdata2         0x9fc00490        0x0
 *(.sdata2 .sdata2.* .gnu.linkonce.s2.*)
                0x9fc00490                . = ALIGN (0x4)

.sbss2          0x9fc00490        0x0
 *(.sbss2 .sbss2.* .gnu.linkonce.sb2.*)
                0x9fc00490                . = ALIGN (0x4)

.eh_frame_hdr
 *(.eh_frame_hdr)
                0x9fc00490                . = ALIGN (0x4)

.eh_frame
 *(.eh_frame)
                0x9fc00490                . = ALIGN (0x4)

.gcc_except_table
 *(.gcc_except_table .gcc_except_table.*)
                0x9fc00490                . = ALIGN (0x4)

.dbg_data       0xa0000000        0x0
                0xa0000000                . = (. + DEFINED (_DEBUGGER)?0x200:0x0)

.jcr            0xa0000000        0x0
 *(.jcr)
                0xa0000000                . = ALIGN (0x4)

.eh_frame
 *(.eh_frame)
                0xa0000000                . = ALIGN (0x4)

.gcc_except_table
 *(.gcc_except_table .gcc_except_table.*)
                0xa0000000                . = ALIGN (0x4)

.persist        0xa0000000        0x0
                0xa0000000                _persist_begin = .
 *(.persist .persist.*)
 *(.pbss .pbss.*)
                0xa0000000                . = ALIGN (0x4)
                0xa0000000                _persist_end = .

.data           0xa0000000        0x0
 *(.gnu.linkonce.d.*)
 *(.data1)
                0xa0000000                . = ALIGN (0x4)
                0xa0000000                . = .
                0xa0007ff0                _gp = (ALIGN (0x10) + 0x7ff0)

.got            0xa0000000        0x0
 *(.got.plt)
 *(.got)
                0xa0000000                . = ALIGN (0x4)

.sdata          0xa0000000        0x4
                0xa0000000                _sdata_begin = .
 *(.sdata .sdata.* .gnu.linkonce.s.*)
 .sdata         0xa0000000        0x4 build/default/production/_ext/1338673686/port.o
                0xa0000000                uxInterruptNesting
                0xa0000004                . = ALIGN (0x4)
                0xa0000004                _sdata_end = .

.lit8
 *(.lit8)

.lit4
 *(.lit4)
                0xa0000004                . = ALIGN (0x4)
                0xa0000004                _data_end = .
                0xa0000004                _bss_begin = .

.sbss           0xa0000004       0x64
                0xa0000004                _sbss_begin = .
 *(.dynsbss)
 *(.sbss .sbss.* .gnu.linkonce.sb.*)
 .sbss          0xa0000004        0xc build/default/production/_ext/1688732426/system_exceptions.o
 .sbss          0xa0000010        0x4 build/default/production/_ext/1521864172/drv_tmr.o
 .sbss          0xa0000014        0x8 build/default/production/_ext/628943767/heap_1.o
 .sbss          0xa000001c        0x4 build/default/production/_ext/1338673686/port.o
                0xa000001c                uxSavedTaskStackPointer
 .sbss          0xa0000020       0x38 build/default/production/_ext/1458882252/tasks.o
                0xa0000054                pxCurrentTCB
 *(.scommon)
 .scommon       0xa0000058        0x8 build/default/production/_ext/1688732426/system_init.o
                0xa0000058                sysObj
 .scommon       0xa0000060        0x8 build/default/production/_ext/1921105363/sys_devcon.o
                0xa0000060                sysDevconObj
                0xa0000068                _sbss_end = .
                0xa0000068                . = ALIGN (0x4)

.bss            0xa0000068       0xcc
 *(.dynbss)
 *(COMMON)
 COMMON         0xa0000068       0x14 build/default/production/_ext/1360937237/app.o
                0xa0000068                appData
 COMMON         0xa000007c       0xb8 build/default/production/_ext/382300584/drv_usart.o
                0xa000007c                gDrvUSARTCommonDataObj
                0xa0000088                gDrvUSARTClientObj
                0xa00000d4                gDrvUSARTObj
                0xa0000134                . = ALIGN ((. != 0x0)?0x4:0x1)
                0xa0000134                . = ALIGN (0x4)
                0xa0000134                _end = .
                0xa0000134                _bss_end = .
                0x00020000                _bmxdudba_address = 0x20000
                0x00020000                _bmxdupba_address = 0x20000

/DISCARD/
 *(.pdr)
 *(.rel.dyn)
 *(.note.GNU-stack)
 *(.note.GNU-stack)
 *(.gnu_debuglink)
 *(.gnu.lto_*)
 *(.discard)

.gptab.sdata
 *(.gptab.data)
 *(.gptab.sdata)

.gptab.sbss
 *(.gptab.bss)
 *(.gptab.sbss)

.mdebug.abi32   0xa0000134        0x0
 *(.mdebug.abi32)
 .mdebug.abi32  0xa0000134        0x0 build/default/production/_ext/639803181/sys_clk_static.o
 .mdebug.abi32  0xa0000134        0x0 build/default/production/_ext/822048611/sys_ports_static.o
 .mdebug.abi32  0xa0000134        0x0 build/default/production/_ext/1688732426/system_init.o
 .mdebug.abi32  0xa0000134        0x0 build/default/production/_ext/1688732426/system_interrupt.o
 .mdebug.abi32  0xa0000134        0x0 build/default/production/_ext/1688732426/system_exceptions.o
 .mdebug.abi32  0xa0000134        0x0 build/default/production/_ext/1688732426/system_tasks.o
 .mdebug.abi32  0xa0000134        0x0 build/default/production/_ext/1688732426/rtos_hooks.o
 .mdebug.abi32  0xa0000134        0x0 build/default/production/_ext/1360937237/app_public.o
 .mdebug.abi32  0xa0000134        0x0 build/default/production/_ext/1360937237/app.o
 .mdebug.abi32  0xa0000134        0x0 build/default/production/_ext/1360937237/main.o
 .mdebug.abi32  0xa0000134        0x0 build/default/production/_ext/1521864172/drv_tmr.o
 .mdebug.abi32  0xa0000134        0x0 build/default/production/_ext/382300584/drv_usart.o
 .mdebug.abi32  0xa0000134        0x0 build/default/production/_ext/382300584/drv_usart_byte_model.o
 .mdebug.abi32  0xa0000134        0x0 build/default/production/_ext/1964585049/osal_freertos.o
 .mdebug.abi32  0xa0000134        0x0 build/default/production/_ext/1921105363/sys_devcon.o
 .mdebug.abi32  0xa0000134        0x0 build/default/production/_ext/1921105363/sys_devcon_pic32mx.o
 .mdebug.abi32  0xa0000134        0x0 build/default/production/_ext/993332121/sys_int_pic32.o
 .mdebug.abi32  0xa0000134        0x0 build/default/production/_ext/628943767/heap_1.o
 .mdebug.abi32  0xa0000134        0x0 build/default/production/_ext/1338673686/port.o
 .mdebug.abi32  0xa0000134        0x0 build/default/production/_ext/1458882252/croutine.o
 .mdebug.abi32  0xa0000134        0x0 build/default/production/_ext/1458882252/list.o
 .mdebug.abi32  0xa0000134        0x0 build/default/production/_ext/1458882252/queue.o
 .mdebug.abi32  0xa0000134        0x0 build/default/production/_ext/1458882252/tasks.o
 .mdebug.abi32  0xa0000134        0x0 build/default/production/_ext/1458882252/timers.o
 .mdebug.abi32  0xa0000134        0x0 build/default/production/_ext/1458882252/event_groups.o
 .mdebug.abi32  0xa0000134        0x0 /home/john/MPLAB-X/XC32_Compiler/bin/bin/../../lib/gcc/pic32mx/4.8.3/../../../../pic32mx/lib/libpic32.a(default-bootstrap-exception-handler.o)
 .mdebug.abi32  0xa0000134        0x0 /home/john/MPLAB-X/XC32_Compiler/bin/bin/../../lib/gcc/pic32mx/4.8.3/../../../../pic32mx/lib/libpic32.a(default-on-reset.o)
 .mdebug.abi32  0xa0000134        0x0 /home/john/MPLAB-X/XC32_Compiler/bin/bin/../../lib/gcc/pic32mx/4.8.3/../../../../pic32mx/lib/libpic32.a(default-on-bootstrap.o)
 .mdebug.abi32  0xa0000134        0x0 /home/john/MPLAB-X/XC32_Compiler/bin/bin/../../lib/gcc/pic32mx/4.8.3/../../../../pic32mx/lib/libpic32.a(defaultinterrupt.o)

.mdebug.abiN32
 *(.mdebug.abiN32)

.mdebug.abi64
 *(.mdebug.abi64)

.mdebug.abiO64
 *(.mdebug.abiO64)

.mdebug.eabi32
 *(.mdebug.eabi32)

.mdebug.eabi64
 *(.mdebug.eabi64)

.gcc_compiled_long32
 *(.gcc_compiled_long32)

.gcc_compiled_long64
 *(.gcc_compiled_long64)

.stab
 *(.stab)

.stabstr
 *(.stabstr)

.stab.excl
 *(.stab.excl)

.stab.exclstr
 *(.stab.exclstr)

.stab.index
 *(.stab.index)

.stab.indexstr
 *(.stab.indexstr)

.comment        0x00000000       0x54
 *(.comment)
 .comment       0x00000000       0x3c build/default/production/_ext/639803181/sys_clk_static.o
                                 0x3d (size before relaxing)
 .comment       0x00000000       0x3d build/default/production/_ext/822048611/sys_ports_static.o
 .comment       0x00000000       0x3d build/default/production/_ext/1688732426/system_init.o
 .comment       0x00000000       0x3d build/default/production/_ext/1688732426/system_interrupt.o
 .comment       0x00000000       0x3d build/default/production/_ext/1688732426/system_exceptions.o
 .comment       0x00000000       0x3d build/default/production/_ext/1688732426/system_tasks.o
 .comment       0x00000000       0x3d build/default/production/_ext/1688732426/rtos_hooks.o
 .comment       0x00000000       0x3d build/default/production/_ext/1360937237/app_public.o
 .comment       0x00000000       0x3d build/default/production/_ext/1360937237/app.o
 .comment       0x00000000       0x3d build/default/production/_ext/1360937237/main.o
 .comment       0x00000000       0x3d build/default/production/_ext/1521864172/drv_tmr.o
 .comment       0x00000000       0x3d build/default/production/_ext/382300584/drv_usart.o
 .comment       0x00000000       0x3d build/default/production/_ext/382300584/drv_usart_byte_model.o
 .comment       0x00000000       0x3d build/default/production/_ext/1964585049/osal_freertos.o
 .comment       0x00000000       0x3d build/default/production/_ext/1921105363/sys_devcon.o
 .comment       0x00000000       0x3d build/default/production/_ext/1921105363/sys_devcon_pic32mx.o
 .comment       0x00000000       0x3d build/default/production/_ext/993332121/sys_int_pic32.o
 .comment       0x00000000       0x3d build/default/production/_ext/628943767/heap_1.o
 .comment       0x00000000       0x3d build/default/production/_ext/1338673686/port.o
 .comment       0x00000000       0x3d build/default/production/_ext/1458882252/croutine.o
 .comment       0x00000000       0x3d build/default/production/_ext/1458882252/list.o
 .comment       0x00000000       0x3d build/default/production/_ext/1458882252/queue.o
 .comment       0x00000000       0x3d build/default/production/_ext/1458882252/tasks.o
 .comment       0x00000000       0x3d build/default/production/_ext/1458882252/timers.o
 .comment       0x00000000       0x3d build/default/production/_ext/1458882252/event_groups.o
 .comment       0x0000003c       0x18 /home/john/MPLAB-X/XC32_Compiler/bin/bin/../../lib/gcc/pic32mx/4.8.3/../../../../pic32mx/lib/libpic32.a(memset.o)
                                 0x19 (size before relaxing)
 .comment       0x00000000       0x3d /home/john/MPLAB-X/XC32_Compiler/bin/bin/../../lib/gcc/pic32mx/4.8.3/../../../../pic32mx/lib/libpic32.a(default-bootstrap-exception-handler.o)
 .comment       0x00000000       0x3d /home/john/MPLAB-X/XC32_Compiler/bin/bin/../../lib/gcc/pic32mx/4.8.3/../../../../pic32mx/lib/libpic32.a(default-on-reset.o)
 .comment       0x00000000       0x3d /home/john/MPLAB-X/XC32_Compiler/bin/bin/../../lib/gcc/pic32mx/4.8.3/../../../../pic32mx/lib/libpic32.a(default-on-bootstrap.o)
 .comment       0x00000000       0x3d /home/john/MPLAB-X/XC32_Compiler/bin/bin/../../lib/gcc/pic32mx/4.8.3/../../../../pic32mx/lib/libpic32.a(defaultinterrupt.o)

.debug
 *(.debug)

.line
 *(.line)

.debug_srcinfo
 *(.debug_srcinfo)

.debug_sfnames
 *(.debug_sfnames)

.debug_aranges  0x00000000      0xad0
 *(.debug_aranges)
 .debug_aranges
                0x00000000       0x50 build/default/production/_ext/639803181/sys_clk_static.o
 .debug_aranges
                0x00000050      0x108 build/default/production/_ext/822048611/sys_ports_static.o
 .debug_aranges
                0x00000158       0x20 build/default/production/_ext/1688732426/system_init.o
 .debug_aranges
                0x00000178       0x20 build/default/production/_ext/1688732426/system_interrupt.o
 .debug_aranges
                0x00000198       0x20 build/default/production/_ext/1688732426/system_exceptions.o
 .debug_aranges
                0x000001b8       0x30 build/default/production/_ext/1688732426/system_tasks.o
 .debug_aranges
                0x000001e8       0x28 build/default/production/_ext/1688732426/system_interrupt_a.o
 .debug_aranges
                0x00000210       0x28 build/default/production/_ext/1688732426/rtos_hooks.o
 .debug_aranges
                0x00000238       0x28 build/default/production/_ext/1360937237/app_public.o
 .debug_aranges
                0x00000260       0x30 build/default/production/_ext/1360937237/app.o
 .debug_aranges
                0x00000290       0x20 build/default/production/_ext/1360937237/main.o
 .debug_aranges
                0x000002b0      0x178 build/default/production/_ext/1521864172/drv_tmr.o
 .debug_aranges
                0x00000428       0xd8 build/default/production/_ext/382300584/drv_usart.o
 .debug_aranges
                0x00000500       0x48 build/default/production/_ext/382300584/drv_usart_byte_model.o
 .debug_aranges
                0x00000548       0x88 build/default/production/_ext/1964585049/osal_freertos.o
 .debug_aranges
                0x000005d0       0x78 build/default/production/_ext/1921105363/sys_devcon.o
 .debug_aranges
                0x00000648       0x20 build/default/production/_ext/1921105363/sys_devcon_pic32mx.o
 .debug_aranges
                0x00000668       0x48 build/default/production/_ext/993332121/sys_int_pic32.o
 .debug_aranges
                0x000006b0       0x38 build/default/production/_ext/628943767/heap_1.o
 .debug_aranges
                0x000006e8       0x58 build/default/production/_ext/1338673686/port.o
 .debug_aranges
                0x00000740       0x20 build/default/production/_ext/1338673686/port_asm.o
 .debug_aranges
                0x00000760       0x18 build/default/production/_ext/1458882252/croutine.o
 .debug_aranges
                0x00000778       0x40 build/default/production/_ext/1458882252/list.o
 .debug_aranges
                0x000007b8       0xb0 build/default/production/_ext/1458882252/queue.o
 .debug_aranges
                0x00000868      0x170 build/default/production/_ext/1458882252/tasks.o
 .debug_aranges
                0x000009d8       0x18 build/default/production/_ext/1458882252/timers.o
 .debug_aranges
                0x000009f0       0x60 build/default/production/_ext/1458882252/event_groups.o
 .debug_aranges
                0x00000a50       0x20 /home/john/MPLAB-X/XC32_Compiler/bin/bin/../../lib/gcc/pic32mx/4.8.3/../../../../pic32mx/lib/libpic32.a(default-bootstrap-exception-handler.o)
 .debug_aranges
                0x00000a70       0x20 /home/john/MPLAB-X/XC32_Compiler/bin/bin/../../lib/gcc/pic32mx/4.8.3/../../../../pic32mx/lib/libpic32.a(default-on-reset.o)
 .debug_aranges
                0x00000a90       0x20 /home/john/MPLAB-X/XC32_Compiler/bin/bin/../../lib/gcc/pic32mx/4.8.3/../../../../pic32mx/lib/libpic32.a(default-on-bootstrap.o)
 .debug_aranges
                0x00000ab0       0x20 /home/john/MPLAB-X/XC32_Compiler/bin/bin/../../lib/gcc/pic32mx/4.8.3/../../../../pic32mx/lib/libpic32.a(defaultinterrupt.o)

.debug_pubnames
 *(.debug_pubnames)

.debug_info     0x00000000    0x267d3
 *(.debug_info .gnu.linkonce.wi.*)
 .debug_info    0x00000000     0x15e1 build/default/production/_ext/639803181/sys_clk_static.o
 .debug_info    0x000015e1     0x3beb build/default/production/_ext/822048611/sys_ports_static.o
 .debug_info    0x000051cc     0x28c6 build/default/production/_ext/1688732426/system_init.o
 .debug_info    0x00007a92      0x9e7 build/default/production/_ext/1688732426/system_interrupt.o
 .debug_info    0x00008479      0xb1e build/default/production/_ext/1688732426/system_exceptions.o
 .debug_info    0x00008f97      0xc52 build/default/production/_ext/1688732426/system_tasks.o
 .debug_info    0x00009be9       0xdb build/default/production/_ext/1688732426/system_interrupt_a.o
 .debug_info    0x00009cc4      0x291 build/default/production/_ext/1688732426/rtos_hooks.o
 .debug_info    0x00009f55      0x32c build/default/production/_ext/1360937237/app_public.o
 .debug_info    0x0000a281      0xda4 build/default/production/_ext/1360937237/app.o
 .debug_info    0x0000b025      0x1e9 build/default/production/_ext/1360937237/main.o
 .debug_info    0x0000b20e     0x6623 build/default/production/_ext/1521864172/drv_tmr.o
 .debug_info    0x00011831     0x74eb build/default/production/_ext/382300584/drv_usart.o
 .debug_info    0x00018d1c     0x28da build/default/production/_ext/382300584/drv_usart_byte_model.o
 .debug_info    0x0001b5f6      0xaf7 build/default/production/_ext/1964585049/osal_freertos.o
 .debug_info    0x0001c0ed     0x11b7 build/default/production/_ext/1921105363/sys_devcon.o
 .debug_info    0x0001d2a4      0xda8 build/default/production/_ext/1921105363/sys_devcon_pic32mx.o
 .debug_info    0x0001e04c     0x160f build/default/production/_ext/993332121/sys_int_pic32.o
 .debug_info    0x0001f65b      0x3dc build/default/production/_ext/628943767/heap_1.o
 .debug_info    0x0001fa37     0x1207 build/default/production/_ext/1338673686/port.o
 .debug_info    0x00020c3e      0x126 build/default/production/_ext/1338673686/port_asm.o
 .debug_info    0x00020d64      0x1d8 build/default/production/_ext/1458882252/croutine.o
 .debug_info    0x00020f3c      0x4c8 build/default/production/_ext/1458882252/list.o
 .debug_info    0x00021404     0x1798 build/default/production/_ext/1458882252/queue.o
 .debug_info    0x00022b9c     0x2933 build/default/production/_ext/1458882252/tasks.o
 .debug_info    0x000254cf      0x1d6 build/default/production/_ext/1458882252/timers.o
 .debug_info    0x000256a5      0xdaa build/default/production/_ext/1458882252/event_groups.o
 .debug_info    0x0002644f       0xf5 /home/john/MPLAB-X/XC32_Compiler/bin/bin/../../lib/gcc/pic32mx/4.8.3/../../../../pic32mx/lib/libpic32.a(default-bootstrap-exception-handler.o)
 .debug_info    0x00026544       0xcf /home/john/MPLAB-X/XC32_Compiler/bin/bin/../../lib/gcc/pic32mx/4.8.3/../../../../pic32mx/lib/libpic32.a(default-on-reset.o)
 .debug_info    0x00026613       0xd7 /home/john/MPLAB-X/XC32_Compiler/bin/bin/../../lib/gcc/pic32mx/4.8.3/../../../../pic32mx/lib/libpic32.a(default-on-bootstrap.o)
 .debug_info    0x000266ea       0xe9 /home/john/MPLAB-X/XC32_Compiler/bin/bin/../../lib/gcc/pic32mx/4.8.3/../../../../pic32mx/lib/libpic32.a(defaultinterrupt.o)

.debug_abbrev   0x00000000     0x3057
 *(.debug_abbrev)
 .debug_abbrev  0x00000000      0x27b build/default/production/_ext/639803181/sys_clk_static.o
 .debug_abbrev  0x0000027b      0x222 build/default/production/_ext/822048611/sys_ports_static.o
 .debug_abbrev  0x0000049d      0x2ce build/default/production/_ext/1688732426/system_init.o
 .debug_abbrev  0x0000076b       0xc3 build/default/production/_ext/1688732426/system_interrupt.o
 .debug_abbrev  0x0000082e       0xa9 build/default/production/_ext/1688732426/system_exceptions.o
 .debug_abbrev  0x000008d7      0x154 build/default/production/_ext/1688732426/system_tasks.o
 .debug_abbrev  0x00000a2b       0x12 build/default/production/_ext/1688732426/system_interrupt_a.o
 .debug_abbrev  0x00000a3d       0x97 build/default/production/_ext/1688732426/rtos_hooks.o
 .debug_abbrev  0x00000ad4       0xc2 build/default/production/_ext/1360937237/app_public.o
 .debug_abbrev  0x00000b96      0x1c0 build/default/production/_ext/1360937237/app.o
 .debug_abbrev  0x00000d56       0x93 build/default/production/_ext/1360937237/main.o
 .debug_abbrev  0x00000de9      0x4ee build/default/production/_ext/1521864172/drv_tmr.o
 .debug_abbrev  0x000012d7      0x43b build/default/production/_ext/382300584/drv_usart.o
 .debug_abbrev  0x00001712      0x2fc build/default/production/_ext/382300584/drv_usart_byte_model.o
 .debug_abbrev  0x00001a0e      0x1fe build/default/production/_ext/1964585049/osal_freertos.o
 .debug_abbrev  0x00001c0c      0x26d build/default/production/_ext/1921105363/sys_devcon.o
 .debug_abbrev  0x00001e79      0x16d build/default/production/_ext/1921105363/sys_devcon_pic32mx.o
 .debug_abbrev  0x00001fe6      0x1d0 build/default/production/_ext/993332121/sys_int_pic32.o
 .debug_abbrev  0x000021b6      0x13f build/default/production/_ext/628943767/heap_1.o
 .debug_abbrev  0x000022f5      0x2cf build/default/production/_ext/1338673686/port.o
 .debug_abbrev  0x000025c4       0x14 build/default/production/_ext/1338673686/port_asm.o
 .debug_abbrev  0x000025d8       0x1b build/default/production/_ext/1458882252/croutine.o
 .debug_abbrev  0x000025f3       0xf1 build/default/production/_ext/1458882252/list.o
 .debug_abbrev  0x000026e4      0x2c4 build/default/production/_ext/1458882252/queue.o
 .debug_abbrev  0x000029a8      0x35a build/default/production/_ext/1458882252/tasks.o
 .debug_abbrev  0x00002d02       0x1b build/default/production/_ext/1458882252/timers.o
 .debug_abbrev  0x00002d1d      0x29a build/default/production/_ext/1458882252/event_groups.o
 .debug_abbrev  0x00002fb7       0x28 /home/john/MPLAB-X/XC32_Compiler/bin/bin/../../lib/gcc/pic32mx/4.8.3/../../../../pic32mx/lib/libpic32.a(default-bootstrap-exception-handler.o)
 .debug_abbrev  0x00002fdf       0x28 /home/john/MPLAB-X/XC32_Compiler/bin/bin/../../lib/gcc/pic32mx/4.8.3/../../../../pic32mx/lib/libpic32.a(default-on-reset.o)
 .debug_abbrev  0x00003007       0x28 /home/john/MPLAB-X/XC32_Compiler/bin/bin/../../lib/gcc/pic32mx/4.8.3/../../../../pic32mx/lib/libpic32.a(default-on-bootstrap.o)
 .debug_abbrev  0x0000302f       0x28 /home/john/MPLAB-X/XC32_Compiler/bin/bin/../../lib/gcc/pic32mx/4.8.3/../../../../pic32mx/lib/libpic32.a(defaultinterrupt.o)

.debug_line     0x00000000     0x7b53
 *(.debug_line)
 .debug_line    0x00000000      0x473 build/default/production/_ext/639803181/sys_clk_static.o
 .debug_line    0x00000473      0x7f0 build/default/production/_ext/822048611/sys_ports_static.o
 .debug_line    0x00000c63      0x661 build/default/production/_ext/1688732426/system_init.o
 .debug_line    0x000012c4      0x218 build/default/production/_ext/1688732426/system_interrupt.o
 .debug_line    0x000014dc      0x1cc build/default/production/_ext/1688732426/system_exceptions.o
 .debug_line    0x000016a8      0x392 build/default/production/_ext/1688732426/system_tasks.o
 .debug_line    0x00001a3a       0x7c build/default/production/_ext/1688732426/system_interrupt_a.o
 .debug_line    0x00001ab6      0x17f build/default/production/_ext/1688732426/rtos_hooks.o
 .debug_line    0x00001c35      0x1d2 build/default/production/_ext/1360937237/app_public.o
 .debug_line    0x00001e07      0x2df build/default/production/_ext/1360937237/app.o
 .debug_line    0x000020e6       0xff build/default/production/_ext/1360937237/main.o
 .debug_line    0x000021e5     0x11e1 build/default/production/_ext/1521864172/drv_tmr.o
 .debug_line    0x000033c6     0x1535 build/default/production/_ext/382300584/drv_usart.o
 .debug_line    0x000048fb      0x718 build/default/production/_ext/382300584/drv_usart_byte_model.o
 .debug_line    0x00005013      0x2d1 build/default/production/_ext/1964585049/osal_freertos.o
 .debug_line    0x000052e4      0x629 build/default/production/_ext/1921105363/sys_devcon.o
 .debug_line    0x0000590d      0x4c9 build/default/production/_ext/1921105363/sys_devcon_pic32mx.o
 .debug_line    0x00005dd6      0x3b8 build/default/production/_ext/993332121/sys_int_pic32.o
 .debug_line    0x0000618e      0x221 build/default/production/_ext/628943767/heap_1.o
 .debug_line    0x000063af      0x23a build/default/production/_ext/1338673686/port.o
 .debug_line    0x000065e9      0x12c build/default/production/_ext/1338673686/port_asm.o
 .debug_line    0x00006715       0x1d build/default/production/_ext/1458882252/croutine.o
 .debug_line    0x00006732      0x1f2 build/default/production/_ext/1458882252/list.o
 .debug_line    0x00006924      0x491 build/default/production/_ext/1458882252/queue.o
 .debug_line    0x00006db5      0x7d4 build/default/production/_ext/1458882252/tasks.o
 .debug_line    0x00007589       0x1d build/default/production/_ext/1458882252/timers.o
 .debug_line    0x000075a6      0x32c build/default/production/_ext/1458882252/event_groups.o
 .debug_line    0x000078d2       0xa9 /home/john/MPLAB-X/XC32_Compiler/bin/bin/../../lib/gcc/pic32mx/4.8.3/../../../../pic32mx/lib/libpic32.a(default-bootstrap-exception-handler.o)
 .debug_line    0x0000797b       0x96 /home/john/MPLAB-X/XC32_Compiler/bin/bin/../../lib/gcc/pic32mx/4.8.3/../../../../pic32mx/lib/libpic32.a(default-on-reset.o)
 .debug_line    0x00007a11       0x9a /home/john/MPLAB-X/XC32_Compiler/bin/bin/../../lib/gcc/pic32mx/4.8.3/../../../../pic32mx/lib/libpic32.a(default-on-bootstrap.o)
 .debug_line    0x00007aab       0xa8 /home/john/MPLAB-X/XC32_Compiler/bin/bin/../../lib/gcc/pic32mx/4.8.3/../../../../pic32mx/lib/libpic32.a(defaultinterrupt.o)

.debug_frame    0x00000000     0x17b0
 *(.debug_frame)
 .debug_frame   0x00000000       0xa0 build/default/production/_ext/639803181/sys_clk_static.o
 .debug_frame   0x000000a0      0x1f0 build/default/production/_ext/822048611/sys_ports_static.o
 .debug_frame   0x00000290       0x28 build/default/production/_ext/1688732426/system_init.o
 .debug_frame   0x000002b8       0x28 build/default/production/_ext/1688732426/system_interrupt.o
 .debug_frame   0x000002e0       0x28 build/default/production/_ext/1688732426/system_exceptions.o
 .debug_frame   0x00000308       0x58 build/default/production/_ext/1688732426/system_tasks.o
 .debug_frame   0x00000360       0x40 build/default/production/_ext/1688732426/rtos_hooks.o
 .debug_frame   0x000003a0       0x40 build/default/production/_ext/1360937237/app_public.o
 .debug_frame   0x000003e0       0x50 build/default/production/_ext/1360937237/app.o
 .debug_frame   0x00000430       0x28 build/default/production/_ext/1360937237/main.o
 .debug_frame   0x00000458      0x3e4 build/default/production/_ext/1521864172/drv_tmr.o
 .debug_frame   0x0000083c      0x274 build/default/production/_ext/382300584/drv_usart.o
 .debug_frame   0x00000ab0       0xa8 build/default/production/_ext/382300584/drv_usart_byte_model.o
 .debug_frame   0x00000b58      0x150 build/default/production/_ext/1964585049/osal_freertos.o
 .debug_frame   0x00000ca8       0xe8 build/default/production/_ext/1921105363/sys_devcon.o
 .debug_frame   0x00000d90       0x28 build/default/production/_ext/1921105363/sys_devcon_pic32mx.o
 .debug_frame   0x00000db8       0x90 build/default/production/_ext/993332121/sys_int_pic32.o
 .debug_frame   0x00000e48       0x5c build/default/production/_ext/628943767/heap_1.o
 .debug_frame   0x00000ea4       0xc0 build/default/production/_ext/1338673686/port.o
 .debug_frame   0x00000f64       0x60 build/default/production/_ext/1458882252/list.o
 .debug_frame   0x00000fc4      0x214 build/default/production/_ext/1458882252/queue.o
 .debug_frame   0x000011d8      0x444 build/default/production/_ext/1458882252/tasks.o
 .debug_frame   0x0000161c      0x108 build/default/production/_ext/1458882252/event_groups.o
 .debug_frame   0x00001724       0x2c /home/john/MPLAB-X/XC32_Compiler/bin/bin/../../lib/gcc/pic32mx/4.8.3/../../../../pic32mx/lib/libpic32.a(default-bootstrap-exception-handler.o)
 .debug_frame   0x00001750       0x20 /home/john/MPLAB-X/XC32_Compiler/bin/bin/../../lib/gcc/pic32mx/4.8.3/../../../../pic32mx/lib/libpic32.a(default-on-reset.o)
 .debug_frame   0x00001770       0x20 /home/john/MPLAB-X/XC32_Compiler/bin/bin/../../lib/gcc/pic32mx/4.8.3/../../../../pic32mx/lib/libpic32.a(default-on-bootstrap.o)
 .debug_frame   0x00001790       0x20 /home/john/MPLAB-X/XC32_Compiler/bin/bin/../../lib/gcc/pic32mx/4.8.3/../../../../pic32mx/lib/libpic32.a(defaultinterrupt.o)

.debug_str      0x00000000      0x7b3
 *(.debug_str)
 .debug_str     0x00000000       0x39 build/default/production/_ext/639803181/sys_clk_static.o
 .debug_str     0x00000039       0x55 build/default/production/_ext/822048611/sys_ports_static.o
 .debug_str     0x0000008e       0x36 build/default/production/_ext/1688732426/system_init.o
 .debug_str     0x000000c4        0x0 build/default/production/_ext/1688732426/system_interrupt.o
 .debug_str     0x000000c4        0x0 build/default/production/_ext/1688732426/system_exceptions.o
 .debug_str     0x000000c4        0x0 build/default/production/_ext/1688732426/system_tasks.o
 .debug_str     0x000000c4        0x9 build/default/production/_ext/1688732426/rtos_hooks.o
 .debug_str     0x000000cd        0x0 build/default/production/_ext/1360937237/app_public.o
 .debug_str     0x000000cd        0x0 build/default/production/_ext/1360937237/app.o
 .debug_str     0x000000cd        0x0 build/default/production/_ext/1360937237/main.o
 .debug_str     0x000000cd       0xb9 build/default/production/_ext/1521864172/drv_tmr.o
 .debug_str     0x00000186      0x195 build/default/production/_ext/382300584/drv_usart.o
 .debug_str     0x0000031b       0x28 build/default/production/_ext/382300584/drv_usart_byte_model.o
 .debug_str     0x00000343       0x40 build/default/production/_ext/1964585049/osal_freertos.o
 .debug_str     0x00000383       0x16 build/default/production/_ext/1921105363/sys_devcon.o
 .debug_str     0x00000399        0x6 build/default/production/_ext/1921105363/sys_devcon_pic32mx.o
 .debug_str     0x0000039f       0x2d build/default/production/_ext/993332121/sys_int_pic32.o
 .debug_str     0x000003cc       0x1d build/default/production/_ext/628943767/heap_1.o
 .debug_str     0x000003e9       0x37 build/default/production/_ext/1338673686/port.o
 .debug_str     0x00000420        0x0 build/default/production/_ext/1458882252/croutine.o
 .debug_str     0x00000420       0x2b build/default/production/_ext/1458882252/list.o
 .debug_str     0x0000044b       0xf1 build/default/production/_ext/1458882252/queue.o
 .debug_str     0x0000053c      0x191 build/default/production/_ext/1458882252/tasks.o
 .debug_str     0x000006cd        0x0 build/default/production/_ext/1458882252/timers.o
 .debug_str     0x000006cd       0xe6 build/default/production/_ext/1458882252/event_groups.o
 .debug_str     0x000007b3        0x0 /home/john/MPLAB-X/XC32_Compiler/bin/bin/../../lib/gcc/pic32mx/4.8.3/../../../../pic32mx/lib/libpic32.a(default-bootstrap-exception-handler.o)
 .debug_str     0x000007b3        0x0 /home/john/MPLAB-X/XC32_Compiler/bin/bin/../../lib/gcc/pic32mx/4.8.3/../../../../pic32mx/lib/libpic32.a(default-on-reset.o)
 .debug_str     0x000007b3        0x0 /home/john/MPLAB-X/XC32_Compiler/bin/bin/../../lib/gcc/pic32mx/4.8.3/../../../../pic32mx/lib/libpic32.a(default-on-bootstrap.o)
 .debug_str     0x000007b3        0x0 /home/john/MPLAB-X/XC32_Compiler/bin/bin/../../lib/gcc/pic32mx/4.8.3/../../../../pic32mx/lib/libpic32.a(defaultinterrupt.o)

.debug_loc      0x00000000     0xcb93
 *(.debug_loc)
 .debug_loc     0x00000000       0x49 build/default/production/_ext/639803181/sys_clk_static.o
 .debug_loc     0x00000049      0xecf build/default/production/_ext/822048611/sys_ports_static.o
 .debug_loc     0x00000f18       0x21 build/default/production/_ext/1688732426/system_init.o
 .debug_loc     0x00000f39       0x34 build/default/production/_ext/1688732426/rtos_hooks.o
 .debug_loc     0x00000f6d       0x58 build/default/production/_ext/1360937237/app_public.o
 .debug_loc     0x00000fc5       0x56 build/default/production/_ext/1360937237/app.o
 .debug_loc     0x0000101b     0x2d5c build/default/production/_ext/1521864172/drv_tmr.o
 .debug_loc     0x00003d77     0x5555 build/default/production/_ext/382300584/drv_usart.o
 .debug_loc     0x000092cc      0x652 build/default/production/_ext/382300584/drv_usart_byte_model.o
 .debug_loc     0x0000991e      0x40c build/default/production/_ext/1964585049/osal_freertos.o
 .debug_loc     0x00009d2a       0xf0 build/default/production/_ext/1921105363/sys_devcon.o
 .debug_loc     0x00009e1a       0xec build/default/production/_ext/1921105363/sys_devcon_pic32mx.o
 .debug_loc     0x00009f06       0x8d build/default/production/_ext/993332121/sys_int_pic32.o
 .debug_loc     0x00009f93       0x49 build/default/production/_ext/628943767/heap_1.o
 .debug_loc     0x00009fdc       0xea build/default/production/_ext/1338673686/port.o
 .debug_loc     0x0000a0c6       0x31 build/default/production/_ext/1458882252/list.o
 .debug_loc     0x0000a0f7      0xc93 build/default/production/_ext/1458882252/queue.o
 .debug_loc     0x0000ad8a     0x151f build/default/production/_ext/1458882252/tasks.o
 .debug_loc     0x0000c2a9      0x8ea build/default/production/_ext/1458882252/event_groups.o

.debug_macinfo
 *(.debug_macinfo)

.debug_weaknames
 *(.debug_weaknames)

.debug_funcnames
 *(.debug_funcnames)

.debug_typenames
 *(.debug_typenames)

.debug_varnames
 *(.debug_varnames)

.debug_pubtypes
 *(.debug_pubtypes)

.debug_ranges   0x00000000     0x1d08
 *(.debug_ranges)
 .debug_ranges  0x00000000       0x40 build/default/production/_ext/639803181/sys_clk_static.o
 .debug_ranges  0x00000040       0xf8 build/default/production/_ext/822048611/sys_ports_static.o
 .debug_ranges  0x00000138       0x10 build/default/production/_ext/1688732426/system_init.o
 .debug_ranges  0x00000148       0x10 build/default/production/_ext/1688732426/system_interrupt.o
 .debug_ranges  0x00000158       0x10 build/default/production/_ext/1688732426/system_exceptions.o
 .debug_ranges  0x00000168       0x20 build/default/production/_ext/1688732426/system_tasks.o
 .debug_ranges  0x00000188       0x20 build/default/production/_ext/1688732426/system_interrupt_a.o
 .debug_ranges  0x000001a8       0x18 build/default/production/_ext/1688732426/rtos_hooks.o
 .debug_ranges  0x000001c0       0x18 build/default/production/_ext/1360937237/app_public.o
 .debug_ranges  0x000001d8       0x20 build/default/production/_ext/1360937237/app.o
 .debug_ranges  0x000001f8       0x10 build/default/production/_ext/1360937237/main.o
 .debug_ranges  0x00000208      0x620 build/default/production/_ext/1521864172/drv_tmr.o
 .debug_ranges  0x00000828      0xec0 build/default/production/_ext/382300584/drv_usart.o
 .debug_ranges  0x000016e8      0x120 build/default/production/_ext/382300584/drv_usart_byte_model.o
 .debug_ranges  0x00001808       0x78 build/default/production/_ext/1964585049/osal_freertos.o
 .debug_ranges  0x00001880       0x68 build/default/production/_ext/1921105363/sys_devcon.o
 .debug_ranges  0x000018e8       0x10 build/default/production/_ext/1921105363/sys_devcon_pic32mx.o
 .debug_ranges  0x000018f8       0x50 build/default/production/_ext/993332121/sys_int_pic32.o
 .debug_ranges  0x00001948       0x28 build/default/production/_ext/628943767/heap_1.o
 .debug_ranges  0x00001970       0x48 build/default/production/_ext/1338673686/port.o
 .debug_ranges  0x000019b8       0x30 build/default/production/_ext/1458882252/list.o
 .debug_ranges  0x000019e8       0xa0 build/default/production/_ext/1458882252/queue.o
 .debug_ranges  0x00001a88      0x1a8 build/default/production/_ext/1458882252/tasks.o
 .debug_ranges  0x00001c30       0x98 build/default/production/_ext/1458882252/event_groups.o
 .debug_ranges  0x00001cc8       0x10 /home/john/MPLAB-X/XC32_Compiler/bin/bin/../../lib/gcc/pic32mx/4.8.3/../../../../pic32mx/lib/libpic32.a(default-bootstrap-exception-handler.o)
 .debug_ranges  0x00001cd8       0x10 /home/john/MPLAB-X/XC32_Compiler/bin/bin/../../lib/gcc/pic32mx/4.8.3/../../../../pic32mx/lib/libpic32.a(default-on-reset.o)
 .debug_ranges  0x00001ce8       0x10 /home/john/MPLAB-X/XC32_Compiler/bin/bin/../../lib/gcc/pic32mx/4.8.3/../../../../pic32mx/lib/libpic32.a(default-on-bootstrap.o)
 .debug_ranges  0x00001cf8       0x10 /home/john/MPLAB-X/XC32_Compiler/bin/bin/../../lib/gcc/pic32mx/4.8.3/../../../../pic32mx/lib/libpic32.a(defaultinterrupt.o)

.gnu.attributes
                0x00000000       0x10
 *(.gnu.attributes)
 .gnu.attributes
                0x00000000       0x10 build/default/production/_ext/639803181/sys_clk_static.o
 .gnu.attributes
                0x00000010       0x10 build/default/production/_ext/822048611/sys_ports_static.o
 .gnu.attributes
                0x00000020       0x10 build/default/production/_ext/1688732426/system_init.o
 .gnu.attributes
                0x00000030       0x10 build/default/production/_ext/1688732426/system_interrupt.o
 .gnu.attributes
                0x00000040       0x10 build/default/production/_ext/1688732426/system_exceptions.o
 .gnu.attributes
                0x00000050       0x10 build/default/production/_ext/1688732426/system_tasks.o
 .gnu.attributes
                0x00000060       0x10 build/default/production/_ext/1688732426/rtos_hooks.o
 .gnu.attributes
                0x00000070       0x10 build/default/production/_ext/1360937237/app_public.o
 .gnu.attributes
                0x00000080       0x10 build/default/production/_ext/1360937237/app.o
 .gnu.attributes
                0x00000090       0x10 build/default/production/_ext/1360937237/main.o
 .gnu.attributes
                0x000000a0       0x10 build/default/production/_ext/1521864172/drv_tmr.o
 .gnu.attributes
                0x000000b0       0x10 build/default/production/_ext/382300584/drv_usart.o
 .gnu.attributes
                0x000000c0       0x10 build/default/production/_ext/382300584/drv_usart_byte_model.o
 .gnu.attributes
                0x000000d0       0x10 build/default/production/_ext/1964585049/osal_freertos.o
 .gnu.attributes
                0x000000e0       0x10 build/default/production/_ext/1921105363/sys_devcon.o
 .gnu.attributes
                0x000000f0       0x10 build/default/production/_ext/1921105363/sys_devcon_pic32mx.o
 .gnu.attributes
                0x00000100       0x10 build/default/production/_ext/993332121/sys_int_pic32.o
 .gnu.attributes
                0x00000110       0x10 build/default/production/_ext/628943767/heap_1.o
 .gnu.attributes
                0x00000120       0x10 build/default/production/_ext/1338673686/port.o
 .gnu.attributes
                0x00000130       0x10 build/default/production/_ext/1458882252/croutine.o
 .gnu.attributes
                0x00000140       0x10 build/default/production/_ext/1458882252/list.o
 .gnu.attributes
                0x00000150       0x10 build/default/production/_ext/1458882252/queue.o
 .gnu.attributes
                0x00000160       0x10 build/default/production/_ext/1458882252/tasks.o
 .gnu.attributes
                0x00000170       0x10 build/default/production/_ext/1458882252/timers.o
 .gnu.attributes
                0x00000180       0x10 build/default/production/_ext/1458882252/event_groups.o
 .gnu.attributes
                0x00000190       0x10 /home/john/MPLAB-X/XC32_Compiler/bin/bin/../../lib/gcc/pic32mx/4.8.3/../../../../pic32mx/lib/libpic32.a(default-bootstrap-exception-handler.o)
 .gnu.attributes
                0x000001a0       0x10 /home/john/MPLAB-X/XC32_Compiler/bin/bin/../../lib/gcc/pic32mx/4.8.3/../../../../pic32mx/lib/libpic32.a(default-on-reset.o)
 .gnu.attributes
                0x000001b0       0x10 /home/john/MPLAB-X/XC32_Compiler/bin/bin/../../lib/gcc/pic32mx/4.8.3/../../../../pic32mx/lib/libpic32.a(default-on-bootstrap.o)
 .gnu.attributes
                0x000001c0       0x10 /home/john/MPLAB-X/XC32_Compiler/bin/bin/../../lib/gcc/pic32mx/4.8.3/../../../../pic32mx/lib/libpic32.a(defaultinterrupt.o)
LOAD /home/john/MPLAB-X/XC32_Compiler/bin/bin/../../lib/gcc/pic32mx/4.8.3/libgcc.a
START GROUP
LOAD /home/john/MPLAB-X/XC32_Compiler/bin/bin/../../lib/gcc/pic32mx/4.8.3/../../../../pic32mx/lib/libpic32.a
LOAD /home/john/MPLAB-X/XC32_Compiler/bin/bin/../../lib/gcc/pic32mx/4.8.3/../../../../pic32mx/lib/libdebug.a
LOAD /home/john/MPLAB-X/XC32_Compiler/bin/bin/../../lib/gcc/pic32mx/4.8.3/../../../../pic32mx/lib/libpic32.a
LOAD /home/john/MPLAB-X/XC32_Compiler/bin/bin/../../lib/gcc/pic32mx/4.8.3/../../../../pic32mx/lib/libm.a
LOAD /home/john/MPLAB-X/XC32_Compiler/bin/bin/../../lib/gcc/pic32mx/4.8.3/../../../../pic32mx/lib/libe.a
LOAD /home/john/MPLAB-X/XC32_Compiler/bin/bin/../../lib/gcc/pic32mx/4.8.3/../../../../pic32mx/lib/libdsp.a
LOAD /home/john/MPLAB-X/XC32_Compiler/bin/bin/../../lib/gcc/pic32mx/4.8.3/libgcc.a
LOAD /home/john/MPLAB-X/XC32_Compiler/bin/bin/../../lib/gcc/pic32mx/4.8.3/../../../../pic32mx/lib/libc.a
LOAD /home/john/MPLAB-X/XC32_Compiler/bin/bin/../../lib/gcc/pic32mx/4.8.3/../../../../pic32mx/lib/libc.a
LOAD /home/john/MPLAB-X/XC32_Compiler/bin/bin/../../lib/gcc/pic32mx/4.8.3/../../../../pic32mx/lib/libpic32.a
END GROUP
LOAD /home/john/MPLAB-X/XC32_Compiler/bin/bin/../../lib/gcc/pic32mx/4.8.3/libgcc.a
OUTPUT(dist/default/production/milestone_one.X.production.elf elf32-tradlittlemips)
LOAD stack
LOAD data_init

.reginfo        0x00000000       0x18
 .reginfo       0x00000000       0x18 /home/john/MPLAB-X/XC32_Compiler/bin/bin/../../lib/gcc/pic32mx/4.8.3/../../../../pic32mx/lib/./proc/32MX795F512L/crt0_mips32r2.o

.stack          0xa0003058      0x400
 .stack         0xa0003058      0x400 stack

.bss            0xa0000134     0x2f08
 .bss           0xa0000134     0x2800 build/default/production/_ext/628943767/heap_1.o
 .bss           0xa0002934      0x640 build/default/production/_ext/1338673686/port.o
                0xa0002934                xISRStack
 .bss           0xa0002f74       0xc8 build/default/production/_ext/1458882252/tasks.o

._debug_exception
                0xbfc00480       0x2c
 ._debug_exception
                0xbfc00480       0x2c /home/john/MPLAB-X/XC32_Compiler/bin/bin/../../lib/gcc/pic32mx/4.8.3/../../../../pic32mx/lib/debug-exception-return.o
                0xbfc00480                __DbgExecReturn

.text._DRV_USART_HardwareSetup
                0x9d000000     0x1138
 .text._DRV_USART_HardwareSetup
                0x9d000000     0x1138 build/default/production/_ext/382300584/drv_usart.o
                0x9d000000                _DRV_USART_HardwareSetup

.text           0x9d001138      0x454
 .text          0x9d001138      0x454 build/default/production/_ext/1338673686/port_asm.o
                0x9d001138                vPortTickInterruptHandler
                0x9d0012e4                vPortStartFirstTask
                0x9d0013ac                vPortYieldISR

.text.DRV_USART_Initialize
                0x9d00158c      0x38c
 .text.DRV_USART_Initialize
                0x9d00158c      0x38c build/default/production/_ext/382300584/drv_usart.o
                0x9d00158c                DRV_USART_Initialize

.text.xTaskGenericCreate
                0x9d001918      0x2e0
 .text.xTaskGenericCreate
                0x9d001918      0x2e0 build/default/production/_ext/1458882252/tasks.o
                0x9d001918                xTaskGenericCreate

.text.DRV_USART_TasksError
                0x9d001bf8      0x208
 .text.DRV_USART_TasksError
                0x9d001bf8      0x208 build/default/production/_ext/382300584/drv_usart.o
                0x9d001bf8                DRV_USART_TasksError

.text.xQueueGenericSend
                0x9d001e00      0x208
 .text.xQueueGenericSend
                0x9d001e00      0x208 build/default/production/_ext/1458882252/queue.o
                0x9d001e00                xQueueGenericSend

.text.DRV_TMR_AlarmRegister
                0x9d002008      0x1e8
 .text.DRV_TMR_AlarmRegister
                0x9d002008      0x1e8 build/default/production/_ext/1521864172/drv_tmr.o
                0x9d002008                DRV_TMR_AlarmRegister

.DrvUsartInstance0_vector_text
                0x9d0021f0      0x1b4
 .DrvUsartInstance0_vector_text
                0x9d0021f0      0x1b4 build/default/production/_ext/1688732426/system_interrupt_a.o

.text.xTaskIncrementTick
                0x9d0023a4      0x168
 .text.xTaskIncrementTick
                0x9d0023a4      0x168 build/default/production/_ext/1458882252/tasks.o
                0x9d0023a4                xTaskIncrementTick

.text           0x9d00250c      0x168
 .text          0x9d00250c      0x168 /home/john/MPLAB-X/XC32_Compiler/bin/bin/../../lib/gcc/pic32mx/4.8.3/../../../../pic32mx/lib/libpic32.a(memcpy.o)
                0x9d00250c                memcpy

.text.xTaskResumeAll
                0x9d002674      0x154
 .text.xTaskResumeAll
                0x9d002674      0x154 build/default/production/_ext/1458882252/tasks.o
                0x9d002674                xTaskResumeAll

.rodata         0x9d0027c8      0x128
 .rodata        0x9d0027c8      0x128 build/default/production/_ext/1688732426/system_exceptions.o

.text._DRV_TMR_Resume
                0x9d0028f0      0x118
 .text._DRV_TMR_Resume
                0x9d0028f0      0x118 build/default/production/_ext/1521864172/drv_tmr.o

.text.prvUnlockQueue
                0x9d002a08      0x104
 .text.prvUnlockQueue
                0x9d002a08      0x104 build/default/production/_ext/1458882252/queue.o

.text.prvCopyDataToQueue
                0x9d002b0c       0xfc
 .text.prvCopyDataToQueue
                0x9d002b0c       0xfc build/default/production/_ext/1458882252/queue.o

.text._DRV_TMR_Suspend
                0x9d002c08       0xf8
 .text._DRV_TMR_Suspend
                0x9d002c08       0xf8 build/default/production/_ext/1521864172/drv_tmr.o

.text.xTaskPriorityDisinherit
                0x9d002d00       0xf8
 .text.xTaskPriorityDisinherit
                0x9d002d00       0xf8 build/default/production/_ext/1458882252/tasks.o
                0x9d002d00                xTaskPriorityDisinherit

.text.vTaskSwitchContext
                0x9d002df8       0xe0
 .text.vTaskSwitchContext
                0x9d002df8       0xe0 build/default/production/_ext/1458882252/tasks.o
                0x9d002df8                vTaskSwitchContext

.text.SYS_DEVCON_PerformanceConfig
                0x9d002ed8       0xdc
 .text.SYS_DEVCON_PerformanceConfig
                0x9d002ed8       0xdc build/default/production/_ext/1921105363/sys_devcon_pic32mx.o
                0x9d002ed8                SYS_DEVCON_PerformanceConfig

.text.general_exception
                0x9d002fb4       0xdc
 .text.general_exception
                0x9d002fb4       0xdc /home/john/MPLAB-X/XC32_Compiler/bin/bin/../../lib/gcc/pic32mx/4.8.3/../../../../pic32mx/lib/libpic32.a(general-exception.o)
                0x9d002fb4                _general_exception_context

.text.xQueueGenericReset
                0x9d003090       0xc4
 .text.xQueueGenericReset
                0x9d003090       0xc4 build/default/production/_ext/1458882252/queue.o
                0x9d003090                xQueueGenericReset

.text.xTaskRemoveFromEventList
                0x9d003154       0xbc
 .text.xTaskRemoveFromEventList
                0x9d003154       0xbc build/default/production/_ext/1458882252/tasks.o
                0x9d003154                xTaskRemoveFromEventList

.text.pvPortMalloc
                0x9d003210       0xb8
 .text.pvPortMalloc
                0x9d003210       0xb8 build/default/production/_ext/628943767/heap_1.o
                0x9d003210                pvPortMalloc

.text.prvIdleTask
                0x9d0032c8       0xb4
 .text.prvIdleTask
                0x9d0032c8       0xb4 build/default/production/_ext/1458882252/tasks.o

.text.DRV_USART_TasksTransmit
                0x9d00337c       0xac
 .text.DRV_USART_TasksTransmit
                0x9d00337c       0xac build/default/production/_ext/382300584/drv_usart.o
                0x9d00337c                DRV_USART_TasksTransmit

.text.DRV_USART_TasksReceive
                0x9d003428       0xac
 .text.DRV_USART_TasksReceive
                0x9d003428       0xac build/default/production/_ext/382300584/drv_usart.o
                0x9d003428                DRV_USART_TasksReceive

.text           0x9d0034d4       0xa8
 .text          0x9d0034d4       0xa8 /home/john/MPLAB-X/XC32_Compiler/bin/bin/../../lib/gcc/pic32mx/4.8.3/../../../../pic32mx/lib/libpic32.a(memset.o)
                0x9d0034d4                memset

.text.xTaskCheckForTimeOut
                0x9d00357c       0xa0
 .text.xTaskCheckForTimeOut
                0x9d00357c       0xa0 build/default/production/_ext/1458882252/tasks.o
                0x9d00357c                xTaskCheckForTimeOut

.text.SYS_Initialize
                0x9d00361c       0x9c
 .text.SYS_Initialize
                0x9d00361c       0x9c build/default/production/_ext/1688732426/system_init.o
                0x9d00361c                SYS_Initialize

.text.xQueueGenericCreate
                0x9d0036b8       0x94
 .text.xQueueGenericCreate
                0x9d0036b8       0x94 build/default/production/_ext/1458882252/queue.o
                0x9d0036b8                xQueueGenericCreate

.text.vTaskPlaceOnEventList
                0x9d00374c       0x94
 .text.vTaskPlaceOnEventList
                0x9d00374c       0x94 build/default/production/_ext/1458882252/tasks.o
                0x9d00374c                vTaskPlaceOnEventList

.text.vTaskDelay
                0x9d0037e0       0x90
 .text.vTaskDelay
                0x9d0037e0       0x90 build/default/production/_ext/1458882252/tasks.o
                0x9d0037e0                vTaskDelay

.dinit          0x9d003870       0x90
 .dinit         0x9d003870       0x90 data_init

.text.vTaskStartScheduler
                0x9d003900       0x84
 .text.vTaskStartScheduler
                0x9d003900       0x84 build/default/production/_ext/1458882252/tasks.o
                0x9d003900                vTaskStartScheduler

.text.SYS_Tasks
                0x9d003984       0x80
 .text.SYS_Tasks
                0x9d003984       0x80 build/default/production/_ext/1688732426/system_tasks.o
                0x9d003984                SYS_Tasks

.text._DRV_USART_ByteTransmitTasks
                0x9d003a04       0x80
 .text._DRV_USART_ByteTransmitTasks
                0x9d003a04       0x80 build/default/production/_ext/382300584/drv_usart.o
                0x9d003a04                _DRV_USART_ByteTransmitTasks

.text.xQueueCreateMutex
                0x9d003a84       0x80
 .text.xQueueCreateMutex
                0x9d003a84       0x80 build/default/production/_ext/1458882252/queue.o
                0x9d003a84                xQueueCreateMutex

.text.APP_Initialize
                0x9d003b04       0x74
 .text.APP_Initialize
                0x9d003b04       0x74 build/default/production/_ext/1360937237/app.o
                0x9d003b04                APP_Initialize

.text._DRV_USART_ByteReceiveTasks
                0x9d003b78       0x74
 .text._DRV_USART_ByteReceiveTasks
                0x9d003b78       0x74 build/default/production/_ext/382300584/drv_usart.o
                0x9d003b78                _DRV_USART_ByteReceiveTasks

.text._DRV_USART_ByteErrorTasks
                0x9d003bec       0x74
 .text._DRV_USART_ByteErrorTasks
                0x9d003bec       0x74 build/default/production/_ext/382300584/drv_usart.o
                0x9d003bec                _DRV_USART_ByteErrorTasks

.text.prvAddCurrentTaskToDelayedList
                0x9d003c60       0x70
 .text.prvAddCurrentTaskToDelayedList
                0x9d003c60       0x70 build/default/production/_ext/1458882252/tasks.o

.text.vApplicationSetupTickTimerInterrupt
                0x9d003cd0       0x6c
 .text.vApplicationSetupTickTimerInterrupt
                0x9d003cd0       0x6c build/default/production/_ext/1338673686/port.o
                0x9d003cd0                vApplicationSetupTickTimerInterrupt

.text.SYS_PORTS_Initialize
                0x9d003d3c       0x68
 .text.SYS_PORTS_Initialize
                0x9d003d3c       0x68 build/default/production/_ext/822048611/sys_ports_static.o
                0x9d003d3c                SYS_PORTS_Initialize

.text.vTaskExitCritical
                0x9d003da4       0x68
 .text.vTaskExitCritical
                0x9d003da4       0x68 build/default/production/_ext/1458882252/tasks.o
                0x9d003da4                vTaskExitCritical

.text.DRV_TMR_Start
                0x9d003e0c       0x64
 .text.DRV_TMR_Start
                0x9d003e0c       0x64 build/default/production/_ext/1521864172/drv_tmr.o
                0x9d003e0c                DRV_TMR_Start

.text.xPortStartScheduler
                0x9d003e70       0x5c
 .text.xPortStartScheduler
                0x9d003e70       0x5c build/default/production/_ext/1338673686/port.o
                0x9d003e70                xPortStartScheduler

.text.vListInsert
                0x9d003ecc       0x5c
 .text.vListInsert
                0x9d003ecc       0x5c build/default/production/_ext/1458882252/list.o
                0x9d003ecc                vListInsert

.text.SYS_CLK_Initialize
                0x9d003f28       0x58
 .text.SYS_CLK_Initialize
                0x9d003f28       0x58 build/default/production/_ext/639803181/sys_clk_static.o
                0x9d003f28                SYS_CLK_Initialize

.text.SYS_DEVCON_SystemUnlock
                0x9d003f80       0x58
 .text.SYS_DEVCON_SystemUnlock
                0x9d003f80       0x58 build/default/production/_ext/1921105363/sys_devcon.o
                0x9d003f80                SYS_DEVCON_SystemUnlock

.text.SYS_INT_SourceDisable
                0x9d003fd8       0x58
 .text.SYS_INT_SourceDisable
                0x9d003fd8       0x58 build/default/production/_ext/993332121/sys_int_pic32.o
                0x9d003fd8                SYS_INT_SourceDisable

.text.main_entry
                0x9d004030       0x54
 .text.main_entry
                0x9d004030       0x54 /home/john/MPLAB-X/XC32_Compiler/bin/bin/../../lib/gcc/pic32mx/4.8.3/../../../../pic32mx/lib/./proc/32MX795F512L/crt0_mips32r2.o
                0x9d004064                __crt0_exit

.text.pxPortInitialiseStack
                0x9d004084       0x54
 .text.pxPortInitialiseStack
                0x9d004084       0x54 build/default/production/_ext/1338673686/port.o
                0x9d004084                pxPortInitialiseStack

.text.vPortIncrementTick
                0x9d0040d8       0x54
 .text.vPortIncrementTick
                0x9d0040d8       0x54 build/default/production/_ext/1338673686/port.o
                0x9d0040d8                vPortIncrementTick

.text.vTaskEnterCritical
                0x9d00412c       0x50
 .text.vTaskEnterCritical
                0x9d00412c       0x50 build/default/production/_ext/1458882252/tasks.o
                0x9d00412c                vTaskEnterCritical

.rodata         0x9d00417c       0x4c
 .rodata        0x9d00417c       0x4c build/default/production/_ext/1688732426/system_init.o
                0x9d00417c                sysDevconInit
                0x9d004180                drvUsart0InitData

.text.SYS_DEVCON_SystemLock
                0x9d0041c8       0x48
 .text.SYS_DEVCON_SystemLock
                0x9d0041c8       0x48 build/default/production/_ext/1921105363/sys_devcon.o
                0x9d0041c8                SYS_DEVCON_SystemLock

.text._bootstrap_exception_handler
                0x9d004210       0x48
 .text._bootstrap_exception_handler
                0x9d004210       0x48 /home/john/MPLAB-X/XC32_Compiler/bin/bin/../../lib/gcc/pic32mx/4.8.3/../../../../pic32mx/lib/libpic32.a(default-bootstrap-exception-handler.o)
                0x9d004210                _bootstrap_exception_handler

.vector_default
                0x9d004258       0x48
 .vector_default
                0x9d004258       0x48 /home/john/MPLAB-X/XC32_Compiler/bin/bin/../../lib/gcc/pic32mx/4.8.3/../../../../pic32mx/lib/libpic32.a(defaultinterrupt.o)
                0x9d004258                _DefaultInterrupt

.text.uxListRemove
                0x9d0042a0       0x44
 .text.uxListRemove
                0x9d0042a0       0x44 build/default/production/_ext/1458882252/list.o
                0x9d0042a0                uxListRemove

.text           0x9d0042e4       0x44
 .text          0x9d0042e4       0x44 /home/john/MPLAB-X/XC32_Compiler/bin/bin/../../lib/gcc/pic32mx/4.8.3/../../../../pic32mx/lib/pic32_software_reset.o
                0x9d0042e4                __pic32_software_reset

.text._general_exception_handler
                0x9d004328       0x40
 .text._general_exception_handler
                0x9d004328       0x40 build/default/production/_ext/1688732426/system_exceptions.o
                0x9d004328                _general_exception_handler

.text.OSAL_MUTEX_Create
                0x9d004368       0x3c
 .text.OSAL_MUTEX_Create
                0x9d004368       0x3c build/default/production/_ext/1964585049/osal_freertos.o
                0x9d004368                OSAL_MUTEX_Create

.text.uxPortSetInterruptMaskFromISR
                0x9d0043a4       0x3c
 .text.uxPortSetInterruptMaskFromISR
                0x9d0043a4       0x3c build/default/production/_ext/1338673686/port.o
                0x9d0043a4                uxPortSetInterruptMaskFromISR

.text.IntHandlerDrvUsartInstance0
                0x9d0043e0       0x38
 .text.IntHandlerDrvUsartInstance0
                0x9d0043e0       0x38 build/default/production/_ext/1688732426/system_interrupt.o
                0x9d0043e0                IntHandlerDrvUsartInstance0

.text.prvResetNextTaskUnblockTime
                0x9d004418       0x38
 .text.prvResetNextTaskUnblockTime
                0x9d004418       0x38 build/default/production/_ext/1458882252/tasks.o

.text.TimerCallback
                0x9d004450       0x30
 .text.TimerCallback
                0x9d004450       0x30 build/default/production/_ext/1360937237/app.o

.text.vListInsertEnd
                0x9d004480       0x30
 .text.vListInsertEnd
                0x9d004480       0x30 build/default/production/_ext/1458882252/list.o
                0x9d004480                vListInsertEnd

.text.vApplicationStackOverflowHook
                0x9d0044b0       0x2c
 .text.vApplicationStackOverflowHook
                0x9d0044b0       0x2c build/default/production/_ext/1688732426/rtos_hooks.o
                0x9d0044b0                vApplicationStackOverflowHook

.text.vApplicationMallocFailedHook
                0x9d0044dc       0x2c
 .text.vApplicationMallocFailedHook
                0x9d0044dc       0x2c build/default/production/_ext/1688732426/rtos_hooks.o
                0x9d0044dc                vApplicationMallocFailedHook

.text.prvTaskExitError
                0x9d004508       0x2c
 .text.prvTaskExitError
                0x9d004508       0x2c build/default/production/_ext/1338673686/port.o

.text.appSendTimerValToMQ
                0x9d004534       0x28
 .text.appSendTimerValToMQ
                0x9d004534       0x28 build/default/production/_ext/1360937237/app_public.o
                0x9d004534                appSendTimerValToMQ

.text.appInitTimerMQ
                0x9d00455c       0x24
 .text.appInitTimerMQ
                0x9d00455c       0x24 build/default/production/_ext/1360937237/app_public.o
                0x9d00455c                appInitTimerMQ

.text._SYS_Tasks
                0x9d004580       0x20
 .text._SYS_Tasks
                0x9d004580       0x20 build/default/production/_ext/1688732426/system_tasks.o

.text.APP_Tasks
                0x9d0045a0       0x20
 .text.APP_Tasks
                0x9d0045a0       0x20 build/default/production/_ext/1360937237/app.o
                0x9d0045a0                APP_Tasks

.text.main      0x9d0045c0       0x20
 .text.main     0x9d0045c0       0x20 build/default/production/_ext/1360937237/main.o
                0x9d0045c0                main

.text.vListInitialise
                0x9d0045e0       0x20
 .text.vListInitialise
                0x9d0045e0       0x20 build/default/production/_ext/1458882252/list.o
                0x9d0045e0                vListInitialise

.text.SYS_DEVCON_JTAGDisable
                0x9d004600       0x1c
 .text.SYS_DEVCON_JTAGDisable
                0x9d004600       0x1c build/default/production/_ext/1921105363/sys_devcon.o
                0x9d004600                SYS_DEVCON_JTAGDisable

.text._APP_Tasks
                0x9d00461c       0x18
 .text._APP_Tasks
                0x9d00461c       0x18 build/default/production/_ext/1688732426/system_tasks.o

.rodata         0x9d004634       0x18
 .rodata        0x9d004634       0x18 build/default/production/_ext/1688732426/system_tasks.o

.text.SYS_INT_Initialize
                0x9d00464c       0x18
 .text.SYS_INT_Initialize
                0x9d00464c       0x18 build/default/production/_ext/993332121/sys_int_pic32.o
                0x9d00464c                SYS_INT_Initialize

.text           0x9d004664       0x18
 .text          0x9d004664       0x18 /home/john/MPLAB-X/XC32_Compiler/bin/bin/../../lib/gcc/pic32mx/4.8.3/../../../../pic32mx/lib/libpic32.a(default-nmi-handler.o)
                0x9d004664                _nmi_handler

.text.SYS_DEVCON_Initialize
                0x9d00467c       0x14
 .text.SYS_DEVCON_Initialize
                0x9d00467c       0x14 build/default/production/_ext/1921105363/sys_devcon.o
                0x9d00467c                SYS_DEVCON_Initialize

.text.vTaskSuspendAll
                0x9d004690       0x14
 .text.vTaskSuspendAll
                0x9d004690       0x14 build/default/production/_ext/1458882252/tasks.o
                0x9d004690                vTaskSuspendAll

.text.vTaskSetTimeOutState
                0x9d0046a4       0x14
 .text.vTaskSetTimeOutState
                0x9d0046a4       0x14 build/default/production/_ext/1458882252/tasks.o
                0x9d0046a4                vTaskSetTimeOutState

.text.vTaskMissedYield
                0x9d0046b8       0x10
 .text.vTaskMissedYield
                0x9d0046b8       0x10 build/default/production/_ext/1458882252/tasks.o