
Optional file libmchp_peripheral.a not found

Optional file libmchp_peripheral_32MX795F512L.a not found
Archive member included because of file (symbol)

/home/john/MPLAB-X/XC32_Compiler/bin/bin/../../lib/gcc/pic32mx/4.8.3/../../../../pic32mx/lib/libpic32.a(memcpy.o)
                              build/default/production/_ext/1458882252/queue.o (memcpy)
/home/john/MPLAB-X/XC32_Compiler/bin/bin/../../lib/gcc/pic32mx/4.8.3/../../../../pic32mx/lib/libpic32.a(memset.o)
                              build/default/production/_ext/1458882252/tasks.o (memset)
/home/john/MPLAB-X/XC32_Compiler/bin/bin/../../lib/gcc/pic32mx/4.8.3/../../../../pic32mx/lib/libpic32.a(strcpy.o)
                              build/default/production/_ext/1952159421/sys_debug.o (strcpy)
/home/john/MPLAB-X/XC32_Compiler/bin/bin/../../lib/gcc/pic32mx/4.8.3/../../../../pic32mx/lib/libpic32.a(strlen.o)
                              build/default/production/_ext/207392127/sys_console_appio.o (strlen)
/home/john/MPLAB-X/XC32_Compiler/bin/bin/../../lib/gcc/pic32mx/4.8.3/../../../../pic32mx/lib/libpic32.a(default-bootstrap-exception-handler.o)
                              /home/john/MPLAB-X/XC32_Compiler/bin/bin/../../lib/gcc/pic32mx/4.8.3/../../../../pic32mx/lib/./proc/32MX795F512L/crt0_mips32r2.o (_bootstrap_exception_handler)
/home/john/MPLAB-X/XC32_Compiler/bin/bin/../../lib/gcc/pic32mx/4.8.3/../../../../pic32mx/lib/libpic32.a(default-on-reset.o)
                              /home/john/MPLAB-X/XC32_Compiler/bin/bin/../../lib/gcc/pic32mx/4.8.3/../../../../pic32mx/lib/./proc/32MX795F512L/crt0_mips32r2.o (_on_reset)
/home/john/MPLAB-X/XC32_Compiler/bin/bin/../../lib/gcc/pic32mx/4.8.3/../../../../pic32mx/lib/libpic32.a(default-on-bootstrap.o)
                              /home/john/MPLAB-X/XC32_Compiler/bin/bin/../../lib/gcc/pic32mx/4.8.3/../../../../pic32mx/lib/./proc/32MX795F512L/crt0_mips32r2.o (_on_bootstrap)
/home/john/MPLAB-X/XC32_Compiler/bin/bin/../../lib/gcc/pic32mx/4.8.3/../../../../pic32mx/lib/libpic32.a(default-nmi-handler.o)
                              /home/john/MPLAB-X/XC32_Compiler/bin/bin/../../lib/gcc/pic32mx/4.8.3/../../../../pic32mx/lib/./proc/32MX795F512L/crt0_mips32r2.o (_nmi_handler)
/home/john/MPLAB-X/XC32_Compiler/bin/bin/../../lib/gcc/pic32mx/4.8.3/../../../../pic32mx/lib/libpic32.a(general-exception.o)
                              /home/john/MPLAB-X/XC32_Compiler/bin/bin/../../lib/gcc/pic32mx/4.8.3/../../../../pic32mx/lib/./proc/32MX795F512L/crt0_mips32r2.o (_general_exception_context)
/home/john/MPLAB-X/XC32_Compiler/bin/bin/../../lib/gcc/pic32mx/4.8.3/../../../../pic32mx/lib/libpic32.a(vector0.o)
                              /home/john/MPLAB-X/XC32_Compiler/bin/bin/../../lib/gcc/pic32mx/4.8.3/../../../../pic32mx/lib/./proc/32MX795F512L/default_isr_vectors.o (__vector_dispatch_0)
/home/john/MPLAB-X/XC32_Compiler/bin/bin/../../lib/gcc/pic32mx/4.8.3/../../../../pic32mx/lib/libpic32.a(vector2.o)
                              /home/john/MPLAB-X/XC32_Compiler/bin/bin/../../lib/gcc/pic32mx/4.8.3/../../../../pic32mx/lib/./proc/32MX795F512L/default_isr_vectors.o (__vector_dispatch_2)
/home/john/MPLAB-X/XC32_Compiler/bin/bin/../../lib/gcc/pic32mx/4.8.3/../../../../pic32mx/lib/libpic32.a(vector3.o)
                              /home/john/MPLAB-X/XC32_Compiler/bin/bin/../../lib/gcc/pic32mx/4.8.3/../../../../pic32mx/lib/./proc/32MX795F512L/default_isr_vectors.o (__vector_dispatch_3)
/home/john/MPLAB-X/XC32_Compiler/bin/bin/../../lib/gcc/pic32mx/4.8.3/../../../../pic32mx/lib/libpic32.a(vector5.o)
                              /home/john/MPLAB-X/XC32_Compiler/bin/bin/../../lib/gcc/pic32mx/4.8.3/../../../../pic32mx/lib/./proc/32MX795F512L/default_isr_vectors.o (__vector_dispatch_5)
/home/john/MPLAB-X/XC32_Compiler/bin/bin/../../lib/gcc/pic32mx/4.8.3/../../../../pic32mx/lib/libpic32.a(vector6.o)
                              /home/john/MPLAB-X/XC32_Compiler/bin/bin/../../lib/gcc/pic32mx/4.8.3/../../../../pic32mx/lib/./proc/32MX795F512L/default_isr_vectors.o (__vector_dispatch_6)
/home/john/MPLAB-X/XC32_Compiler/bin/bin/../../lib/gcc/pic32mx/4.8.3/../../../../pic32mx/lib/libpic32.a(vector7.o)
                              /home/john/MPLAB-X/XC32_Compiler/bin/bin/../../lib/gcc/pic32mx/4.8.3/../../../../pic32mx/lib/./proc/32MX795F512L/default_isr_vectors.o (__vector_dispatch_7)
/home/john/MPLAB-X/XC32_Compiler/bin/bin/../../lib/gcc/pic32mx/4.8.3/../../../../pic32mx/lib/libpic32.a(vector8.o)
                              /home/john/MPLAB-X/XC32_Compiler/bin/bin/../../lib/gcc/pic32mx/4.8.3/../../../../pic32mx/lib/./proc/32MX795F512L/default_isr_vectors.o (__vector_dispatch_8)
/home/john/MPLAB-X/XC32_Compiler/bin/bin/../../lib/gcc/pic32mx/4.8.3/../../../../pic32mx/lib/libpic32.a(vector9.o)
                              /home/john/MPLAB-X/XC32_Compiler/bin/bin/../../lib/gcc/pic32mx/4.8.3/../../../../pic32mx/lib/./proc/32MX795F512L/default_isr_vectors.o (__vector_dispatch_9)
[...]
Memory Configuration

Name             Origin             Length             Attributes
kseg0_program_mem 0x9d000000         0x00080000         xr
kseg0_boot_mem   0x9fc00490         0x00000970
exception_mem    0x9fc01000         0x00001000
kseg1_boot_mem   0xbfc00000         0x00000490
debug_exec_mem   0xbfc02000         0x00000ff0
config3          0xbfc02ff0         0x00000004
config2          0xbfc02ff4         0x00000004
config1          0xbfc02ff8         0x00000004
config0          0xbfc02ffc         0x00000004
kseg1_data_mem   0xa0000000         0x00020000         w !x
sfrs             0xbf800000         0x00100000
configsfrs       0xbfc02ff0         0x00000010
*default*        0x00000000         0xffffffff

Linker script and memory map

LOAD /home/john/MPLAB-X/XC32_Compiler/bin/bin/../../lib/gcc/pic32mx/4.8.3/../../../../pic32mx/lib/./proc/32MX795F512L/crt0_mips32r2.o
LOAD /home/john/MPLAB-X/XC32_Compiler/bin/bin/../../lib/gcc/pic32mx/4.8.3/../../../../pic32mx/lib/debug-exception-return.o
LOAD build/default/production/_ext/1360937237/app_public.o
LOAD build/default/production/_ext/1964585049/osal_freertos.o
LOAD build/default/production/_ext/207392127/sys_console.o
LOAD build/default/production/_ext/207392127/sys_console_appio.o
LOAD build/default/production/_ext/1952159421/sys_debug.o
LOAD build/default/production/_ext/1921105363/sys_devcon.o
LOAD build/default/production/_ext/1921105363/sys_devcon_pic32mx.o
LOAD build/default/production/_ext/993332121/sys_int_pic32.o
LOAD build/default/production/_ext/1458882252/croutine.o
LOAD build/default/production/_ext/1458882252/list.o
LOAD build/default/production/_ext/1458882252/queue.o
LOAD build/default/production/_ext/1458882252/tasks.o
LOAD build/default/production/_ext/1458882252/timers.o
LOAD build/default/production/_ext/1458882252/event_groups.o
LOAD build/default/production/_ext/628943767/heap_1.o
LOAD build/default/production/_ext/1338673686/port.o
LOAD build/default/production/_ext/1338673686/port_asm.o
LOAD build/default/production/_ext/1360937237/app.o
LOAD build/default/production/_ext/327000265/drv_usart_mapping.o
LOAD build/default/production/_ext/327000265/drv_usart_static.o
LOAD build/default/production/_ext/327000265/drv_usart_static_byte_model.o
LOAD build/default/production/_ext/639803181/sys_clk_static.o
LOAD build/default/production/_ext/822048611/sys_ports_static.o
LOAD build/default/production/_ext/1688732426/system_init.o
LOAD build/default/production/_ext/1688732426/system_interrupt.o
LOAD build/default/production/_ext/1688732426/system_exceptions.o
LOAD build/default/production/_ext/1360937237/main.o
LOAD build/default/production/_ext/1688732426/system_tasks.o
LOAD build/default/production/_ext/1688732426/system_interrupt_a.o
LOAD build/default/production/_ext/1688732426/rtos_hooks.o
LOAD ../../../../../../../../../microchip/harmony/v1_08_01/bin/framework/peripheral/PIC32MX795F512L_peripherals.a
LOAD ../../../../../../../../../microchip/harmony/v1_08_01/framework/tcpip/src/crypto/aes_pic32mx.a
                0x00000001                __MPLAB_BUILD = 0x1
                0x00000800                _min_heap_size = 0x800
LOAD /home/john/MPLAB-X/XC32_Compiler/bin/bin/../../lib/gcc/pic32mx/4.8.3/../../../../pic32mx/lib/./proc/32MX795F512L/default_isr_vectors.o
LOAD /home/john/MPLAB-X/XC32_Compiler/bin/bin/../../lib/gcc/pic32mx/4.8.3/../../../../pic32mx/lib/pic32_software_reset.o
                0x00000400                PROVIDE (_min_stack_size, 0x400)
LOAD /home/john/MPLAB-X/XC32_Compiler/bin/bin/../../lib/gcc/pic32mx/4.8.3/../../../../pic32mx/lib/./proc/32MX795F512L/processor.o
START GROUP
LOAD libmchp_peripheral.a
END GROUP
START GROUP
LOAD libmchp_peripheral_32MX795F512L.a
END GROUP
                0x00000001                PROVIDE (_vector_spacing, 0x1)
                0x9fc01000                PROVIDE (_ebase_address, 0x9fc01000)
                0xbfc00000                _RESET_ADDR = 0xbfc00000
                0xbfc00380                _BEV_EXCPT_ADDR = 0xbfc00380
                0xbfc00480                _DBG_EXCPT_ADDR = 0xbfc00480
                0xbfc02000                _DBG_CODE_ADDR = 0xbfc02000
                0x00000ff0                _DBG_CODE_SIZE = 0xff0
                0x9fc01180                _GEN_EXCPT_ADDR = (_ebase_address + 0x180)

.config_BFC02FF0
                0xbfc02ff0        0x4
 *(.config_BFC02FF0)
 .config_BFC02FF0
                0xbfc02ff0        0x4 build/default/production/_ext/1688732426/system_init.o

.config_BFC02FF4
                0xbfc02ff4        0x4
 *(.config_BFC02FF4)
 .config_BFC02FF4
                0xbfc02ff4        0x4 build/default/production/_ext/1688732426/system_init.o

.config_BFC02FF8
                0xbfc02ff8        0x4
 *(.config_BFC02FF8)
 .config_BFC02FF8
                0xbfc02ff8        0x4 build/default/production/_ext/1688732426/system_init.o

.config_BFC02FFC
                0xbfc02ffc        0x4
 *(.config_BFC02FFC)
 .config_BFC02FFC
                0xbfc02ffc        0x4 build/default/production/_ext/1688732426/system_init.o
                0xbfc02000                PROVIDE (_DBG_CODE_ADDR, 0xbfc02000)
                0x00000ff0                PROVIDE (_DBG_CODE_SIZE, 0xff0)

.reset          0xbfc00000      0x208
 *(.reset)
 .reset         0xbfc00000        0x8 /home/john/MPLAB-X/XC32_Compiler/bin/bin/../../lib/gcc/pic32mx/4.8.3/../../../../pic32mx/lib/./proc/32MX795F512L/crt0_mips32r2.o
                0xbfc00000                _reset
 *(.reset.startup)
 .reset.startup
                0xbfc00008      0x200 /home/john/MPLAB-X/XC32_Compiler/bin/bin/../../lib/gcc/pic32mx/4.8.3/../../../../pic32mx/lib/./proc/32MX795F512L/crt0_mips32r2.o

.bev_excpt      0xbfc00380       0x10
 *(.bev_handler)
 .bev_handler   0xbfc00380       0x10 /home/john/MPLAB-X/XC32_Compiler/bin/bin/../../lib/gcc/pic32mx/4.8.3/../../../../pic32mx/lib/./proc/32MX795F512L/crt0_mips32r2.o

.dbg_excpt      0xbfc00480        0x0
                0xbfc00480                . = (. + DEFINED (_DEBUGGER)?0x8:0x0)

.dbg_code       0xbfc02000        0x0
                0xbfc02000                . = (. + DEFINED (_DEBUGGER)?_DBG_CODE_SIZE:0x0)

.app_excpt      0x9fc01180       0x10
 *(.gen_handler)
 .gen_handler   0x9fc01180       0x10 /home/john/MPLAB-X/XC32_Compiler/bin/bin/../../lib/gcc/pic32mx/4.8.3/../../../../pic32mx/lib/./proc/32MX795F512L/crt0_mips32r2.o

.vector_0       0x9fc01200        0x8
 *(.vector_0)
 .vector_0      0x9fc01200        0x8 /home/john/MPLAB-X/XC32_Compiler/bin/bin/../../lib/gcc/pic32mx/4.8.3/../../../../pic32mx/lib/libpic32.a(vector0.o)
                0x9fc01200                __vector_dispatch_0
                0x00000001                ASSERT (((_vector_spacing == 0x0) || (SIZEOF (.vector_0) <= (_vector_spacing << 0x5))), function at exception vector 0 too large)

.vector_1       0x9fc01220        0x8
 *(.vector_1)
 .vector_1      0x9fc01220        0x8 build/default/production/_ext/1338673686/port.o
                0x9fc01220                __vector_dispatch_1
                0x00000001                ASSERT (((_vector_spacing == 0x0) || (SIZEOF (.vector_1) <= (_vector_spacing << 0x5))), function at exception vector 1 too large)

.vector_2       0x9fc01240        0x8
 *(.vector_2)
 .vector_2      0x9fc01240        0x8 /home/john/MPLAB-X/XC32_Compiler/bin/bin/../../lib/gcc/pic32mx/4.8.3/../../../../pic32mx/lib/libpic32.a(vector2.o)
                0x9fc01240                __vector_dispatch_2
                0x00000001                ASSERT (((_vector_spacing == 0x0) || (SIZEOF (.vector_2) <= (_vector_spacing << 0x5))), function at exception vector 2 too large)

.vector_3       0x9fc01260        0x8
 *(.vector_3)
 .vector_3      0x9fc01260        0x8 /home/john/MPLAB-X/XC32_Compiler/bin/bin/../../lib/gcc/pic32mx/4.8.3/../../../../pic32mx/lib/libpic32.a(vector3.o)
                0x9fc01260                __vector_dispatch_3
                0x00000001                ASSERT (((_vector_spacing == 0x0) || (SIZEOF (.vector_3) <= (_vector_spacing << 0x5))), function at exception vector 3 too large)

.vector_4       0x9fc01280        0x8
 *(.vector_4)
 .vector_4      0x9fc01280        0x8 build/default/production/_ext/1338673686/port.o
                0x9fc01280                __vector_dispatch_4
                0x00000001                ASSERT (((_vector_spacing == 0x0) || (SIZEOF (.vector_4) <= (_vector_spacing << 0x5))), function at exception vector 4 too large)

.vector_5       0x9fc012a0        0x8
 *(.vector_5)
 .vector_5      0x9fc012a0        0x8 /home/john/MPLAB-X/XC32_Compiler/bin/bin/../../lib/gcc/pic32mx/4.8.3/../../../../pic32mx/lib/libpic32.a(vector5.o)
                0x9fc012a0                __vector_dispatch_5
                0x00000001                ASSERT (((_vector_spacing == 0x0) || (SIZEOF (.vector_5) <= (_vector_spacing << 0x5))), function at exception vector 5 too large)

.vector_6       0x9fc012c0        0x8
 *(.vector_6)
 .vector_6      0x9fc012c0        0x8 /home/john/MPLAB-X/XC32_Compiler/bin/bin/../../lib/gcc/pic32mx/4.8.3/../../../../pic32mx/lib/libpic32.a(vector6.o)
                0x9fc012c0                __vector_dispatch_6
                0x00000001                ASSERT (((_vector_spacing == 0x0) || (SIZEOF (.vector_6) <= (_vector_spacing << 0x5))), function at exception vector 6 too large)

.vector_7       0x9fc012e0        0x8
 *(.vector_7)
 .vector_7      0x9fc012e0        0x8 /home/john/MPLAB-X/XC32_Compiler/bin/bin/../../lib/gcc/pic32mx/4.8.3/../../../../pic32mx/lib/libpic32.a(vector7.o)
                0x9fc012e0                __vector_dispatch_7
                0x00000001                ASSERT (((_vector_spacing == 0x0) || (SIZEOF (.vector_7) <= (_vector_spacing << 0x5))), function at exception vector 7 too large)

.vector_8       0x9fc01300        0x8
 *(.vector_8)
 .vector_8      0x9fc01300        0x8 /home/john/MPLAB-X/XC32_Compiler/bin/bin/../../lib/gcc/pic32mx/4.8.3/../../../../pic32mx/lib/libpic32.a(vector8.o)
                0x9fc01300                __vector_dispatch_8
                0x00000001                ASSERT (((_vector_spacing == 0x0) || (SIZEOF (.vector_8) <= (_vector_spacing << 0x5))), function at exception vector 8 too large)

.vector_9       0x9fc01320        0x8
 *(.vector_9)
 .vector_9      0x9fc01320        0x8 /home/john/MPLAB-X/XC32_Compiler/bin/bin/../../lib/gcc/pic32mx/4.8.3/../../../../pic32mx/lib/libpic32.a(vector9.o)
                0x9fc01320                __vector_dispatch_9
                0x00000001                ASSERT (((_vector_spacing == 0x0) || (SIZEOF (.vector_9) <= (_vector_spacing << 0x5))), function at exception vector 9 too large)

.vector_10      0x9fc01340        0x8
 *(.vector_10)
 .vector_10     0x9fc01340        0x8 /home/john/MPLAB-X/XC32_Compiler/bin/bin/../../lib/gcc/pic32mx/4.8.3/../../../../pic32mx/lib/libpic32.a(vector10.o)
                0x9fc01340                __vector_dispatch_10
                0x00000001                ASSERT (((_vector_spacing == 0x0) || (SIZEOF (.vector_10) <= (_vector_spacing << 0x5))), function at exception vector 10 too large)

.vector_11      0x9fc01360        0x8
 *(.vector_11)
 .vector_11     0x9fc01360        0x8 /home/john/MPLAB-X/XC32_Compiler/bin/bin/../../lib/gcc/pic32mx/4.8.3/../../../../pic32mx/lib/libpic32.a(vector11.o)
                0x9fc01360                __vector_dispatch_11
                0x00000001                ASSERT (((_vector_spacing == 0x0) || (SIZEOF (.vector_11) <= (_vector_spacing << 0x5))), function at exception vector 11 too large)

.vector_12      0x9fc01380        0x8
 *(.vector_12)
 .vector_12     0x9fc01380        0x8 /home/john/MPLAB-X/XC32_Compiler/bin/bin/../../lib/gcc/pic32mx/4.8.3/../../../../pic32mx/lib/libpic32.a(vector12.o)
                0x9fc01380                __vector_dispatch_12
                0x00000001                ASSERT (((_vector_spacing == 0x0) || (SIZEOF (.vector_12) <= (_vector_spacing << 0x5))), function at exception vector 12 too large)

.vector_13      0x9fc013a0        0x8
 *(.vector_13)
 .vector_13     0x9fc013a0        0x8 /home/john/MPLAB-X/XC32_Compiler/bin/bin/../../lib/gcc/pic32mx/4.8.3/../../../../pic32mx/lib/libpic32.a(vector13.o)
                0x9fc013a0                __vector_dispatch_13
                0x00000001                ASSERT (((_vector_spacing == 0x0) || (SIZEOF (.vector_13) <= (_vector_spacing << 0x5))), function at exception vector 13 too large)

.vector_14      0x9fc013c0        0x8
 *(.vector_14)
 .vector_14     0x9fc013c0        0x8 /home/john/MPLAB-X/XC32_Compiler/bin/bin/../../lib/gcc/pic32mx/4.8.3/../../../../pic32mx/lib/libpic32.a(vector14.o)
                0x9fc013c0                __vector_dispatch_14
                0x00000001                ASSERT (((_vector_spacing == 0x0) || (SIZEOF (.vector_14) <= (_vector_spacing << 0x5))), function at exception vector 14 too large)

.vector_15      0x9fc013e0        0x8
 *(.vector_15)
 .vector_15     0x9fc013e0        0x8 /home/john/MPLAB-X/XC32_Compiler/bin/bin/../../lib/gcc/pic32mx/4.8.3/../../../../pic32mx/lib/libpic32.a(vector15.o)
                0x9fc013e0                __vector_dispatch_15
                0x00000001                ASSERT (((_vector_spacing == 0x0) || (SIZEOF (.vector_15) <= (_vector_spacing << 0x5))), function at exception vector 15 too large)

.vector_16      0x9fc01400        0x8
 *(.vector_16)
 .vector_16     0x9fc01400        0x8 /home/john/MPLAB-X/XC32_Compiler/bin/bin/../../lib/gcc/pic32mx/4.8.3/../../../../pic32mx/lib/libpic32.a(vector16.o)
                0x9fc01400                __vector_dispatch_16
                0x00000001                ASSERT (((_vector_spacing == 0x0) || (SIZEOF (.vector_16) <= (_vector_spacing << 0x5))), function at exception vector 16 too large)

.vector_17      0x9fc01420        0x8
 *(.vector_17)
 .vector_17     0x9fc01420        0x8 /home/john/MPLAB-X/XC32_Compiler/bin/bin/../../lib/gcc/pic32mx/4.8.3/../../../../pic32mx/lib/libpic32.a(vector17.o)
                0x9fc01420                __vector_dispatch_17
                0x00000001                ASSERT (((_vector_spacing == 0x0) || (SIZEOF (.vector_17) <= (_vector_spacing << 0x5))), function at exception vector 17 too large)

.vector_18      0x9fc01440        0x8
 *(.vector_18)
 .vector_18     0x9fc01440        0x8 /home/john/MPLAB-X/XC32_Compiler/bin/bin/../../lib/gcc/pic32mx/4.8.3/../../../../pic32mx/lib/libpic32.a(vector18.o)
                0x9fc01440                __vector_dispatch_18
                0x00000001                ASSERT (((_vector_spacing == 0x0) || (SIZEOF (.vector_18) <= (_vector_spacing << 0x5))), function at exception vector 18 too large)

.vector_19      0x9fc01460        0x8
 *(.vector_19)
 .vector_19     0x9fc01460        0x8 /home/john/MPLAB-X/XC32_Compiler/bin/bin/../../lib/gcc/pic32mx/4.8.3/../../../../pic32mx/lib/libpic32.a(vector19.o)
                0x9fc01460                __vector_dispatch_19
                0x00000001                ASSERT (((_vector_spacing == 0x0) || (SIZEOF (.vector_19) <= (_vector_spacing << 0x5))), function at exception vector 19 too large)

.vector_20      0x9fc01480        0x8
 *(.vector_20)
 .vector_20     0x9fc01480        0x8 /home/john/MPLAB-X/XC32_Compiler/bin/bin/../../lib/gcc/pic32mx/4.8.3/../../../../pic32mx/lib/libpic32.a(vector20.o)
                0x9fc01480                __vector_dispatch_20
                0x00000001                ASSERT (((_vector_spacing == 0x0) || (SIZEOF (.vector_20) <= (_vector_spacing << 0x5))), function at exception vector 20 too large)

.vector_21      0x9fc014a0        0x8
 *(.vector_21)
 .vector_21     0x9fc014a0        0x8 /home/john/MPLAB-X/XC32_Compiler/bin/bin/../../lib/gcc/pic32mx/4.8.3/../../../../pic32mx/lib/libpic32.a(vector21.o)
                0x9fc014a0                __vector_dispatch_21
                0x00000001                ASSERT (((_vector_spacing == 0x0) || (SIZEOF (.vector_21) <= (_vector_spacing << 0x5))), function at exception vector 21 too large)

.vector_22      0x9fc014c0        0x8
 *(.vector_22)
 .vector_22     0x9fc014c0        0x8 /home/john/MPLAB-X/XC32_Compiler/bin/bin/../../lib/gcc/pic32mx/4.8.3/../../../../pic32mx/lib/libpic32.a(vector22.o)
                0x9fc014c0                __vector_dispatch_22
                0x00000001                ASSERT (((_vector_spacing == 0x0) || (SIZEOF (.vector_22) <= (_vector_spacing << 0x5))), function at exception vector 22 too large)

.vector_23      0x9fc014e0        0x8
 *(.vector_23)
 .vector_23     0x9fc014e0        0x8 /home/john/MPLAB-X/XC32_Compiler/bin/bin/../../lib/gcc/pic32mx/4.8.3/../../../../pic32mx/lib/libpic32.a(vector23.o)
                0x9fc014e0                __vector_dispatch_23
                0x00000001                ASSERT (((_vector_spacing == 0x0) || (SIZEOF (.vector_23) <= (_vector_spacing << 0x5))), function at exception vector 23 too large)

.vector_24      0x9fc01500        0x8
 *(.vector_24)
 .vector_24     0x9fc01500        0x8 /home/john/MPLAB-X/XC32_Compiler/bin/bin/../../lib/gcc/pic32mx/4.8.3/../../../../pic32mx/lib/libpic32.a(vector24.o)
                0x9fc01500                __vector_dispatch_24
                0x00000001                ASSERT (((_vector_spacing == 0x0) || (SIZEOF (.vector_24) <= (_vector_spacing << 0x5))), function at exception vector 24 too large)

.vector_25      0x9fc01520        0x8
 *(.vector_25)
 .vector_25     0x9fc01520        0x8 /home/john/MPLAB-X/XC32_Compiler/bin/bin/../../lib/gcc/pic32mx/4.8.3/../../../../pic32mx/lib/libpic32.a(vector25.o)
                0x9fc01520                __vector_dispatch_25
                0x00000001                ASSERT (((_vector_spacing == 0x0) || (SIZEOF (.vector_25) <= (_vector_spacing << 0x5))), function at exception vector 25 too large)

.vector_26      0x9fc01540        0x8
 *(.vector_26)
 .vector_26     0x9fc01540        0x8 /home/john/MPLAB-X/XC32_Compiler/bin/bin/../../lib/gcc/pic32mx/4.8.3/../../../../pic32mx/lib/libpic32.a(vector26.o)
                0x9fc01540                __vector_dispatch_26
                0x00000001                ASSERT (((_vector_spacing == 0x0) || (SIZEOF (.vector_26) <= (_vector_spacing << 0x5))), function at exception vector 26 too large)

.vector_27      0x9fc01560        0x8
 *(.vector_27)
 .vector_27     0x9fc01560        0x8 /home/john/MPLAB-X/XC32_Compiler/bin/bin/../../lib/gcc/pic32mx/4.8.3/../../../../pic32mx/lib/libpic32.a(vector27.o)
                0x9fc01560                __vector_dispatch_27
                0x00000001                ASSERT (((_vector_spacing == 0x0) || (SIZEOF (.vector_27) <= (_vector_spacing << 0x5))), function at exception vector 27 too large)

.vector_28      0x9fc01580        0x8
 *(.vector_28)
 .vector_28     0x9fc01580        0x8 /home/john/MPLAB-X/XC32_Compiler/bin/bin/../../lib/gcc/pic32mx/4.8.3/../../../../pic32mx/lib/libpic32.a(vector28.o)
                0x9fc01580                __vector_dispatch_28
                0x00000001                ASSERT (((_vector_spacing == 0x0) || (SIZEOF (.vector_28) <= (_vector_spacing << 0x5))), function at exception vector 28 too large)

.vector_29      0x9fc015a0        0x8
 *(.vector_29)
 .vector_29     0x9fc015a0        0x8 /home/john/MPLAB-X/XC32_Compiler/bin/bin/../../lib/gcc/pic32mx/4.8.3/../../../../pic32mx/lib/libpic32.a(vector29.o)
                0x9fc015a0                __vector_dispatch_29
                0x00000001                ASSERT (((_vector_spacing == 0x0) || (SIZEOF (.vector_29) <= (_vector_spacing << 0x5))), function at exception vector 29 too large)

.vector_30      0x9fc015c0        0x8
 *(.vector_30)
 .vector_30     0x9fc015c0        0x8 /home/john/MPLAB-X/XC32_Compiler/bin/bin/../../lib/gcc/pic32mx/4.8.3/../../../../pic32mx/lib/libpic32.a(vector30.o)
                0x9fc015c0                __vector_dispatch_30
                0x00000001                ASSERT (((_vector_spacing == 0x0) || (SIZEOF (.vector_30) <= (_vector_spacing << 0x5))), function at exception vector 30 too large)

.vector_31      0x9fc015e0        0x8
 *(.vector_31)
 .vector_31     0x9fc015e0        0x8 /home/john/MPLAB-X/XC32_Compiler/bin/bin/../../lib/gcc/pic32mx/4.8.3/../../../../pic32mx/lib/libpic32.a(vector31.o)
                0x9fc015e0                __vector_dispatch_31
                0x00000001                ASSERT (((_vector_spacing == 0x0) || (SIZEOF (.vector_31) <= (_vector_spacing << 0x5))), function at exception vector 31 too large)

.vector_32      0x9fc01600        0x8
 *(.vector_32)
 .vector_32     0x9fc01600        0x8 /home/john/MPLAB-X/XC32_Compiler/bin/bin/../../lib/gcc/pic32mx/4.8.3/../../../../pic32mx/lib/libpic32.a(vector32.o)
                0x9fc01600                __vector_dispatch_32
                0x00000001                ASSERT (((_vector_spacing == 0x0) || (SIZEOF (.vector_32) <= (_vector_spacing << 0x5))), function at exception vector 32 too large)

.vector_33      0x9fc01620        0x8
 *(.vector_33)
 .vector_33     0x9fc01620        0x8 /home/john/MPLAB-X/XC32_Compiler/bin/bin/../../lib/gcc/pic32mx/4.8.3/../../../../pic32mx/lib/libpic32.a(vector33.o)
                0x9fc01620                __vector_dispatch_33
                0x00000001                ASSERT (((_vector_spacing == 0x0) || (SIZEOF (.vector_33) <= (_vector_spacing << 0x5))), function at exception vector 33 too large)

.vector_34      0x9fc01640        0x8
 *(.vector_34)
 .vector_34     0x9fc01640        0x8 /home/john/MPLAB-X/XC32_Compiler/bin/bin/../../lib/gcc/pic32mx/4.8.3/../../../../pic32mx/lib/libpic32.a(vector34.o)
                0x9fc01640                __vector_dispatch_34
                0x00000001                ASSERT (((_vector_spacing == 0x0) || (SIZEOF (.vector_34) <= (_vector_spacing << 0x5))), function at exception vector 34 too large)

.vector_35      0x9fc01660        0x8
 *(.vector_35)
 .vector_35     0x9fc01660        0x8 /home/john/MPLAB-X/XC32_Compiler/bin/bin/../../lib/gcc/pic32mx/4.8.3/../../../../pic32mx/lib/libpic32.a(vector35.o)
                0x9fc01660                __vector_dispatch_35
                0x00000001                ASSERT (((_vector_spacing == 0x0) || (SIZEOF (.vector_35) <= (_vector_spacing << 0x5))), function at exception vector 35 too large)

.vector_36      0x9fc01680        0x8
 *(.vector_36)
 .vector_36     0x9fc01680        0x8 /home/john/MPLAB-X/XC32_Compiler/bin/bin/../../lib/gcc/pic32mx/4.8.3/../../../../pic32mx/lib/libpic32.a(vector36.o)
                0x9fc01680                __vector_dispatch_36
                0x00000001                ASSERT (((_vector_spacing == 0x0) || (SIZEOF (.vector_36) <= (_vector_spacing << 0x5))), function at exception vector 36 too large)

.vector_37      0x9fc016a0        0x8
 *(.vector_37)
 .vector_37     0x9fc016a0        0x8 /home/john/MPLAB-X/XC32_Compiler/bin/bin/../../lib/gcc/pic32mx/4.8.3/../../../../pic32mx/lib/libpic32.a(vector37.o)
                0x9fc016a0                __vector_dispatch_37
                0x00000001                ASSERT (((_vector_spacing == 0x0) || (SIZEOF (.vector_37) <= (_vector_spacing << 0x5))), function at exception vector 37 too large)

.vector_38      0x9fc016c0        0x8
 *(.vector_38)
 .vector_38     0x9fc016c0        0x8 /home/john/MPLAB-X/XC32_Compiler/bin/bin/../../lib/gcc/pic32mx/4.8.3/../../../../pic32mx/lib/libpic32.a(vector38.o)
                0x9fc016c0                __vector_dispatch_38
                0x00000001                ASSERT (((_vector_spacing == 0x0) || (SIZEOF (.vector_38) <= (_vector_spacing << 0x5))), function at exception vector 38 too large)

.vector_39      0x9fc016e0        0x8
 *(.vector_39)
 .vector_39     0x9fc016e0        0x8 /home/john/MPLAB-X/XC32_Compiler/bin/bin/../../lib/gcc/pic32mx/4.8.3/../../../../pic32mx/lib/libpic32.a(vector39.o)
                0x9fc016e0                __vector_dispatch_39
                0x00000001                ASSERT (((_vector_spacing == 0x0) || (SIZEOF (.vector_39) <= (_vector_spacing << 0x5))), function at exception vector 39 too large)

.vector_40      0x9fc01700        0x8
 *(.vector_40)
 .vector_40     0x9fc01700        0x8 /home/john/MPLAB-X/XC32_Compiler/bin/bin/../../lib/gcc/pic32mx/4.8.3/../../../../pic32mx/lib/libpic32.a(vector40.o)
                0x9fc01700                __vector_dispatch_40
                0x00000001                ASSERT (((_vector_spacing == 0x0) || (SIZEOF (.vector_40) <= (_vector_spacing << 0x5))), function at exception vector 40 too large)

.vector_41      0x9fc01720        0x8
 *(.vector_41)
 .vector_41     0x9fc01720        0x8 /home/john/MPLAB-X/XC32_Compiler/bin/bin/../../lib/gcc/pic32mx/4.8.3/../../../../pic32mx/lib/libpic32.a(vector41.o)
                0x9fc01720                __vector_dispatch_41
                0x00000001                ASSERT (((_vector_spacing == 0x0) || (SIZEOF (.vector_41) <= (_vector_spacing << 0x5))), function at exception vector 41 too large)

.vector_42      0x9fc01740        0x8
 *(.vector_42)
 .vector_42     0x9fc01740        0x8 /home/john/MPLAB-X/XC32_Compiler/bin/bin/../../lib/gcc/pic32mx/4.8.3/../../../../pic32mx/lib/libpic32.a(vector42.o)
                0x9fc01740                __vector_dispatch_42
                0x00000001                ASSERT (((_vector_spacing == 0x0) || (SIZEOF (.vector_42) <= (_vector_spacing << 0x5))), function at exception vector 42 too large)

.vector_43      0x9fc01760        0x8
 *(.vector_43)
 .vector_43     0x9fc01760        0x8 /home/john/MPLAB-X/XC32_Compiler/bin/bin/../../lib/gcc/pic32mx/4.8.3/../../../../pic32mx/lib/libpic32.a(vector43.o)
                0x9fc01760                __vector_dispatch_43
                0x00000001                ASSERT (((_vector_spacing == 0x0) || (SIZEOF (.vector_43) <= (_vector_spacing << 0x5))), function at exception vector 43 too large)

.vector_44      0x9fc01780        0x8
 *(.vector_44)
 .vector_44     0x9fc01780        0x8 /home/john/MPLAB-X/XC32_Compiler/bin/bin/../../lib/gcc/pic32mx/4.8.3/../../../../pic32mx/lib/libpic32.a(vector44.o)
                0x9fc01780                __vector_dispatch_44
                0x00000001                ASSERT (((_vector_spacing == 0x0) || (SIZEOF (.vector_44) <= (_vector_spacing << 0x5))), function at exception vector 44 too large)

.vector_45      0x9fc017a0        0x8
 *(.vector_45)
 .vector_45     0x9fc017a0        0x8 /home/john/MPLAB-X/XC32_Compiler/bin/bin/../../lib/gcc/pic32mx/4.8.3/../../../../pic32mx/lib/libpic32.a(vector45.o)
                0x9fc017a0                __vector_dispatch_45
                0x00000001                ASSERT (((_vector_spacing == 0x0) || (SIZEOF (.vector_45) <= (_vector_spacing << 0x5))), function at exception vector 45 too large)

.vector_46      0x9fc017c0        0x8
 *(.vector_46)
 .vector_46     0x9fc017c0        0x8 /home/john/MPLAB-X/XC32_Compiler/bin/bin/../../lib/gcc/pic32mx/4.8.3/../../../../pic32mx/lib/libpic32.a(vector46.o)
                0x9fc017c0                __vector_dispatch_46
                0x00000001                ASSERT (((_vector_spacing == 0x0) || (SIZEOF (.vector_46) <= (_vector_spacing << 0x5))), function at exception vector 46 too large)

.vector_47      0x9fc017e0        0x8
 *(.vector_47)
 .vector_47     0x9fc017e0        0x8 /home/john/MPLAB-X/XC32_Compiler/bin/bin/../../lib/gcc/pic32mx/4.8.3/../../../../pic32mx/lib/libpic32.a(vector47.o)
                0x9fc017e0                __vector_dispatch_47
                0x00000001                ASSERT (((_vector_spacing == 0x0) || (SIZEOF (.vector_47) <= (_vector_spacing << 0x5))), function at exception vector 47 too large)

.vector_48      0x9fc01800        0x8
 *(.vector_48)
 .vector_48     0x9fc01800        0x8 /home/john/MPLAB-X/XC32_Compiler/bin/bin/../../lib/gcc/pic32mx/4.8.3/../../../../pic32mx/lib/libpic32.a(vector48.o)
                0x9fc01800                __vector_dispatch_48
                0x00000001                ASSERT (((_vector_spacing == 0x0) || (SIZEOF (.vector_48) <= (_vector_spacing << 0x5))), function at exception vector 48 too large)

.vector_49      0x9fc01820        0x8
 *(.vector_49)
 .vector_49     0x9fc01820        0x8 /home/john/MPLAB-X/XC32_Compiler/bin/bin/../../lib/gcc/pic32mx/4.8.3/../../../../pic32mx/lib/libpic32.a(vector49.o)
                0x9fc01820                __vector_dispatch_49
                0x00000001                ASSERT (((_vector_spacing == 0x0) || (SIZEOF (.vector_49) <= (_vector_spacing << 0x5))), function at exception vector 49 too large)

.vector_50      0x9fc01840        0x8
 *(.vector_50)
 .vector_50     0x9fc01840        0x8 /home/john/MPLAB-X/XC32_Compiler/bin/bin/../../lib/gcc/pic32mx/4.8.3/../../../../pic32mx/lib/libpic32.a(vector50.o)
                0x9fc01840                __vector_dispatch_50
                0x00000001                ASSERT (((_vector_spacing == 0x0) || (SIZEOF (.vector_50) <= (_vector_spacing << 0x5))), function at exception vector 50 too large)

.vector_51      0x9fc01860        0x8
 *(.vector_51)
 .vector_51     0x9fc01860        0x8 /home/john/MPLAB-X/XC32_Compiler/bin/bin/../../lib/gcc/pic32mx/4.8.3/../../../../pic32mx/lib/libpic32.a(vector51.o)
                0x9fc01860                __vector_dispatch_51
                0x00000001                ASSERT (((_vector_spacing == 0x0) || (SIZEOF (.vector_51) <= (_vector_spacing << 0x5))), function at exception vector 51 too large)

.vector_52      0x9fc01880        0x0
 *(.vector_52)
                0x00000001                ASSERT (((_vector_spacing == 0x0) || (SIZEOF (.vector_52) <= (_vector_spacing << 0x5))), function at exception vector 52 too large)

.vector_53      0x9fc018a0        0x0
 *(.vector_53)
                0x00000001                ASSERT (((_vector_spacing == 0x0) || (SIZEOF (.vector_53) <= (_vector_spacing << 0x5))), function at exception vector 53 too large)

.vector_54      0x9fc018c0        0x0
 *(.vector_54)
                0x00000001                ASSERT (((_vector_spacing == 0x0) || (SIZEOF (.vector_54) <= (_vector_spacing << 0x5))), function at exception vector 54 too large)

.vector_55      0x9fc018e0        0x0
 *(.vector_55)
                0x00000001                ASSERT (((_vector_spacing == 0x0) || (SIZEOF (.vector_55) <= (_vector_spacing << 0x5))), function at exception vector 55 too large)

.vector_56      0x9fc01900        0x0
 *(.vector_56)
                0x00000001                ASSERT (((_vector_spacing == 0x0) || (SIZEOF (.vector_56) <= (_vector_spacing << 0x5))), function at exception vector 56 too large)

.vector_57      0x9fc01920        0x0
 *(.vector_57)
                0x00000001                ASSERT (((_vector_spacing == 0x0) || (SIZEOF (.vector_57) <= (_vector_spacing << 0x5))), function at exception vector 57 too large)

.vector_58      0x9fc01940        0x0
 *(.vector_58)
                0x00000001                ASSERT (((_vector_spacing == 0x0) || (SIZEOF (.vector_58) <= (_vector_spacing << 0x5))), function at exception vector 58 too large)

.vector_59      0x9fc01960        0x0
 *(.vector_59)
                0x00000001                ASSERT (((_vector_spacing == 0x0) || (SIZEOF (.vector_59) <= (_vector_spacing << 0x5))), function at exception vector 59 too large)

.vector_60      0x9fc01980        0x0
 *(.vector_60)
                0x00000001                ASSERT (((_vector_spacing == 0x0) || (SIZEOF (.vector_60) <= (_vector_spacing << 0x5))), function at exception vector 60 too large)

.vector_61      0x9fc019a0        0x0
 *(.vector_61)
                0x00000001                ASSERT (((_vector_spacing == 0x0) || (SIZEOF (.vector_61) <= (_vector_spacing << 0x5))), function at exception vector 61 too large)

.vector_62      0x9fc019c0        0x0
 *(.vector_62)
                0x00000001                ASSERT (((_vector_spacing == 0x0) || (SIZEOF (.vector_62) <= (_vector_spacing << 0x5))), function at exception vector 62 too large)

.vector_63      0x9fc019e0        0x0
 *(.vector_63)
                0x00000001                ASSERT (((_vector_spacing == 0x0) || (SIZEOF (.vector_63) <= (_vector_spacing << 0x5))), function at exception vector 63 too large)

.startup
 *(.startup)

.text           0x9d000000        0x0
 *(.stub .gnu.linkonce.t.*)
 *(.text.*personality*)
 *(.mips16.fn.*)
 *(.mips16.call.*)
 *(.gnu.warning)
                0x9d000000                . = ALIGN (0x4)

.init           0x9d000000        0x0
 *crti.o(.init)
 *crtbegin.o(.init)
 *(EXCLUDE_FILE(*crtn.o *crtend?.o *crtend.o) .init)
 *crtend.o(.init)
 *crtn.o(.init)
                0x9d000000                . = ALIGN (0x4)

.fini           0x9d000000        0x0
 *(.fini)
                0x9d000000                . = ALIGN (0x4)

.preinit_array  0x9d000000        0x0
                0x9d000000                PROVIDE (__preinit_array_start, .)
 *(.preinit_array)
                0x9d000000                PROVIDE (__preinit_array_end, .)
                0x9d000000                . = ALIGN (0x4)

.init_array     0x9d000000        0x0
                0x9d000000                PROVIDE (__init_array_start, .)
 *(SORT(.init_array.*))
 *(.init_array)
                0x9d000000                PROVIDE (__init_array_end, .)
                0x9d000000                . = ALIGN (0x4)

.fini_array     0x9d000000        0x0
                0x9d000000                PROVIDE (__fini_array_start, .)
 *(SORT(.fini_array.*))
 *(.fini_array)
                0x9d000000                PROVIDE (__fini_array_end, .)
                0x9d000000                . = ALIGN (0x4)

.ctors          0x9d000000        0x0
 *crtbegin.o(.ctors)
 *crtbegin?.o(.ctors)
 *(EXCLUDE_FILE(*crtend?.o *crtend.o) .ctors)
 *(SORT(.ctors.*))
 *(.ctors)
                0x9d000000                . = ALIGN (0x4)

.dtors          0x9d000000        0x0
 *crtbegin.o(.dtors)
 *crtbegin?.o(.dtors)
 *(EXCLUDE_FILE(*crtend?.o *crtend.o) .dtors)
 *(SORT(.dtors.*))
 *(.dtors)
                0x9d000000                . = ALIGN (0x4)

.rodata         0x9d000000        0x0
 *(.gnu.linkonce.r.*)
 *(.rodata1)
                0x9d000000                . = ALIGN (0x4)

.sdata2         0x9fc00490        0x0
 *(.sdata2 .sdata2.* .gnu.linkonce.s2.*)
                0x9fc00490                . = ALIGN (0x4)

.sbss2          0x9fc00490        0x0
 *(.sbss2 .sbss2.* .gnu.linkonce.sb2.*)
                0x9fc00490                . = ALIGN (0x4)

.eh_frame_hdr
 *(.eh_frame_hdr)
                0x9fc00490                . = ALIGN (0x4)

.eh_frame
 *(.eh_frame)
                0x9fc00490                . = ALIGN (0x4)

.gcc_except_table
 *(.gcc_except_table .gcc_except_table.*)
                0x9fc00490                . = ALIGN (0x4)

.dbg_data       0xa0000000        0x0
                0xa0000000                . = (. + DEFINED (_DEBUGGER)?0x200:0x0)

.jcr            0xa0000000        0x0
 *(.jcr)
                0xa0000000                . = ALIGN (0x4)

.eh_frame
 *(.eh_frame)
                0xa0000000                . = ALIGN (0x4)

.gcc_except_table
 *(.gcc_except_table .gcc_except_table.*)
                0xa0000000                . = ALIGN (0x4)

.persist        0xa0000000        0x0
                0xa0000000                _persist_begin = .
 *(.persist .persist.*)
 *(.pbss .pbss.*)
                0xa0000000                . = ALIGN (0x4)
                0xa0000000                _persist_end = .

.data           0xa0000000        0x0
 *(.gnu.linkonce.d.*)
 *(.data1)
                0xa0000000                . = ALIGN (0x4)
                0xa0000000                . = .
                0xa0007ff0                _gp = (ALIGN (0x10) + 0x7ff0)

.got            0xa0000000        0x0
 *(.got.plt)
 *(.got)
                0xa0000000                . = ALIGN (0x4)

.sdata          0xa0000000       0x14
                0xa0000000                _sdata_begin = .
 *(.sdata .sdata.* .gnu.linkonce.s.*)
 .sdata         0xa0000000        0x4 build/default/production/_ext/1338673686/port.o
                0xa0000000                uxInterruptNesting
 .sdata         0xa0000004        0xc build/default/production/_ext/1688732426/system_init.o
                0xa0000004                consAppIOInit0
                0xa000000c                sysConsoleObjects
 .sdata         0xa0000010        0x4 /home/john/MPLAB-X/XC32_Compiler/bin/bin/../../lib/gcc/pic32mx/4.8.3/../../../../pic32mx/lib/libpic32.a(xc32_uart.o)
                0xa0000010                __XC_UART
                0xa0000014                . = ALIGN (0x4)
                0xa0000014                _sdata_end = .

.lit8
 *(.lit8)

.lit4
 *(.lit4)
                0xa0000014                . = ALIGN (0x4)
                0xa0000014                _data_end = .
                0xa0000014                _bss_begin = .

.sbss           0xa0000014       0x74
                0xa0000014                _sbss_begin = .
 *(.dynsbss)
 *(.sbss .sbss.* .gnu.linkonce.sb.*)
 .sbss          0xa0000014       0x38 build/default/production/_ext/1458882252/tasks.o
                0xa0000048                pxCurrentTCB
 .sbss          0xa000004c       0x10 build/default/production/_ext/1458882252/timers.o
 .sbss          0xa000005c        0x8 build/default/production/_ext/628943767/heap_1.o
 .sbss          0xa0000064        0x4 build/default/production/_ext/1338673686/port.o
                0xa0000064                uxSavedTaskStackPointer
 .sbss          0xa0000068        0x4 build/default/production/_ext/1360937237/app.o
 .sbss          0xa000006c        0xc build/default/production/_ext/1688732426/system_exceptions.o
 *(.scommon)
 .scommon       0xa0000078        0x4 build/default/production/_ext/1952159421/sys_debug.o
                0xa0000078                gblErrLvl
 .scommon       0xa000007c        0x8 build/default/production/_ext/1921105363/sys_devcon.o
                0xa000007c                sysDevconObj
 .scommon       0xa0000084        0x4 build/default/production/_ext/327000265/drv_usart_static.o
                0xa0000084                gDrvUSART0Obj
                0xa0000088                _sbss_end = .
                0xa0000088                . = ALIGN (0x4)

.bss            0xa0000088       0x38
 *(.dynbss)
 *(COMMON)
 COMMON         0xa0000088       0x10 build/default/production/_ext/1952159421/sys_debug.o
                0xa0000088                sysDebugInstance
 COMMON         0xa0000098       0x18 build/default/production/_ext/1360937237/app.o
                0xa0000098                appData
 COMMON         0xa00000b0       0x10 build/default/production/_ext/1688732426/system_init.o
                0xa00000b0                sysObj
                0xa00000c0                . = ALIGN ((. != 0x0)?0x4:0x1)
                0xa00000c0                . = ALIGN (0x4)
                0xa00000c0                _end = .
                0xa00000c0                _bss_end = .
                0x00020000                _bmxdudba_address = 0x20000
                0x00020000                _bmxdupba_address = 0x20000

/DISCARD/
 *(.pdr)
 *(.rel.dyn)
 *(.note.GNU-stack)
 *(.note.GNU-stack)
 *(.gnu_debuglink)
 *(.gnu.lto_*)
 *(.discard)

.gptab.sdata
 *(.gptab.data)
 *(.gptab.sdata)

.gptab.sbss
 *(.gptab.bss)
 *(.gptab.sbss)

.mdebug.abi32   0xa00000c0        0x0
 *(.mdebug.abi32)
 .mdebug.abi32  0xa00000c0        0x0 build/default/production/_ext/1360937237/app_public.o
 .mdebug.abi32  0xa00000c0        0x0 build/default/production/_ext/1964585049/osal_freertos.o
 .mdebug.abi32  0xa00000c0        0x0 build/default/production/_ext/207392127/sys_console.o
 .mdebug.abi32  0xa00000c0        0x0 build/default/production/_ext/207392127/sys_console_appio.o
 .mdebug.abi32  0xa00000c0        0x0 build/default/production/_ext/1952159421/sys_debug.o
 .mdebug.abi32  0xa00000c0        0x0 build/default/production/_ext/1921105363/sys_devcon.o
 .mdebug.abi32  0xa00000c0        0x0 build/default/production/_ext/1921105363/sys_devcon_pic32mx.o
 .mdebug.abi32  0xa00000c0        0x0 build/default/production/_ext/993332121/sys_int_pic32.o
 .mdebug.abi32  0xa00000c0        0x0 build/default/production/_ext/1458882252/croutine.o
 .mdebug.abi32  0xa00000c0        0x0 build/default/production/_ext/1458882252/list.o
 .mdebug.abi32  0xa00000c0        0x0 build/default/production/_ext/1458882252/queue.o
 .mdebug.abi32  0xa00000c0        0x0 build/default/production/_ext/1458882252/tasks.o
 .mdebug.abi32  0xa00000c0        0x0 build/default/production/_ext/1458882252/timers.o
 .mdebug.abi32  0xa00000c0        0x0 build/default/production/_ext/1458882252/event_groups.o
 .mdebug.abi32  0xa00000c0        0x0 build/default/production/_ext/628943767/heap_1.o
 .mdebug.abi32  0xa00000c0        0x0 build/default/production/_ext/1338673686/port.o
 .mdebug.abi32  0xa00000c0        0x0 build/default/production/_ext/1360937237/app.o
 .mdebug.abi32  0xa00000c0        0x0 build/default/production/_ext/327000265/drv_usart_mapping.o
 .mdebug.abi32  0xa00000c0        0x0 build/default/production/_ext/327000265/drv_usart_static.o
 .mdebug.abi32  0xa00000c0        0x0 build/default/production/_ext/327000265/drv_usart_static_byte_model.o
 .mdebug.abi32  0xa00000c0        0x0 build/default/production/_ext/639803181/sys_clk_static.o
 .mdebug.abi32  0xa00000c0        0x0 build/default/production/_ext/822048611/sys_ports_static.o
 .mdebug.abi32  0xa00000c0        0x0 build/default/production/_ext/1688732426/system_init.o
 .mdebug.abi32  0xa00000c0        0x0 build/default/production/_ext/1688732426/system_interrupt.o
 .mdebug.abi32  0xa00000c0        0x0 build/default/production/_ext/1688732426/system_exceptions.o
 .mdebug.abi32  0xa00000c0        0x0 build/default/production/_ext/1360937237/main.o
 .mdebug.abi32  0xa00000c0        0x0 build/default/production/_ext/1688732426/system_tasks.o
 .mdebug.abi32  0xa00000c0        0x0 build/default/production/_ext/1688732426/rtos_hooks.o
 .mdebug.abi32  0xa00000c0        0x0 /home/john/MPLAB-X/XC32_Compiler/bin/bin/../../lib/gcc/pic32mx/4.8.3/../../../../pic32mx/lib/libpic32.a(default-bootstrap-exception-handler.o)
 .mdebug.abi32  0xa00000c0        0x0 /home/john/MPLAB-X/XC32_Compiler/bin/bin/../../lib/gcc/pic32mx/4.8.3/../../../../pic32mx/lib/libpic32.a(default-on-reset.o)
 .mdebug.abi32  0xa00000c0        0x0 /home/john/MPLAB-X/XC32_Compiler/bin/bin/../../lib/gcc/pic32mx/4.8.3/../../../../pic32mx/lib/libpic32.a(default-on-bootstrap.o)
 .mdebug.abi32  0xa00000c0        0x0 /home/john/MPLAB-X/XC32_Compiler/bin/bin/../../lib/gcc/pic32mx/4.8.3/../../../../pic32mx/lib/libpic32.a(defaultinterrupt.o)
 .mdebug.abi32  0xa00000c0        0x0 /home/john/MPLAB-X/XC32_Compiler/bin/bin/../../lib/gcc/pic32mx/4.8.3/../../../../pic32mx/lib/libc.a(vsnprintf.o)
 .mdebug.abi32  0xa00000c0        0x0 /home/john/MPLAB-X/XC32_Compiler/bin/bin/../../lib/gcc/pic32mx/4.8.3/../../../../pic32mx/lib/libc.a(doprnt.o)
 .mdebug.abi32  0xa00000c0        0x0 /home/john/MPLAB-X/XC32_Compiler/bin/bin/../../lib/gcc/pic32mx/4.8.3/../../../../pic32mx/lib/libc.a(_fputc_simple.o)
 .mdebug.abi32  0xa00000c0        0x0 /home/john/MPLAB-X/XC32_Compiler/bin/bin/../../lib/gcc/pic32mx/4.8.3/../../../../pic32mx/lib/libc.a(ctype.o)
 .mdebug.abi32  0xa00000c0        0x0 /home/john/MPLAB-X/XC32_Compiler/bin/bin/../../lib/gcc/pic32mx/4.8.3/../../../../pic32mx/lib/libc.a(powersf.o)
 .mdebug.abi32  0xa00000c0        0x0 /home/john/MPLAB-X/XC32_Compiler/bin/bin/../../lib/gcc/pic32mx/4.8.3/../../../../pic32mx/lib/libc.a(_iob.o)
 .mdebug.abi32  0xa00000c0        0x0 /home/john/MPLAB-X/XC32_Compiler/bin/bin/../../lib/gcc/pic32mx/4.8.3/../../../../pic32mx/lib/libc.a(_flsbuf_simple.o)
 .mdebug.abi32  0xa00000c0        0x0 /home/john/MPLAB-X/XC32_Compiler/bin/bin/../../lib/gcc/pic32mx/4.8.3/../../../../pic32mx/lib/libpic32.a(write.o)
 .mdebug.abi32  0xa00000c0        0x0 /home/john/MPLAB-X/XC32_Compiler/bin/bin/../../lib/gcc/pic32mx/4.8.3/../../../../pic32mx/lib/libpic32.a(_mon_putc.o)
 .mdebug.abi32  0xa00000c0        0x0 /home/john/MPLAB-X/XC32_Compiler/bin/bin/../../lib/gcc/pic32mx/4.8.3/../../../../pic32mx/lib/libpic32.a(xc32_uart.o)
 .mdebug.abi32  0xa00000c0        0x0 /home/john/MPLAB-X/XC32_Compiler/bin/bin/../../lib/gcc/pic32mx/4.8.3/../../../../pic32mx/lib/libe.a(_floatdisf.o)
 .mdebug.abi32  0xa00000c0        0x0 /home/john/MPLAB-X/XC32_Compiler/bin/bin/../../lib/gcc/pic32mx/4.8.3/libgcc.a(_udivdi3.o)
 .mdebug.abi32  0xa00000c0        0x0 /home/john/MPLAB-X/XC32_Compiler/bin/bin/../../lib/gcc/pic32mx/4.8.3/libgcc.a(_umoddi3.o)
 .mdebug.abi32  0xa00000c0        0x0 /home/john/MPLAB-X/XC32_Compiler/bin/bin/../../lib/gcc/pic32mx/4.8.3/libgcc.a(floatunsisf.o)

.mdebug.abiN32
 *(.mdebug.abiN32)

.mdebug.abi64
 *(.mdebug.abi64)

.mdebug.abiO64
 *(.mdebug.abiO64)

.mdebug.eabi32
 *(.mdebug.eabi32)

.mdebug.eabi64
 *(.mdebug.eabi64)

.gcc_compiled_long32
 *(.gcc_compiled_long32)

.gcc_compiled_long64
 *(.gcc_compiled_long64)

.stab
 *(.stab)

.stabstr
 *(.stabstr)

.stab.excl
 *(.stab.excl)

.stab.exclstr
 *(.stab.exclstr)

.stab.index
 *(.stab.index)

.stab.indexstr
 *(.stab.indexstr)

.comment        0x00000000      0x172
 *(.comment)
 .comment       0x00000000       0x3c build/default/production/_ext/1360937237/app_public.o
                                 0x3d (size before relaxing)
 .comment       0x00000000       0x3d build/default/production/_ext/1964585049/osal_freertos.o
 .comment       0x00000000       0x3d build/default/production/_ext/207392127/sys_console.o
 .comment       0x00000000       0x3d build/default/production/_ext/207392127/sys_console_appio.o
 .comment       0x00000000       0x3d build/default/production/_ext/1952159421/sys_debug.o
 .comment       0x00000000       0x3d build/default/production/_ext/1921105363/sys_devcon.o
 .comment       0x00000000       0x3d build/default/production/_ext/1921105363/sys_devcon_pic32mx.o
 .comment       0x00000000       0x3d build/default/production/_ext/993332121/sys_int_pic32.o
 .comment       0x00000000       0x3d build/default/production/_ext/1458882252/croutine.o
 .comment       0x00000000       0x3d build/default/production/_ext/1458882252/list.o
 .comment       0x00000000       0x3d build/default/production/_ext/1458882252/queue.o
 .comment       0x00000000       0x3d build/default/production/_ext/1458882252/tasks.o
 .comment       0x00000000       0x3d build/default/production/_ext/1458882252/timers.o
 .comment       0x00000000       0x3d build/default/production/_ext/1458882252/event_groups.o
 .comment       0x00000000       0x3d build/default/production/_ext/628943767/heap_1.o
 .comment       0x00000000       0x3d build/default/production/_ext/1338673686/port.o
 .comment       0x00000000       0x3d build/default/production/_ext/1360937237/app.o
 .comment       0x00000000       0x3d build/default/production/_ext/327000265/drv_usart_mapping.o
 .comment       0x00000000       0x3d build/default/production/_ext/327000265/drv_usart_static.o
 .comment       0x00000000       0x3d build/default/production/_ext/327000265/drv_usart_static_byte_model.o
 .comment       0x00000000       0x3d build/default/production/_ext/639803181/sys_clk_static.o
 .comment       0x00000000       0x3d build/default/production/_ext/822048611/sys_ports_static.o
 .comment       0x00000000       0x3d build/default/production/_ext/1688732426/system_init.o
 .comment       0x00000000       0x3d build/default/production/_ext/1688732426/system_interrupt.o
 .comment       0x00000000       0x3d build/default/production/_ext/1688732426/system_exceptions.o
 .comment       0x00000000       0x3d build/default/production/_ext/1360937237/main.o
 .comment       0x00000000       0x3d build/default/production/_ext/1688732426/system_tasks.o
 .comment       0x00000000       0x3d build/default/production/_ext/1688732426/rtos_hooks.o
 .comment       0x0000003c       0x18 /home/john/MPLAB-X/XC32_Compiler/bin/bin/../../lib/gcc/pic32mx/4.8.3/../../../../pic32mx/lib/libpic32.a(memset.o)
                                 0x19 (size before relaxing)
 .comment       0x00000054       0x19 /home/john/MPLAB-X/XC32_Compiler/bin/bin/../../lib/gcc/pic32mx/4.8.3/../../../../pic32mx/lib/libpic32.a(strcpy.o)
                                 0x1a (size before relaxing)
 .comment       0x0000006d       0x19 /home/john/MPLAB-X/XC32_Compiler/bin/bin/../../lib/gcc/pic32mx/4.8.3/../../../../pic32mx/lib/libpic32.a(strlen.o)
                                 0x1a (size before relaxing)
 .comment       0x00000000       0x3d /home/john/MPLAB-X/XC32_Compiler/bin/bin/../../lib/gcc/pic32mx/4.8.3/../../../../pic32mx/lib/libpic32.a(default-bootstrap-exception-handler.o)
 .comment       0x00000000       0x3d /home/john/MPLAB-X/XC32_Compiler/bin/bin/../../lib/gcc/pic32mx/4.8.3/../../../../pic32mx/lib/libpic32.a(default-on-reset.o)
 .comment       0x00000000       0x3d /home/john/MPLAB-X/XC32_Compiler/bin/bin/../../lib/gcc/pic32mx/4.8.3/../../../../pic32mx/lib/libpic32.a(default-on-bootstrap.o)
 .comment       0x00000000       0x3d /home/john/MPLAB-X/XC32_Compiler/bin/bin/../../lib/gcc/pic32mx/4.8.3/../../../../pic32mx/lib/libpic32.a(defaultinterrupt.o)
 .comment       0x00000000       0x3d /home/john/MPLAB-X/XC32_Compiler/bin/bin/../../lib/gcc/pic32mx/4.8.3/../../../../pic32mx/lib/libc.a(vsnprintf.o)
 .comment       0x00000000       0x3d /home/john/MPLAB-X/XC32_Compiler/bin/bin/../../lib/gcc/pic32mx/4.8.3/../../../../pic32mx/lib/libc.a(doprnt.o)
 .comment       0x00000000       0x3d /home/john/MPLAB-X/XC32_Compiler/bin/bin/../../lib/gcc/pic32mx/4.8.3/../../../../pic32mx/lib/libc.a(_fputc_simple.o)
 .comment       0x00000086       0x4e /home/john/MPLAB-X/XC32_Compiler/bin/bin/../../lib/gcc/pic32mx/4.8.3/../../../../pic32mx/lib/libc.a(ctype.o)
                                 0x8b (size before relaxing)
 .comment       0x00000000       0x3d /home/john/MPLAB-X/XC32_Compiler/bin/bin/../../lib/gcc/pic32mx/4.8.3/../../../../pic32mx/lib/libc.a(powersf.o)
 .comment       0x00000000       0x3d /home/john/MPLAB-X/XC32_Compiler/bin/bin/../../lib/gcc/pic32mx/4.8.3/../../../../pic32mx/lib/libc.a(_iob.o)
 .comment       0x00000000       0x3d /home/john/MPLAB-X/XC32_Compiler/bin/bin/../../lib/gcc/pic32mx/4.8.3/../../../../pic32mx/lib/libc.a(_flsbuf_simple.o)
 .comment       0x00000000       0x3d /home/john/MPLAB-X/XC32_Compiler/bin/bin/../../lib/gcc/pic32mx/4.8.3/../../../../pic32mx/lib/libpic32.a(write.o)
 .comment       0x00000000       0x3d /home/john/MPLAB-X/XC32_Compiler/bin/bin/../../lib/gcc/pic32mx/4.8.3/../../../../pic32mx/lib/libpic32.a(_mon_putc.o)
 .comment       0x00000000       0x3d /home/john/MPLAB-X/XC32_Compiler/bin/bin/../../lib/gcc/pic32mx/4.8.3/../../../../pic32mx/lib/libpic32.a(xc32_uart.o)
 .comment       0x000000d4       0x9e /home/john/MPLAB-X/XC32_Compiler/bin/bin/../../lib/gcc/pic32mx/4.8.3/../../../../pic32mx/lib/libe.a(_floatdisf.o)
                                 0xdb (size before relaxing)
 .comment       0x00000000       0x3d /home/john/MPLAB-X/XC32_Compiler/bin/bin/../../lib/gcc/pic32mx/4.8.3/libgcc.a(_udivdi3.o)
 .comment       0x00000000       0x3d /home/john/MPLAB-X/XC32_Compiler/bin/bin/../../lib/gcc/pic32mx/4.8.3/libgcc.a(_umoddi3.o)
 .comment       0x00000000       0x3d /home/john/MPLAB-X/XC32_Compiler/bin/bin/../../lib/gcc/pic32mx/4.8.3/libgcc.a(floatunsisf.o)

.debug
 *(.debug)

.line
 *(.line)

.debug_srcinfo
 *(.debug_srcinfo)

.debug_sfnames
 *(.debug_sfnames)

.debug_aranges  0x00000000      0xc30
 *(.debug_aranges)
 .debug_aranges
                0x00000000       0x28 build/default/production/_ext/1360937237/app_public.o
 .debug_aranges
                0x00000028       0x88 build/default/production/_ext/1964585049/osal_freertos.o
 .debug_aranges
                0x000000b0       0x60 build/default/production/_ext/207392127/sys_console.o
 .debug_aranges
                0x00000110       0x58 build/default/production/_ext/207392127/sys_console_appio.o
 .debug_aranges
                0x00000168       0x60 build/default/production/_ext/1952159421/sys_debug.o
 .debug_aranges
                0x000001c8       0x78 build/default/production/_ext/1921105363/sys_devcon.o
 .debug_aranges
                0x00000240       0x20 build/default/production/_ext/1921105363/sys_devcon_pic32mx.o
 .debug_aranges
                0x00000260       0x48 build/default/production/_ext/993332121/sys_int_pic32.o
 .debug_aranges
                0x000002a8       0x18 build/default/production/_ext/1458882252/croutine.o
 .debug_aranges
                0x000002c0       0x40 build/default/production/_ext/1458882252/list.o
 .debug_aranges
                0x00000300       0xb8 build/default/production/_ext/1458882252/queue.o
 .debug_aranges
                0x000003b8      0x180 build/default/production/_ext/1458882252/tasks.o
 .debug_aranges
                0x00000538       0x70 build/default/production/_ext/1458882252/timers.o
 .debug_aranges
                0x000005a8       0x60 build/default/production/_ext/1458882252/event_groups.o
 .debug_aranges
                0x00000608       0x38 build/default/production/_ext/628943767/heap_1.o
 .debug_aranges
                0x00000640       0x58 build/default/production/_ext/1338673686/port.o
 .debug_aranges
                0x00000698       0x20 build/default/production/_ext/1338673686/port_asm.o
 .debug_aranges
                0x000006b8       0x30 build/default/production/_ext/1360937237/app.o
 .debug_aranges
                0x000006e8       0xa8 build/default/production/_ext/327000265/drv_usart_mapping.o
 .debug_aranges
                0x00000790       0x60 build/default/production/_ext/327000265/drv_usart_static.o
 .debug_aranges
                0x000007f0       0x48 build/default/production/_ext/327000265/drv_usart_static_byte_model.o
 .debug_aranges
                0x00000838       0x50 build/default/production/_ext/639803181/sys_clk_static.o
 .debug_aranges
                0x00000888      0x108 build/default/production/_ext/822048611/sys_ports_static.o
 .debug_aranges
                0x00000990       0x20 build/default/production/_ext/1688732426/system_init.o
 .debug_aranges
                0x000009b0       0x18 build/default/production/_ext/1688732426/system_interrupt.o
 .debug_aranges
                0x000009c8       0x20 build/default/production/_ext/1688732426/system_exceptions.o
 .debug_aranges
                0x000009e8       0x20 build/default/production/_ext/1360937237/main.o
 .debug_aranges
                0x00000a08       0x30 build/default/production/_ext/1688732426/system_tasks.o
 .debug_aranges
                0x00000a38       0x28 build/default/production/_ext/1688732426/rtos_hooks.o
 .debug_aranges
                0x00000a60       0x20 /home/john/MPLAB-X/XC32_Compiler/bin/bin/../../lib/gcc/pic32mx/4.8.3/../../../../pic32mx/lib/libpic32.a(default-bootstrap-exception-handler.o)
 .debug_aranges
                0x00000a80       0x20 /home/john/MPLAB-X/XC32_Compiler/bin/bin/../../lib/gcc/pic32mx/4.8.3/../../../../pic32mx/lib/libpic32.a(default-on-reset.o)
 .debug_aranges
                0x00000aa0       0x20 /home/john/MPLAB-X/XC32_Compiler/bin/bin/../../lib/gcc/pic32mx/4.8.3/../../../../pic32mx/lib/libpic32.a(default-on-bootstrap.o)
 .debug_aranges
                0x00000ac0       0x20 /home/john/MPLAB-X/XC32_Compiler/bin/bin/../../lib/gcc/pic32mx/4.8.3/../../../../pic32mx/lib/libpic32.a(defaultinterrupt.o)
 .debug_aranges
                0x00000ae0       0x20 /home/john/MPLAB-X/XC32_Compiler/bin/bin/../../lib/gcc/pic32mx/4.8.3/../../../../pic32mx/lib/libc.a(vsnprintf.o)
 .debug_aranges
                0x00000b00       0x30 /home/john/MPLAB-X/XC32_Compiler/bin/bin/../../lib/gcc/pic32mx/4.8.3/../../../../pic32mx/lib/libc.a(doprnt.o)
 .debug_aranges
                0x00000b30       0x20 /home/john/MPLAB-X/XC32_Compiler/bin/bin/../../lib/gcc/pic32mx/4.8.3/../../../../pic32mx/lib/libc.a(_fputc_simple.o)
 .debug_aranges
                0x00000b50       0x20 /home/john/MPLAB-X/XC32_Compiler/bin/bin/../../lib/gcc/pic32mx/4.8.3/../../../../pic32mx/lib/libc.a(_flsbuf_simple.o)
 .debug_aranges
                0x00000b70       0x20 /home/john/MPLAB-X/XC32_Compiler/bin/bin/../../lib/gcc/pic32mx/4.8.3/../../../../pic32mx/lib/libpic32.a(write.o)
 .debug_aranges
                0x00000b90       0x20 /home/john/MPLAB-X/XC32_Compiler/bin/bin/../../lib/gcc/pic32mx/4.8.3/../../../../pic32mx/lib/libpic32.a(_mon_putc.o)
 .debug_aranges
                0x00000bb0       0x20 /home/john/MPLAB-X/XC32_Compiler/bin/bin/../../lib/gcc/pic32mx/4.8.3/../../../../pic32mx/lib/libe.a(_floatdisf.o)
 .debug_aranges
                0x00000bd0       0x20 /home/john/MPLAB-X/XC32_Compiler/bin/bin/../../lib/gcc/pic32mx/4.8.3/libgcc.a(_udivdi3.o)
 .debug_aranges
                0x00000bf0       0x20 /home/john/MPLAB-X/XC32_Compiler/bin/bin/../../lib/gcc/pic32mx/4.8.3/libgcc.a(_umoddi3.o)
 .debug_aranges
                0x00000c10       0x20 /home/john/MPLAB-X/XC32_Compiler/bin/bin/../../lib/gcc/pic32mx/4.8.3/libgcc.a(floatunsisf.o)

.debug_pubnames
 *(.debug_pubnames)

.debug_info     0x00000000    0x20719
 *(.debug_info .gnu.linkonce.wi.*)
 .debug_info    0x00000000      0x959 build/default/production/_ext/1360937237/app_public.o
 .debug_info    0x00000959      0xaf7 build/default/production/_ext/1964585049/osal_freertos.o
 .debug_info    0x00001450      0xca8 build/default/production/_ext/207392127/sys_console.o
 .debug_info    0x000020f8      0xd60 build/default/production/_ext/207392127/sys_console_appio.o
 .debug_info    0x00002e58      0x95c build/default/production/_ext/1952159421/sys_debug.o
 .debug_info    0x000037b4     0x11cb build/default/production/_ext/1921105363/sys_devcon.o
 .debug_info    0x0000497f      0xdbc build/default/production/_ext/1921105363/sys_devcon_pic32mx.o
 .debug_info    0x0000573b     0x1623 build/default/production/_ext/993332121/sys_int_pic32.o
 .debug_info    0x00006d5e      0x1d8 build/default/production/_ext/1458882252/croutine.o
 .debug_info    0x00006f36      0x4dc build/default/production/_ext/1458882252/list.o
 .debug_info    0x00007412     0x1898 build/default/production/_ext/1458882252/queue.o
 .debug_info    0x00008caa     0x2a63 build/default/production/_ext/1458882252/tasks.o
 .debug_info    0x0000b70d     0x155d build/default/production/_ext/1458882252/timers.o
 .debug_info    0x0000cc6a      0xdaa build/default/production/_ext/1458882252/event_groups.o
 .debug_info    0x0000da14      0x3de build/default/production/_ext/628943767/heap_1.o
 .debug_info    0x0000ddf2     0x1207 build/default/production/_ext/1338673686/port.o
 .debug_info    0x0000eff9      0x126 build/default/production/_ext/1338673686/port_asm.o
 .debug_info    0x0000f11f     0x14c4 build/default/production/_ext/1360937237/app.o
 .debug_info    0x000105e3     0x17ab build/default/production/_ext/327000265/drv_usart_mapping.o
 .debug_info    0x00011d8e     0x29b0 build/default/production/_ext/327000265/drv_usart_static.o
 .debug_info    0x0001473e     0x11f6 build/default/production/_ext/327000265/drv_usart_static_byte_model.o
 .debug_info    0x00015934     0x1504 build/default/production/_ext/639803181/sys_clk_static.o
 .debug_info    0x00016e38     0x3f78 build/default/production/_ext/822048611/sys_ports_static.o
 .debug_info    0x0001adb0     0x15e1 build/default/production/_ext/1688732426/system_init.o
 .debug_info    0x0001c391      0x7bf build/default/production/_ext/1688732426/system_interrupt.o
 .debug_info    0x0001cb50      0xb29 build/default/production/_ext/1688732426/system_exceptions.o
 .debug_info    0x0001d679      0x816 build/default/production/_ext/1360937237/main.o
 .debug_info    0x0001de8f      0xc5c build/default/production/_ext/1688732426/system_tasks.o
 .debug_info    0x0001eaeb      0x291 build/default/production/_ext/1688732426/rtos_hooks.o
 .debug_info    0x0001ed7c       0xf5 /home/john/MPLAB-X/XC32_Compiler/bin/bin/../../lib/gcc/pic32mx/4.8.3/../../../../pic32mx/lib/libpic32.a(default-bootstrap-exception-handler.o)
 .debug_info    0x0001ee71       0xcf /home/john/MPLAB-X/XC32_Compiler/bin/bin/../../lib/gcc/pic32mx/4.8.3/../../../../pic32mx/lib/libpic32.a(default-on-reset.o)
 .debug_info    0x0001ef40       0xd7 /home/john/MPLAB-X/XC32_Compiler/bin/bin/../../lib/gcc/pic32mx/4.8.3/../../../../pic32mx/lib/libpic32.a(default-on-bootstrap.o)
 .debug_info    0x0001f017       0xe9 /home/john/MPLAB-X/XC32_Compiler/bin/bin/../../lib/gcc/pic32mx/4.8.3/../../../../pic32mx/lib/libpic32.a(defaultinterrupt.o)
 .debug_info    0x0001f100       0xce /home/john/MPLAB-X/XC32_Compiler/bin/bin/../../lib/gcc/pic32mx/4.8.3/../../../../pic32mx/lib/libc.a(vsnprintf.o)
 .debug_info    0x0001f1ce      0x102 /home/john/MPLAB-X/XC32_Compiler/bin/bin/../../lib/gcc/pic32mx/4.8.3/../../../../pic32mx/lib/libc.a(doprnt.o)
 .debug_info    0x0001f2d0       0xc6 /home/john/MPLAB-X/XC32_Compiler/bin/bin/../../lib/gcc/pic32mx/4.8.3/../../../../pic32mx/lib/libc.a(_fputc_simple.o)
 .debug_info    0x0001f396       0xc9 /home/john/MPLAB-X/XC32_Compiler/bin/bin/../../lib/gcc/pic32mx/4.8.3/../../../../pic32mx/lib/libc.a(_flsbuf_simple.o)
 .debug_info    0x0001f45f       0xc0 /home/john/MPLAB-X/XC32_Compiler/bin/bin/../../lib/gcc/pic32mx/4.8.3/../../../../pic32mx/lib/libpic32.a(write.o)
 .debug_info    0x0001f51f       0xc8 /home/john/MPLAB-X/XC32_Compiler/bin/bin/../../lib/gcc/pic32mx/4.8.3/../../../../pic32mx/lib/libpic32.a(_mon_putc.o)
 .debug_info    0x0001f5e7       0xde /home/john/MPLAB-X/XC32_Compiler/bin/bin/../../lib/gcc/pic32mx/4.8.3/../../../../pic32mx/lib/libe.a(_floatdisf.o)
 .debug_info    0x0001f6c5      0x773 /home/john/MPLAB-X/XC32_Compiler/bin/bin/../../lib/gcc/pic32mx/4.8.3/libgcc.a(_udivdi3.o)
 .debug_info    0x0001fe38      0x7b0 /home/john/MPLAB-X/XC32_Compiler/bin/bin/../../lib/gcc/pic32mx/4.8.3/libgcc.a(_umoddi3.o)
 .debug_info    0x000205e8      0x131 /home/john/MPLAB-X/XC32_Compiler/bin/bin/../../lib/gcc/pic32mx/4.8.3/libgcc.a(floatunsisf.o)

.debug_abbrev   0x00000000     0x3b20
 *(.debug_abbrev)
 .debug_abbrev  0x00000000       0xda build/default/production/_ext/1360937237/app_public.o
 .debug_abbrev  0x000000da      0x1fe build/default/production/_ext/1964585049/osal_freertos.o
 .debug_abbrev  0x000002d8      0x23e build/default/production/_ext/207392127/sys_console.o
 .debug_abbrev  0x00000516      0x27b build/default/production/_ext/207392127/sys_console_appio.o
 .debug_abbrev  0x00000791      0x284 build/default/production/_ext/1952159421/sys_debug.o
 .debug_abbrev  0x00000a15      0x26d build/default/production/_ext/1921105363/sys_devcon.o
 .debug_abbrev  0x00000c82      0x16d build/default/production/_ext/1921105363/sys_devcon_pic32mx.o
 .debug_abbrev  0x00000def      0x1d0 build/default/production/_ext/993332121/sys_int_pic32.o
 .debug_abbrev  0x00000fbf       0x1b build/default/production/_ext/1458882252/croutine.o
 .debug_abbrev  0x00000fda       0xf1 build/default/production/_ext/1458882252/list.o
 .debug_abbrev  0x000010cb      0x2c4 build/default/production/_ext/1458882252/queue.o
 .debug_abbrev  0x0000138f      0x36d build/default/production/_ext/1458882252/tasks.o
 .debug_abbrev  0x000016fc      0x341 build/default/production/_ext/1458882252/timers.o
 .debug_abbrev  0x00001a3d      0x29a build/default/production/_ext/1458882252/event_groups.o
 .debug_abbrev  0x00001cd7      0x13f build/default/production/_ext/628943767/heap_1.o
 .debug_abbrev  0x00001e16      0x2cf build/default/production/_ext/1338673686/port.o
 .debug_abbrev  0x000020e5       0x14 build/default/production/_ext/1338673686/port_asm.o
 .debug_abbrev  0x000020f9      0x2c2 build/default/production/_ext/1360937237/app.o
 .debug_abbrev  0x000023bb      0x205 build/default/production/_ext/327000265/drv_usart_mapping.o
 .debug_abbrev  0x000025c0      0x393 build/default/production/_ext/327000265/drv_usart_static.o
 .debug_abbrev  0x00002953      0x275 build/default/production/_ext/327000265/drv_usart_static_byte_model.o
 .debug_abbrev  0x00002bc8      0x26a build/default/production/_ext/639803181/sys_clk_static.o
 .debug_abbrev  0x00002e32      0x22b build/default/production/_ext/822048611/sys_ports_static.o
 .debug_abbrev  0x0000305d      0x23e build/default/production/_ext/1688732426/system_init.o
 .debug_abbrev  0x0000329b       0x33 build/default/production/_ext/1688732426/system_interrupt.o
 .debug_abbrev  0x000032ce       0xf9 build/default/production/_ext/1688732426/system_exceptions.o
 .debug_abbrev  0x000033c7       0xab build/default/production/_ext/1360937237/main.o
 .debug_abbrev  0x00003472      0x154 build/default/production/_ext/1688732426/system_tasks.o
 .debug_abbrev  0x000035c6       0x97 build/default/production/_ext/1688732426/rtos_hooks.o
 .debug_abbrev  0x0000365d       0x28 /home/john/MPLAB-X/XC32_Compiler/bin/bin/../../lib/gcc/pic32mx/4.8.3/../../../../pic32mx/lib/libpic32.a(default-bootstrap-exception-handler.o)
 .debug_abbrev  0x00003685       0x28 /home/john/MPLAB-X/XC32_Compiler/bin/bin/../../lib/gcc/pic32mx/4.8.3/../../../../pic32mx/lib/libpic32.a(default-on-reset.o)
 .debug_abbrev  0x000036ad       0x28 /home/john/MPLAB-X/XC32_Compiler/bin/bin/../../lib/gcc/pic32mx/4.8.3/../../../../pic32mx/lib/libpic32.a(default-on-bootstrap.o)
 .debug_abbrev  0x000036d5       0x28 /home/john/MPLAB-X/XC32_Compiler/bin/bin/../../lib/gcc/pic32mx/4.8.3/../../../../pic32mx/lib/libpic32.a(defaultinterrupt.o)
 .debug_abbrev  0x000036fd       0x28 /home/john/MPLAB-X/XC32_Compiler/bin/bin/../../lib/gcc/pic32mx/4.8.3/../../../../pic32mx/lib/libc.a(vsnprintf.o)
 .debug_abbrev  0x00003725       0x45 /home/john/MPLAB-X/XC32_Compiler/bin/bin/../../lib/gcc/pic32mx/4.8.3/../../../../pic32mx/lib/libc.a(doprnt.o)
 .debug_abbrev  0x0000376a       0x28 /home/john/MPLAB-X/XC32_Compiler/bin/bin/../../lib/gcc/pic32mx/4.8.3/../../../../pic32mx/lib/libc.a(_fputc_simple.o)
 .debug_abbrev  0x00003792       0x28 /home/john/MPLAB-X/XC32_Compiler/bin/bin/../../lib/gcc/pic32mx/4.8.3/../../../../pic32mx/lib/libc.a(_flsbuf_simple.o)
 .debug_abbrev  0x000037ba       0x28 /home/john/MPLAB-X/XC32_Compiler/bin/bin/../../lib/gcc/pic32mx/4.8.3/../../../../pic32mx/lib/libpic32.a(write.o)
 .debug_abbrev  0x000037e2       0x28 /home/john/MPLAB-X/XC32_Compiler/bin/bin/../../lib/gcc/pic32mx/4.8.3/../../../../pic32mx/lib/libpic32.a(_mon_putc.o)
 .debug_abbrev  0x0000380a       0x35 /home/john/MPLAB-X/XC32_Compiler/bin/bin/../../lib/gcc/pic32mx/4.8.3/../../../../pic32mx/lib/libe.a(_floatdisf.o)
 .debug_abbrev  0x0000383f      0x138 /home/john/MPLAB-X/XC32_Compiler/bin/bin/../../lib/gcc/pic32mx/4.8.3/libgcc.a(_udivdi3.o)
 .debug_abbrev  0x00003977      0x147 /home/john/MPLAB-X/XC32_Compiler/bin/bin/../../lib/gcc/pic32mx/4.8.3/libgcc.a(_umoddi3.o)
 .debug_abbrev  0x00003abe       0x62 /home/john/MPLAB-X/XC32_Compiler/bin/bin/../../lib/gcc/pic32mx/4.8.3/libgcc.a(floatunsisf.o)

.debug_line     0x00000000     0x739f
 *(.debug_line)
 .debug_line    0x00000000      0x21b build/default/production/_ext/1360937237/app_public.o
 .debug_line    0x0000021b      0x2d1 build/default/production/_ext/1964585049/osal_freertos.o
 .debug_line    0x000004ec      0x322 build/default/production/_ext/207392127/sys_console.o
 .debug_line    0x0000080e      0x344 build/default/production/_ext/207392127/sys_console_appio.o
 .debug_line    0x00000b52      0x30d build/default/production/_ext/1952159421/sys_debug.o
 .debug_line    0x00000e5f      0x629 build/default/production/_ext/1921105363/sys_devcon.o
 .debug_line    0x00001488      0x4c9 build/default/production/_ext/1921105363/sys_devcon_pic32mx.o
 .debug_line    0x00001951      0x3b8 build/default/production/_ext/993332121/sys_int_pic32.o
 .debug_line    0x00001d09       0x1d build/default/production/_ext/1458882252/croutine.o
 .debug_line    0x00001d26      0x1f2 build/default/production/_ext/1458882252/list.o
 .debug_line    0x00001f18      0x4ab build/default/production/_ext/1458882252/queue.o
 .debug_line    0x000023c3      0x820 build/default/production/_ext/1458882252/tasks.o
 .debug_line    0x00002be3      0x3a0 build/default/production/_ext/1458882252/timers.o
 .debug_line    0x00002f83      0x32c build/default/production/_ext/1458882252/event_groups.o
 .debug_line    0x000032af      0x222 build/default/production/_ext/628943767/heap_1.o
 .debug_line    0x000034d1      0x23a build/default/production/_ext/1338673686/port.o
 .debug_line    0x0000370b      0x12c build/default/production/_ext/1338673686/port_asm.o
 .debug_line    0x00003837      0x532 build/default/production/_ext/1360937237/app.o
 .debug_line    0x00003d69      0x4b4 build/default/production/_ext/327000265/drv_usart_mapping.o
 .debug_line    0x0000421d      0x76d build/default/production/_ext/327000265/drv_usart_static.o
 .debug_line    0x0000498a      0x4be build/default/production/_ext/327000265/drv_usart_static_byte_model.o
 .debug_line    0x00004e48      0x473 build/default/production/_ext/639803181/sys_clk_static.o
 .debug_line    0x000052bb      0x82e build/default/production/_ext/822048611/sys_ports_static.o
 .debug_line    0x00005ae9      0x647 build/default/production/_ext/1688732426/system_init.o
 .debug_line    0x00006130       0x66 build/default/production/_ext/1688732426/system_interrupt.o
 .debug_line    0x00006196      0x21a build/default/production/_ext/1688732426/system_exceptions.o
 .debug_line    0x000063b0      0x148 build/default/production/_ext/1360937237/main.o
 .debug_line    0x000064f8      0x432 build/default/production/_ext/1688732426/system_tasks.o
 .debug_line    0x0000692a      0x17f build/default/production/_ext/1688732426/rtos_hooks.o
 .debug_line    0x00006aa9       0xa9 /home/john/MPLAB-X/XC32_Compiler/bin/bin/../../lib/gcc/pic32mx/4.8.3/../../../../pic32mx/lib/libpic32.a(default-bootstrap-exception-handler.o)
 .debug_line    0x00006b52       0x96 /home/john/MPLAB-X/XC32_Compiler/bin/bin/../../lib/gcc/pic32mx/4.8.3/../../../../pic32mx/lib/libpic32.a(default-on-reset.o)
 .debug_line    0x00006be8       0x9a /home/john/MPLAB-X/XC32_Compiler/bin/bin/../../lib/gcc/pic32mx/4.8.3/../../../../pic32mx/lib/libpic32.a(default-on-bootstrap.o)
 .debug_line    0x00006c82       0xa8 /home/john/MPLAB-X/XC32_Compiler/bin/bin/../../lib/gcc/pic32mx/4.8.3/../../../../pic32mx/lib/libpic32.a(defaultinterrupt.o)
 .debug_line    0x00006d2a       0x85 /home/john/MPLAB-X/XC32_Compiler/bin/bin/../../lib/gcc/pic32mx/4.8.3/../../../../pic32mx/lib/libc.a(vsnprintf.o)
 .debug_line    0x00006daf       0x82 /home/john/MPLAB-X/XC32_Compiler/bin/bin/../../lib/gcc/pic32mx/4.8.3/../../../../pic32mx/lib/libc.a(doprnt.o)
 .debug_line    0x00006e31       0x81 /home/john/MPLAB-X/XC32_Compiler/bin/bin/../../lib/gcc/pic32mx/4.8.3/../../../../pic32mx/lib/libc.a(_fputc_simple.o)
 .debug_line    0x00006eb2        0x0 /home/john/MPLAB-X/XC32_Compiler/bin/bin/../../lib/gcc/pic32mx/4.8.3/../../../../pic32mx/lib/libc.a(ctype.o)
 .debug_line    0x00006eb2        0x0 /home/john/MPLAB-X/XC32_Compiler/bin/bin/../../lib/gcc/pic32mx/4.8.3/../../../../pic32mx/lib/libc.a(powersf.o)
 .debug_line    0x00006eb2        0x0 /home/john/MPLAB-X/XC32_Compiler/bin/bin/../../lib/gcc/pic32mx/4.8.3/../../../../pic32mx/lib/libc.a(_iob.o)
 .debug_line    0x00006eb2       0x82 /home/john/MPLAB-X/XC32_Compiler/bin/bin/../../lib/gcc/pic32mx/4.8.3/../../../../pic32mx/lib/libc.a(_flsbuf_simple.o)
 .debug_line    0x00006f34       0x8b /home/john/MPLAB-X/XC32_Compiler/bin/bin/../../lib/gcc/pic32mx/4.8.3/../../../../pic32mx/lib/libpic32.a(write.o)
 .debug_line    0x00006fbf       0x8f /home/john/MPLAB-X/XC32_Compiler/bin/bin/../../lib/gcc/pic32mx/4.8.3/../../../../pic32mx/lib/libpic32.a(_mon_putc.o)
 .debug_line    0x0000704e        0x0 /home/john/MPLAB-X/XC32_Compiler/bin/bin/../../lib/gcc/pic32mx/4.8.3/../../../../pic32mx/lib/libpic32.a(xc32_uart.o)
 .debug_line    0x0000704e       0xa5 /home/john/MPLAB-X/XC32_Compiler/bin/bin/../../lib/gcc/pic32mx/4.8.3/../../../../pic32mx/lib/libe.a(_floatdisf.o)
 .debug_line    0x000070f3       0xff /home/john/MPLAB-X/XC32_Compiler/bin/bin/../../lib/gcc/pic32mx/4.8.3/libgcc.a(_udivdi3.o)
 .debug_line    0x000071f2      0x111 /home/john/MPLAB-X/XC32_Compiler/bin/bin/../../lib/gcc/pic32mx/4.8.3/libgcc.a(_umoddi3.o)
 .debug_line    0x00007303       0x9c /home/john/MPLAB-X/XC32_Compiler/bin/bin/../../lib/gcc/pic32mx/4.8.3/libgcc.a(floatunsisf.o)

.debug_frame    0x00000000     0x19a4
 *(.debug_frame)
 .debug_frame   0x00000000       0x40 build/default/production/_ext/1360937237/app_public.o
 .debug_frame   0x00000040      0x150 build/default/production/_ext/1964585049/osal_freertos.o
 .debug_frame   0x00000190      0x108 build/default/production/_ext/207392127/sys_console.o
 .debug_frame   0x00000298       0xa8 build/default/production/_ext/207392127/sys_console_appio.o
 .debug_frame   0x00000340       0xb4 build/default/production/_ext/1952159421/sys_debug.o
 .debug_frame   0x000003f4       0xe8 build/default/production/_ext/1921105363/sys_devcon.o
 .debug_frame   0x000004dc       0x28 build/default/production/_ext/1921105363/sys_devcon_pic32mx.o
 .debug_frame   0x00000504       0x90 build/default/production/_ext/993332121/sys_int_pic32.o
 .debug_frame   0x00000594       0x60 build/default/production/_ext/1458882252/list.o
 .debug_frame   0x000005f4      0x230 build/default/production/_ext/1458882252/queue.o
 .debug_frame   0x00000824      0x470 build/default/production/_ext/1458882252/tasks.o
 .debug_frame   0x00000c94      0x134 build/default/production/_ext/1458882252/timers.o
 .debug_frame   0x00000dc8      0x108 build/default/production/_ext/1458882252/event_groups.o
 .debug_frame   0x00000ed0       0x5c build/default/production/_ext/628943767/heap_1.o
 .debug_frame   0x00000f2c       0xc0 build/default/production/_ext/1338673686/port.o
 .debug_frame   0x00000fec       0x58 build/default/production/_ext/1360937237/app.o
 .debug_frame   0x00001044      0x214 build/default/production/_ext/327000265/drv_usart_mapping.o
 .debug_frame   0x00001258       0xc0 build/default/production/_ext/327000265/drv_usart_static.o
 .debug_frame   0x00001318       0x80 build/default/production/_ext/327000265/drv_usart_static_byte_model.o
 .debug_frame   0x00001398       0xa0 build/default/production/_ext/639803181/sys_clk_static.o
 .debug_frame   0x00001438      0x1f0 build/default/production/_ext/822048611/sys_ports_static.o
 .debug_frame   0x00001628       0x28 build/default/production/_ext/1688732426/system_init.o
 .debug_frame   0x00001650       0x28 build/default/production/_ext/1688732426/system_exceptions.o
 .debug_frame   0x00001678       0x28 build/default/production/_ext/1360937237/main.o
 .debug_frame   0x000016a0       0x5c build/default/production/_ext/1688732426/system_tasks.o
 .debug_frame   0x000016fc       0x40 build/default/production/_ext/1688732426/rtos_hooks.o
 .debug_frame   0x0000173c       0x2c /home/john/MPLAB-X/XC32_Compiler/bin/bin/../../lib/gcc/pic32mx/4.8.3/../../../../pic32mx/lib/libpic32.a(default-bootstrap-exception-handler.o)
 .debug_frame   0x00001768       0x20 /home/john/MPLAB-X/XC32_Compiler/bin/bin/../../lib/gcc/pic32mx/4.8.3/../../../../pic32mx/lib/libpic32.a(default-on-reset.o)
 .debug_frame   0x00001788       0x20 /home/john/MPLAB-X/XC32_Compiler/bin/bin/../../lib/gcc/pic32mx/4.8.3/../../../../pic32mx/lib/libpic32.a(default-on-bootstrap.o)
 .debug_frame   0x000017a8       0x20 /home/john/MPLAB-X/XC32_Compiler/bin/bin/../../lib/gcc/pic32mx/4.8.3/../../../../pic32mx/lib/libpic32.a(defaultinterrupt.o)
 .debug_frame   0x000017c8       0x2c /home/john/MPLAB-X/XC32_Compiler/bin/bin/../../lib/gcc/pic32mx/4.8.3/../../../../pic32mx/lib/libc.a(vsnprintf.o)
 .debug_frame   0x000017f4       0x74 /home/john/MPLAB-X/XC32_Compiler/bin/bin/../../lib/gcc/pic32mx/4.8.3/../../../../pic32mx/lib/libc.a(doprnt.o)
 .debug_frame   0x00001868       0x2c /home/john/MPLAB-X/XC32_Compiler/bin/bin/../../lib/gcc/pic32mx/4.8.3/../../../../pic32mx/lib/libc.a(_fputc_simple.o)
 .debug_frame   0x00001894       0x28 /home/john/MPLAB-X/XC32_Compiler/bin/bin/../../lib/gcc/pic32mx/4.8.3/../../../../pic32mx/lib/libc.a(_flsbuf_simple.o)
 .debug_frame   0x000018bc       0x38 /home/john/MPLAB-X/XC32_Compiler/bin/bin/../../lib/gcc/pic32mx/4.8.3/../../../../pic32mx/lib/libpic32.a(write.o)
 .debug_frame   0x000018f4       0x28 /home/john/MPLAB-X/XC32_Compiler/bin/bin/../../lib/gcc/pic32mx/4.8.3/../../../../pic32mx/lib/libpic32.a(_mon_putc.o)
 .debug_frame   0x0000191c       0x20 /home/john/MPLAB-X/XC32_Compiler/bin/bin/../../lib/gcc/pic32mx/4.8.3/../../../../pic32mx/lib/libe.a(_floatdisf.o)
 .debug_frame   0x0000193c       0x20 /home/john/MPLAB-X/XC32_Compiler/bin/bin/../../lib/gcc/pic32mx/4.8.3/libgcc.a(_udivdi3.o)
 .debug_frame   0x0000195c       0x20 /home/john/MPLAB-X/XC32_Compiler/bin/bin/../../lib/gcc/pic32mx/4.8.3/libgcc.a(_umoddi3.o)
 .debug_frame   0x0000197c       0x28 /home/john/MPLAB-X/XC32_Compiler/bin/bin/../../lib/gcc/pic32mx/4.8.3/libgcc.a(floatunsisf.o)

.debug_str      0x00000000      0x720
 *(.debug_str)
 .debug_str     0x00000000        0x0 build/default/production/_ext/1360937237/app_public.o
 .debug_str     0x00000000       0x40 build/default/production/_ext/1964585049/osal_freertos.o
 .debug_str     0x00000040        0xd build/default/production/_ext/207392127/sys_console.o
 .debug_str     0x0000004d        0xb build/default/production/_ext/207392127/sys_console_appio.o
 .debug_str     0x00000058       0x12 build/default/production/_ext/1952159421/sys_debug.o
 .debug_str     0x0000006a       0x16 build/default/production/_ext/1921105363/sys_devcon.o
 .debug_str     0x00000080        0x6 build/default/production/_ext/1921105363/sys_devcon_pic32mx.o
 .debug_str     0x00000086       0x2d build/default/production/_ext/993332121/sys_int_pic32.o
 .debug_str     0x000000b3        0x0 build/default/production/_ext/1458882252/croutine.o
 .debug_str     0x000000b3       0x2b build/default/production/_ext/1458882252/list.o
 .debug_str     0x000000de       0xf1 build/default/production/_ext/1458882252/queue.o
 .debug_str     0x000001cf      0x191 build/default/production/_ext/1458882252/tasks.o
 .debug_str     0x00000360       0xbf build/default/production/_ext/1458882252/timers.o
 .debug_str     0x0000041f       0xe6 build/default/production/_ext/1458882252/event_groups.o
 .debug_str     0x00000505       0x1d build/default/production/_ext/628943767/heap_1.o
 .debug_str     0x00000522       0x37 build/default/production/_ext/1338673686/port.o
 .debug_str     0x00000559       0x15 build/default/production/_ext/1360937237/app.o
 .debug_str     0x0000056e       0x23 build/default/production/_ext/327000265/drv_usart_mapping.o
 .debug_str     0x00000591       0xdb build/default/production/_ext/327000265/drv_usart_static.o
 .debug_str     0x0000066c       0x12 build/default/production/_ext/327000265/drv_usart_static_byte_model.o
 .debug_str     0x0000067e       0x39 build/default/production/_ext/639803181/sys_clk_static.o
 .debug_str     0x000006b7       0x55 build/default/production/_ext/822048611/sys_ports_static.o
 .debug_str     0x0000070c        0xb build/default/production/_ext/1688732426/system_init.o
 .debug_str     0x00000717        0x0 build/default/production/_ext/1688732426/system_interrupt.o
 .debug_str     0x00000717        0x0 build/default/production/_ext/1688732426/system_exceptions.o
 .debug_str     0x00000717        0x0 build/default/production/_ext/1360937237/main.o
 .debug_str     0x00000717        0x0 build/default/production/_ext/1688732426/system_tasks.o
 .debug_str     0x00000717        0x9 build/default/production/_ext/1688732426/rtos_hooks.o
 .debug_str     0x00000720        0x0 /home/john/MPLAB-X/XC32_Compiler/bin/bin/../../lib/gcc/pic32mx/4.8.3/../../../../pic32mx/lib/libpic32.a(default-bootstrap-exception-handler.o)
 .debug_str     0x00000720        0x0 /home/john/MPLAB-X/XC32_Compiler/bin/bin/../../lib/gcc/pic32mx/4.8.3/../../../../pic32mx/lib/libpic32.a(default-on-reset.o)
 .debug_str     0x00000720        0x0 /home/john/MPLAB-X/XC32_Compiler/bin/bin/../../lib/gcc/pic32mx/4.8.3/../../../../pic32mx/lib/libpic32.a(default-on-bootstrap.o)
 .debug_str     0x00000720        0x0 /home/john/MPLAB-X/XC32_Compiler/bin/bin/../../lib/gcc/pic32mx/4.8.3/../../../../pic32mx/lib/libpic32.a(defaultinterrupt.o)
 .debug_str     0x00000720        0x0 /home/john/MPLAB-X/XC32_Compiler/bin/bin/../../lib/gcc/pic32mx/4.8.3/../../../../pic32mx/lib/libc.a(vsnprintf.o)
 .debug_str     0x00000720        0x0 /home/john/MPLAB-X/XC32_Compiler/bin/bin/../../lib/gcc/pic32mx/4.8.3/../../../../pic32mx/lib/libc.a(doprnt.o)
 .debug_str     0x00000720        0x0 /home/john/MPLAB-X/XC32_Compiler/bin/bin/../../lib/gcc/pic32mx/4.8.3/../../../../pic32mx/lib/libc.a(_fputc_simple.o)
 .debug_str     0x00000720        0x0 /home/john/MPLAB-X/XC32_Compiler/bin/bin/../../lib/gcc/pic32mx/4.8.3/../../../../pic32mx/lib/libc.a(ctype.o)
 .debug_str     0x00000720        0x0 /home/john/MPLAB-X/XC32_Compiler/bin/bin/../../lib/gcc/pic32mx/4.8.3/../../../../pic32mx/lib/libc.a(powersf.o)
 .debug_str     0x00000720        0x0 /home/john/MPLAB-X/XC32_Compiler/bin/bin/../../lib/gcc/pic32mx/4.8.3/../../../../pic32mx/lib/libc.a(_iob.o)
 .debug_str     0x00000720        0x0 /home/john/MPLAB-X/XC32_Compiler/bin/bin/../../lib/gcc/pic32mx/4.8.3/../../../../pic32mx/lib/libc.a(_flsbuf_simple.o)
 .debug_str     0x00000720        0x0 /home/john/MPLAB-X/XC32_Compiler/bin/bin/../../lib/gcc/pic32mx/4.8.3/../../../../pic32mx/lib/libpic32.a(write.o)
 .debug_str     0x00000720        0x0 /home/john/MPLAB-X/XC32_Compiler/bin/bin/../../lib/gcc/pic32mx/4.8.3/../../../../pic32mx/lib/libpic32.a(_mon_putc.o)
 .debug_str     0x00000720        0x0 /home/john/MPLAB-X/XC32_Compiler/bin/bin/../../lib/gcc/pic32mx/4.8.3/../../../../pic32mx/lib/libpic32.a(xc32_uart.o)
 .debug_str     0x00000720        0x0 /home/john/MPLAB-X/XC32_Compiler/bin/bin/../../lib/gcc/pic32mx/4.8.3/../../../../pic32mx/lib/libe.a(_floatdisf.o)
 .debug_str     0x00000720        0x0 /home/john/MPLAB-X/XC32_Compiler/bin/bin/../../lib/gcc/pic32mx/4.8.3/libgcc.a(_udivdi3.o)
 .debug_str     0x00000720        0x0 /home/john/MPLAB-X/XC32_Compiler/bin/bin/../../lib/gcc/pic32mx/4.8.3/libgcc.a(_umoddi3.o)
 .debug_str     0x00000720        0x0 /home/john/MPLAB-X/XC32_Compiler/bin/bin/../../lib/gcc/pic32mx/4.8.3/libgcc.a(floatunsisf.o)

.debug_loc      0x00000000     0x7386
 *(.debug_loc)
 .debug_loc     0x00000000       0x58 build/default/production/_ext/1360937237/app_public.o
 .debug_loc     0x00000058      0x40c build/default/production/_ext/1964585049/osal_freertos.o
 .debug_loc     0x00000464      0x3a6 build/default/production/_ext/207392127/sys_console.o
 .debug_loc     0x0000080a      0x342 build/default/production/_ext/207392127/sys_console_appio.o
 .debug_loc     0x00000b4c       0xe3 build/default/production/_ext/1952159421/sys_debug.o
 .debug_loc     0x00000c2f       0xf0 build/default/production/_ext/1921105363/sys_devcon.o
 .debug_loc     0x00000d1f       0xec build/default/production/_ext/1921105363/sys_devcon_pic32mx.o
 .debug_loc     0x00000e0b       0x8d build/default/production/_ext/993332121/sys_int_pic32.o
 .debug_loc     0x00000e98       0x31 build/default/production/_ext/1458882252/list.o
 .debug_loc     0x00000ec9      0xd43 build/default/production/_ext/1458882252/queue.o
 .debug_loc     0x00001c0c     0x15c1 build/default/production/_ext/1458882252/tasks.o
 .debug_loc     0x000031cd      0x7d1 build/default/production/_ext/1458882252/timers.o
 .debug_loc     0x0000399e      0x8ea build/default/production/_ext/1458882252/event_groups.o
 .debug_loc     0x00004288       0x49 build/default/production/_ext/628943767/heap_1.o
 .debug_loc     0x000042d1       0xea build/default/production/_ext/1338673686/port.o
 .debug_loc     0x000043bb       0x9e build/default/production/_ext/1360937237/app.o
 .debug_loc     0x00004459      0x63c build/default/production/_ext/327000265/drv_usart_mapping.o
 .debug_loc     0x00004a95      0x3f5 build/default/production/_ext/327000265/drv_usart_static.o
 .debug_loc     0x00004e8a       0x74 build/default/production/_ext/327000265/drv_usart_static_byte_model.o
 .debug_loc     0x00004efe       0x49 build/default/production/_ext/639803181/sys_clk_static.o
 .debug_loc     0x00004f47      0xecf build/default/production/_ext/822048611/sys_ports_static.o
 .debug_loc     0x00005e16       0x21 build/default/production/_ext/1688732426/system_init.o
 .debug_loc     0x00005e37       0x34 build/default/production/_ext/1688732426/rtos_hooks.o
 .debug_loc     0x00005e6b      0xa6a /home/john/MPLAB-X/XC32_Compiler/bin/bin/../../lib/gcc/pic32mx/4.8.3/libgcc.a(_udivdi3.o)
 .debug_loc     0x000068d5      0xa3d /home/john/MPLAB-X/XC32_Compiler/bin/bin/../../lib/gcc/pic32mx/4.8.3/libgcc.a(_umoddi3.o)
 .debug_loc     0x00007312       0x74 /home/john/MPLAB-X/XC32_Compiler/bin/bin/../../lib/gcc/pic32mx/4.8.3/libgcc.a(floatunsisf.o)

.debug_macinfo
 *(.debug_macinfo)

.debug_weaknames
 *(.debug_weaknames)

.debug_funcnames
 *(.debug_funcnames)

.debug_typenames
 *(.debug_typenames)

.debug_varnames
 *(.debug_varnames)

.debug_pubtypes
 *(.debug_pubtypes)

.debug_ranges   0x00000000      0xc90
 *(.debug_ranges)
 .debug_ranges  0x00000000       0x18 build/default/production/_ext/1360937237/app_public.o
 .debug_ranges  0x00000018       0x78 build/default/production/_ext/1964585049/osal_freertos.o
 .debug_ranges  0x00000090       0x50 build/default/production/_ext/207392127/sys_console.o
 .debug_ranges  0x000000e0       0x78 build/default/production/_ext/207392127/sys_console_appio.o
 .debug_ranges  0x00000158       0x50 build/default/production/_ext/1952159421/sys_debug.o
 .debug_ranges  0x000001a8       0x68 build/default/production/_ext/1921105363/sys_devcon.o
 .debug_ranges  0x00000210       0x10 build/default/production/_ext/1921105363/sys_devcon_pic32mx.o
 .debug_ranges  0x00000220       0x50 build/default/production/_ext/993332121/sys_int_pic32.o
 .debug_ranges  0x00000270       0x30 build/default/production/_ext/1458882252/list.o
 .debug_ranges  0x000002a0       0xa8 build/default/production/_ext/1458882252/queue.o
 .debug_ranges  0x00000348      0x1b8 build/default/production/_ext/1458882252/tasks.o
 .debug_ranges  0x00000500      0x108 build/default/production/_ext/1458882252/timers.o
 .debug_ranges  0x00000608       0x98 build/default/production/_ext/1458882252/event_groups.o
 .debug_ranges  0x000006a0       0x28 build/default/production/_ext/628943767/heap_1.o
 .debug_ranges  0x000006c8       0x48 build/default/production/_ext/1338673686/port.o
 .debug_ranges  0x00000710       0x60 build/default/production/_ext/1360937237/app.o
 .debug_ranges  0x00000770       0x98 build/default/production/_ext/327000265/drv_usart_mapping.o
 .debug_ranges  0x00000808       0x80 build/default/production/_ext/327000265/drv_usart_static.o
 .debug_ranges  0x00000888       0x38 build/default/production/_ext/327000265/drv_usart_static_byte_model.o
 .debug_ranges  0x000008c0       0x40 build/default/production/_ext/639803181/sys_clk_static.o
 .debug_ranges  0x00000900       0xf8 build/default/production/_ext/822048611/sys_ports_static.o
 .debug_ranges  0x000009f8       0x10 build/default/production/_ext/1688732426/system_init.o
 .debug_ranges  0x00000a08       0x10 build/default/production/_ext/1688732426/system_exceptions.o
 .debug_ranges  0x00000a18       0x10 build/default/production/_ext/1360937237/main.o
 .debug_ranges  0x00000a28       0x20 build/default/production/_ext/1688732426/system_tasks.o
 .debug_ranges  0x00000a48       0x18 build/default/production/_ext/1688732426/rtos_hooks.o
 .debug_ranges  0x00000a60       0x10 /home/john/MPLAB-X/XC32_Compiler/bin/bin/../../lib/gcc/pic32mx/4.8.3/../../../../pic32mx/lib/libpic32.a(default-bootstrap-exception-handler.o)
 .debug_ranges  0x00000a70       0x10 /home/john/MPLAB-X/XC32_Compiler/bin/bin/../../lib/gcc/pic32mx/4.8.3/../../../../pic32mx/lib/libpic32.a(default-on-reset.o)
 .debug_ranges  0x00000a80       0x10 /home/john/MPLAB-X/XC32_Compiler/bin/bin/../../lib/gcc/pic32mx/4.8.3/../../../../pic32mx/lib/libpic32.a(default-on-bootstrap.o)
 .debug_ranges  0x00000a90       0x10 /home/john/MPLAB-X/XC32_Compiler/bin/bin/../../lib/gcc/pic32mx/4.8.3/../../../../pic32mx/lib/libpic32.a(defaultinterrupt.o)
 .debug_ranges  0x00000aa0       0x10 /home/john/MPLAB-X/XC32_Compiler/bin/bin/../../lib/gcc/pic32mx/4.8.3/../../../../pic32mx/lib/libc.a(vsnprintf.o)
 .debug_ranges  0x00000ab0       0x20 /home/john/MPLAB-X/XC32_Compiler/bin/bin/../../lib/gcc/pic32mx/4.8.3/../../../../pic32mx/lib/libc.a(doprnt.o)
 .debug_ranges  0x00000ad0       0x10 /home/john/MPLAB-X/XC32_Compiler/bin/bin/../../lib/gcc/pic32mx/4.8.3/../../../../pic32mx/lib/libc.a(_fputc_simple.o)
 .debug_ranges  0x00000ae0       0x10 /home/john/MPLAB-X/XC32_Compiler/bin/bin/../../lib/gcc/pic32mx/4.8.3/../../../../pic32mx/lib/libc.a(_flsbuf_simple.o)
 .debug_ranges  0x00000af0       0x10 /home/john/MPLAB-X/XC32_Compiler/bin/bin/../../lib/gcc/pic32mx/4.8.3/../../../../pic32mx/lib/libpic32.a(write.o)
 .debug_ranges  0x00000b00       0x10 /home/john/MPLAB-X/XC32_Compiler/bin/bin/../../lib/gcc/pic32mx/4.8.3/../../../../pic32mx/lib/libpic32.a(_mon_putc.o)
 .debug_ranges  0x00000b10       0x10 /home/john/MPLAB-X/XC32_Compiler/bin/bin/../../lib/gcc/pic32mx/4.8.3/../../../../pic32mx/lib/libe.a(_floatdisf.o)
 .debug_ranges  0x00000b20       0x98 /home/john/MPLAB-X/XC32_Compiler/bin/bin/../../lib/gcc/pic32mx/4.8.3/libgcc.a(_udivdi3.o)
 .debug_ranges  0x00000bb8       0xd8 /home/john/MPLAB-X/XC32_Compiler/bin/bin/../../lib/gcc/pic32mx/4.8.3/libgcc.a(_umoddi3.o)

.gnu.attributes
                0x00000000       0x10
 *(.gnu.attributes)
 .gnu.attributes
                0x00000000       0x10 build/default/production/_ext/1360937237/app_public.o
 .gnu.attributes
                0x00000010       0x10 build/default/production/_ext/1964585049/osal_freertos.o
 .gnu.attributes
                0x00000020       0x10 build/default/production/_ext/207392127/sys_console.o
 .gnu.attributes
                0x00000030       0x10 build/default/production/_ext/207392127/sys_console_appio.o
 .gnu.attributes
                0x00000040       0x10 build/default/production/_ext/1952159421/sys_debug.o
 .gnu.attributes
                0x00000050       0x10 build/default/production/_ext/1921105363/sys_devcon.o
 .gnu.attributes
                0x00000060       0x10 build/default/production/_ext/1921105363/sys_devcon_pic32mx.o
 .gnu.attributes
                0x00000070       0x10 build/default/production/_ext/993332121/sys_int_pic32.o
 .gnu.attributes
                0x00000080       0x10 build/default/production/_ext/1458882252/croutine.o
 .gnu.attributes
                0x00000090       0x10 build/default/production/_ext/1458882252/list.o
 .gnu.attributes
                0x000000a0       0x10 build/default/production/_ext/1458882252/queue.o
 .gnu.attributes
                0x000000b0       0x10 build/default/production/_ext/1458882252/tasks.o
 .gnu.attributes
                0x000000c0       0x10 build/default/production/_ext/1458882252/timers.o
 .gnu.attributes
                0x000000d0       0x10 build/default/production/_ext/1458882252/event_groups.o
 .gnu.attributes
                0x000000e0       0x10 build/default/production/_ext/628943767/heap_1.o
 .gnu.attributes
                0x000000f0       0x10 build/default/production/_ext/1338673686/port.o
 .gnu.attributes
                0x00000100       0x10 build/default/production/_ext/1360937237/app.o
 .gnu.attributes
                0x00000110       0x10 build/default/production/_ext/327000265/drv_usart_mapping.o
 .gnu.attributes
                0x00000120       0x10 build/default/production/_ext/327000265/drv_usart_static.o
 .gnu.attributes
                0x00000130       0x10 build/default/production/_ext/327000265/drv_usart_static_byte_model.o
 .gnu.attributes
                0x00000140       0x10 build/default/production/_ext/639803181/sys_clk_static.o
 .gnu.attributes
                0x00000150       0x10 build/default/production/_ext/822048611/sys_ports_static.o
 .gnu.attributes
                0x00000160       0x10 build/default/production/_ext/1688732426/system_init.o
 .gnu.attributes
                0x00000170       0x10 build/default/production/_ext/1688732426/system_interrupt.o
 .gnu.attributes
                0x00000180       0x10 build/default/production/_ext/1688732426/system_exceptions.o
 .gnu.attributes
                0x00000190       0x10 build/default/production/_ext/1360937237/main.o
 .gnu.attributes
                0x000001a0       0x10 build/default/production/_ext/1688732426/system_tasks.o
 .gnu.attributes
                0x000001b0       0x10 build/default/production/_ext/1688732426/rtos_hooks.o
 .gnu.attributes
                0x000001c0       0x10 /home/john/MPLAB-X/XC32_Compiler/bin/bin/../../lib/gcc/pic32mx/4.8.3/../../../../pic32mx/lib/libpic32.a(default-bootstrap-exception-handler.o)
 .gnu.attributes
                0x000001d0       0x10 /home/john/MPLAB-X/XC32_Compiler/bin/bin/../../lib/gcc/pic32mx/4.8.3/../../../../pic32mx/lib/libpic32.a(default-on-reset.o)
 .gnu.attributes
                0x000001e0       0x10 /home/john/MPLAB-X/XC32_Compiler/bin/bin/../../lib/gcc/pic32mx/4.8.3/../../../../pic32mx/lib/libpic32.a(default-on-bootstrap.o)
 .gnu.attributes
                0x000001f0       0x10 /home/john/MPLAB-X/XC32_Compiler/bin/bin/../../lib/gcc/pic32mx/4.8.3/../../../../pic32mx/lib/libpic32.a(defaultinterrupt.o)
 .gnu.attributes
                0x00000200       0x10 /home/john/MPLAB-X/XC32_Compiler/bin/bin/../../lib/gcc/pic32mx/4.8.3/../../../../pic32mx/lib/libc.a(vsnprintf.o)
 .gnu.attributes
                0x00000210       0x10 /home/john/MPLAB-X/XC32_Compiler/bin/bin/../../lib/gcc/pic32mx/4.8.3/../../../../pic32mx/lib/libc.a(doprnt.o)
 .gnu.attributes
                0x00000220       0x10 /home/john/MPLAB-X/XC32_Compiler/bin/bin/../../lib/gcc/pic32mx/4.8.3/../../../../pic32mx/lib/libc.a(_fputc_simple.o)
 .gnu.attributes
                0x00000230       0x10 /home/john/MPLAB-X/XC32_Compiler/bin/bin/../../lib/gcc/pic32mx/4.8.3/../../../../pic32mx/lib/libc.a(ctype.o)
 .gnu.attributes
                0x00000240       0x10 /home/john/MPLAB-X/XC32_Compiler/bin/bin/../../lib/gcc/pic32mx/4.8.3/../../../../pic32mx/lib/libc.a(powersf.o)
 .gnu.attributes
                0x00000250       0x10 /home/john/MPLAB-X/XC32_Compiler/bin/bin/../../lib/gcc/pic32mx/4.8.3/../../../../pic32mx/lib/libc.a(_iob.o)
 .gnu.attributes
                0x00000260       0x10 /home/john/MPLAB-X/XC32_Compiler/bin/bin/../../lib/gcc/pic32mx/4.8.3/../../../../pic32mx/lib/libc.a(_flsbuf_simple.o)
 .gnu.attributes
                0x00000270       0x10 /home/john/MPLAB-X/XC32_Compiler/bin/bin/../../lib/gcc/pic32mx/4.8.3/../../../../pic32mx/lib/libpic32.a(write.o)
 .gnu.attributes
                0x00000280       0x10 /home/john/MPLAB-X/XC32_Compiler/bin/bin/../../lib/gcc/pic32mx/4.8.3/../../../../pic32mx/lib/libpic32.a(_mon_putc.o)
 .gnu.attributes
                0x00000290       0x10 /home/john/MPLAB-X/XC32_Compiler/bin/bin/../../lib/gcc/pic32mx/4.8.3/../../../../pic32mx/lib/libpic32.a(xc32_uart.o)
 .gnu.attributes