
Optional file libmchp_peripheral.a not found

Optional file libmchp_peripheral_32MX795F512L.a not found
Archive member included because of file (symbol)

/home/john/microchip/xc32/v1.42/bin/bin/../../lib/gcc/pic32mx/4.8.3/../../../../pic32mx/lib/libpic32.a(memcpy.o)
                              build/default/debug/_ext/1128951024/queue.o (memcpy)
/home/john/microchip/xc32/v1.42/bin/bin/../../lib/gcc/pic32mx/4.8.3/../../../../pic32mx/lib/libpic32.a(memset.o)
                              build/default/debug/_ext/1128951024/tasks.o (memset)
/home/john/microchip/xc32/v1.42/bin/bin/../../lib/gcc/pic32mx/4.8.3/../../../../pic32mx/lib/libpic32.a(strcpy.o)
                              build/default/debug/_ext/1360937237/serialresponds.o (strcpy)
/home/john/microchip/xc32/v1.42/bin/bin/../../lib/gcc/pic32mx/4.8.3/../../../../pic32mx/lib/libpic32.a(default-bootstrap-exception-handler.o)
                              /home/john/microchip/xc32/v1.42/bin/bin/../../lib/gcc/pic32mx/4.8.3/../../../../pic32mx/lib/./proc/32MX795F512L/crt0_mips32r2.o (_bootstrap_exception_handler)
/home/john/microchip/xc32/v1.42/bin/bin/../../lib/gcc/pic32mx/4.8.3/../../../../pic32mx/lib/libpic32.a(default-on-reset.o)
                              /home/john/microchip/xc32/v1.42/bin/bin/../../lib/gcc/pic32mx/4.8.3/../../../../pic32mx/lib/./proc/32MX795F512L/crt0_mips32r2.o (_on_reset)
/home/john/microchip/xc32/v1.42/bin/bin/../../lib/gcc/pic32mx/4.8.3/../../../../pic32mx/lib/libpic32.a(default-on-bootstrap.o)
                              /home/john/microchip/xc32/v1.42/bin/bin/../../lib/gcc/pic32mx/4.8.3/../../../../pic32mx/lib/./proc/32MX795F512L/crt0_mips32r2.o (_on_bootstrap)
/home/john/microchip/xc32/v1.42/bin/bin/../../lib/gcc/pic32mx/4.8.3/../../../../pic32mx/lib/libpic32.a(default-nmi-handler.o)
                              /home/john/microchip/xc32/v1.42/bin/bin/../../lib/gcc/pic32mx/4.8.3/../../../../pic32mx/lib/./proc/32MX795F512L/crt0_mips32r2.o (_nmi_handler)
/home/john/microchip/xc32/v1.42/bin/bin/../../lib/gcc/pic32mx/4.8.3/../../../../pic32mx/lib/libpic32.a(general-exception.o)
                              /home/john/microchip/xc32/v1.42/bin/bin/../../lib/gcc/pic32mx/4.8.3/../../../../pic32mx/lib/./proc/32MX795F512L/crt0_mips32r2.o (_general_exception_context)
/home/john/microchip/xc32/v1.42/bin/bin/../../lib/gcc/pic32mx/4.8.3/../../../../pic32mx/lib/libpic32.a(vector0.o)
                              /home/john/microchip/xc32/v1.42/bin/bin/../../lib/gcc/pic32mx/4.8.3/../../../../pic32mx/lib/./proc/32MX795F512L/default_isr_vectors.o (__vector_dispatch_0)
/home/john/microchip/xc32/v1.42/bin/bin/../../lib/gcc/pic32mx/4.8.3/../../../../pic32mx/lib/libpic32.a(vector2.o)
                              /home/john/microchip/xc32/v1.42/bin/bin/../../lib/gcc/pic32mx/4.8.3/../../../../pic32mx/lib/./proc/32MX795F512L/default_isr_vectors.o (__vector_dispatch_2)
/home/john/microchip/xc32/v1.42/bin/bin/../../lib/gcc/pic32mx/4.8.3/../../../../pic32mx/lib/libpic32.a(vector3.o)
                              /home/john/microchip/xc32/v1.42/bin/bin/../../lib/gcc/pic32mx/4.8.3/../../../../pic32mx/lib/./proc/32MX795F512L/default_isr_vectors.o (__vector_dispatch_3)
/home/john/microchip/xc32/v1.42/bin/bin/../../lib/gcc/pic32mx/4.8.3/../../../../pic32mx/lib/libpic32.a(vector5.o)
                              /home/john/microchip/xc32/v1.42/bin/bin/../../lib/gcc/pic32mx/4.8.3/../../../../pic32mx/lib/./proc/32MX795F512L/default_isr_vectors.o (__vector_dispatch_5)
/home/john/microchip/xc32/v1.42/bin/bin/../../lib/gcc/pic32mx/4.8.3/../../../../pic32mx/lib/libpic32.a(vector6.o)
                              /home/john/microchip/xc32/v1.42/bin/bin/../../lib/gcc/pic32mx/4.8.3/../../../../pic32mx/lib/./proc/32MX795F512L/default_isr_vectors.o (__vector_dispatch_6)
/home/john/microchip/xc32/v1.42/bin/bin/../../lib/gcc/pic32mx/4.8.3/../../../../pic32mx/lib/libpic32.a(vector7.o)
                              /home/john/microchip/xc32/v1.42/bin/bin/../../lib/gcc/pic32mx/4.8.3/../../../../pic32mx/lib/./proc/32MX795F512L/default_isr_vectors.o (__vector_dispatch_7)
/home/john/microchip/xc32/v1.42/bin/bin/../../lib/gcc/pic32mx/4.8.3/../../../../pic32mx/lib/libpic32.a(vector8.o)
                              /home/john/microchip/xc32/v1.42/bin/bin/../../lib/gcc/pic32mx/4.8.3/../../../../pic32mx/lib/./proc/32MX795F512L/default_isr_vectors.o (__vector_dispatch_8)
/home/john/microchip/xc32/v1.42/bin/bin/../../lib/gcc/pic32mx/4.8.3/../../../../pic32mx/lib/libpic32.a(vector9.o)
                              /home/john/microchip/xc32/v1.42/bin/bin/../../lib/gcc/pic32mx/4.8.3/../../../../pic32mx/lib/./proc/32MX795F512L/default_isr_vectors.o (__vector_dispatch_9)
/home/john/microchip/xc32/v1.42/bin/bin/../../lib/gcc/pic32mx/4.8.3/../../../../pic32mx/lib/libpic32.a(vector10.o)
                              /home/john/microchip/xc32/v1.42/bin/bin/../../lib/gcc/pic32mx/4.8.3/../../../../pic32mx/lib/./proc/32MX795F512L/default_isr_vectors.o (__vector_dispatch_10)
[...]
Memory Configuration

Name             Origin             Length             Attributes
kseg0_boot_mem   0x9fc00490         0x00000970
kseg1_boot_mem   0xbfc00000         0x00000490
kseg0_program_mem 0x9d000000         0x00080000         xr
exception_mem    0x9fc01000         0x00001000
debug_exec_mem   0xbfc02000         0x00000ff0
config3          0xbfc02ff0         0x00000004
config2          0xbfc02ff4         0x00000004
config1          0xbfc02ff8         0x00000004
config0          0xbfc02ffc         0x00000004
kseg1_data_mem   0xa0000000         0x00020000         w !x
sfrs             0xbf800000         0x00100000
configsfrs       0xbfc02ff0         0x00000010
*default*        0x00000000         0xffffffff

Linker script and memory map


reserve_boot_0x1fc02000_kseg0
                0x9fc02000      0xff0
                0x9fc02000        0x2 SHORT 0x0
                0x00000500                . = 0x500
 *fill*         0x9fc02002      0x4fe 
                0x9fc02500                . = ALIGN (0x4)
                0x9fc02500        0x2 SHORT 0x0
                0x00000ff0                . = 0xff0
 *fill*         0x9fc02502      0xaee 
                0x9fc02ff0                . = ALIGN (0x4)

reserve_boot_0x1fc02000_kseg1
                0xbfc02000      0xff0
                0xbfc02000        0x2 SHORT 0x0
                0x00000500                . = 0x500
 *fill*         0xbfc02002      0x4fe 
                0xbfc02500                . = ALIGN (0x4)
                0xbfc02500        0x2 SHORT 0x0
                0x00000ff0                . = 0xff0
 *fill*         0xbfc02502      0xaee 
                0xbfc02ff0                . = ALIGN (0x4)
LOAD /home/john/microchip/xc32/v1.42/bin/bin/../../lib/gcc/pic32mx/4.8.3/../../../../pic32mx/lib/./proc/32MX795F512L/crt0_mips32r2.o
LOAD /home/john/microchip/xc32/v1.42/bin/bin/../../lib/gcc/pic32mx/4.8.3/../../../../pic32mx/lib/software-debug-break.o
                0x00000001                _DEBUGGER = 0x1
LOAD build/default/debug/_ext/327000265/drv_usart_mapping.o
LOAD build/default/debug/_ext/327000265/drv_usart_static.o
LOAD build/default/debug/_ext/327000265/drv_usart_static_byte_model.o
LOAD build/default/debug/_ext/639803181/sys_clk_static.o
LOAD build/default/debug/_ext/822048611/sys_ports_static.o
LOAD build/default/debug/_ext/1688732426/system_init.o
LOAD build/default/debug/_ext/1688732426/system_interrupt.o
LOAD build/default/debug/_ext/1688732426/system_exceptions.o
LOAD build/default/debug/_ext/1688732426/system_tasks.o
LOAD build/default/debug/_ext/1688732426/system_interrupt_a.o
LOAD build/default/debug/_ext/1688732426/rtos_hooks.o
LOAD build/default/debug/_ext/1360937237/main.o
LOAD build/default/debug/_ext/1360937237/tsk_lfa_rx.o
LOAD build/default/debug/_ext/1360937237/tsk_wifly_rx.o
LOAD build/default/debug/_ext/1360937237/tsk_wifly_tx.o
LOAD build/default/debug/_ext/1360937237/custom_init.o
LOAD build/default/debug/_ext/1360937237/serialfsm.o
LOAD build/default/debug/_ext/1360937237/serialresponds.o
LOAD build/default/debug/_ext/1360937237/debug.o
LOAD build/default/debug/_ext/1360937237/tsk_rvrstatus.o
LOAD build/default/debug/_ext/1360937237/tsk_debug.o
LOAD build/default/debug/_ext/1360937237/tsk_motorctrl.o
LOAD build/default/debug/_ext/24337685/osal_freertos.o
LOAD build/default/debug/_ext/1271179505/sys_devcon.o
LOAD build/default/debug/_ext/1271179505/sys_devcon_pic32mx.o
LOAD build/default/debug/_ext/122796885/sys_int_pic32.o
LOAD build/default/debug/_ext/1856876499/heap_1.o
LOAD build/default/debug/_ext/12131622/port.o
LOAD build/default/debug/_ext/12131622/port_asm.o
LOAD build/default/debug/_ext/1128951024/croutine.o
LOAD build/default/debug/_ext/1128951024/list.o
LOAD build/default/debug/_ext/1128951024/queue.o
LOAD build/default/debug/_ext/1128951024/tasks.o
LOAD build/default/debug/_ext/1128951024/timers.o
LOAD build/default/debug/_ext/1128951024/event_groups.o
LOAD build/default/debug/_ext/659856544/I2CStop.o
LOAD build/default/debug/_ext/659856544/I2CSendByte.o
LOAD build/default/debug/_ext/659856544/I2CClearStatus.o
LOAD build/default/debug/_ext/659856544/I2CRepeatStart.o
LOAD build/default/debug/_ext/659856544/I2CAcknowledgeByte.o
LOAD build/default/debug/_ext/659856544/I2CGetByte.o
LOAD build/default/debug/_ext/659856544/I2CBusIsIdle.o
LOAD build/default/debug/_ext/659856544/I2CTransmissionHasCompleted.o
LOAD build/default/debug/_ext/659856544/I2CReceiverEnable.o
LOAD build/default/debug/_ext/659856544/I2CTransmitterIsReady.o
LOAD build/default/debug/_ext/659856544/I2CSlaveClockHold.o
LOAD build/default/debug/_ext/659856544/I2CStart.o
LOAD build/default/debug/_ext/659856544/I2CReceivedDataIsAvailable.o
LOAD build/default/debug/_ext/659856544/I2CSetSlaveAddress.o
LOAD build/default/debug/_ext/659856544/I2CEnable.o
LOAD build/default/debug/_ext/659856544/I2CSlaveDataReadRequested.o
LOAD build/default/debug/_ext/659856544/I2CConfigure.o
LOAD build/default/debug/_ext/659856544/I2CReceivedByteIsAnAddress.o
LOAD build/default/debug/_ext/659856544/I2CSlaveClockRelease.o
LOAD build/default/debug/_ext/659856544/I2CByteWasAcknowledged.o
LOAD build/default/debug/_ext/659856544/I2CAcknowledgeHasCompleted.o
LOAD build/default/debug/_ext/659856544/I2CGetStatus.o
LOAD build/default/debug/_ext/659856544/I2CPrivate.o
LOAD build/default/debug/_ext/659856544/I2CSetFrequency.o
LOAD ../src/libs/PIC32MX795F512L_peripherals.a
LOAD ../src/libs/aes_pic32mx.a
                0x00000001                __MPLAB_BUILD = 0x1
                0x00000001                __MPLAB_DEBUG = 0x1
                0x00000001                __DEBUG = 0x1
                0x00000001                __MPLAB_DEBUGGER_PK3 = 0x1
                0x00000000                _min_heap_size = 0x0
LOAD /home/john/microchip/xc32/v1.42/bin/bin/../../lib/gcc/pic32mx/4.8.3/../../../../pic32mx/lib/./proc/32MX795F512L/default_isr_vectors.o
LOAD /home/john/microchip/xc32/v1.42/bin/bin/../../lib/gcc/pic32mx/4.8.3/../../../../pic32mx/lib/pic32_software_reset.o
                0x00000400                PROVIDE (_min_stack_size, 0x400)
LOAD /home/john/microchip/xc32/v1.42/bin/bin/../../lib/gcc/pic32mx/4.8.3/../../../../pic32mx/lib/./proc/32MX795F512L/processor.o
START GROUP
LOAD libmchp_peripheral.a
END GROUP
START GROUP
LOAD libmchp_peripheral_32MX795F512L.a
END GROUP
                0x00000001                PROVIDE (_vector_spacing, 0x1)
                0x9fc01000                PROVIDE (_ebase_address, 0x9fc01000)
                0xbfc00000                _RESET_ADDR = 0xbfc00000
                0xbfc00380                _BEV_EXCPT_ADDR = 0xbfc00380
                0xbfc00480                _DBG_EXCPT_ADDR = 0xbfc00480
                0xbfc02000                _DBG_CODE_ADDR = 0xbfc02000
                0x00000ff0                _DBG_CODE_SIZE = 0xff0
                0x9fc01180                _GEN_EXCPT_ADDR = (_ebase_address + 0x180)

.config_BFC02FF0
                0xbfc02ff0        0x4
 *(.config_BFC02FF0)
 .config_BFC02FF0
                0xbfc02ff0        0x4 build/default/debug/_ext/1688732426/system_init.o

.config_BFC02FF4
                0xbfc02ff4        0x4
 *(.config_BFC02FF4)
 .config_BFC02FF4
                0xbfc02ff4        0x4 build/default/debug/_ext/1688732426/system_init.o

.config_BFC02FF8
                0xbfc02ff8        0x4
 *(.config_BFC02FF8)
 .config_BFC02FF8
                0xbfc02ff8        0x4 build/default/debug/_ext/1688732426/system_init.o

.config_BFC02FFC
                0xbfc02ffc        0x4
 *(.config_BFC02FFC)
 .config_BFC02FFC
                0xbfc02ffc        0x4 build/default/debug/_ext/1688732426/system_init.o
                0xbfc02000                PROVIDE (_DBG_CODE_ADDR, 0xbfc02000)
                0x00000ff0                PROVIDE (_DBG_CODE_SIZE, 0xff0)

.reset          0xbfc00000      0x208
 *(.reset)
 .reset         0xbfc00000        0x8 /home/john/microchip/xc32/v1.42/bin/bin/../../lib/gcc/pic32mx/4.8.3/../../../../pic32mx/lib/./proc/32MX795F512L/crt0_mips32r2.o
                0xbfc00000                _reset
 *(.reset.startup)
 .reset.startup
                0xbfc00008      0x200 /home/john/microchip/xc32/v1.42/bin/bin/../../lib/gcc/pic32mx/4.8.3/../../../../pic32mx/lib/./proc/32MX795F512L/crt0_mips32r2.o

.bev_excpt      0xbfc00380       0x10
 *(.bev_handler)
 .bev_handler   0xbfc00380       0x10 /home/john/microchip/xc32/v1.42/bin/bin/../../lib/gcc/pic32mx/4.8.3/../../../../pic32mx/lib/./proc/32MX795F512L/crt0_mips32r2.o

.dbg_excpt      0xbfc00480        0x8
                0xbfc00480                . = (. + DEFINED (_DEBUGGER)?0x8:0x0)
 *fill*         0xbfc00480        0x8 

.dbg_code       0xbfc02000      0xff0
                0xbfc02000                . = (. + DEFINED (_DEBUGGER)?_DBG_CODE_SIZE:0x0)
 *fill*         0xbfc02000      0xff0 

.app_excpt      0x9fc01180       0x10
 *(.gen_handler)
 .gen_handler   0x9fc01180       0x10 /home/john/microchip/xc32/v1.42/bin/bin/../../lib/gcc/pic32mx/4.8.3/../../../../pic32mx/lib/./proc/32MX795F512L/crt0_mips32r2.o

.vector_0       0x9fc01200        0x8
 *(.vector_0)
 .vector_0      0x9fc01200        0x8 /home/john/microchip/xc32/v1.42/bin/bin/../../lib/gcc/pic32mx/4.8.3/../../../../pic32mx/lib/libpic32.a(vector0.o)
                0x9fc01200                __vector_dispatch_0
                0x00000001                ASSERT (((_vector_spacing == 0x0) || (SIZEOF (.vector_0) <= (_vector_spacing << 0x5))), function at exception vector 0 too large)

.vector_1       0x9fc01220        0x8
 *(.vector_1)
 .vector_1      0x9fc01220        0x8 build/default/debug/_ext/12131622/port.o
                0x9fc01220                __vector_dispatch_1
                0x00000001                ASSERT (((_vector_spacing == 0x0) || (SIZEOF (.vector_1) <= (_vector_spacing << 0x5))), function at exception vector 1 too large)

.vector_2       0x9fc01240        0x8
 *(.vector_2)
 .vector_2      0x9fc01240        0x8 /home/john/microchip/xc32/v1.42/bin/bin/../../lib/gcc/pic32mx/4.8.3/../../../../pic32mx/lib/libpic32.a(vector2.o)
                0x9fc01240                __vector_dispatch_2
                0x00000001                ASSERT (((_vector_spacing == 0x0) || (SIZEOF (.vector_2) <= (_vector_spacing << 0x5))), function at exception vector 2 too large)

.vector_3       0x9fc01260        0x8
 *(.vector_3)
 .vector_3      0x9fc01260        0x8 /home/john/microchip/xc32/v1.42/bin/bin/../../lib/gcc/pic32mx/4.8.3/../../../../pic32mx/lib/libpic32.a(vector3.o)
                0x9fc01260                __vector_dispatch_3
                0x00000001                ASSERT (((_vector_spacing == 0x0) || (SIZEOF (.vector_3) <= (_vector_spacing << 0x5))), function at exception vector 3 too large)

.vector_4       0x9fc01280        0x8
 *(.vector_4)
 .vector_4      0x9fc01280        0x8 build/default/debug/_ext/12131622/port.o
                0x9fc01280                __vector_dispatch_4
                0x00000001                ASSERT (((_vector_spacing == 0x0) || (SIZEOF (.vector_4) <= (_vector_spacing << 0x5))), function at exception vector 4 too large)

.vector_5       0x9fc012a0        0x8
 *(.vector_5)
 .vector_5      0x9fc012a0        0x8 /home/john/microchip/xc32/v1.42/bin/bin/../../lib/gcc/pic32mx/4.8.3/../../../../pic32mx/lib/libpic32.a(vector5.o)
                0x9fc012a0                __vector_dispatch_5
                0x00000001                ASSERT (((_vector_spacing == 0x0) || (SIZEOF (.vector_5) <= (_vector_spacing << 0x5))), function at exception vector 5 too large)

.vector_6       0x9fc012c0        0x8
 *(.vector_6)
 .vector_6      0x9fc012c0        0x8 /home/john/microchip/xc32/v1.42/bin/bin/../../lib/gcc/pic32mx/4.8.3/../../../../pic32mx/lib/libpic32.a(vector6.o)
                0x9fc012c0                __vector_dispatch_6
                0x00000001                ASSERT (((_vector_spacing == 0x0) || (SIZEOF (.vector_6) <= (_vector_spacing << 0x5))), function at exception vector 6 too large)

.vector_7       0x9fc012e0        0x8
 *(.vector_7)
 .vector_7      0x9fc012e0        0x8 /home/john/microchip/xc32/v1.42/bin/bin/../../lib/gcc/pic32mx/4.8.3/../../../../pic32mx/lib/libpic32.a(vector7.o)
                0x9fc012e0                __vector_dispatch_7
                0x00000001                ASSERT (((_vector_spacing == 0x0) || (SIZEOF (.vector_7) <= (_vector_spacing << 0x5))), function at exception vector 7 too large)

.vector_8       0x9fc01300        0x8
 *(.vector_8)
 .vector_8      0x9fc01300        0x8 /home/john/microchip/xc32/v1.42/bin/bin/../../lib/gcc/pic32mx/4.8.3/../../../../pic32mx/lib/libpic32.a(vector8.o)
                0x9fc01300                __vector_dispatch_8
                0x00000001                ASSERT (((_vector_spacing == 0x0) || (SIZEOF (.vector_8) <= (_vector_spacing << 0x5))), function at exception vector 8 too large)

.vector_9       0x9fc01320        0x8
 *(.vector_9)
 .vector_9      0x9fc01320        0x8 /home/john/microchip/xc32/v1.42/bin/bin/../../lib/gcc/pic32mx/4.8.3/../../../../pic32mx/lib/libpic32.a(vector9.o)
                0x9fc01320                __vector_dispatch_9
                0x00000001                ASSERT (((_vector_spacing == 0x0) || (SIZEOF (.vector_9) <= (_vector_spacing << 0x5))), function at exception vector 9 too large)

.vector_10      0x9fc01340        0x8
 *(.vector_10)
 .vector_10     0x9fc01340        0x8 /home/john/microchip/xc32/v1.42/bin/bin/../../lib/gcc/pic32mx/4.8.3/../../../../pic32mx/lib/libpic32.a(vector10.o)
                0x9fc01340                __vector_dispatch_10
                0x00000001                ASSERT (((_vector_spacing == 0x0) || (SIZEOF (.vector_10) <= (_vector_spacing << 0x5))), function at exception vector 10 too large)

.vector_11      0x9fc01360        0x8
 *(.vector_11)
 .vector_11     0x9fc01360        0x8 /home/john/microchip/xc32/v1.42/bin/bin/../../lib/gcc/pic32mx/4.8.3/../../../../pic32mx/lib/libpic32.a(vector11.o)
                0x9fc01360                __vector_dispatch_11
                0x00000001                ASSERT (((_vector_spacing == 0x0) || (SIZEOF (.vector_11) <= (_vector_spacing << 0x5))), function at exception vector 11 too large)

.vector_12      0x9fc01380        0x8
 *(.vector_12)
 .vector_12     0x9fc01380        0x8 /home/john/microchip/xc32/v1.42/bin/bin/../../lib/gcc/pic32mx/4.8.3/../../../../pic32mx/lib/libpic32.a(vector12.o)
                0x9fc01380                __vector_dispatch_12
                0x00000001                ASSERT (((_vector_spacing == 0x0) || (SIZEOF (.vector_12) <= (_vector_spacing << 0x5))), function at exception vector 12 too large)

.vector_13      0x9fc013a0        0x8
 *(.vector_13)
 .vector_13     0x9fc013a0        0x8 /home/john/microchip/xc32/v1.42/bin/bin/../../lib/gcc/pic32mx/4.8.3/../../../../pic32mx/lib/libpic32.a(vector13.o)
                0x9fc013a0                __vector_dispatch_13
                0x00000001                ASSERT (((_vector_spacing == 0x0) || (SIZEOF (.vector_13) <= (_vector_spacing << 0x5))), function at exception vector 13 too large)

.vector_14      0x9fc013c0        0x8
 *(.vector_14)
 .vector_14     0x9fc013c0        0x8 /home/john/microchip/xc32/v1.42/bin/bin/../../lib/gcc/pic32mx/4.8.3/../../../../pic32mx/lib/libpic32.a(vector14.o)
                0x9fc013c0                __vector_dispatch_14
                0x00000001                ASSERT (((_vector_spacing == 0x0) || (SIZEOF (.vector_14) <= (_vector_spacing << 0x5))), function at exception vector 14 too large)

.vector_15      0x9fc013e0        0x8
 *(.vector_15)
 .vector_15     0x9fc013e0        0x8 /home/john/microchip/xc32/v1.42/bin/bin/../../lib/gcc/pic32mx/4.8.3/../../../../pic32mx/lib/libpic32.a(vector15.o)
                0x9fc013e0                __vector_dispatch_15
                0x00000001                ASSERT (((_vector_spacing == 0x0) || (SIZEOF (.vector_15) <= (_vector_spacing << 0x5))), function at exception vector 15 too large)

.vector_16      0x9fc01400        0x8
 *(.vector_16)
 .vector_16     0x9fc01400        0x8 /home/john/microchip/xc32/v1.42/bin/bin/../../lib/gcc/pic32mx/4.8.3/../../../../pic32mx/lib/libpic32.a(vector16.o)
                0x9fc01400                __vector_dispatch_16
                0x00000001                ASSERT (((_vector_spacing == 0x0) || (SIZEOF (.vector_16) <= (_vector_spacing << 0x5))), function at exception vector 16 too large)

.vector_17      0x9fc01420        0x8
 *(.vector_17)
 .vector_17     0x9fc01420        0x8 /home/john/microchip/xc32/v1.42/bin/bin/../../lib/gcc/pic32mx/4.8.3/../../../../pic32mx/lib/libpic32.a(vector17.o)
                0x9fc01420                __vector_dispatch_17
                0x00000001                ASSERT (((_vector_spacing == 0x0) || (SIZEOF (.vector_17) <= (_vector_spacing << 0x5))), function at exception vector 17 too large)

.vector_18      0x9fc01440        0x8
 *(.vector_18)
 .vector_18     0x9fc01440        0x8 /home/john/microchip/xc32/v1.42/bin/bin/../../lib/gcc/pic32mx/4.8.3/../../../../pic32mx/lib/libpic32.a(vector18.o)
                0x9fc01440                __vector_dispatch_18
                0x00000001                ASSERT (((_vector_spacing == 0x0) || (SIZEOF (.vector_18) <= (_vector_spacing << 0x5))), function at exception vector 18 too large)

.vector_19      0x9fc01460        0x8
 *(.vector_19)
 .vector_19     0x9fc01460        0x8 /home/john/microchip/xc32/v1.42/bin/bin/../../lib/gcc/pic32mx/4.8.3/../../../../pic32mx/lib/libpic32.a(vector19.o)
                0x9fc01460                __vector_dispatch_19
                0x00000001                ASSERT (((_vector_spacing == 0x0) || (SIZEOF (.vector_19) <= (_vector_spacing << 0x5))), function at exception vector 19 too large)

.vector_20      0x9fc01480        0x8
 *(.vector_20)
 .vector_20     0x9fc01480        0x8 /home/john/microchip/xc32/v1.42/bin/bin/../../lib/gcc/pic32mx/4.8.3/../../../../pic32mx/lib/libpic32.a(vector20.o)
                0x9fc01480                __vector_dispatch_20
                0x00000001                ASSERT (((_vector_spacing == 0x0) || (SIZEOF (.vector_20) <= (_vector_spacing << 0x5))), function at exception vector 20 too large)

.vector_21      0x9fc014a0        0x8
 *(.vector_21)
 .vector_21     0x9fc014a0        0x8 /home/john/microchip/xc32/v1.42/bin/bin/../../lib/gcc/pic32mx/4.8.3/../../../../pic32mx/lib/libpic32.a(vector21.o)
                0x9fc014a0                __vector_dispatch_21
                0x00000001                ASSERT (((_vector_spacing == 0x0) || (SIZEOF (.vector_21) <= (_vector_spacing << 0x5))), function at exception vector 21 too large)

.vector_22      0x9fc014c0        0x8
 *(.vector_22)
 .vector_22     0x9fc014c0        0x8 /home/john/microchip/xc32/v1.42/bin/bin/../../lib/gcc/pic32mx/4.8.3/../../../../pic32mx/lib/libpic32.a(vector22.o)
                0x9fc014c0                __vector_dispatch_22
                0x00000001                ASSERT (((_vector_spacing == 0x0) || (SIZEOF (.vector_22) <= (_vector_spacing << 0x5))), function at exception vector 22 too large)

.vector_23      0x9fc014e0        0x8
 *(.vector_23)
 .vector_23     0x9fc014e0        0x8 /home/john/microchip/xc32/v1.42/bin/bin/../../lib/gcc/pic32mx/4.8.3/../../../../pic32mx/lib/libpic32.a(vector23.o)
                0x9fc014e0                __vector_dispatch_23
                0x00000001                ASSERT (((_vector_spacing == 0x0) || (SIZEOF (.vector_23) <= (_vector_spacing << 0x5))), function at exception vector 23 too large)

.vector_24      0x9fc01500       0x10
 *(.vector_24)
 .vector_24     0x9fc01500       0x10 build/default/debug/_ext/1688732426/system_interrupt_a.o
                0x9fc01500                __vector_dispatch_24
                0x00000001                ASSERT (((_vector_spacing == 0x0) || (SIZEOF (.vector_24) <= (_vector_spacing << 0x5))), function at exception vector 24 too large)

.vector_25      0x9fc01520        0x8
 *(.vector_25)
 .vector_25     0x9fc01520        0x8 /home/john/microchip/xc32/v1.42/bin/bin/../../lib/gcc/pic32mx/4.8.3/../../../../pic32mx/lib/libpic32.a(vector25.o)
                0x9fc01520                __vector_dispatch_25
                0x00000001                ASSERT (((_vector_spacing == 0x0) || (SIZEOF (.vector_25) <= (_vector_spacing << 0x5))), function at exception vector 25 too large)

.vector_26      0x9fc01540        0x8
 *(.vector_26)
 .vector_26     0x9fc01540        0x8 /home/john/microchip/xc32/v1.42/bin/bin/../../lib/gcc/pic32mx/4.8.3/../../../../pic32mx/lib/libpic32.a(vector26.o)
                0x9fc01540                __vector_dispatch_26
                0x00000001                ASSERT (((_vector_spacing == 0x0) || (SIZEOF (.vector_26) <= (_vector_spacing << 0x5))), function at exception vector 26 too large)

.vector_27      0x9fc01560        0x8
 *(.vector_27)
 .vector_27     0x9fc01560        0x8 /home/john/microchip/xc32/v1.42/bin/bin/../../lib/gcc/pic32mx/4.8.3/../../../../pic32mx/lib/libpic32.a(vector27.o)
                0x9fc01560                __vector_dispatch_27
                0x00000001                ASSERT (((_vector_spacing == 0x0) || (SIZEOF (.vector_27) <= (_vector_spacing << 0x5))), function at exception vector 27 too large)

.vector_28      0x9fc01580        0x8
 *(.vector_28)
 .vector_28     0x9fc01580        0x8 /home/john/microchip/xc32/v1.42/bin/bin/../../lib/gcc/pic32mx/4.8.3/../../../../pic32mx/lib/libpic32.a(vector28.o)
                0x9fc01580                __vector_dispatch_28
                0x00000001                ASSERT (((_vector_spacing == 0x0) || (SIZEOF (.vector_28) <= (_vector_spacing << 0x5))), function at exception vector 28 too large)

.vector_29      0x9fc015a0        0x8
 *(.vector_29)
 .vector_29     0x9fc015a0        0x8 /home/john/microchip/xc32/v1.42/bin/bin/../../lib/gcc/pic32mx/4.8.3/../../../../pic32mx/lib/libpic32.a(vector29.o)
                0x9fc015a0                __vector_dispatch_29
                0x00000001                ASSERT (((_vector_spacing == 0x0) || (SIZEOF (.vector_29) <= (_vector_spacing << 0x5))), function at exception vector 29 too large)

.vector_30      0x9fc015c0        0x8
 *(.vector_30)
 .vector_30     0x9fc015c0        0x8 /home/john/microchip/xc32/v1.42/bin/bin/../../lib/gcc/pic32mx/4.8.3/../../../../pic32mx/lib/libpic32.a(vector30.o)
                0x9fc015c0                __vector_dispatch_30
                0x00000001                ASSERT (((_vector_spacing == 0x0) || (SIZEOF (.vector_30) <= (_vector_spacing << 0x5))), function at exception vector 30 too large)

.vector_31      0x9fc015e0        0x8
 *(.vector_31)
 .vector_31     0x9fc015e0        0x8 /home/john/microchip/xc32/v1.42/bin/bin/../../lib/gcc/pic32mx/4.8.3/../../../../pic32mx/lib/libpic32.a(vector31.o)
                0x9fc015e0                __vector_dispatch_31
                0x00000001                ASSERT (((_vector_spacing == 0x0) || (SIZEOF (.vector_31) <= (_vector_spacing << 0x5))), function at exception vector 31 too large)

.vector_32      0x9fc01600       0x10
 *(.vector_32)
 .vector_32     0x9fc01600       0x10 build/default/debug/_ext/1688732426/system_interrupt_a.o
                0x9fc01600                __vector_dispatch_32
                0x00000001                ASSERT (((_vector_spacing == 0x0) || (SIZEOF (.vector_32) <= (_vector_spacing << 0x5))), function at exception vector 32 too large)

.vector_33      0x9fc01620        0x8
 *(.vector_33)
 .vector_33     0x9fc01620        0x8 /home/john/microchip/xc32/v1.42/bin/bin/../../lib/gcc/pic32mx/4.8.3/../../../../pic32mx/lib/libpic32.a(vector33.o)
                0x9fc01620                __vector_dispatch_33
                0x00000001                ASSERT (((_vector_spacing == 0x0) || (SIZEOF (.vector_33) <= (_vector_spacing << 0x5))), function at exception vector 33 too large)

.vector_34      0x9fc01640        0x8
 *(.vector_34)
 .vector_34     0x9fc01640        0x8 /home/john/microchip/xc32/v1.42/bin/bin/../../lib/gcc/pic32mx/4.8.3/../../../../pic32mx/lib/libpic32.a(vector34.o)
                0x9fc01640                __vector_dispatch_34
                0x00000001                ASSERT (((_vector_spacing == 0x0) || (SIZEOF (.vector_34) <= (_vector_spacing << 0x5))), function at exception vector 34 too large)

.vector_35      0x9fc01660        0x8
 *(.vector_35)
 .vector_35     0x9fc01660        0x8 /home/john/microchip/xc32/v1.42/bin/bin/../../lib/gcc/pic32mx/4.8.3/../../../../pic32mx/lib/libpic32.a(vector35.o)
                0x9fc01660                __vector_dispatch_35
                0x00000001                ASSERT (((_vector_spacing == 0x0) || (SIZEOF (.vector_35) <= (_vector_spacing << 0x5))), function at exception vector 35 too large)

.vector_36      0x9fc01680        0x8
 *(.vector_36)
 .vector_36     0x9fc01680        0x8 /home/john/microchip/xc32/v1.42/bin/bin/../../lib/gcc/pic32mx/4.8.3/../../../../pic32mx/lib/libpic32.a(vector36.o)
                0x9fc01680                __vector_dispatch_36
                0x00000001                ASSERT (((_vector_spacing == 0x0) || (SIZEOF (.vector_36) <= (_vector_spacing << 0x5))), function at exception vector 36 too large)

.vector_37      0x9fc016a0        0x8
 *(.vector_37)
 .vector_37     0x9fc016a0        0x8 /home/john/microchip/xc32/v1.42/bin/bin/../../lib/gcc/pic32mx/4.8.3/../../../../pic32mx/lib/libpic32.a(vector37.o)
                0x9fc016a0                __vector_dispatch_37
                0x00000001                ASSERT (((_vector_spacing == 0x0) || (SIZEOF (.vector_37) <= (_vector_spacing << 0x5))), function at exception vector 37 too large)

.vector_38      0x9fc016c0        0x8
 *(.vector_38)
 .vector_38     0x9fc016c0        0x8 /home/john/microchip/xc32/v1.42/bin/bin/../../lib/gcc/pic32mx/4.8.3/../../../../pic32mx/lib/libpic32.a(vector38.o)
                0x9fc016c0                __vector_dispatch_38
                0x00000001                ASSERT (((_vector_spacing == 0x0) || (SIZEOF (.vector_38) <= (_vector_spacing << 0x5))), function at exception vector 38 too large)

.vector_39      0x9fc016e0        0x8
 *(.vector_39)
 .vector_39     0x9fc016e0        0x8 /home/john/microchip/xc32/v1.42/bin/bin/../../lib/gcc/pic32mx/4.8.3/../../../../pic32mx/lib/libpic32.a(vector39.o)
                0x9fc016e0                __vector_dispatch_39
                0x00000001                ASSERT (((_vector_spacing == 0x0) || (SIZEOF (.vector_39) <= (_vector_spacing << 0x5))), function at exception vector 39 too large)

.vector_40      0x9fc01700        0x8
 *(.vector_40)
 .vector_40     0x9fc01700        0x8 /home/john/microchip/xc32/v1.42/bin/bin/../../lib/gcc/pic32mx/4.8.3/../../../../pic32mx/lib/libpic32.a(vector40.o)
                0x9fc01700                __vector_dispatch_40
                0x00000001                ASSERT (((_vector_spacing == 0x0) || (SIZEOF (.vector_40) <= (_vector_spacing << 0x5))), function at exception vector 40 too large)

.vector_41      0x9fc01720        0x8
 *(.vector_41)
 .vector_41     0x9fc01720        0x8 /home/john/microchip/xc32/v1.42/bin/bin/../../lib/gcc/pic32mx/4.8.3/../../../../pic32mx/lib/libpic32.a(vector41.o)
                0x9fc01720                __vector_dispatch_41
                0x00000001                ASSERT (((_vector_spacing == 0x0) || (SIZEOF (.vector_41) <= (_vector_spacing << 0x5))), function at exception vector 41 too large)

.vector_42      0x9fc01740        0x8
 *(.vector_42)
 .vector_42     0x9fc01740        0x8 /home/john/microchip/xc32/v1.42/bin/bin/../../lib/gcc/pic32mx/4.8.3/../../../../pic32mx/lib/libpic32.a(vector42.o)
                0x9fc01740                __vector_dispatch_42
                0x00000001                ASSERT (((_vector_spacing == 0x0) || (SIZEOF (.vector_42) <= (_vector_spacing << 0x5))), function at exception vector 42 too large)

.vector_43      0x9fc01760        0x8
 *(.vector_43)
 .vector_43     0x9fc01760        0x8 /home/john/microchip/xc32/v1.42/bin/bin/../../lib/gcc/pic32mx/4.8.3/../../../../pic32mx/lib/libpic32.a(vector43.o)
                0x9fc01760                __vector_dispatch_43
                0x00000001                ASSERT (((_vector_spacing == 0x0) || (SIZEOF (.vector_43) <= (_vector_spacing << 0x5))), function at exception vector 43 too large)

.vector_44      0x9fc01780        0x8
 *(.vector_44)
 .vector_44     0x9fc01780        0x8 /home/john/microchip/xc32/v1.42/bin/bin/../../lib/gcc/pic32mx/4.8.3/../../../../pic32mx/lib/libpic32.a(vector44.o)
                0x9fc01780                __vector_dispatch_44
                0x00000001                ASSERT (((_vector_spacing == 0x0) || (SIZEOF (.vector_44) <= (_vector_spacing << 0x5))), function at exception vector 44 too large)

.vector_45      0x9fc017a0        0x8
 *(.vector_45)
 .vector_45     0x9fc017a0        0x8 /home/john/microchip/xc32/v1.42/bin/bin/../../lib/gcc/pic32mx/4.8.3/../../../../pic32mx/lib/libpic32.a(vector45.o)
                0x9fc017a0                __vector_dispatch_45
                0x00000001                ASSERT (((_vector_spacing == 0x0) || (SIZEOF (.vector_45) <= (_vector_spacing << 0x5))), function at exception vector 45 too large)

.vector_46      0x9fc017c0        0x8
 *(.vector_46)
 .vector_46     0x9fc017c0        0x8 /home/john/microchip/xc32/v1.42/bin/bin/../../lib/gcc/pic32mx/4.8.3/../../../../pic32mx/lib/libpic32.a(vector46.o)
                0x9fc017c0                __vector_dispatch_46
                0x00000001                ASSERT (((_vector_spacing == 0x0) || (SIZEOF (.vector_46) <= (_vector_spacing << 0x5))), function at exception vector 46 too large)

.vector_47      0x9fc017e0        0x8
 *(.vector_47)
 .vector_47     0x9fc017e0        0x8 /home/john/microchip/xc32/v1.42/bin/bin/../../lib/gcc/pic32mx/4.8.3/../../../../pic32mx/lib/libpic32.a(vector47.o)
                0x9fc017e0                __vector_dispatch_47
                0x00000001                ASSERT (((_vector_spacing == 0x0) || (SIZEOF (.vector_47) <= (_vector_spacing << 0x5))), function at exception vector 47 too large)

.vector_48      0x9fc01800        0x8
 *(.vector_48)
 .vector_48     0x9fc01800        0x8 /home/john/microchip/xc32/v1.42/bin/bin/../../lib/gcc/pic32mx/4.8.3/../../../../pic32mx/lib/libpic32.a(vector48.o)
                0x9fc01800                __vector_dispatch_48
                0x00000001                ASSERT (((_vector_spacing == 0x0) || (SIZEOF (.vector_48) <= (_vector_spacing << 0x5))), function at exception vector 48 too large)

.vector_49      0x9fc01820        0x8
 *(.vector_49)
 .vector_49     0x9fc01820        0x8 /home/john/microchip/xc32/v1.42/bin/bin/../../lib/gcc/pic32mx/4.8.3/../../../../pic32mx/lib/libpic32.a(vector49.o)
                0x9fc01820                __vector_dispatch_49
                0x00000001                ASSERT (((_vector_spacing == 0x0) || (SIZEOF (.vector_49) <= (_vector_spacing << 0x5))), function at exception vector 49 too large)

.vector_50      0x9fc01840        0x8
 *(.vector_50)
 .vector_50     0x9fc01840        0x8 /home/john/microchip/xc32/v1.42/bin/bin/../../lib/gcc/pic32mx/4.8.3/../../../../pic32mx/lib/libpic32.a(vector50.o)
                0x9fc01840                __vector_dispatch_50
                0x00000001                ASSERT (((_vector_spacing == 0x0) || (SIZEOF (.vector_50) <= (_vector_spacing << 0x5))), function at exception vector 50 too large)

.vector_51      0x9fc01860        0x8
 *(.vector_51)
 .vector_51     0x9fc01860        0x8 /home/john/microchip/xc32/v1.42/bin/bin/../../lib/gcc/pic32mx/4.8.3/../../../../pic32mx/lib/libpic32.a(vector51.o)
                0x9fc01860                __vector_dispatch_51
                0x00000001                ASSERT (((_vector_spacing == 0x0) || (SIZEOF (.vector_51) <= (_vector_spacing << 0x5))), function at exception vector 51 too large)

.vector_52      0x9fc01880        0x0
 *(.vector_52)
                0x00000001                ASSERT (((_vector_spacing == 0x0) || (SIZEOF (.vector_52) <= (_vector_spacing << 0x5))), function at exception vector 52 too large)

.vector_53      0x9fc018a0        0x0
 *(.vector_53)
                0x00000001                ASSERT (((_vector_spacing == 0x0) || (SIZEOF (.vector_53) <= (_vector_spacing << 0x5))), function at exception vector 53 too large)

.vector_54      0x9fc018c0        0x0
 *(.vector_54)
                0x00000001                ASSERT (((_vector_spacing == 0x0) || (SIZEOF (.vector_54) <= (_vector_spacing << 0x5))), function at exception vector 54 too large)

.vector_55      0x9fc018e0        0x0
 *(.vector_55)
                0x00000001                ASSERT (((_vector_spacing == 0x0) || (SIZEOF (.vector_55) <= (_vector_spacing << 0x5))), function at exception vector 55 too large)

.vector_56      0x9fc01900        0x0
 *(.vector_56)
                0x00000001                ASSERT (((_vector_spacing == 0x0) || (SIZEOF (.vector_56) <= (_vector_spacing << 0x5))), function at exception vector 56 too large)

.vector_57      0x9fc01920        0x0
 *(.vector_57)
                0x00000001                ASSERT (((_vector_spacing == 0x0) || (SIZEOF (.vector_57) <= (_vector_spacing << 0x5))), function at exception vector 57 too large)

.vector_58      0x9fc01940        0x0
 *(.vector_58)
                0x00000001                ASSERT (((_vector_spacing == 0x0) || (SIZEOF (.vector_58) <= (_vector_spacing << 0x5))), function at exception vector 58 too large)

.vector_59      0x9fc01960        0x0
 *(.vector_59)
                0x00000001                ASSERT (((_vector_spacing == 0x0) || (SIZEOF (.vector_59) <= (_vector_spacing << 0x5))), function at exception vector 59 too large)

.vector_60      0x9fc01980        0x0
 *(.vector_60)
                0x00000001                ASSERT (((_vector_spacing == 0x0) || (SIZEOF (.vector_60) <= (_vector_spacing << 0x5))), function at exception vector 60 too large)

.vector_61      0x9fc019a0        0x0
 *(.vector_61)
                0x00000001                ASSERT (((_vector_spacing == 0x0) || (SIZEOF (.vector_61) <= (_vector_spacing << 0x5))), function at exception vector 61 too large)

.vector_62      0x9fc019c0        0x0
 *(.vector_62)
                0x00000001                ASSERT (((_vector_spacing == 0x0) || (SIZEOF (.vector_62) <= (_vector_spacing << 0x5))), function at exception vector 62 too large)

.vector_63      0x9fc019e0        0x0
 *(.vector_63)
                0x00000001                ASSERT (((_vector_spacing == 0x0) || (SIZEOF (.vector_63) <= (_vector_spacing << 0x5))), function at exception vector 63 too large)

.startup
 *(.startup)

.text           0x9d000000        0x0
 *(.stub .gnu.linkonce.t.*)
 *(.text.*personality*)
 *(.mips16.fn.*)
 *(.mips16.call.*)
 *(.gnu.warning)
                0x9d000000                . = ALIGN (0x4)

.init           0x9d000000        0x0
 *crti.o(.init)
 *crtbegin.o(.init)
 *(EXCLUDE_FILE(*crtn.o *crtend?.o *crtend.o) .init)
 *crtend.o(.init)
 *crtn.o(.init)
                0x9d000000                . = ALIGN (0x4)

.fini           0x9d000000        0x0
 *(.fini)
                0x9d000000                . = ALIGN (0x4)

.preinit_array  0x9d000000        0x0
                0x9d000000                PROVIDE (__preinit_array_start, .)
 *(.preinit_array)
                0x9d000000                PROVIDE (__preinit_array_end, .)
                0x9d000000                . = ALIGN (0x4)

.init_array     0x9d000000        0x0
                0x9d000000                PROVIDE (__init_array_start, .)
 *(SORT(.init_array.*))
 *(.init_array)
                0x9d000000                PROVIDE (__init_array_end, .)
                0x9d000000                . = ALIGN (0x4)

.fini_array     0x9d000000        0x0
                0x9d000000                PROVIDE (__fini_array_start, .)
 *(SORT(.fini_array.*))
 *(.fini_array)
                0x9d000000                PROVIDE (__fini_array_end, .)
                0x9d000000                . = ALIGN (0x4)

.ctors          0x9d000000        0x0
 *crtbegin.o(.ctors)
 *crtbegin?.o(.ctors)
 *(EXCLUDE_FILE(*crtend?.o *crtend.o) .ctors)
 *(SORT(.ctors.*))
 *(.ctors)
                0x9d000000                . = ALIGN (0x4)

.dtors          0x9d000000        0x0
 *crtbegin.o(.dtors)
 *crtbegin?.o(.dtors)
 *(EXCLUDE_FILE(*crtend?.o *crtend.o) .dtors)
 *(SORT(.dtors.*))
 *(.dtors)
                0x9d000000                . = ALIGN (0x4)

.rodata         0x9d000000        0x0
 *(.gnu.linkonce.r.*)
 *(.rodata1)
                0x9d000000                . = ALIGN (0x4)

.sdata2         0x9fc00490        0x0
 *(.sdata2 .sdata2.* .gnu.linkonce.s2.*)
                0x9fc00490                . = ALIGN (0x4)

.sbss2          0x9fc00490        0x0
 *(.sbss2 .sbss2.* .gnu.linkonce.sb2.*)
                0x9fc00490                . = ALIGN (0x4)

.eh_frame_hdr
 *(.eh_frame_hdr)
                0x9fc00490                . = ALIGN (0x4)

.eh_frame
 *(.eh_frame)
                0x9fc00490                . = ALIGN (0x4)

.gcc_except_table
 *(.gcc_except_table .gcc_except_table.*)
                0x9fc00490                . = ALIGN (0x4)

.dbg_data       0xa0000000      0x200
                0xa0000000                . = (. + DEFINED (_DEBUGGER)?0x200:0x0)
 *fill*         0xa0000000      0x200 

.jcr            0xa0000200        0x0
 *(.jcr)
                0xa0000200                . = ALIGN (0x4)

.eh_frame
 *(.eh_frame)
                0xa0000200                . = ALIGN (0x4)

.gcc_except_table
 *(.gcc_except_table .gcc_except_table.*)
                0xa0000200                . = ALIGN (0x4)

.persist        0xa0000200        0x0
                0xa0000200                _persist_begin = .
 *(.persist .persist.*)
 *(.pbss .pbss.*)
                0xa0000200                . = ALIGN (0x4)
                0xa0000200                _persist_end = .

.data           0xa0000200        0x0
 *(.gnu.linkonce.d.*)
 *(.data1)
                0xa0000200                . = ALIGN (0x4)
                0xa0000200                . = .
                0xa00081f0                _gp = (ALIGN (0x10) + 0x7ff0)

.got            0xa0000200        0x0
 *(.got.plt)
 *(.got)
                0xa0000200                . = ALIGN (0x4)

.sdata          0xa0000200        0x4
                0xa0000200                _sdata_begin = .
 *(.sdata .sdata.* .gnu.linkonce.s.*)
 .sdata         0xa0000200        0x4 build/default/debug/_ext/12131622/port.o
                0xa0000200                uxInterruptNesting
                0xa0000204                . = ALIGN (0x4)
                0xa0000204                _sdata_end = .

.lit8
 *(.lit8)

.lit4
 *(.lit4)
                0xa0000204                . = ALIGN (0x4)
                0xa0000204                _data_end = .
                0xa0000204                _bss_begin = .

.sbss           0xa0000204       0xc4
                0xa0000204                _sbss_begin = .
 *(.dynsbss)
 *(.sbss .sbss.* .gnu.linkonce.sb.*)
 .sbss          0xa0000204        0xc build/default/debug/_ext/1688732426/system_exceptions.o
 .sbss          0xa0000210        0x8 build/default/debug/_ext/1360937237/tsk_lfa_rx.o
                0xa0000210                lfaStatEchoTime
 .sbss          0xa0000218        0x8 build/default/debug/_ext/1856876499/heap_1.o
 .sbss          0xa0000220        0x4 build/default/debug/_ext/12131622/port.o
                0xa0000220                uxSavedTaskStackPointer
 .sbss          0xa0000224       0x30 build/default/debug/_ext/1128951024/tasks.o
                0xa0000224                uxSchedulerSuspended
                0xa0000228                xNextTaskUnblockTime
                0xa000022c                uxTaskNumber
                0xa0000230                xNumOfOverflows
                0xa0000234                xYieldPending
                0xa0000238                uxPendedTicks
                0xa000023c                xSchedulerRunning
                0xa0000240                uxTopReadyPriority
                0xa0000244                xTickCount
                0xa0000248                uxCurrentNumberOfTasks
                0xa000024c                uxTasksDeleted
                0xa0000250                pxCurrentTCB
 .sbss          0xa0000254       0x10 build/default/debug/_ext/1128951024/timers.o
 *(.scommon)
 .scommon       0xa0000264       0x24 build/default/debug/_ext/327000265/drv_usart_mapping.o
                0xa0000264                valid_data_queue
                0xa0000268                wifly_rx_queue
                0xa000026c                RVR_CurDirection
                0xa000026d                RVR_LFA
                0xa000026e                RVR_CurSpeed
                0xa0000270                motor_ctrl_queue
                0xa0000274                debug_queue
                0xa0000278                UART_TX_Mutex
                0xa000027c                RVR_Dbg
                0xa0000280                lfa_rx_queue
                0xa0000284                wifly_tx_queue
 .scommon       0xa0000288        0x8 build/default/debug/_ext/327000265/drv_usart_static.o
                0xa0000288                gDrvUSART0Obj
                0xa000028c                gDrvUSART1Obj
 .scommon       0xa0000290        0x0 build/default/debug/_ext/327000265/drv_usart_static_byte_model.o
 .scommon       0xa0000290        0x0 build/default/debug/_ext/639803181/sys_clk_static.o
 .scommon       0xa0000290        0x0 build/default/debug/_ext/1688732426/system_init.o
 .scommon       0xa0000290        0xd build/default/debug/_ext/1688732426/system_interrupt.o
                0xa0000290                uart1ByteRcvBuffer
                0xa0000294                qSendCheckISR1
                0xa0000298                qSendCheckISR0
                0xa000029c                uart0ByteRcvBuffer
 .scommon       0xa000029d        0x0 build/default/debug/_ext/1688732426/system_exceptions.o
 .scommon       0xa000029d        0x0 build/default/debug/_ext/1688732426/system_tasks.o
 *fill*         0xa000029d        0x3 
 .scommon       0xa00002a0        0x8 build/default/debug/_ext/1360937237/tsk_lfa_rx.o
                0xa00002a0                lfa_rx_i2c_buf
                0xa00002a4                lfa_rxData
 .scommon       0xa00002a8        0x8 build/default/debug/_ext/1360937237/tsk_wifly_rx.o
                0xa00002a8                wiflyRcvByteBuffer
                0xa00002ac                wifly_rxData
 .scommon       0xa00002b0        0x4 build/default/debug/_ext/1360937237/tsk_wifly_tx.o
                0xa00002b0                wifly_txData
 .scommon       0xa00002b4        0x0 build/default/debug/_ext/1360937237/custom_init.o
 .scommon       0xa00002b4        0x0 build/default/debug/_ext/1360937237/serialfsm.o
 .scommon       0xa00002b4        0x0 build/default/debug/_ext/1360937237/serialresponds.o
 .scommon       0xa00002b4        0x0 build/default/debug/_ext/1360937237/debug.o
 .scommon       0xa00002b4        0x0 build/default/debug/_ext/1360937237/tsk_rvrstatus.o
 .scommon       0xa00002b4        0x0 build/default/debug/_ext/1360937237/tsk_debug.o
 .scommon       0xa00002b4        0x1 build/default/debug/_ext/1360937237/tsk_motorctrl.o
                0xa00002b4                mtrCtrlBuffer
 *fill*         0xa00002b5        0x3 
 .scommon       0xa00002b8        0x8 build/default/debug/_ext/1271179505/sys_devcon.o
                0xa00002b8                sysDevconObj
 .scommon       0xa00002c0        0x8 build/default/debug/_ext/1128951024/tasks.o
                0xa00002c0                pxDelayedTaskList
                0xa00002c4                pxOverflowDelayedTaskList
                0xa00002c8                _sbss_end = .
                0xa00002c8                . = ALIGN (0x4)

.bss            0xa00002c8      0x1bc
 *(.dynbss)
 *(COMMON)
 COMMON         0xa00002c8       0x2c build/default/debug/_ext/1688732426/system_init.o
                0xa00002c8                sysObj
                0xa00002d4                DbgBuffer
 COMMON         0xa00002f4       0x48 build/default/debug/_ext/1360937237/tsk_wifly_rx.o
                0xa00002f4                testMsg
                0xa0000314                serialData
 COMMON         0xa000033c       0x20 build/default/debug/_ext/1360937237/tsk_wifly_tx.o
                0xa000033c                wiflyTransBuffer
 COMMON         0xa000035c       0x20 build/default/debug/_ext/1360937237/serialresponds.o
                0xa000035c                s0RespBuffer
 COMMON         0xa000037c       0x20 build/default/debug/_ext/1360937237/tsk_rvrstatus.o
                0xa000037c                rvrStatusBuffer
 COMMON         0xa000039c       0x20 build/default/debug/_ext/1360937237/tsk_debug.o
                0xa000039c                debugTransBuffer
 COMMON         0xa00003bc       0xc8 build/default/debug/_ext/1128951024/tasks.o
                0xa00003bc                pxReadyTasksLists
                0xa0000420                xPendingReadyList
                0xa0000434                xTasksWaitingTermination
                0xa0000448                xSuspendedTaskList
                0xa000045c                xDelayedTaskList2
                0xa0000470                xDelayedTaskList1
                0xa0000484                . = ALIGN ((. != 0x0)?0x4:0x1)
                0xa0000484                . = ALIGN (0x4)
                0xa0000484                _end = .
                0xa0000484                _bss_end = .
                0x00020000                _bmxdudba_address = 0x20000
                0x00020000                _bmxdupba_address = 0x20000

/DISCARD/
 *(.pdr)
 *(.rel.dyn)
 *(.note.GNU-stack)
 *(.note.GNU-stack)
 *(.gnu_debuglink)
 *(.gnu.lto_*)
 *(.discard)

.gptab.sdata
 *(.gptab.data)
 *(.gptab.sdata)

.gptab.sbss
 *(.gptab.bss)
 *(.gptab.sbss)

.mdebug.abi32   0xa0000484        0x0
 *(.mdebug.abi32)
 .mdebug.abi32  0xa0000484        0x0 /home/john/microchip/xc32/v1.42/bin/bin/../../lib/gcc/pic32mx/4.8.3/../../../../pic32mx/lib/software-debug-break.o
 .mdebug.abi32  0xa0000484        0x0 build/default/debug/_ext/327000265/drv_usart_mapping.o
 .mdebug.abi32  0xa0000484        0x0 build/default/debug/_ext/327000265/drv_usart_static.o
 .mdebug.abi32  0xa0000484        0x0 build/default/debug/_ext/327000265/drv_usart_static_byte_model.o
 .mdebug.abi32  0xa0000484        0x0 build/default/debug/_ext/639803181/sys_clk_static.o
 .mdebug.abi32  0xa0000484        0x0 build/default/debug/_ext/822048611/sys_ports_static.o
 .mdebug.abi32  0xa0000484        0x0 build/default/debug/_ext/1688732426/system_init.o
 .mdebug.abi32  0xa0000484        0x0 build/default/debug/_ext/1688732426/system_interrupt.o
 .mdebug.abi32  0xa0000484        0x0 build/default/debug/_ext/1688732426/system_exceptions.o
 .mdebug.abi32  0xa0000484        0x0 build/default/debug/_ext/1688732426/system_tasks.o
 .mdebug.abi32  0xa0000484        0x0 build/default/debug/_ext/1688732426/rtos_hooks.o
 .mdebug.abi32  0xa0000484        0x0 build/default/debug/_ext/1360937237/main.o
 .mdebug.abi32  0xa0000484        0x0 build/default/debug/_ext/1360937237/tsk_lfa_rx.o
 .mdebug.abi32  0xa0000484        0x0 build/default/debug/_ext/1360937237/tsk_wifly_rx.o
 .mdebug.abi32  0xa0000484        0x0 build/default/debug/_ext/1360937237/tsk_wifly_tx.o
 .mdebug.abi32  0xa0000484        0x0 build/default/debug/_ext/1360937237/custom_init.o
 .mdebug.abi32  0xa0000484        0x0 build/default/debug/_ext/1360937237/serialfsm.o
 .mdebug.abi32  0xa0000484        0x0 build/default/debug/_ext/1360937237/serialresponds.o
 .mdebug.abi32  0xa0000484        0x0 build/default/debug/_ext/1360937237/debug.o
 .mdebug.abi32  0xa0000484        0x0 build/default/debug/_ext/1360937237/tsk_rvrstatus.o
 .mdebug.abi32  0xa0000484        0x0 build/default/debug/_ext/1360937237/tsk_debug.o
 .mdebug.abi32  0xa0000484        0x0 build/default/debug/_ext/1360937237/tsk_motorctrl.o
 .mdebug.abi32  0xa0000484        0x0 build/default/debug/_ext/24337685/osal_freertos.o
 .mdebug.abi32  0xa0000484        0x0 build/default/debug/_ext/1271179505/sys_devcon.o
 .mdebug.abi32  0xa0000484        0x0 build/default/debug/_ext/1271179505/sys_devcon_pic32mx.o
 .mdebug.abi32  0xa0000484        0x0 build/default/debug/_ext/122796885/sys_int_pic32.o
 .mdebug.abi32  0xa0000484        0x0 build/default/debug/_ext/1856876499/heap_1.o
 .mdebug.abi32  0xa0000484        0x0 build/default/debug/_ext/12131622/port.o
 .mdebug.abi32  0xa0000484        0x0 build/default/debug/_ext/1128951024/croutine.o
 .mdebug.abi32  0xa0000484        0x0 build/default/debug/_ext/1128951024/list.o
 .mdebug.abi32  0xa0000484        0x0 build/default/debug/_ext/1128951024/queue.o
 .mdebug.abi32  0xa0000484        0x0 build/default/debug/_ext/1128951024/tasks.o
 .mdebug.abi32  0xa0000484        0x0 build/default/debug/_ext/1128951024/timers.o
 .mdebug.abi32  0xa0000484        0x0 build/default/debug/_ext/1128951024/event_groups.o
 .mdebug.abi32  0xa0000484        0x0 build/default/debug/_ext/659856544/I2CStop.o
 .mdebug.abi32  0xa0000484        0x0 build/default/debug/_ext/659856544/I2CSendByte.o
 .mdebug.abi32  0xa0000484        0x0 build/default/debug/_ext/659856544/I2CClearStatus.o
 .mdebug.abi32  0xa0000484        0x0 build/default/debug/_ext/659856544/I2CRepeatStart.o
 .mdebug.abi32  0xa0000484        0x0 build/default/debug/_ext/659856544/I2CAcknowledgeByte.o
 .mdebug.abi32  0xa0000484        0x0 build/default/debug/_ext/659856544/I2CGetByte.o
 .mdebug.abi32  0xa0000484        0x0 build/default/debug/_ext/659856544/I2CBusIsIdle.o
 .mdebug.abi32  0xa0000484        0x0 build/default/debug/_ext/659856544/I2CTransmissionHasCompleted.o
 .mdebug.abi32  0xa0000484        0x0 build/default/debug/_ext/659856544/I2CReceiverEnable.o
 .mdebug.abi32  0xa0000484        0x0 build/default/debug/_ext/659856544/I2CTransmitterIsReady.o
 .mdebug.abi32  0xa0000484        0x0 build/default/debug/_ext/659856544/I2CSlaveClockHold.o
 .mdebug.abi32  0xa0000484        0x0 build/default/debug/_ext/659856544/I2CStart.o
 .mdebug.abi32  0xa0000484        0x0 build/default/debug/_ext/659856544/I2CReceivedDataIsAvailable.o
 .mdebug.abi32  0xa0000484        0x0 build/default/debug/_ext/659856544/I2CSetSlaveAddress.o
 .mdebug.abi32  0xa0000484        0x0 build/default/debug/_ext/659856544/I2CEnable.o
 .mdebug.abi32  0xa0000484        0x0 build/default/debug/_ext/659856544/I2CSlaveDataReadRequested.o
 .mdebug.abi32  0xa0000484        0x0 build/default/debug/_ext/659856544/I2CConfigure.o
 .mdebug.abi32  0xa0000484        0x0 build/default/debug/_ext/659856544/I2CReceivedByteIsAnAddress.o
 .mdebug.abi32  0xa0000484        0x0 build/default/debug/_ext/659856544/I2CSlaveClockRelease.o
 .mdebug.abi32  0xa0000484        0x0 build/default/debug/_ext/659856544/I2CByteWasAcknowledged.o
 .mdebug.abi32  0xa0000484        0x0 build/default/debug/_ext/659856544/I2CAcknowledgeHasCompleted.o
 .mdebug.abi32  0xa0000484        0x0 build/default/debug/_ext/659856544/I2CGetStatus.o
 .mdebug.abi32  0xa0000484        0x0 build/default/debug/_ext/659856544/I2CPrivate.o
 .mdebug.abi32  0xa0000484        0x0 build/default/debug/_ext/659856544/I2CSetFrequency.o
 .mdebug.abi32  0xa0000484        0x0 /home/john/microchip/xc32/v1.42/bin/bin/../../lib/gcc/pic32mx/4.8.3/../../../../pic32mx/lib/libpic32.a(default-bootstrap-exception-handler.o)
 .mdebug.abi32  0xa0000484        0x0 /home/john/microchip/xc32/v1.42/bin/bin/../../lib/gcc/pic32mx/4.8.3/../../../../pic32mx/lib/libpic32.a(default-on-reset.o)
 .mdebug.abi32  0xa0000484        0x0 /home/john/microchip/xc32/v1.42/bin/bin/../../lib/gcc/pic32mx/4.8.3/../../../../pic32mx/lib/libpic32.a(default-on-bootstrap.o)
 .mdebug.abi32  0xa0000484        0x0 /home/john/microchip/xc32/v1.42/bin/bin/../../lib/gcc/pic32mx/4.8.3/../../../../pic32mx/lib/libpic32.a(defaultinterrupt.o)

.mdebug.abiN32
 *(.mdebug.abiN32)

.mdebug.abi64
 *(.mdebug.abi64)

.mdebug.abiO64
 *(.mdebug.abiO64)

.mdebug.eabi32
 *(.mdebug.eabi32)

.mdebug.eabi64
 *(.mdebug.eabi64)

.gcc_compiled_long32
 *(.gcc_compiled_long32)

.gcc_compiled_long64
 *(.gcc_compiled_long64)

.stab
 *(.stab)

.stabstr
 *(.stabstr)

.stab.excl
 *(.stab.excl)

.stab.exclstr
 *(.stab.exclstr)

.stab.index
 *(.stab.index)

.stab.indexstr
 *(.stab.indexstr)

.comment        0x00000000       0x6d
 *(.comment)
 .comment       0x00000000       0x3c /home/john/microchip/xc32/v1.42/bin/bin/../../lib/gcc/pic32mx/4.8.3/../../../../pic32mx/lib/software-debug-break.o
                                 0x3d (size before relaxing)
 .comment       0x00000000       0x3d build/default/debug/_ext/327000265/drv_usart_mapping.o
 .comment       0x00000000       0x3d build/default/debug/_ext/327000265/drv_usart_static.o
 .comment       0x00000000       0x3d build/default/debug/_ext/327000265/drv_usart_static_byte_model.o
 .comment       0x00000000       0x3d build/default/debug/_ext/639803181/sys_clk_static.o
 .comment       0x00000000       0x3d build/default/debug/_ext/822048611/sys_ports_static.o
 .comment       0x00000000       0x3d build/default/debug/_ext/1688732426/system_init.o
 .comment       0x00000000       0x3d build/default/debug/_ext/1688732426/system_interrupt.o
 .comment       0x00000000       0x3d build/default/debug/_ext/1688732426/system_exceptions.o
 .comment       0x00000000       0x3d build/default/debug/_ext/1688732426/system_tasks.o
 .comment       0x00000000       0x3d build/default/debug/_ext/1688732426/rtos_hooks.o
 .comment       0x00000000       0x3d build/default/debug/_ext/1360937237/main.o
 .comment       0x00000000       0x3d build/default/debug/_ext/1360937237/tsk_lfa_rx.o
 .comment       0x00000000       0x3d build/default/debug/_ext/1360937237/tsk_wifly_rx.o
 .comment       0x00000000       0x3d build/default/debug/_ext/1360937237/tsk_wifly_tx.o
 .comment       0x00000000       0x3d build/default/debug/_ext/1360937237/custom_init.o
 .comment       0x00000000       0x3d build/default/debug/_ext/1360937237/serialfsm.o
 .comment       0x00000000       0x3d build/default/debug/_ext/1360937237/serialresponds.o
 .comment       0x00000000       0x3d build/default/debug/_ext/1360937237/debug.o
 .comment       0x00000000       0x3d build/default/debug/_ext/1360937237/tsk_rvrstatus.o
 .comment       0x00000000       0x3d build/default/debug/_ext/1360937237/tsk_debug.o
 .comment       0x00000000       0x3d build/default/debug/_ext/1360937237/tsk_motorctrl.o
 .comment       0x00000000       0x3d build/default/debug/_ext/24337685/osal_freertos.o
 .comment       0x00000000       0x3d build/default/debug/_ext/1271179505/sys_devcon.o
 .comment       0x00000000       0x3d build/default/debug/_ext/1271179505/sys_devcon_pic32mx.o
 .comment       0x00000000       0x3d build/default/debug/_ext/122796885/sys_int_pic32.o
 .comment       0x00000000       0x3d build/default/debug/_ext/1856876499/heap_1.o
 .comment       0x00000000       0x3d build/default/debug/_ext/12131622/port.o
 .comment       0x00000000       0x3d build/default/debug/_ext/1128951024/croutine.o
 .comment       0x00000000       0x3d build/default/debug/_ext/1128951024/list.o
 .comment       0x00000000       0x3d build/default/debug/_ext/1128951024/queue.o
 .comment       0x00000000       0x3d build/default/debug/_ext/1128951024/tasks.o
 .comment       0x00000000       0x3d build/default/debug/_ext/1128951024/timers.o
 .comment       0x00000000       0x3d build/default/debug/_ext/1128951024/event_groups.o
 .comment       0x00000000       0x3d build/default/debug/_ext/659856544/I2CStop.o
 .comment       0x00000000       0x3d build/default/debug/_ext/659856544/I2CSendByte.o
 .comment       0x00000000       0x3d build/default/debug/_ext/659856544/I2CClearStatus.o
 .comment       0x00000000       0x3d build/default/debug/_ext/659856544/I2CRepeatStart.o
 .comment       0x00000000       0x3d build/default/debug/_ext/659856544/I2CAcknowledgeByte.o
 .comment       0x00000000       0x3d build/default/debug/_ext/659856544/I2CGetByte.o
 .comment       0x00000000       0x3d build/default/debug/_ext/659856544/I2CBusIsIdle.o
 .comment       0x00000000       0x3d build/default/debug/_ext/659856544/I2CTransmissionHasCompleted.o
 .comment       0x00000000       0x3d build/default/debug/_ext/659856544/I2CReceiverEnable.o
 .comment       0x00000000       0x3d build/default/debug/_ext/659856544/I2CTransmitterIsReady.o
 .comment       0x00000000       0x3d build/default/debug/_ext/659856544/I2CSlaveClockHold.o
 .comment       0x00000000       0x3d build/default/debug/_ext/659856544/I2CStart.o
 .comment       0x00000000       0x3d build/default/debug/_ext/659856544/I2CReceivedDataIsAvailable.o
 .comment       0x00000000       0x3d build/default/debug/_ext/659856544/I2CSetSlaveAddress.o
 .comment       0x00000000       0x3d build/default/debug/_ext/659856544/I2CEnable.o
 .comment       0x00000000       0x3d build/default/debug/_ext/659856544/I2CSlaveDataReadRequested.o
 .comment       0x00000000       0x3d build/default/debug/_ext/659856544/I2CConfigure.o
 .comment       0x00000000       0x3d build/default/debug/_ext/659856544/I2CReceivedByteIsAnAddress.o
 .comment       0x00000000       0x3d build/default/debug/_ext/659856544/I2CSlaveClockRelease.o
 .comment       0x00000000       0x3d build/default/debug/_ext/659856544/I2CByteWasAcknowledged.o
 .comment       0x00000000       0x3d build/default/debug/_ext/659856544/I2CAcknowledgeHasCompleted.o
 .comment       0x00000000       0x3d build/default/debug/_ext/659856544/I2CGetStatus.o
 .comment       0x00000000       0x3d build/default/debug/_ext/659856544/I2CPrivate.o
 .comment       0x00000000       0x3d build/default/debug/_ext/659856544/I2CSetFrequency.o
 .comment       0x0000003c       0x18 /home/john/microchip/xc32/v1.42/bin/bin/../../lib/gcc/pic32mx/4.8.3/../../../../pic32mx/lib/libpic32.a(memset.o)
                                 0x19 (size before relaxing)
 .comment       0x00000054       0x19 /home/john/microchip/xc32/v1.42/bin/bin/../../lib/gcc/pic32mx/4.8.3/../../../../pic32mx/lib/libpic32.a(strcpy.o)
                                 0x1a (size before relaxing)
 .comment       0x00000000       0x3d /home/john/microchip/xc32/v1.42/bin/bin/../../lib/gcc/pic32mx/4.8.3/../../../../pic32mx/lib/libpic32.a(default-bootstrap-exception-handler.o)
 .comment       0x00000000       0x3d /home/john/microchip/xc32/v1.42/bin/bin/../../lib/gcc/pic32mx/4.8.3/../../../../pic32mx/lib/libpic32.a(default-on-reset.o)
 .comment       0x00000000       0x3d /home/john/microchip/xc32/v1.42/bin/bin/../../lib/gcc/pic32mx/4.8.3/../../../../pic32mx/lib/libpic32.a(default-on-bootstrap.o)
 .comment       0x00000000       0x3d /home/john/microchip/xc32/v1.42/bin/bin/../../lib/gcc/pic32mx/4.8.3/../../../../pic32mx/lib/libpic32.a(defaultinterrupt.o)

.debug
 *(.debug)

.line
 *(.line)

.debug_srcinfo
 *(.debug_srcinfo)

.debug_sfnames
 *(.debug_sfnames)

.debug_aranges  0x00000000      0xfe8
 *(.debug_aranges)
 .debug_aranges
                0x00000000       0x20 /home/john/microchip/xc32/v1.42/bin/bin/../../lib/gcc/pic32mx/4.8.3/../../../../pic32mx/lib/software-debug-break.o
 .debug_aranges
                0x00000020       0xa8 build/default/debug/_ext/327000265/drv_usart_mapping.o
 .debug_aranges
                0x000000c8       0xd8 build/default/debug/_ext/327000265/drv_usart_static.o
 .debug_aranges
                0x000001a0       0x78 build/default/debug/_ext/327000265/drv_usart_static_byte_model.o
 .debug_aranges
                0x00000218       0x50 build/default/debug/_ext/639803181/sys_clk_static.o
 .debug_aranges
                0x00000268      0x108 build/default/debug/_ext/822048611/sys_ports_static.o
 .debug_aranges
                0x00000370       0x20 build/default/debug/_ext/1688732426/system_init.o
 .debug_aranges
                0x00000390       0x28 build/default/debug/_ext/1688732426/system_interrupt.o
 .debug_aranges
                0x000003b8       0x20 build/default/debug/_ext/1688732426/system_exceptions.o
 .debug_aranges
                0x000003d8       0x50 build/default/debug/_ext/1688732426/system_tasks.o
 .debug_aranges
                0x00000428       0x38 build/default/debug/_ext/1688732426/system_interrupt_a.o
 .debug_aranges
                0x00000460       0x28 build/default/debug/_ext/1688732426/rtos_hooks.o
 .debug_aranges
                0x00000488       0x20 build/default/debug/_ext/1360937237/main.o
 .debug_aranges
                0x000004a8       0x68 build/default/debug/_ext/1360937237/tsk_lfa_rx.o
 .debug_aranges
                0x00000510       0x28 build/default/debug/_ext/1360937237/tsk_wifly_rx.o
 .debug_aranges
                0x00000538       0x28 build/default/debug/_ext/1360937237/tsk_wifly_tx.o
 .debug_aranges
                0x00000560       0x30 build/default/debug/_ext/1360937237/custom_init.o
 .debug_aranges
                0x00000590       0x20 build/default/debug/_ext/1360937237/serialfsm.o
 .debug_aranges
                0x000005b0       0x20 build/default/debug/_ext/1360937237/serialresponds.o
 .debug_aranges
                0x000005d0       0x58 build/default/debug/_ext/1360937237/debug.o
 .debug_aranges
                0x00000628       0x28 build/default/debug/_ext/1360937237/tsk_rvrstatus.o
 .debug_aranges
                0x00000650       0x28 build/default/debug/_ext/1360937237/tsk_debug.o
 .debug_aranges
                0x00000678       0x58 build/default/debug/_ext/1360937237/tsk_motorctrl.o
 .debug_aranges
                0x000006d0       0x88 build/default/debug/_ext/24337685/osal_freertos.o
 .debug_aranges
                0x00000758       0x78 build/default/debug/_ext/1271179505/sys_devcon.o
 .debug_aranges
                0x000007d0       0x20 build/default/debug/_ext/1271179505/sys_devcon_pic32mx.o
 .debug_aranges
                0x000007f0       0x48 build/default/debug/_ext/122796885/sys_int_pic32.o
 .debug_aranges
                0x00000838       0x38 build/default/debug/_ext/1856876499/heap_1.o
 .debug_aranges
                0x00000870       0x58 build/default/debug/_ext/12131622/port.o
 .debug_aranges
                0x000008c8       0x20 build/default/debug/_ext/12131622/port_asm.o
 .debug_aranges
                0x000008e8       0x18 build/default/debug/_ext/1128951024/croutine.o
 .debug_aranges
                0x00000900       0x40 build/default/debug/_ext/1128951024/list.o
 .debug_aranges
                0x00000940       0xb8 build/default/debug/_ext/1128951024/queue.o
 .debug_aranges
                0x000009f8      0x1a8 build/default/debug/_ext/1128951024/tasks.o
 .debug_aranges
                0x00000ba0       0x70 build/default/debug/_ext/1128951024/timers.o
 .debug_aranges
                0x00000c10       0x60 build/default/debug/_ext/1128951024/event_groups.o
 .debug_aranges
                0x00000c70       0x20 build/default/debug/_ext/659856544/I2CStop.o
 .debug_aranges
                0x00000c90       0x20 build/default/debug/_ext/659856544/I2CSendByte.o
 .debug_aranges
                0x00000cb0       0x20 build/default/debug/_ext/659856544/I2CClearStatus.o
 .debug_aranges
                0x00000cd0       0x20 build/default/debug/_ext/659856544/I2CRepeatStart.o
 .debug_aranges
                0x00000cf0       0x20 build/default/debug/_ext/659856544/I2CAcknowledgeByte.o
 .debug_aranges
                0x00000d10       0x20 build/default/debug/_ext/659856544/I2CGetByte.o
 .debug_aranges
                0x00000d30       0x20 build/default/debug/_ext/659856544/I2CBusIsIdle.o
 .debug_aranges
                0x00000d50       0x20 build/default/debug/_ext/659856544/I2CTransmissionHasCompleted.o
 .debug_aranges
                0x00000d70       0x20 build/default/debug/_ext/659856544/I2CReceiverEnable.o
 .debug_aranges
                0x00000d90       0x20 build/default/debug/_ext/659856544/I2CTransmitterIsReady.o
 .debug_aranges
                0x00000db0       0x20 build/default/debug/_ext/659856544/I2CSlaveClockHold.o
 .debug_aranges
                0x00000dd0       0x20 build/default/debug/_ext/659856544/I2CStart.o
 .debug_aranges
                0x00000df0       0x20 build/default/debug/_ext/659856544/I2CReceivedDataIsAvailable.o
 .debug_aranges
                0x00000e10       0x20 build/default/debug/_ext/659856544/I2CSetSlaveAddress.o
 .debug_aranges
                0x00000e30       0x20 build/default/debug/_ext/659856544/I2CEnable.o
 .debug_aranges
                0x00000e50       0x20 build/default/debug/_ext/659856544/I2CSlaveDataReadRequested.o
 .debug_aranges
                0x00000e70       0x20 build/default/debug/_ext/659856544/I2CConfigure.o
 .debug_aranges
                0x00000e90       0x20 build/default/debug/_ext/659856544/I2CReceivedByteIsAnAddress.o
 .debug_aranges
                0x00000eb0       0x20 build/default/debug/_ext/659856544/I2CSlaveClockRelease.o
 .debug_aranges
                0x00000ed0       0x20 build/default/debug/_ext/659856544/I2CByteWasAcknowledged.o
 .debug_aranges
                0x00000ef0       0x20 build/default/debug/_ext/659856544/I2CAcknowledgeHasCompleted.o
 .debug_aranges
                0x00000f10       0x20 build/default/debug/_ext/659856544/I2CGetStatus.o
 .debug_aranges
                0x00000f30       0x18 build/default/debug/_ext/659856544/I2CPrivate.o
 .debug_aranges
                0x00000f48       0x20 build/default/debug/_ext/659856544/I2CSetFrequency.o
 .debug_aranges
                0x00000f68       0x20 /home/john/microchip/xc32/v1.42/bin/bin/../../lib/gcc/pic32mx/4.8.3/../../../../pic32mx/lib/libpic32.a(default-bootstrap-exception-handler.o)
 .debug_aranges
                0x00000f88       0x20 /home/john/microchip/xc32/v1.42/bin/bin/../../lib/gcc/pic32mx/4.8.3/../../../../pic32mx/lib/libpic32.a(default-on-reset.o)
 .debug_aranges
                0x00000fa8       0x20 /home/john/microchip/xc32/v1.42/bin/bin/../../lib/gcc/pic32mx/4.8.3/../../../../pic32mx/lib/libpic32.a(default-on-bootstrap.o)
 .debug_aranges
                0x00000fc8       0x20 /home/john/microchip/xc32/v1.42/bin/bin/../../lib/gcc/pic32mx/4.8.3/../../../../pic32mx/lib/libpic32.a(defaultinterrupt.o)

.debug_pubnames
 *(.debug_pubnames)

.debug_info     0x00000000    0x365a1
 *(.debug_info .gnu.linkonce.wi.*)
 .debug_info    0x00000000       0xe5 /home/john/microchip/xc32/v1.42/bin/bin/../../lib/gcc/pic32mx/4.8.3/../../../../pic32mx/lib/software-debug-break.o
 .debug_info    0x000000e5     0x1e08 build/default/debug/_ext/327000265/drv_usart_mapping.o
 .debug_info    0x00001eed     0x4791 build/default/debug/_ext/327000265/drv_usart_static.o
 .debug_info    0x0000667e     0x21f5 build/default/debug/_ext/327000265/drv_usart_static_byte_model.o
 .debug_info    0x00008873     0x1839 build/default/debug/_ext/639803181/sys_clk_static.o
 .debug_info    0x0000a0ac     0x3b26 build/default/debug/_ext/822048611/sys_ports_static.o
 .debug_info    0x0000dbd2     0x1b91 build/default/debug/_ext/1688732426/system_init.o
 .debug_info    0x0000f763     0x1183 build/default/debug/_ext/1688732426/system_interrupt.o
 .debug_info    0x000108e6      0xbad build/default/debug/_ext/1688732426/system_exceptions.o
 .debug_info    0x00011493     0x1128 build/default/debug/_ext/1688732426/system_tasks.o
 .debug_info    0x000125bb       0xd5 build/default/debug/_ext/1688732426/system_interrupt_a.o
 .debug_info    0x00012690      0x28f build/default/debug/_ext/1688732426/rtos_hooks.o
 .debug_info    0x0001291f      0x1e5 build/default/debug/_ext/1360937237/main.o
 .debug_info    0x00012b04     0x1ca0 build/default/debug/_ext/1360937237/tsk_lfa_rx.o
 .debug_info    0x000147a4      0xec3 build/default/debug/_ext/1360937237/tsk_wifly_rx.o
 .debug_info    0x00015667      0xeeb build/default/debug/_ext/1360937237/tsk_wifly_tx.o
 .debug_info    0x00016552      0xd53 build/default/debug/_ext/1360937237/custom_init.o
 .debug_info    0x000172a5      0xef2 build/default/debug/_ext/1360937237/serialfsm.o
 .debug_info    0x00018197      0xc39 build/default/debug/_ext/1360937237/serialresponds.o
 .debug_info    0x00018dd0     0x18f6 build/default/debug/_ext/1360937237/debug.o
 .debug_info    0x0001a6c6      0xdc1 build/default/debug/_ext/1360937237/tsk_rvrstatus.o
 .debug_info    0x0001b487      0xe68 build/default/debug/_ext/1360937237/tsk_debug.o
 .debug_info    0x0001c2ef     0x15d0 build/default/debug/_ext/1360937237/tsk_motorctrl.o
 .debug_info    0x0001d8bf      0xadd build/default/debug/_ext/24337685/osal_freertos.o
 .debug_info    0x0001e39c     0x1196 build/default/debug/_ext/1271179505/sys_devcon.o
 .debug_info    0x0001f532      0xd7a build/default/debug/_ext/1271179505/sys_devcon_pic32mx.o
 .debug_info    0x000202ac     0x15e9 build/default/debug/_ext/122796885/sys_int_pic32.o
 .debug_info    0x00021895      0x3b1 build/default/debug/_ext/1856876499/heap_1.o
 .debug_info    0x00021c46     0x11e5 build/default/debug/_ext/12131622/port.o
 .debug_info    0x00022e2b       0xf6 build/default/debug/_ext/12131622/port_asm.o
 .debug_info    0x00022f21      0x1a8 build/default/debug/_ext/1128951024/croutine.o
 .debug_info    0x000230c9      0x49d build/default/debug/_ext/1128951024/list.o
 .debug_info    0x00023566     0x188b build/default/debug/_ext/1128951024/queue.o
 .debug_info    0x00024df1     0x2a84 build/default/debug/_ext/1128951024/tasks.o
 .debug_info    0x00027875     0x1542 build/default/debug/_ext/1128951024/timers.o
 .debug_info    0x00028db7      0xd8c build/default/debug/_ext/1128951024/event_groups.o
 .debug_info    0x00029b43      0x7e2 build/default/debug/_ext/659856544/I2CStop.o
 .debug_info    0x0002a325      0x874 build/default/debug/_ext/659856544/I2CSendByte.o
 .debug_info    0x0002ab99      0x92b build/default/debug/_ext/659856544/I2CClearStatus.o
 .debug_info    0x0002b4c4      0x85f build/default/debug/_ext/659856544/I2CRepeatStart.o
 .debug_info    0x0002bd23      0x82f build/default/debug/_ext/659856544/I2CAcknowledgeByte.o
 .debug_info    0x0002c552      0x7fb build/default/debug/_ext/659856544/I2CGetByte.o
 .debug_info    0x0002cd4d      0x81a build/default/debug/_ext/659856544/I2CBusIsIdle.o
 .debug_info    0x0002d567      0x83a build/default/debug/_ext/659856544/I2CTransmissionHasCompleted.o
 .debug_info    0x0002dda1      0x89f build/default/debug/_ext/659856544/I2CReceiverEnable.o
 .debug_info    0x0002e640      0x82e build/default/debug/_ext/659856544/I2CTransmitterIsReady.o
 .debug_info    0x0002ee6e      0x7f6 build/default/debug/_ext/659856544/I2CSlaveClockHold.o
 .debug_info    0x0002f664      0x853 build/default/debug/_ext/659856544/I2CStart.o
 .debug_info    0x0002feb7      0x838 build/default/debug/_ext/659856544/I2CReceivedDataIsAvailable.o
 .debug_info    0x000306ef      0x8ca build/default/debug/_ext/659856544/I2CSetSlaveAddress.o
 .debug_info    0x00030fb9      0x820 build/default/debug/_ext/659856544/I2CEnable.o
 .debug_info    0x000317d9      0x836 build/default/debug/_ext/659856544/I2CSlaveDataReadRequested.o
 .debug_info    0x0003200f      0x88c build/default/debug/_ext/659856544/I2CConfigure.o
 .debug_info    0x0003289b      0x838 build/default/debug/_ext/659856544/I2CReceivedByteIsAnAddress.o
 .debug_info    0x000330d3      0x7fc build/default/debug/_ext/659856544/I2CSlaveClockRelease.o
 .debug_info    0x000338cf      0x830 build/default/debug/_ext/659856544/I2CByteWasAcknowledged.o
 .debug_info    0x000340ff      0x838 build/default/debug/_ext/659856544/I2CAcknowledgeHasCompleted.o
 .debug_info    0x00034937      0x940 build/default/debug/_ext/659856544/I2CGetStatus.o
 .debug_info    0x00035277      0x785 build/default/debug/_ext/659856544/I2CPrivate.o
 .debug_info    0x000359fc      0x821 build/default/debug/_ext/659856544/I2CSetFrequency.o
 .debug_info    0x0003621d       0xf5 /home/john/microchip/xc32/v1.42/bin/bin/../../lib/gcc/pic32mx/4.8.3/../../../../pic32mx/lib/libpic32.a(default-bootstrap-exception-handler.o)
 .debug_info    0x00036312       0xcf /home/john/microchip/xc32/v1.42/bin/bin/../../lib/gcc/pic32mx/4.8.3/../../../../pic32mx/lib/libpic32.a(default-on-reset.o)
 .debug_info    0x000363e1       0xd7 /home/john/microchip/xc32/v1.42/bin/bin/../../lib/gcc/pic32mx/4.8.3/../../../../pic32mx/lib/libpic32.a(default-on-bootstrap.o)
 .debug_info    0x000364b8       0xe9 /home/john/microchip/xc32/v1.42/bin/bin/../../lib/gcc/pic32mx/4.8.3/../../../../pic32mx/lib/libpic32.a(defaultinterrupt.o)

.debug_abbrev   0x00000000     0x5c4e
 *(.debug_abbrev)
 .debug_abbrev  0x00000000       0x28 /home/john/microchip/xc32/v1.42/bin/bin/../../lib/gcc/pic32mx/4.8.3/../../../../pic32mx/lib/software-debug-break.o
 .debug_abbrev  0x00000028      0x235 build/default/debug/_ext/327000265/drv_usart_mapping.o
 .debug_abbrev  0x0000025d      0x485 build/default/debug/_ext/327000265/drv_usart_static.o
 .debug_abbrev  0x000006e2      0x27c build/default/debug/_ext/327000265/drv_usart_static_byte_model.o
 .debug_abbrev  0x0000095e      0x282 build/default/debug/_ext/639803181/sys_clk_static.o
 .debug_abbrev  0x00000be0      0x222 build/default/debug/_ext/822048611/sys_ports_static.o
 .debug_abbrev  0x00000e02      0x2f1 build/default/debug/_ext/1688732426/system_init.o
 .debug_abbrev  0x000010f3      0x203 build/default/debug/_ext/1688732426/system_interrupt.o
 .debug_abbrev  0x000012f6       0xbd build/default/debug/_ext/1688732426/system_exceptions.o
 .debug_abbrev  0x000013b3      0x1b4 build/default/debug/_ext/1688732426/system_tasks.o
 .debug_abbrev  0x00001567       0x12 build/default/debug/_ext/1688732426/system_interrupt_a.o
 .debug_abbrev  0x00001579       0x97 build/default/debug/_ext/1688732426/rtos_hooks.o
 .debug_abbrev  0x00001610       0x93 build/default/debug/_ext/1360937237/main.o
 .debug_abbrev  0x000016a3      0x20c build/default/debug/_ext/1360937237/tsk_lfa_rx.o
 .debug_abbrev  0x000018af      0x141 build/default/debug/_ext/1360937237/tsk_wifly_rx.o
 .debug_abbrev  0x000019f0      0x18b build/default/debug/_ext/1360937237/tsk_wifly_tx.o
 .debug_abbrev  0x00001b7b      0x116 build/default/debug/_ext/1360937237/custom_init.o
 .debug_abbrev  0x00001c91      0x15e build/default/debug/_ext/1360937237/serialfsm.o
 .debug_abbrev  0x00001def      0x119 build/default/debug/_ext/1360937237/serialresponds.o
 .debug_abbrev  0x00001f08      0x275 build/default/debug/_ext/1360937237/debug.o
 .debug_abbrev  0x0000217d      0x149 build/default/debug/_ext/1360937237/tsk_rvrstatus.o
 .debug_abbrev  0x000022c6      0x178 build/default/debug/_ext/1360937237/tsk_debug.o
 .debug_abbrev  0x0000243e      0x1ab build/default/debug/_ext/1360937237/tsk_motorctrl.o
 .debug_abbrev  0x000025e9      0x1fe build/default/debug/_ext/24337685/osal_freertos.o
 .debug_abbrev  0x000027e7      0x2a1 build/default/debug/_ext/1271179505/sys_devcon.o
 .debug_abbrev  0x00002a88      0x16d build/default/debug/_ext/1271179505/sys_devcon_pic32mx.o
 .debug_abbrev  0x00002bf5      0x1ea build/default/debug/_ext/122796885/sys_int_pic32.o
 .debug_abbrev  0x00002ddf      0x13f build/default/debug/_ext/1856876499/heap_1.o
 .debug_abbrev  0x00002f1e      0x2cf build/default/debug/_ext/12131622/port.o
 .debug_abbrev  0x000031ed       0x14 build/default/debug/_ext/12131622/port_asm.o
 .debug_abbrev  0x00003201       0x1b build/default/debug/_ext/1128951024/croutine.o
 .debug_abbrev  0x0000321c       0xf1 build/default/debug/_ext/1128951024/list.o
 .debug_abbrev  0x0000330d      0x2e0 build/default/debug/_ext/1128951024/queue.o
 .debug_abbrev  0x000035ed      0x2e1 build/default/debug/_ext/1128951024/tasks.o
 .debug_abbrev  0x000038ce      0x35d build/default/debug/_ext/1128951024/timers.o
 .debug_abbrev  0x00003c2b      0x29a build/default/debug/_ext/1128951024/event_groups.o
 .debug_abbrev  0x00003ec5      0x120 build/default/debug/_ext/659856544/I2CStop.o
 .debug_abbrev  0x00003fe5      0x14b build/default/debug/_ext/659856544/I2CSendByte.o
 .debug_abbrev  0x00004130      0x149 build/default/debug/_ext/659856544/I2CClearStatus.o
 .debug_abbrev  0x00004279      0x13c build/default/debug/_ext/659856544/I2CRepeatStart.o
 .debug_abbrev  0x000043b5      0x13e build/default/debug/_ext/659856544/I2CAcknowledgeByte.o
 .debug_abbrev  0x000044f3      0x12f build/default/debug/_ext/659856544/I2CGetByte.o
 .debug_abbrev  0x00004622      0x131 build/default/debug/_ext/659856544/I2CBusIsIdle.o
 .debug_abbrev  0x00004753      0x131 build/default/debug/_ext/659856544/I2CTransmissionHasCompleted.o
 .debug_abbrev  0x00004884      0x15a build/default/debug/_ext/659856544/I2CReceiverEnable.o
 .debug_abbrev  0x000049de      0x131 build/default/debug/_ext/659856544/I2CTransmitterIsReady.o
 .debug_abbrev  0x00004b0f      0x120 build/default/debug/_ext/659856544/I2CSlaveClockHold.o
 .debug_abbrev  0x00004c2f      0x13c build/default/debug/_ext/659856544/I2CStart.o
 .debug_abbrev  0x00004d6b      0x131 build/default/debug/_ext/659856544/I2CReceivedDataIsAvailable.o
 .debug_abbrev  0x00004e9c      0x149 build/default/debug/_ext/659856544/I2CSetSlaveAddress.o
 .debug_abbrev  0x00004fe5      0x13e build/default/debug/_ext/659856544/I2CEnable.o
 .debug_abbrev  0x00005123      0x131 build/default/debug/_ext/659856544/I2CSlaveDataReadRequested.o
 .debug_abbrev  0x00005254      0x149 build/default/debug/_ext/659856544/I2CConfigure.o
 .debug_abbrev  0x0000539d      0x131 build/default/debug/_ext/659856544/I2CReceivedByteIsAnAddress.o
 .debug_abbrev  0x000054ce      0x120 build/default/debug/_ext/659856544/I2CSlaveClockRelease.o
 .debug_abbrev  0x000055ee      0x131 build/default/debug/_ext/659856544/I2CByteWasAcknowledged.o
 .debug_abbrev  0x0000571f      0x131 build/default/debug/_ext/659856544/I2CAcknowledgeHasCompleted.o
 .debug_abbrev  0x00005850      0x14b build/default/debug/_ext/659856544/I2CGetStatus.o
 .debug_abbrev  0x0000599b       0xe2 build/default/debug/_ext/659856544/I2CPrivate.o
 .debug_abbrev  0x00005a7d      0x131 build/default/debug/_ext/659856544/I2CSetFrequency.o
 .debug_abbrev  0x00005bae       0x28 /home/john/microchip/xc32/v1.42/bin/bin/../../lib/gcc/pic32mx/4.8.3/../../../../pic32mx/lib/libpic32.a(default-bootstrap-exception-handler.o)
 .debug_abbrev  0x00005bd6       0x28 /home/john/microchip/xc32/v1.42/bin/bin/../../lib/gcc/pic32mx/4.8.3/../../../../pic32mx/lib/libpic32.a(default-on-reset.o)
 .debug_abbrev  0x00005bfe       0x28 /home/john/microchip/xc32/v1.42/bin/bin/../../lib/gcc/pic32mx/4.8.3/../../../../pic32mx/lib/libpic32.a(default-on-bootstrap.o)
 .debug_abbrev  0x00005c26       0x28 /home/john/microchip/xc32/v1.42/bin/bin/../../lib/gcc/pic32mx/4.8.3/../../../../pic32mx/lib/libpic32.a(defaultinterrupt.o)

.debug_line     0x00000000     0xb8dd
 *(.debug_line)
 .debug_line    0x00000000       0x9c /home/john/microchip/xc32/v1.42/bin/bin/../../lib/gcc/pic32mx/4.8.3/../../../../pic32mx/lib/software-debug-break.o
 .debug_line    0x0000009c      0x63c build/default/debug/_ext/327000265/drv_usart_mapping.o
 .debug_line    0x000006d8      0xb62 build/default/debug/_ext/327000265/drv_usart_static.o
 .debug_line    0x0000123a      0x6a5 build/default/debug/_ext/327000265/drv_usart_static_byte_model.o
 .debug_line    0x000018df      0x5fe build/default/debug/_ext/639803181/sys_clk_static.o
 .debug_line    0x00001edd      0x7d6 build/default/debug/_ext/822048611/sys_ports_static.o
 .debug_line    0x000026b3      0x6f3 build/default/debug/_ext/1688732426/system_init.o
 .debug_line    0x00002da6      0x525 build/default/debug/_ext/1688732426/system_interrupt.o
 .debug_line    0x000032cb      0x2f3 build/default/debug/_ext/1688732426/system_exceptions.o
 .debug_line    0x000035be      0x4b4 build/default/debug/_ext/1688732426/system_tasks.o
 .debug_line    0x00003a72       0xa6 build/default/debug/_ext/1688732426/system_interrupt_a.o
 .debug_line    0x00003b18      0x176 build/default/debug/_ext/1688732426/rtos_hooks.o
 .debug_line    0x00003c8e       0xf7 build/default/debug/_ext/1360937237/main.o
 .debug_line    0x00003d85      0x4c9 build/default/debug/_ext/1360937237/tsk_lfa_rx.o
 .debug_line    0x0000424e      0x318 build/default/debug/_ext/1360937237/tsk_wifly_rx.o
 .debug_line    0x00004566      0x446 build/default/debug/_ext/1360937237/tsk_wifly_tx.o
 .debug_line    0x000049ac      0x311 build/default/debug/_ext/1360937237/custom_init.o
 .debug_line    0x00004cbd      0x367 build/default/debug/_ext/1360937237/serialfsm.o
 .debug_line    0x00005024      0x30f build/default/debug/_ext/1360937237/serialresponds.o
 .debug_line    0x00005333      0x5b9 build/default/debug/_ext/1360937237/debug.o
 .debug_line    0x000058ec      0x32a build/default/debug/_ext/1360937237/tsk_rvrstatus.o
 .debug_line    0x00005c16      0x441 build/default/debug/_ext/1360937237/tsk_debug.o
 .debug_line    0x00006057      0x36b build/default/debug/_ext/1360937237/tsk_motorctrl.o
 .debug_line    0x000063c2      0x2ce build/default/debug/_ext/24337685/osal_freertos.o
 .debug_line    0x00006690      0x627 build/default/debug/_ext/1271179505/sys_devcon.o
 .debug_line    0x00006cb7      0x4c7 build/default/debug/_ext/1271179505/sys_devcon_pic32mx.o
 .debug_line    0x0000717e      0x3b6 build/default/debug/_ext/122796885/sys_int_pic32.o
 .debug_line    0x00007534      0x21f build/default/debug/_ext/1856876499/heap_1.o
 .debug_line    0x00007753      0x238 build/default/debug/_ext/12131622/port.o
 .debug_line    0x0000798b      0x102 build/default/debug/_ext/12131622/port_asm.o
 .debug_line    0x00007a8d       0x1d build/default/debug/_ext/1128951024/croutine.o
 .debug_line    0x00007aaa      0x1f1 build/default/debug/_ext/1128951024/list.o
 .debug_line    0x00007c9b      0x4a9 build/default/debug/_ext/1128951024/queue.o
 .debug_line    0x00008144      0x86e build/default/debug/_ext/1128951024/tasks.o
 .debug_line    0x000089b2      0x39e build/default/debug/_ext/1128951024/timers.o
 .debug_line    0x00008d50      0x32a build/default/debug/_ext/1128951024/event_groups.o
 .debug_line    0x0000907a      0x189 build/default/debug/_ext/659856544/I2CStop.o
 .debug_line    0x00009203      0x190 build/default/debug/_ext/659856544/I2CSendByte.o
 .debug_line    0x00009393      0x191 build/default/debug/_ext/659856544/I2CClearStatus.o
 .debug_line    0x00009524      0x192 build/default/debug/_ext/659856544/I2CRepeatStart.o
 .debug_line    0x000096b6      0x197 build/default/debug/_ext/659856544/I2CAcknowledgeByte.o
 .debug_line    0x0000984d      0x18e build/default/debug/_ext/659856544/I2CGetByte.o
 .debug_line    0x000099db      0x195 build/default/debug/_ext/659856544/I2CBusIsIdle.o
 .debug_line    0x00009b70      0x19f build/default/debug/_ext/659856544/I2CTransmissionHasCompleted.o
 .debug_line    0x00009d0f      0x196 build/default/debug/_ext/659856544/I2CReceiverEnable.o
 .debug_line    0x00009ea5      0x199 build/default/debug/_ext/659856544/I2CTransmitterIsReady.o
 .debug_line    0x0000a03e      0x193 build/default/debug/_ext/659856544/I2CSlaveClockHold.o
 .debug_line    0x0000a1d1      0x18d build/default/debug/_ext/659856544/I2CStart.o
 .debug_line    0x0000a35e      0x19e build/default/debug/_ext/659856544/I2CReceivedDataIsAvailable.o
 .debug_line    0x0000a4fc      0x198 build/default/debug/_ext/659856544/I2CSetSlaveAddress.o
 .debug_line    0x0000a694      0x18c build/default/debug/_ext/659856544/I2CEnable.o
 .debug_line    0x0000a820      0x19d build/default/debug/_ext/659856544/I2CSlaveDataReadRequested.o
 .debug_line    0x0000a9bd      0x18e build/default/debug/_ext/659856544/I2CConfigure.o
 .debug_line    0x0000ab4b      0x19e build/default/debug/_ext/659856544/I2CReceivedByteIsAnAddress.o
 .debug_line    0x0000ace9      0x196 build/default/debug/_ext/659856544/I2CSlaveClockRelease.o
 .debug_line    0x0000ae7f      0x19a build/default/debug/_ext/659856544/I2CByteWasAcknowledged.o
 .debug_line    0x0000b019      0x19e build/default/debug/_ext/659856544/I2CAcknowledgeHasCompleted.o
 .debug_line    0x0000b1b7      0x195 build/default/debug/_ext/659856544/I2CGetStatus.o
 .debug_line    0x0000b34c      0x17a build/default/debug/_ext/659856544/I2CPrivate.o
 .debug_line    0x0000b4c6      0x196 build/default/debug/_ext/659856544/I2CSetFrequency.o
 .debug_line    0x0000b65c       0xa9 /home/john/microchip/xc32/v1.42/bin/bin/../../lib/gcc/pic32mx/4.8.3/../../../../pic32mx/lib/libpic32.a(default-bootstrap-exception-handler.o)
 .debug_line    0x0000b705       0x96 /home/john/microchip/xc32/v1.42/bin/bin/../../lib/gcc/pic32mx/4.8.3/../../../../pic32mx/lib/libpic32.a(default-on-reset.o)
 .debug_line    0x0000b79b       0x9a /home/john/microchip/xc32/v1.42/bin/bin/../../lib/gcc/pic32mx/4.8.3/../../../../pic32mx/lib/libpic32.a(default-on-bootstrap.o)
 .debug_line    0x0000b835       0xa8 /home/john/microchip/xc32/v1.42/bin/bin/../../lib/gcc/pic32mx/4.8.3/../../../../pic32mx/lib/libpic32.a(defaultinterrupt.o)

.debug_frame    0x00000000     0x1e3c
 *(.debug_frame)
 .debug_frame   0x00000000       0x20 /home/john/microchip/xc32/v1.42/bin/bin/../../lib/gcc/pic32mx/4.8.3/../../../../pic32mx/lib/software-debug-break.o
 .debug_frame   0x00000020      0x1c0 build/default/debug/_ext/327000265/drv_usart_mapping.o
 .debug_frame   0x000001e0      0x1e8 build/default/debug/_ext/327000265/drv_usart_static.o
 .debug_frame   0x000003c8       0xf0 build/default/debug/_ext/327000265/drv_usart_static_byte_model.o
 .debug_frame   0x000004b8       0xa0 build/default/debug/_ext/639803181/sys_clk_static.o
 .debug_frame   0x00000558      0x1f0 build/default/debug/_ext/822048611/sys_ports_static.o
 .debug_frame   0x00000748       0x28 build/default/debug/_ext/1688732426/system_init.o
 .debug_frame   0x00000770       0x40 build/default/debug/_ext/1688732426/system_interrupt.o
 .debug_frame   0x000007b0       0x28 build/default/debug/_ext/1688732426/system_exceptions.o
 .debug_frame   0x000007d8       0xbc build/default/debug/_ext/1688732426/system_tasks.o
 .debug_frame   0x00000894       0x40 build/default/debug/_ext/1688732426/rtos_hooks.o
 .debug_frame   0x000008d4       0x28 build/default/debug/_ext/1360937237/main.o
 .debug_frame   0x000008fc       0xf8 build/default/debug/_ext/1360937237/tsk_lfa_rx.o
 .debug_frame   0x000009f4       0x40 build/default/debug/_ext/1360937237/tsk_wifly_rx.o
 .debug_frame   0x00000a34       0x44 build/default/debug/_ext/1360937237/tsk_wifly_tx.o
 .debug_frame   0x00000a78       0x58 build/default/debug/_ext/1360937237/custom_init.o
 .debug_frame   0x00000ad0       0x28 build/default/debug/_ext/1360937237/serialfsm.o
 .debug_frame   0x00000af8       0x28 build/default/debug/_ext/1360937237/serialresponds.o
 .debug_frame   0x00000b20       0xc0 build/default/debug/_ext/1360937237/debug.o
 .debug_frame   0x00000be0       0x40 build/default/debug/_ext/1360937237/tsk_rvrstatus.o
 .debug_frame   0x00000c20       0x44 build/default/debug/_ext/1360937237/tsk_debug.o
 .debug_frame   0x00000c64       0xa0 build/default/debug/_ext/1360937237/tsk_motorctrl.o
 .debug_frame   0x00000d04      0x150 build/default/debug/_ext/24337685/osal_freertos.o
 .debug_frame   0x00000e54       0xe8 build/default/debug/_ext/1271179505/sys_devcon.o
 .debug_frame   0x00000f3c       0x28 build/default/debug/_ext/1271179505/sys_devcon_pic32mx.o
 .debug_frame   0x00000f64       0x90 build/default/debug/_ext/122796885/sys_int_pic32.o
 .debug_frame   0x00000ff4       0x5c build/default/debug/_ext/1856876499/heap_1.o
 .debug_frame   0x00001050       0xc0 build/default/debug/_ext/12131622/port.o
 .debug_frame   0x00001110       0x60 build/default/debug/_ext/1128951024/list.o
 .debug_frame   0x00001170      0x230 build/default/debug/_ext/1128951024/queue.o
 .debug_frame   0x000013a0      0x4f4 build/default/debug/_ext/1128951024/tasks.o
 .debug_frame   0x00001894      0x134 build/default/debug/_ext/1128951024/timers.o
 .debug_frame   0x000019c8      0x108 build/default/debug/_ext/1128951024/event_groups.o
 .debug_frame   0x00001ad0       0x20 build/default/debug/_ext/659856544/I2CStop.o
 .debug_frame   0x00001af0       0x20 build/default/debug/_ext/659856544/I2CSendByte.o
 .debug_frame   0x00001b10       0x20 build/default/debug/_ext/659856544/I2CClearStatus.o
 .debug_frame   0x00001b30       0x20 build/default/debug/_ext/659856544/I2CRepeatStart.o
 .debug_frame   0x00001b50       0x20 build/default/debug/_ext/659856544/I2CAcknowledgeByte.o
 .debug_frame   0x00001b70       0x20 build/default/debug/_ext/659856544/I2CGetByte.o
 .debug_frame   0x00001b90       0x20 build/default/debug/_ext/659856544/I2CBusIsIdle.o
 .debug_frame   0x00001bb0       0x20 build/default/debug/_ext/659856544/I2CTransmissionHasCompleted.o
 .debug_frame   0x00001bd0       0x20 build/default/debug/_ext/659856544/I2CReceiverEnable.o
 .debug_frame   0x00001bf0       0x20 build/default/debug/_ext/659856544/I2CTransmitterIsReady.o
 .debug_frame   0x00001c10       0x20 build/default/debug/_ext/659856544/I2CSlaveClockHold.o
 .debug_frame   0x00001c30       0x20 build/default/debug/_ext/659856544/I2CStart.o
 .debug_frame   0x00001c50       0x20 build/default/debug/_ext/659856544/I2CReceivedDataIsAvailable.o
 .debug_frame   0x00001c70       0x20 build/default/debug/_ext/659856544/I2CSetSlaveAddress.o
 .debug_frame   0x00001c90       0x20 build/default/debug/_ext/659856544/I2CEnable.o
 .debug_frame   0x00001cb0       0x20 build/default/debug/_ext/659856544/I2CSlaveDataReadRequested.o
 .debug_frame   0x00001cd0       0x20 build/default/debug/_ext/659856544/I2CConfigure.o
 .debug_frame   0x00001cf0       0x20 build/default/debug/_ext/659856544/I2CReceivedByteIsAnAddress.o
 .debug_frame   0x00001d10       0x20 build/default/debug/_ext/659856544/I2CSlaveClockRelease.o
 .debug_frame   0x00001d30       0x20 build/default/debug/_ext/659856544/I2CByteWasAcknowledged.o
 .debug_frame   0x00001d50       0x20 build/default/debug/_ext/659856544/I2CAcknowledgeHasCompleted.o
 .debug_frame   0x00001d70       0x20 build/default/debug/_ext/659856544/I2CGetStatus.o
 .debug_frame   0x00001d90       0x20 build/default/debug/_ext/659856544/I2CSetFrequency.o
 .debug_frame   0x00001db0       0x2c /home/john/microchip/xc32/v1.42/bin/bin/../../lib/gcc/pic32mx/4.8.3/../../../../pic32mx/lib/libpic32.a(default-bootstrap-exception-handler.o)
 .debug_frame   0x00001ddc       0x20 /home/john/microchip/xc32/v1.42/bin/bin/../../lib/gcc/pic32mx/4.8.3/../../../../pic32mx/lib/libpic32.a(default-on-reset.o)
 .debug_frame   0x00001dfc       0x20 /home/john/microchip/xc32/v1.42/bin/bin/../../lib/gcc/pic32mx/4.8.3/../../../../pic32mx/lib/libpic32.a(default-on-bootstrap.o)
 .debug_frame   0x00001e1c       0x20 /home/john/microchip/xc32/v1.42/bin/bin/../../lib/gcc/pic32mx/4.8.3/../../../../pic32mx/lib/libpic32.a(defaultinterrupt.o)

.debug_str      0x00000000      0x798
 *(.debug_str)
 .debug_str     0x00000000        0x0 /home/john/microchip/xc32/v1.42/bin/bin/../../lib/gcc/pic32mx/4.8.3/../../../../pic32mx/lib/software-debug-break.o
 .debug_str     0x00000000       0x23 build/default/debug/_ext/327000265/drv_usart_mapping.o
 .debug_str     0x00000023       0xfb build/default/debug/_ext/327000265/drv_usart_static.o
 .debug_str     0x0000011e       0x1c build/default/debug/_ext/327000265/drv_usart_static_byte_model.o
 .debug_str     0x0000013a       0x39 build/default/debug/_ext/639803181/sys_clk_static.o
 .debug_str     0x00000173       0x55 build/default/debug/_ext/822048611/sys_ports_static.o
 .debug_str     0x000001c8       0x42 build/default/debug/_ext/1688732426/system_init.o
 .debug_str     0x0000020a       0x14 build/default/debug/_ext/1688732426/system_interrupt.o
 .debug_str     0x0000021e        0x0 build/default/debug/_ext/1688732426/system_exceptions.o
 .debug_str     0x0000021e        0xc build/default/debug/_ext/1688732426/system_tasks.o
 .debug_str     0x0000022a        0x9 build/default/debug/_ext/1688732426/rtos_hooks.o
 .debug_str     0x00000233        0x0 build/default/debug/_ext/1360937237/main.o
 .debug_str     0x00000233        0x0 build/default/debug/_ext/1360937237/tsk_lfa_rx.o
 .debug_str     0x00000233        0x0 build/default/debug/_ext/1360937237/tsk_wifly_rx.o
 .debug_str     0x00000233        0x0 build/default/debug/_ext/1360937237/tsk_wifly_tx.o
 .debug_str     0x00000233        0x0 build/default/debug/_ext/1360937237/custom_init.o
 .debug_str     0x00000233        0x0 build/default/debug/_ext/1360937237/serialfsm.o
 .debug_str     0x00000233        0x0 build/default/debug/_ext/1360937237/serialresponds.o
 .debug_str     0x00000233       0x19 build/default/debug/_ext/1360937237/debug.o
 .debug_str     0x0000024c        0x0 build/default/debug/_ext/1360937237/tsk_rvrstatus.o
 .debug_str     0x0000024c        0x0 build/default/debug/_ext/1360937237/tsk_debug.o
 .debug_str     0x0000024c       0x1d build/default/debug/_ext/1360937237/tsk_motorctrl.o
 .debug_str     0x00000269       0x40 build/default/debug/_ext/24337685/osal_freertos.o
 .debug_str     0x000002a9       0x16 build/default/debug/_ext/1271179505/sys_devcon.o
 .debug_str     0x000002bf        0x6 build/default/debug/_ext/1271179505/sys_devcon_pic32mx.o
 .debug_str     0x000002c5       0x2d build/default/debug/_ext/122796885/sys_int_pic32.o
 .debug_str     0x000002f2       0x1d build/default/debug/_ext/1856876499/heap_1.o
 .debug_str     0x0000030f       0x37 build/default/debug/_ext/12131622/port.o
 .debug_str     0x00000346        0x0 build/default/debug/_ext/1128951024/croutine.o
 .debug_str     0x00000346       0x2b build/default/debug/_ext/1128951024/list.o
 .debug_str     0x00000371       0xf1 build/default/debug/_ext/1128951024/queue.o
 .debug_str     0x00000462      0x191 build/default/debug/_ext/1128951024/tasks.o
 .debug_str     0x000005f3       0xbf build/default/debug/_ext/1128951024/timers.o
 .debug_str     0x000006b2       0xe6 build/default/debug/_ext/1128951024/event_groups.o
 .debug_str     0x00000798        0x0 build/default/debug/_ext/659856544/I2CStop.o
 .debug_str     0x00000798        0x0 build/default/debug/_ext/659856544/I2CSendByte.o
 .debug_str     0x00000798        0x0 build/default/debug/_ext/659856544/I2CClearStatus.o
 .debug_str     0x00000798        0x0 build/default/debug/_ext/659856544/I2CRepeatStart.o
 .debug_str     0x00000798        0x0 build/default/debug/_ext/659856544/I2CAcknowledgeByte.o
 .debug_str     0x00000798        0x0 build/default/debug/_ext/659856544/I2CGetByte.o
 .debug_str     0x00000798        0x0 build/default/debug/_ext/659856544/I2CBusIsIdle.o
 .debug_str     0x00000798        0x0 build/default/debug/_ext/659856544/I2CTransmissionHasCompleted.o
 .debug_str     0x00000798        0x0 build/default/debug/_ext/659856544/I2CReceiverEnable.o
 .debug_str     0x00000798        0x0 build/default/debug/_ext/659856544/I2CTransmitterIsReady.o
 .debug_str     0x00000798        0x0 build/default/debug/_ext/659856544/I2CSlaveClockHold.o
 .debug_str     0x00000798        0x0 build/default/debug/_ext/659856544/I2CStart.o
 .debug_str     0x00000798        0x0 build/default/debug/_ext/659856544/I2CReceivedDataIsAvailable.o
 .debug_str     0x00000798        0x0 build/default/debug/_ext/659856544/I2CSetSlaveAddress.o
 .debug_str     0x00000798        0x0 build/default/debug/_ext/659856544/I2CEnable.o
 .debug_str     0x00000798        0x0 build/default/debug/_ext/659856544/I2CSlaveDataReadRequested.o