
Optional file libmchp_peripheral.a not found

Optional file libmchp_peripheral_32MX795F512L.a not found
Archive member included because of file (symbol)

/home/john/MPLAB-X/XC32_Compiler/bin/bin/../../lib/gcc/pic32mx/4.8.3/../../../../pic32mx/lib/libpic32.a(memcpy.o)
                              build/default/debug/_ext/1458882252/queue.o (memcpy)
/home/john/MPLAB-X/XC32_Compiler/bin/bin/../../lib/gcc/pic32mx/4.8.3/../../../../pic32mx/lib/libpic32.a(memset.o)
                              build/default/debug/_ext/1458882252/tasks.o (memset)
/home/john/MPLAB-X/XC32_Compiler/bin/bin/../../lib/gcc/pic32mx/4.8.3/../../../../pic32mx/lib/libpic32.a(strcpy.o)
                              build/default/debug/_ext/1952159421/sys_debug.o (strcpy)
/home/john/MPLAB-X/XC32_Compiler/bin/bin/../../lib/gcc/pic32mx/4.8.3/../../../../pic32mx/lib/libpic32.a(strlen.o)
                              build/default/debug/_ext/207392127/sys_console_appio.o (strlen)
/home/john/MPLAB-X/XC32_Compiler/bin/bin/../../lib/gcc/pic32mx/4.8.3/../../../../pic32mx/lib/libpic32.a(default-bootstrap-exception-handler.o)
                              /home/john/MPLAB-X/XC32_Compiler/bin/bin/../../lib/gcc/pic32mx/4.8.3/../../../../pic32mx/lib/./proc/32MX795F512L/crt0_mips32r2.o (_bootstrap_exception_handler)
/home/john/MPLAB-X/XC32_Compiler/bin/bin/../../lib/gcc/pic32mx/4.8.3/../../../../pic32mx/lib/libpic32.a(default-on-reset.o)
                              /home/john/MPLAB-X/XC32_Compiler/bin/bin/../../lib/gcc/pic32mx/4.8.3/../../../../pic32mx/lib/./proc/32MX795F512L/crt0_mips32r2.o (_on_reset)
/home/john/MPLAB-X/XC32_Compiler/bin/bin/../../lib/gcc/pic32mx/4.8.3/../../../../pic32mx/lib/libpic32.a(default-on-bootstrap.o)
                              /home/john/MPLAB-X/XC32_Compiler/bin/bin/../../lib/gcc/pic32mx/4.8.3/../../../../pic32mx/lib/./proc/32MX795F512L/crt0_mips32r2.o (_on_bootstrap)
/home/john/MPLAB-X/XC32_Compiler/bin/bin/../../lib/gcc/pic32mx/4.8.3/../../../../pic32mx/lib/libpic32.a(default-nmi-handler.o)
                              /home/john/MPLAB-X/XC32_Compiler/bin/bin/../../lib/gcc/pic32mx/4.8.3/../../../../pic32mx/lib/./proc/32MX795F512L/crt0_mips32r2.o (_nmi_handler)
/home/john/MPLAB-X/XC32_Compiler/bin/bin/../../lib/gcc/pic32mx/4.8.3/../../../../pic32mx/lib/libpic32.a(general-exception.o)
                              /home/john/MPLAB-X/XC32_Compiler/bin/bin/../../lib/gcc/pic32mx/4.8.3/../../../../pic32mx/lib/./proc/32MX795F512L/crt0_mips32r2.o (_general_exception_context)
/home/john/MPLAB-X/XC32_Compiler/bin/bin/../../lib/gcc/pic32mx/4.8.3/../../../../pic32mx/lib/libpic32.a(vector0.o)
                              /home/john/MPLAB-X/XC32_Compiler/bin/bin/../../lib/gcc/pic32mx/4.8.3/../../../../pic32mx/lib/./proc/32MX795F512L/default_isr_vectors.o (__vector_dispatch_0)
/home/john/MPLAB-X/XC32_Compiler/bin/bin/../../lib/gcc/pic32mx/4.8.3/../../../../pic32mx/lib/libpic32.a(vector2.o)
                              /home/john/MPLAB-X/XC32_Compiler/bin/bin/../../lib/gcc/pic32mx/4.8.3/../../../../pic32mx/lib/./proc/32MX795F512L/default_isr_vectors.o (__vector_dispatch_2)
/home/john/MPLAB-X/XC32_Compiler/bin/bin/../../lib/gcc/pic32mx/4.8.3/../../../../pic32mx/lib/libpic32.a(vector3.o)
                              /home/john/MPLAB-X/XC32_Compiler/bin/bin/../../lib/gcc/pic32mx/4.8.3/../../../../pic32mx/lib/./proc/32MX795F512L/default_isr_vectors.o (__vector_dispatch_3)
/home/john/MPLAB-X/XC32_Compiler/bin/bin/../../lib/gcc/pic32mx/4.8.3/../../../../pic32mx/lib/libpic32.a(vector5.o)
                              /home/john/MPLAB-X/XC32_Compiler/bin/bin/../../lib/gcc/pic32mx/4.8.3/../../../../pic32mx/lib/./proc/32MX795F512L/default_isr_vectors.o (__vector_dispatch_5)
/home/john/MPLAB-X/XC32_Compiler/bin/bin/../../lib/gcc/pic32mx/4.8.3/../../../../pic32mx/lib/libpic32.a(vector6.o)
                              /home/john/MPLAB-X/XC32_Compiler/bin/bin/../../lib/gcc/pic32mx/4.8.3/../../../../pic32mx/lib/./proc/32MX795F512L/default_isr_vectors.o (__vector_dispatch_6)
/home/john/MPLAB-X/XC32_Compiler/bin/bin/../../lib/gcc/pic32mx/4.8.3/../../../../pic32mx/lib/libpic32.a(vector7.o)
                              /home/john/MPLAB-X/XC32_Compiler/bin/bin/../../lib/gcc/pic32mx/4.8.3/../../../../pic32mx/lib/./proc/32MX795F512L/default_isr_vectors.o (__vector_dispatch_7)
/home/john/MPLAB-X/XC32_Compiler/bin/bin/../../lib/gcc/pic32mx/4.8.3/../../../../pic32mx/lib/libpic32.a(vector8.o)
                              /home/john/MPLAB-X/XC32_Compiler/bin/bin/../../lib/gcc/pic32mx/4.8.3/../../../../pic32mx/lib/./proc/32MX795F512L/default_isr_vectors.o (__vector_dispatch_8)
/home/john/MPLAB-X/XC32_Compiler/bin/bin/../../lib/gcc/pic32mx/4.8.3/../../../../pic32mx/lib/libpic32.a(vector9.o)
                              /home/john/MPLAB-X/XC32_Compiler/bin/bin/../../lib/gcc/pic32mx/4.8.3/../../../../pic32mx/lib/./proc/32MX795F512L/default_isr_vectors.o (__vector_dispatch_9)
[...]
Memory Configuration

Name             Origin             Length             Attributes
kseg0_boot_mem   0x9fc00490         0x00000970
kseg1_boot_mem   0xbfc00000         0x00000490
kseg0_program_mem 0x9d000000         0x00080000         xr
exception_mem    0x9fc01000         0x00001000
debug_exec_mem   0xbfc02000         0x00000ff0
config3          0xbfc02ff0         0x00000004
config2          0xbfc02ff4         0x00000004
config1          0xbfc02ff8         0x00000004
config0          0xbfc02ffc         0x00000004
kseg1_data_mem   0xa0000000         0x00020000         w !x
sfrs             0xbf800000         0x00100000
configsfrs       0xbfc02ff0         0x00000010
*default*        0x00000000         0xffffffff

Linker script and memory map


reserve_boot_0x1fc02000_kseg0
                0x9fc02000      0xff0
                0x9fc02000        0x2 SHORT 0x0
                0x00000500                . = 0x500
 *fill*         0x9fc02002      0x4fe 
                0x9fc02500                . = ALIGN (0x4)
                0x9fc02500        0x2 SHORT 0x0
                0x00000ff0                . = 0xff0
 *fill*         0x9fc02502      0xaee 
                0x9fc02ff0                . = ALIGN (0x4)

reserve_boot_0x1fc02000_kseg1
                0xbfc02000      0xff0
                0xbfc02000        0x2 SHORT 0x0
                0x00000500                . = 0x500
 *fill*         0xbfc02002      0x4fe 
                0xbfc02500                . = ALIGN (0x4)
                0xbfc02500        0x2 SHORT 0x0
                0x00000ff0                . = 0xff0
 *fill*         0xbfc02502      0xaee 
                0xbfc02ff0                . = ALIGN (0x4)
LOAD /home/john/MPLAB-X/XC32_Compiler/bin/bin/../../lib/gcc/pic32mx/4.8.3/../../../../pic32mx/lib/./proc/32MX795F512L/crt0_mips32r2.o
LOAD /home/john/MPLAB-X/XC32_Compiler/bin/bin/../../lib/gcc/pic32mx/4.8.3/../../../../pic32mx/lib/software-debug-break.o
                0x00000001                _DEBUGGER = 0x1
LOAD build/default/debug/_ext/1360937237/app_public.o
LOAD build/default/debug/_ext/1360937237/app.o
LOAD build/default/debug/_ext/1360937237/main.o
LOAD build/default/debug/_ext/382300584/drv_usart.o
LOAD build/default/debug/_ext/382300584/drv_usart_byte_model.o
LOAD build/default/debug/_ext/1964585049/osal_freertos.o
LOAD build/default/debug/_ext/207392127/sys_console.o
LOAD build/default/debug/_ext/207392127/sys_console_appio.o
LOAD build/default/debug/_ext/1952159421/sys_debug.o
LOAD build/default/debug/_ext/1921105363/sys_devcon.o
LOAD build/default/debug/_ext/1921105363/sys_devcon_pic32mx.o
LOAD build/default/debug/_ext/993332121/sys_int_pic32.o
LOAD build/default/debug/_ext/1458882252/croutine.o
LOAD build/default/debug/_ext/1458882252/list.o
LOAD build/default/debug/_ext/1458882252/queue.o
LOAD build/default/debug/_ext/1458882252/tasks.o
LOAD build/default/debug/_ext/1458882252/timers.o
LOAD build/default/debug/_ext/1458882252/event_groups.o
LOAD build/default/debug/_ext/628943767/heap_1.o
LOAD build/default/debug/_ext/1338673686/port.o
LOAD build/default/debug/_ext/1338673686/port_asm.o
LOAD build/default/debug/_ext/639803181/sys_clk_static.o
LOAD build/default/debug/_ext/822048611/sys_ports_static.o
LOAD build/default/debug/_ext/1688732426/system_init.o
LOAD build/default/debug/_ext/1688732426/system_interrupt.o
LOAD build/default/debug/_ext/1688732426/system_exceptions.o
LOAD build/default/debug/_ext/1688732426/system_tasks.o
LOAD build/default/debug/_ext/1688732426/system_interrupt_a.o
LOAD build/default/debug/_ext/1688732426/rtos_hooks.o
LOAD ../../../../../../../../../microchip/harmony/v1_08_01/bin/framework/peripheral/PIC32MX795F512L_peripherals.a
LOAD ../../../../../../../../../microchip/harmony/v1_08_01/framework/tcpip/src/crypto/aes_pic32mx.a
                0x00000001                __MPLAB_BUILD = 0x1
                0x00000001                __MPLAB_DEBUG = 0x1
                0x00000001                __DEBUG = 0x1
                0x00000001                __MPLAB_DEBUGGER_PK3 = 0x1
                0x00000800                _min_heap_size = 0x800
LOAD /home/john/MPLAB-X/XC32_Compiler/bin/bin/../../lib/gcc/pic32mx/4.8.3/../../../../pic32mx/lib/./proc/32MX795F512L/default_isr_vectors.o
LOAD /home/john/MPLAB-X/XC32_Compiler/bin/bin/../../lib/gcc/pic32mx/4.8.3/../../../../pic32mx/lib/pic32_software_reset.o
                0x00000400                PROVIDE (_min_stack_size, 0x400)
LOAD /home/john/MPLAB-X/XC32_Compiler/bin/bin/../../lib/gcc/pic32mx/4.8.3/../../../../pic32mx/lib/./proc/32MX795F512L/processor.o
START GROUP
LOAD libmchp_peripheral.a
END GROUP
START GROUP
LOAD libmchp_peripheral_32MX795F512L.a
END GROUP
                0x00000001                PROVIDE (_vector_spacing, 0x1)
                0x9fc01000                PROVIDE (_ebase_address, 0x9fc01000)
                0xbfc00000                _RESET_ADDR = 0xbfc00000
                0xbfc00380                _BEV_EXCPT_ADDR = 0xbfc00380
                0xbfc00480                _DBG_EXCPT_ADDR = 0xbfc00480
                0xbfc02000                _DBG_CODE_ADDR = 0xbfc02000
                0x00000ff0                _DBG_CODE_SIZE = 0xff0
                0x9fc01180                _GEN_EXCPT_ADDR = (_ebase_address + 0x180)

.config_BFC02FF0
                0xbfc02ff0        0x4
 *(.config_BFC02FF0)
 .config_BFC02FF0
                0xbfc02ff0        0x4 build/default/debug/_ext/1688732426/system_init.o

.config_BFC02FF4
                0xbfc02ff4        0x4
 *(.config_BFC02FF4)
 .config_BFC02FF4
                0xbfc02ff4        0x4 build/default/debug/_ext/1688732426/system_init.o

.config_BFC02FF8
                0xbfc02ff8        0x4
 *(.config_BFC02FF8)
 .config_BFC02FF8
                0xbfc02ff8        0x4 build/default/debug/_ext/1688732426/system_init.o

.config_BFC02FFC
                0xbfc02ffc        0x4
 *(.config_BFC02FFC)
 .config_BFC02FFC
                0xbfc02ffc        0x4 build/default/debug/_ext/1688732426/system_init.o
                0xbfc02000                PROVIDE (_DBG_CODE_ADDR, 0xbfc02000)
                0x00000ff0                PROVIDE (_DBG_CODE_SIZE, 0xff0)

.reset          0xbfc00000      0x208
 *(.reset)
 .reset         0xbfc00000        0x8 /home/john/MPLAB-X/XC32_Compiler/bin/bin/../../lib/gcc/pic32mx/4.8.3/../../../../pic32mx/lib/./proc/32MX795F512L/crt0_mips32r2.o
                0xbfc00000                _reset
 *(.reset.startup)
 .reset.startup
                0xbfc00008      0x200 /home/john/MPLAB-X/XC32_Compiler/bin/bin/../../lib/gcc/pic32mx/4.8.3/../../../../pic32mx/lib/./proc/32MX795F512L/crt0_mips32r2.o

.bev_excpt      0xbfc00380       0x10
 *(.bev_handler)
 .bev_handler   0xbfc00380       0x10 /home/john/MPLAB-X/XC32_Compiler/bin/bin/../../lib/gcc/pic32mx/4.8.3/../../../../pic32mx/lib/./proc/32MX795F512L/crt0_mips32r2.o

.dbg_excpt      0xbfc00480        0x8
                0xbfc00480                . = (. + DEFINED (_DEBUGGER)?0x8:0x0)
 *fill*         0xbfc00480        0x8 

.dbg_code       0xbfc02000      0xff0
                0xbfc02000                . = (. + DEFINED (_DEBUGGER)?_DBG_CODE_SIZE:0x0)
 *fill*         0xbfc02000      0xff0 

.app_excpt      0x9fc01180       0x10
 *(.gen_handler)
 .gen_handler   0x9fc01180       0x10 /home/john/MPLAB-X/XC32_Compiler/bin/bin/../../lib/gcc/pic32mx/4.8.3/../../../../pic32mx/lib/./proc/32MX795F512L/crt0_mips32r2.o

.vector_0       0x9fc01200        0x8
 *(.vector_0)
 .vector_0      0x9fc01200        0x8 /home/john/MPLAB-X/XC32_Compiler/bin/bin/../../lib/gcc/pic32mx/4.8.3/../../../../pic32mx/lib/libpic32.a(vector0.o)
                0x9fc01200                __vector_dispatch_0
                0x00000001                ASSERT (((_vector_spacing == 0x0) || (SIZEOF (.vector_0) <= (_vector_spacing << 0x5))), function at exception vector 0 too large)

.vector_1       0x9fc01220        0x8
 *(.vector_1)
 .vector_1      0x9fc01220        0x8 build/default/debug/_ext/1338673686/port.o
                0x9fc01220                __vector_dispatch_1
                0x00000001                ASSERT (((_vector_spacing == 0x0) || (SIZEOF (.vector_1) <= (_vector_spacing << 0x5))), function at exception vector 1 too large)

.vector_2       0x9fc01240        0x8
 *(.vector_2)
 .vector_2      0x9fc01240        0x8 /home/john/MPLAB-X/XC32_Compiler/bin/bin/../../lib/gcc/pic32mx/4.8.3/../../../../pic32mx/lib/libpic32.a(vector2.o)
                0x9fc01240                __vector_dispatch_2
                0x00000001                ASSERT (((_vector_spacing == 0x0) || (SIZEOF (.vector_2) <= (_vector_spacing << 0x5))), function at exception vector 2 too large)

.vector_3       0x9fc01260        0x8
 *(.vector_3)
 .vector_3      0x9fc01260        0x8 /home/john/MPLAB-X/XC32_Compiler/bin/bin/../../lib/gcc/pic32mx/4.8.3/../../../../pic32mx/lib/libpic32.a(vector3.o)
                0x9fc01260                __vector_dispatch_3
                0x00000001                ASSERT (((_vector_spacing == 0x0) || (SIZEOF (.vector_3) <= (_vector_spacing << 0x5))), function at exception vector 3 too large)

.vector_4       0x9fc01280        0x8
 *(.vector_4)
 .vector_4      0x9fc01280        0x8 build/default/debug/_ext/1338673686/port.o
                0x9fc01280                __vector_dispatch_4
                0x00000001                ASSERT (((_vector_spacing == 0x0) || (SIZEOF (.vector_4) <= (_vector_spacing << 0x5))), function at exception vector 4 too large)

.vector_5       0x9fc012a0        0x8
 *(.vector_5)
 .vector_5      0x9fc012a0        0x8 /home/john/MPLAB-X/XC32_Compiler/bin/bin/../../lib/gcc/pic32mx/4.8.3/../../../../pic32mx/lib/libpic32.a(vector5.o)
                0x9fc012a0                __vector_dispatch_5
                0x00000001                ASSERT (((_vector_spacing == 0x0) || (SIZEOF (.vector_5) <= (_vector_spacing << 0x5))), function at exception vector 5 too large)

.vector_6       0x9fc012c0        0x8
 *(.vector_6)
 .vector_6      0x9fc012c0        0x8 /home/john/MPLAB-X/XC32_Compiler/bin/bin/../../lib/gcc/pic32mx/4.8.3/../../../../pic32mx/lib/libpic32.a(vector6.o)
                0x9fc012c0                __vector_dispatch_6
                0x00000001                ASSERT (((_vector_spacing == 0x0) || (SIZEOF (.vector_6) <= (_vector_spacing << 0x5))), function at exception vector 6 too large)

.vector_7       0x9fc012e0        0x8
 *(.vector_7)
 .vector_7      0x9fc012e0        0x8 /home/john/MPLAB-X/XC32_Compiler/bin/bin/../../lib/gcc/pic32mx/4.8.3/../../../../pic32mx/lib/libpic32.a(vector7.o)
                0x9fc012e0                __vector_dispatch_7
                0x00000001                ASSERT (((_vector_spacing == 0x0) || (SIZEOF (.vector_7) <= (_vector_spacing << 0x5))), function at exception vector 7 too large)

.vector_8       0x9fc01300        0x8
 *(.vector_8)
 .vector_8      0x9fc01300        0x8 /home/john/MPLAB-X/XC32_Compiler/bin/bin/../../lib/gcc/pic32mx/4.8.3/../../../../pic32mx/lib/libpic32.a(vector8.o)
                0x9fc01300                __vector_dispatch_8
                0x00000001                ASSERT (((_vector_spacing == 0x0) || (SIZEOF (.vector_8) <= (_vector_spacing << 0x5))), function at exception vector 8 too large)

.vector_9       0x9fc01320        0x8
 *(.vector_9)
 .vector_9      0x9fc01320        0x8 /home/john/MPLAB-X/XC32_Compiler/bin/bin/../../lib/gcc/pic32mx/4.8.3/../../../../pic32mx/lib/libpic32.a(vector9.o)
                0x9fc01320                __vector_dispatch_9
                0x00000001                ASSERT (((_vector_spacing == 0x0) || (SIZEOF (.vector_9) <= (_vector_spacing << 0x5))), function at exception vector 9 too large)

.vector_10      0x9fc01340        0x8
 *(.vector_10)
 .vector_10     0x9fc01340        0x8 /home/john/MPLAB-X/XC32_Compiler/bin/bin/../../lib/gcc/pic32mx/4.8.3/../../../../pic32mx/lib/libpic32.a(vector10.o)
                0x9fc01340                __vector_dispatch_10
                0x00000001                ASSERT (((_vector_spacing == 0x0) || (SIZEOF (.vector_10) <= (_vector_spacing << 0x5))), function at exception vector 10 too large)

.vector_11      0x9fc01360        0x8
 *(.vector_11)
 .vector_11     0x9fc01360        0x8 /home/john/MPLAB-X/XC32_Compiler/bin/bin/../../lib/gcc/pic32mx/4.8.3/../../../../pic32mx/lib/libpic32.a(vector11.o)
                0x9fc01360                __vector_dispatch_11
                0x00000001                ASSERT (((_vector_spacing == 0x0) || (SIZEOF (.vector_11) <= (_vector_spacing << 0x5))), function at exception vector 11 too large)

.vector_12      0x9fc01380        0x8
 *(.vector_12)
 .vector_12     0x9fc01380        0x8 /home/john/MPLAB-X/XC32_Compiler/bin/bin/../../lib/gcc/pic32mx/4.8.3/../../../../pic32mx/lib/libpic32.a(vector12.o)
                0x9fc01380                __vector_dispatch_12
                0x00000001                ASSERT (((_vector_spacing == 0x0) || (SIZEOF (.vector_12) <= (_vector_spacing << 0x5))), function at exception vector 12 too large)

.vector_13      0x9fc013a0        0x8
 *(.vector_13)
 .vector_13     0x9fc013a0        0x8 /home/john/MPLAB-X/XC32_Compiler/bin/bin/../../lib/gcc/pic32mx/4.8.3/../../../../pic32mx/lib/libpic32.a(vector13.o)
                0x9fc013a0                __vector_dispatch_13
                0x00000001                ASSERT (((_vector_spacing == 0x0) || (SIZEOF (.vector_13) <= (_vector_spacing << 0x5))), function at exception vector 13 too large)

.vector_14      0x9fc013c0        0x8
 *(.vector_14)
 .vector_14     0x9fc013c0        0x8 /home/john/MPLAB-X/XC32_Compiler/bin/bin/../../lib/gcc/pic32mx/4.8.3/../../../../pic32mx/lib/libpic32.a(vector14.o)
                0x9fc013c0                __vector_dispatch_14
                0x00000001                ASSERT (((_vector_spacing == 0x0) || (SIZEOF (.vector_14) <= (_vector_spacing << 0x5))), function at exception vector 14 too large)

.vector_15      0x9fc013e0        0x8
 *(.vector_15)
 .vector_15     0x9fc013e0        0x8 /home/john/MPLAB-X/XC32_Compiler/bin/bin/../../lib/gcc/pic32mx/4.8.3/../../../../pic32mx/lib/libpic32.a(vector15.o)
                0x9fc013e0                __vector_dispatch_15
                0x00000001                ASSERT (((_vector_spacing == 0x0) || (SIZEOF (.vector_15) <= (_vector_spacing << 0x5))), function at exception vector 15 too large)

.vector_16      0x9fc01400        0x8
 *(.vector_16)
 .vector_16     0x9fc01400        0x8 /home/john/MPLAB-X/XC32_Compiler/bin/bin/../../lib/gcc/pic32mx/4.8.3/../../../../pic32mx/lib/libpic32.a(vector16.o)
                0x9fc01400                __vector_dispatch_16
                0x00000001                ASSERT (((_vector_spacing == 0x0) || (SIZEOF (.vector_16) <= (_vector_spacing << 0x5))), function at exception vector 16 too large)

.vector_17      0x9fc01420        0x8
 *(.vector_17)
 .vector_17     0x9fc01420        0x8 /home/john/MPLAB-X/XC32_Compiler/bin/bin/../../lib/gcc/pic32mx/4.8.3/../../../../pic32mx/lib/libpic32.a(vector17.o)
                0x9fc01420                __vector_dispatch_17
                0x00000001                ASSERT (((_vector_spacing == 0x0) || (SIZEOF (.vector_17) <= (_vector_spacing << 0x5))), function at exception vector 17 too large)

.vector_18      0x9fc01440        0x8
 *(.vector_18)
 .vector_18     0x9fc01440        0x8 /home/john/MPLAB-X/XC32_Compiler/bin/bin/../../lib/gcc/pic32mx/4.8.3/../../../../pic32mx/lib/libpic32.a(vector18.o)
                0x9fc01440                __vector_dispatch_18
                0x00000001                ASSERT (((_vector_spacing == 0x0) || (SIZEOF (.vector_18) <= (_vector_spacing << 0x5))), function at exception vector 18 too large)

.vector_19      0x9fc01460        0x8
 *(.vector_19)
 .vector_19     0x9fc01460        0x8 /home/john/MPLAB-X/XC32_Compiler/bin/bin/../../lib/gcc/pic32mx/4.8.3/../../../../pic32mx/lib/libpic32.a(vector19.o)
                0x9fc01460                __vector_dispatch_19
                0x00000001                ASSERT (((_vector_spacing == 0x0) || (SIZEOF (.vector_19) <= (_vector_spacing << 0x5))), function at exception vector 19 too large)

.vector_20      0x9fc01480        0x8
 *(.vector_20)
 .vector_20     0x9fc01480        0x8 /home/john/MPLAB-X/XC32_Compiler/bin/bin/../../lib/gcc/pic32mx/4.8.3/../../../../pic32mx/lib/libpic32.a(vector20.o)
                0x9fc01480                __vector_dispatch_20
                0x00000001                ASSERT (((_vector_spacing == 0x0) || (SIZEOF (.vector_20) <= (_vector_spacing << 0x5))), function at exception vector 20 too large)

.vector_21      0x9fc014a0        0x8
 *(.vector_21)
 .vector_21     0x9fc014a0        0x8 /home/john/MPLAB-X/XC32_Compiler/bin/bin/../../lib/gcc/pic32mx/4.8.3/../../../../pic32mx/lib/libpic32.a(vector21.o)
                0x9fc014a0                __vector_dispatch_21
                0x00000001                ASSERT (((_vector_spacing == 0x0) || (SIZEOF (.vector_21) <= (_vector_spacing << 0x5))), function at exception vector 21 too large)

.vector_22      0x9fc014c0        0x8
 *(.vector_22)
 .vector_22     0x9fc014c0        0x8 /home/john/MPLAB-X/XC32_Compiler/bin/bin/../../lib/gcc/pic32mx/4.8.3/../../../../pic32mx/lib/libpic32.a(vector22.o)
                0x9fc014c0                __vector_dispatch_22
                0x00000001                ASSERT (((_vector_spacing == 0x0) || (SIZEOF (.vector_22) <= (_vector_spacing << 0x5))), function at exception vector 22 too large)

.vector_23      0x9fc014e0        0x8
 *(.vector_23)
 .vector_23     0x9fc014e0        0x8 /home/john/MPLAB-X/XC32_Compiler/bin/bin/../../lib/gcc/pic32mx/4.8.3/../../../../pic32mx/lib/libpic32.a(vector23.o)
                0x9fc014e0                __vector_dispatch_23
                0x00000001                ASSERT (((_vector_spacing == 0x0) || (SIZEOF (.vector_23) <= (_vector_spacing << 0x5))), function at exception vector 23 too large)

.vector_24      0x9fc01500       0x10
 *(.vector_24)
 .vector_24     0x9fc01500       0x10 build/default/debug/_ext/1688732426/system_interrupt_a.o
                0x9fc01500                __vector_dispatch_24
                0x00000001                ASSERT (((_vector_spacing == 0x0) || (SIZEOF (.vector_24) <= (_vector_spacing << 0x5))), function at exception vector 24 too large)

.vector_25      0x9fc01520        0x8
 *(.vector_25)
 .vector_25     0x9fc01520        0x8 /home/john/MPLAB-X/XC32_Compiler/bin/bin/../../lib/gcc/pic32mx/4.8.3/../../../../pic32mx/lib/libpic32.a(vector25.o)
                0x9fc01520                __vector_dispatch_25
                0x00000001                ASSERT (((_vector_spacing == 0x0) || (SIZEOF (.vector_25) <= (_vector_spacing << 0x5))), function at exception vector 25 too large)

.vector_26      0x9fc01540        0x8
 *(.vector_26)
 .vector_26     0x9fc01540        0x8 /home/john/MPLAB-X/XC32_Compiler/bin/bin/../../lib/gcc/pic32mx/4.8.3/../../../../pic32mx/lib/libpic32.a(vector26.o)
                0x9fc01540                __vector_dispatch_26
                0x00000001                ASSERT (((_vector_spacing == 0x0) || (SIZEOF (.vector_26) <= (_vector_spacing << 0x5))), function at exception vector 26 too large)

.vector_27      0x9fc01560        0x8
 *(.vector_27)
 .vector_27     0x9fc01560        0x8 /home/john/MPLAB-X/XC32_Compiler/bin/bin/../../lib/gcc/pic32mx/4.8.3/../../../../pic32mx/lib/libpic32.a(vector27.o)
                0x9fc01560                __vector_dispatch_27
                0x00000001                ASSERT (((_vector_spacing == 0x0) || (SIZEOF (.vector_27) <= (_vector_spacing << 0x5))), function at exception vector 27 too large)

.vector_28      0x9fc01580        0x8
 *(.vector_28)
 .vector_28     0x9fc01580        0x8 /home/john/MPLAB-X/XC32_Compiler/bin/bin/../../lib/gcc/pic32mx/4.8.3/../../../../pic32mx/lib/libpic32.a(vector28.o)
                0x9fc01580                __vector_dispatch_28
                0x00000001                ASSERT (((_vector_spacing == 0x0) || (SIZEOF (.vector_28) <= (_vector_spacing << 0x5))), function at exception vector 28 too large)

.vector_29      0x9fc015a0        0x8
 *(.vector_29)
 .vector_29     0x9fc015a0        0x8 /home/john/MPLAB-X/XC32_Compiler/bin/bin/../../lib/gcc/pic32mx/4.8.3/../../../../pic32mx/lib/libpic32.a(vector29.o)
                0x9fc015a0                __vector_dispatch_29
                0x00000001                ASSERT (((_vector_spacing == 0x0) || (SIZEOF (.vector_29) <= (_vector_spacing << 0x5))), function at exception vector 29 too large)

.vector_30      0x9fc015c0        0x8
 *(.vector_30)
 .vector_30     0x9fc015c0        0x8 /home/john/MPLAB-X/XC32_Compiler/bin/bin/../../lib/gcc/pic32mx/4.8.3/../../../../pic32mx/lib/libpic32.a(vector30.o)
                0x9fc015c0                __vector_dispatch_30
                0x00000001                ASSERT (((_vector_spacing == 0x0) || (SIZEOF (.vector_30) <= (_vector_spacing << 0x5))), function at exception vector 30 too large)

.vector_31      0x9fc015e0        0x8
 *(.vector_31)
 .vector_31     0x9fc015e0        0x8 /home/john/MPLAB-X/XC32_Compiler/bin/bin/../../lib/gcc/pic32mx/4.8.3/../../../../pic32mx/lib/libpic32.a(vector31.o)
                0x9fc015e0                __vector_dispatch_31
                0x00000001                ASSERT (((_vector_spacing == 0x0) || (SIZEOF (.vector_31) <= (_vector_spacing << 0x5))), function at exception vector 31 too large)

.vector_32      0x9fc01600        0x8
 *(.vector_32)
 .vector_32     0x9fc01600        0x8 /home/john/MPLAB-X/XC32_Compiler/bin/bin/../../lib/gcc/pic32mx/4.8.3/../../../../pic32mx/lib/libpic32.a(vector32.o)
                0x9fc01600                __vector_dispatch_32
                0x00000001                ASSERT (((_vector_spacing == 0x0) || (SIZEOF (.vector_32) <= (_vector_spacing << 0x5))), function at exception vector 32 too large)

.vector_33      0x9fc01620        0x8
 *(.vector_33)
 .vector_33     0x9fc01620        0x8 /home/john/MPLAB-X/XC32_Compiler/bin/bin/../../lib/gcc/pic32mx/4.8.3/../../../../pic32mx/lib/libpic32.a(vector33.o)
                0x9fc01620                __vector_dispatch_33
                0x00000001                ASSERT (((_vector_spacing == 0x0) || (SIZEOF (.vector_33) <= (_vector_spacing << 0x5))), function at exception vector 33 too large)

.vector_34      0x9fc01640        0x8
 *(.vector_34)
 .vector_34     0x9fc01640        0x8 /home/john/MPLAB-X/XC32_Compiler/bin/bin/../../lib/gcc/pic32mx/4.8.3/../../../../pic32mx/lib/libpic32.a(vector34.o)
                0x9fc01640                __vector_dispatch_34
                0x00000001                ASSERT (((_vector_spacing == 0x0) || (SIZEOF (.vector_34) <= (_vector_spacing << 0x5))), function at exception vector 34 too large)

.vector_35      0x9fc01660        0x8
 *(.vector_35)
 .vector_35     0x9fc01660        0x8 /home/john/MPLAB-X/XC32_Compiler/bin/bin/../../lib/gcc/pic32mx/4.8.3/../../../../pic32mx/lib/libpic32.a(vector35.o)
                0x9fc01660                __vector_dispatch_35
                0x00000001                ASSERT (((_vector_spacing == 0x0) || (SIZEOF (.vector_35) <= (_vector_spacing << 0x5))), function at exception vector 35 too large)

.vector_36      0x9fc01680        0x8
 *(.vector_36)
 .vector_36     0x9fc01680        0x8 /home/john/MPLAB-X/XC32_Compiler/bin/bin/../../lib/gcc/pic32mx/4.8.3/../../../../pic32mx/lib/libpic32.a(vector36.o)
                0x9fc01680                __vector_dispatch_36
                0x00000001                ASSERT (((_vector_spacing == 0x0) || (SIZEOF (.vector_36) <= (_vector_spacing << 0x5))), function at exception vector 36 too large)

.vector_37      0x9fc016a0        0x8
 *(.vector_37)
 .vector_37     0x9fc016a0        0x8 /home/john/MPLAB-X/XC32_Compiler/bin/bin/../../lib/gcc/pic32mx/4.8.3/../../../../pic32mx/lib/libpic32.a(vector37.o)
                0x9fc016a0                __vector_dispatch_37
                0x00000001                ASSERT (((_vector_spacing == 0x0) || (SIZEOF (.vector_37) <= (_vector_spacing << 0x5))), function at exception vector 37 too large)

.vector_38      0x9fc016c0        0x8
 *(.vector_38)
 .vector_38     0x9fc016c0        0x8 /home/john/MPLAB-X/XC32_Compiler/bin/bin/../../lib/gcc/pic32mx/4.8.3/../../../../pic32mx/lib/libpic32.a(vector38.o)
                0x9fc016c0                __vector_dispatch_38
                0x00000001                ASSERT (((_vector_spacing == 0x0) || (SIZEOF (.vector_38) <= (_vector_spacing << 0x5))), function at exception vector 38 too large)

.vector_39      0x9fc016e0        0x8
 *(.vector_39)
 .vector_39     0x9fc016e0        0x8 /home/john/MPLAB-X/XC32_Compiler/bin/bin/../../lib/gcc/pic32mx/4.8.3/../../../../pic32mx/lib/libpic32.a(vector39.o)
                0x9fc016e0                __vector_dispatch_39
                0x00000001                ASSERT (((_vector_spacing == 0x0) || (SIZEOF (.vector_39) <= (_vector_spacing << 0x5))), function at exception vector 39 too large)

.vector_40      0x9fc01700        0x8
 *(.vector_40)
 .vector_40     0x9fc01700        0x8 /home/john/MPLAB-X/XC32_Compiler/bin/bin/../../lib/gcc/pic32mx/4.8.3/../../../../pic32mx/lib/libpic32.a(vector40.o)
                0x9fc01700                __vector_dispatch_40
                0x00000001                ASSERT (((_vector_spacing == 0x0) || (SIZEOF (.vector_40) <= (_vector_spacing << 0x5))), function at exception vector 40 too large)

.vector_41      0x9fc01720        0x8
 *(.vector_41)
 .vector_41     0x9fc01720        0x8 /home/john/MPLAB-X/XC32_Compiler/bin/bin/../../lib/gcc/pic32mx/4.8.3/../../../../pic32mx/lib/libpic32.a(vector41.o)
                0x9fc01720                __vector_dispatch_41
                0x00000001                ASSERT (((_vector_spacing == 0x0) || (SIZEOF (.vector_41) <= (_vector_spacing << 0x5))), function at exception vector 41 too large)

.vector_42      0x9fc01740        0x8
 *(.vector_42)
 .vector_42     0x9fc01740        0x8 /home/john/MPLAB-X/XC32_Compiler/bin/bin/../../lib/gcc/pic32mx/4.8.3/../../../../pic32mx/lib/libpic32.a(vector42.o)
                0x9fc01740                __vector_dispatch_42
                0x00000001                ASSERT (((_vector_spacing == 0x0) || (SIZEOF (.vector_42) <= (_vector_spacing << 0x5))), function at exception vector 42 too large)

.vector_43      0x9fc01760        0x8
 *(.vector_43)
 .vector_43     0x9fc01760        0x8 /home/john/MPLAB-X/XC32_Compiler/bin/bin/../../lib/gcc/pic32mx/4.8.3/../../../../pic32mx/lib/libpic32.a(vector43.o)
                0x9fc01760                __vector_dispatch_43
                0x00000001                ASSERT (((_vector_spacing == 0x0) || (SIZEOF (.vector_43) <= (_vector_spacing << 0x5))), function at exception vector 43 too large)

.vector_44      0x9fc01780        0x8
 *(.vector_44)
 .vector_44     0x9fc01780        0x8 /home/john/MPLAB-X/XC32_Compiler/bin/bin/../../lib/gcc/pic32mx/4.8.3/../../../../pic32mx/lib/libpic32.a(vector44.o)
                0x9fc01780                __vector_dispatch_44
                0x00000001                ASSERT (((_vector_spacing == 0x0) || (SIZEOF (.vector_44) <= (_vector_spacing << 0x5))), function at exception vector 44 too large)

.vector_45      0x9fc017a0        0x8
 *(.vector_45)
 .vector_45     0x9fc017a0        0x8 /home/john/MPLAB-X/XC32_Compiler/bin/bin/../../lib/gcc/pic32mx/4.8.3/../../../../pic32mx/lib/libpic32.a(vector45.o)
                0x9fc017a0                __vector_dispatch_45
                0x00000001                ASSERT (((_vector_spacing == 0x0) || (SIZEOF (.vector_45) <= (_vector_spacing << 0x5))), function at exception vector 45 too large)

.vector_46      0x9fc017c0        0x8
 *(.vector_46)
 .vector_46     0x9fc017c0        0x8 /home/john/MPLAB-X/XC32_Compiler/bin/bin/../../lib/gcc/pic32mx/4.8.3/../../../../pic32mx/lib/libpic32.a(vector46.o)
                0x9fc017c0                __vector_dispatch_46
                0x00000001                ASSERT (((_vector_spacing == 0x0) || (SIZEOF (.vector_46) <= (_vector_spacing << 0x5))), function at exception vector 46 too large)

.vector_47      0x9fc017e0        0x8
 *(.vector_47)
 .vector_47     0x9fc017e0        0x8 /home/john/MPLAB-X/XC32_Compiler/bin/bin/../../lib/gcc/pic32mx/4.8.3/../../../../pic32mx/lib/libpic32.a(vector47.o)
                0x9fc017e0                __vector_dispatch_47
                0x00000001                ASSERT (((_vector_spacing == 0x0) || (SIZEOF (.vector_47) <= (_vector_spacing << 0x5))), function at exception vector 47 too large)

.vector_48      0x9fc01800        0x8
 *(.vector_48)
 .vector_48     0x9fc01800        0x8 /home/john/MPLAB-X/XC32_Compiler/bin/bin/../../lib/gcc/pic32mx/4.8.3/../../../../pic32mx/lib/libpic32.a(vector48.o)
                0x9fc01800                __vector_dispatch_48
                0x00000001                ASSERT (((_vector_spacing == 0x0) || (SIZEOF (.vector_48) <= (_vector_spacing << 0x5))), function at exception vector 48 too large)

.vector_49      0x9fc01820        0x8
 *(.vector_49)
 .vector_49     0x9fc01820        0x8 /home/john/MPLAB-X/XC32_Compiler/bin/bin/../../lib/gcc/pic32mx/4.8.3/../../../../pic32mx/lib/libpic32.a(vector49.o)
                0x9fc01820                __vector_dispatch_49
                0x00000001                ASSERT (((_vector_spacing == 0x0) || (SIZEOF (.vector_49) <= (_vector_spacing << 0x5))), function at exception vector 49 too large)

.vector_50      0x9fc01840        0x8
 *(.vector_50)
 .vector_50     0x9fc01840        0x8 /home/john/MPLAB-X/XC32_Compiler/bin/bin/../../lib/gcc/pic32mx/4.8.3/../../../../pic32mx/lib/libpic32.a(vector50.o)
                0x9fc01840                __vector_dispatch_50
                0x00000001                ASSERT (((_vector_spacing == 0x0) || (SIZEOF (.vector_50) <= (_vector_spacing << 0x5))), function at exception vector 50 too large)

.vector_51      0x9fc01860        0x8
 *(.vector_51)
 .vector_51     0x9fc01860        0x8 /home/john/MPLAB-X/XC32_Compiler/bin/bin/../../lib/gcc/pic32mx/4.8.3/../../../../pic32mx/lib/libpic32.a(vector51.o)
                0x9fc01860                __vector_dispatch_51
                0x00000001                ASSERT (((_vector_spacing == 0x0) || (SIZEOF (.vector_51) <= (_vector_spacing << 0x5))), function at exception vector 51 too large)

.vector_52      0x9fc01880        0x0
 *(.vector_52)
                0x00000001                ASSERT (((_vector_spacing == 0x0) || (SIZEOF (.vector_52) <= (_vector_spacing << 0x5))), function at exception vector 52 too large)

.vector_53      0x9fc018a0        0x0
 *(.vector_53)
                0x00000001                ASSERT (((_vector_spacing == 0x0) || (SIZEOF (.vector_53) <= (_vector_spacing << 0x5))), function at exception vector 53 too large)

.vector_54      0x9fc018c0        0x0
 *(.vector_54)
                0x00000001                ASSERT (((_vector_spacing == 0x0) || (SIZEOF (.vector_54) <= (_vector_spacing << 0x5))), function at exception vector 54 too large)

.vector_55      0x9fc018e0        0x0
 *(.vector_55)
                0x00000001                ASSERT (((_vector_spacing == 0x0) || (SIZEOF (.vector_55) <= (_vector_spacing << 0x5))), function at exception vector 55 too large)

.vector_56      0x9fc01900        0x0
 *(.vector_56)
                0x00000001                ASSERT (((_vector_spacing == 0x0) || (SIZEOF (.vector_56) <= (_vector_spacing << 0x5))), function at exception vector 56 too large)

.vector_57      0x9fc01920        0x0
 *(.vector_57)
                0x00000001                ASSERT (((_vector_spacing == 0x0) || (SIZEOF (.vector_57) <= (_vector_spacing << 0x5))), function at exception vector 57 too large)

.vector_58      0x9fc01940        0x0
 *(.vector_58)
                0x00000001                ASSERT (((_vector_spacing == 0x0) || (SIZEOF (.vector_58) <= (_vector_spacing << 0x5))), function at exception vector 58 too large)

.vector_59      0x9fc01960        0x0
 *(.vector_59)
                0x00000001                ASSERT (((_vector_spacing == 0x0) || (SIZEOF (.vector_59) <= (_vector_spacing << 0x5))), function at exception vector 59 too large)

.vector_60      0x9fc01980        0x0
 *(.vector_60)
                0x00000001                ASSERT (((_vector_spacing == 0x0) || (SIZEOF (.vector_60) <= (_vector_spacing << 0x5))), function at exception vector 60 too large)

.vector_61      0x9fc019a0        0x0
 *(.vector_61)
                0x00000001                ASSERT (((_vector_spacing == 0x0) || (SIZEOF (.vector_61) <= (_vector_spacing << 0x5))), function at exception vector 61 too large)

.vector_62      0x9fc019c0        0x0
 *(.vector_62)
                0x00000001                ASSERT (((_vector_spacing == 0x0) || (SIZEOF (.vector_62) <= (_vector_spacing << 0x5))), function at exception vector 62 too large)

.vector_63      0x9fc019e0        0x0
 *(.vector_63)
                0x00000001                ASSERT (((_vector_spacing == 0x0) || (SIZEOF (.vector_63) <= (_vector_spacing << 0x5))), function at exception vector 63 too large)

.startup
 *(.startup)

.text           0x9d000000        0x0
 *(.stub .gnu.linkonce.t.*)
 *(.text.*personality*)
 *(.mips16.fn.*)
 *(.mips16.call.*)
 *(.gnu.warning)
                0x9d000000                . = ALIGN (0x4)

.init           0x9d000000        0x0
 *crti.o(.init)
 *crtbegin.o(.init)
 *(EXCLUDE_FILE(*crtn.o *crtend?.o *crtend.o) .init)
 *crtend.o(.init)
 *crtn.o(.init)
                0x9d000000                . = ALIGN (0x4)

.fini           0x9d000000        0x0
 *(.fini)
                0x9d000000                . = ALIGN (0x4)

.preinit_array  0x9d000000        0x0
                0x9d000000                PROVIDE (__preinit_array_start, .)
 *(.preinit_array)
                0x9d000000                PROVIDE (__preinit_array_end, .)
                0x9d000000                . = ALIGN (0x4)

.init_array     0x9d000000        0x0
                0x9d000000                PROVIDE (__init_array_start, .)
 *(SORT(.init_array.*))
 *(.init_array)
                0x9d000000                PROVIDE (__init_array_end, .)
                0x9d000000                . = ALIGN (0x4)

.fini_array     0x9d000000        0x0
                0x9d000000                PROVIDE (__fini_array_start, .)
 *(SORT(.fini_array.*))
 *(.fini_array)
                0x9d000000                PROVIDE (__fini_array_end, .)
                0x9d000000                . = ALIGN (0x4)

.ctors          0x9d000000        0x0
 *crtbegin.o(.ctors)
 *crtbegin?.o(.ctors)
 *(EXCLUDE_FILE(*crtend?.o *crtend.o) .ctors)
 *(SORT(.ctors.*))
 *(.ctors)
                0x9d000000                . = ALIGN (0x4)

.dtors          0x9d000000        0x0
 *crtbegin.o(.dtors)
 *crtbegin?.o(.dtors)
 *(EXCLUDE_FILE(*crtend?.o *crtend.o) .dtors)
 *(SORT(.dtors.*))
 *(.dtors)
                0x9d000000                . = ALIGN (0x4)

.rodata         0x9d000000        0x0
 *(.gnu.linkonce.r.*)
 *(.rodata1)
                0x9d000000                . = ALIGN (0x4)

.sdata2         0x9fc00490        0x0
 *(.sdata2 .sdata2.* .gnu.linkonce.s2.*)
                0x9fc00490                . = ALIGN (0x4)

.sbss2          0x9fc00490        0x0
 *(.sbss2 .sbss2.* .gnu.linkonce.sb2.*)
                0x9fc00490                . = ALIGN (0x4)

.eh_frame_hdr
 *(.eh_frame_hdr)
                0x9fc00490                . = ALIGN (0x4)

.eh_frame
 *(.eh_frame)
                0x9fc00490                . = ALIGN (0x4)

.gcc_except_table
 *(.gcc_except_table .gcc_except_table.*)
                0x9fc00490                . = ALIGN (0x4)

.dbg_data       0xa0000000      0x200
                0xa0000000                . = (. + DEFINED (_DEBUGGER)?0x200:0x0)
 *fill*         0xa0000000      0x200 

.jcr            0xa0000200        0x0
 *(.jcr)
                0xa0000200                . = ALIGN (0x4)

.eh_frame
 *(.eh_frame)
                0xa0000200                . = ALIGN (0x4)

.gcc_except_table
 *(.gcc_except_table .gcc_except_table.*)
                0xa0000200                . = ALIGN (0x4)

.persist        0xa0000200        0x0
                0xa0000200                _persist_begin = .
 *(.persist .persist.*)
 *(.pbss .pbss.*)
                0xa0000200                . = ALIGN (0x4)
                0xa0000200                _persist_end = .

.data           0xa0000200        0x0
 *(.gnu.linkonce.d.*)
 *(.data1)
                0xa0000200                . = ALIGN (0x4)
                0xa0000200                . = .
                0xa00081f0                _gp = (ALIGN (0x10) + 0x7ff0)

.got            0xa0000200        0x0
 *(.got.plt)
 *(.got)
                0xa0000200                . = ALIGN (0x4)

.sdata          0xa0000200       0x14
                0xa0000200                _sdata_begin = .
 *(.sdata .sdata.* .gnu.linkonce.s.*)
 .sdata         0xa0000200        0x4 build/default/debug/_ext/1338673686/port.o
                0xa0000200                uxInterruptNesting
 .sdata         0xa0000204        0xc build/default/debug/_ext/1688732426/system_init.o
                0xa0000204                consAppIOInit0
                0xa000020c                sysConsoleObjects
 .sdata         0xa0000210        0x4 /home/john/MPLAB-X/XC32_Compiler/bin/bin/../../lib/gcc/pic32mx/4.8.3/../../../../pic32mx/lib/libpic32.a(xc32_uart.o)
                0xa0000210                __XC_UART
                0xa0000214                . = ALIGN (0x4)
                0xa0000214                _sdata_end = .

.lit8
 *(.lit8)

.lit4
 *(.lit4)
                0xa0000214                . = ALIGN (0x4)
                0xa0000214                _data_end = .
                0xa0000214                _bss_begin = .

.sbss           0xa0000214       0x78
                0xa0000214                _sbss_begin = .
 *(.dynsbss)
 *(.sbss .sbss.* .gnu.linkonce.sb.*)
 .sbss          0xa0000214       0x30 build/default/debug/_ext/1458882252/tasks.o
                0xa0000214                uxSchedulerSuspended
                0xa0000218                xNextTaskUnblockTime
                0xa000021c                uxTaskNumber
                0xa0000220                xNumOfOverflows
                0xa0000224                xYieldPending
                0xa0000228                uxPendedTicks
                0xa000022c                xSchedulerRunning
                0xa0000230                uxTopReadyPriority
                0xa0000234                xTickCount
                0xa0000238                uxCurrentNumberOfTasks
                0xa000023c                uxTasksDeleted
                0xa0000240                pxCurrentTCB
 .sbss          0xa0000244       0x10 build/default/debug/_ext/1458882252/timers.o
 .sbss          0xa0000254        0x8 build/default/debug/_ext/628943767/heap_1.o
 .sbss          0xa000025c        0x4 build/default/debug/_ext/1338673686/port.o
                0xa000025c                uxSavedTaskStackPointer
 .sbss          0xa0000260        0xc build/default/debug/_ext/1688732426/system_exceptions.o
 .sbss.APPIO_DEBUG
                0xa000026c        0xc /home/john/MPLAB-X/XC32_Compiler/bin/bin/../../lib/gcc/pic32mx/4.8.3/../../../../pic32mx/lib/libdebug.a(appio.o)
 *(.scommon)
 .scommon       0xa0000278        0x4 build/default/debug/_ext/1952159421/sys_debug.o
                0xa0000278                gblErrLvl
 .scommon       0xa000027c        0x8 build/default/debug/_ext/1921105363/sys_devcon.o
                0xa000027c                sysDevconObj
 .scommon       0xa0000284        0x8 build/default/debug/_ext/1458882252/tasks.o
                0xa0000284                pxDelayedTaskList
                0xa0000288                pxOverflowDelayedTaskList
                0xa000028c                _sbss_end = .
                0xa000028c                . = ALIGN (0x4)

.bss            0xa000028c      0x1b0
 *(.dynbss)
 *(COMMON)
 COMMON         0xa000028c       0x10 build/default/debug/_ext/1360937237/app.o
                0xa000028c                appData
 COMMON         0xa000029c       0xb8 build/default/debug/_ext/382300584/drv_usart.o
                0xa000029c                gDrvUSARTCommonDataObj
                0xa00002a8                gDrvUSARTClientObj
                0xa00002f4                gDrvUSARTObj
 COMMON         0xa0000354       0x10 build/default/debug/_ext/1952159421/sys_debug.o
                0xa0000354                sysDebugInstance
 COMMON         0xa0000364       0xc8 build/default/debug/_ext/1458882252/tasks.o
                0xa0000364                pxReadyTasksLists
                0xa00003c8                xPendingReadyList
                0xa00003dc                xTasksWaitingTermination
                0xa00003f0                xSuspendedTaskList
                0xa0000404                xDelayedTaskList2
                0xa0000418                xDelayedTaskList1
 COMMON         0xa000042c       0x10 build/default/debug/_ext/1688732426/system_init.o
                0xa000042c                sysObj
                0xa000043c                . = ALIGN ((. != 0x0)?0x4:0x1)
                0xa000043c                . = ALIGN (0x4)
                0xa000043c                _end = .
                0xa000043c                _bss_end = .
                0x00020000                _bmxdudba_address = 0x20000
                0x00020000                _bmxdupba_address = 0x20000

/DISCARD/
 *(.pdr)
 *(.rel.dyn)
 *(.note.GNU-stack)
 *(.note.GNU-stack)
 *(.gnu_debuglink)
 *(.gnu.lto_*)
 *(.discard)

.gptab.sdata
 *(.gptab.data)
 *(.gptab.sdata)

.gptab.sbss
 *(.gptab.bss)
 *(.gptab.sbss)

.mdebug.abi32   0xa000043c        0x0
 *(.mdebug.abi32)
 .mdebug.abi32  0xa000043c        0x0 /home/john/MPLAB-X/XC32_Compiler/bin/bin/../../lib/gcc/pic32mx/4.8.3/../../../../pic32mx/lib/software-debug-break.o
 .mdebug.abi32  0xa000043c        0x0 build/default/debug/_ext/1360937237/app_public.o
 .mdebug.abi32  0xa000043c        0x0 build/default/debug/_ext/1360937237/app.o
 .mdebug.abi32  0xa000043c        0x0 build/default/debug/_ext/1360937237/main.o
 .mdebug.abi32  0xa000043c        0x0 build/default/debug/_ext/382300584/drv_usart.o
 .mdebug.abi32  0xa000043c        0x0 build/default/debug/_ext/382300584/drv_usart_byte_model.o
 .mdebug.abi32  0xa000043c        0x0 build/default/debug/_ext/1964585049/osal_freertos.o
 .mdebug.abi32  0xa000043c        0x0 build/default/debug/_ext/207392127/sys_console.o
 .mdebug.abi32  0xa000043c        0x0 build/default/debug/_ext/207392127/sys_console_appio.o
 .mdebug.abi32  0xa000043c        0x0 build/default/debug/_ext/1952159421/sys_debug.o
 .mdebug.abi32  0xa000043c        0x0 build/default/debug/_ext/1921105363/sys_devcon.o
 .mdebug.abi32  0xa000043c        0x0 build/default/debug/_ext/1921105363/sys_devcon_pic32mx.o
 .mdebug.abi32  0xa000043c        0x0 build/default/debug/_ext/993332121/sys_int_pic32.o
 .mdebug.abi32  0xa000043c        0x0 build/default/debug/_ext/1458882252/croutine.o
 .mdebug.abi32  0xa000043c        0x0 build/default/debug/_ext/1458882252/list.o
 .mdebug.abi32  0xa000043c        0x0 build/default/debug/_ext/1458882252/queue.o
 .mdebug.abi32  0xa000043c        0x0 build/default/debug/_ext/1458882252/tasks.o
 .mdebug.abi32  0xa000043c        0x0 build/default/debug/_ext/1458882252/timers.o
 .mdebug.abi32  0xa000043c        0x0 build/default/debug/_ext/1458882252/event_groups.o
 .mdebug.abi32  0xa000043c        0x0 build/default/debug/_ext/628943767/heap_1.o
 .mdebug.abi32  0xa000043c        0x0 build/default/debug/_ext/1338673686/port.o
 .mdebug.abi32  0xa000043c        0x0 build/default/debug/_ext/639803181/sys_clk_static.o
 .mdebug.abi32  0xa000043c        0x0 build/default/debug/_ext/822048611/sys_ports_static.o
 .mdebug.abi32  0xa000043c        0x0 build/default/debug/_ext/1688732426/system_init.o
 .mdebug.abi32  0xa000043c        0x0 build/default/debug/_ext/1688732426/system_interrupt.o
 .mdebug.abi32  0xa000043c        0x0 build/default/debug/_ext/1688732426/system_exceptions.o
 .mdebug.abi32  0xa000043c        0x0 build/default/debug/_ext/1688732426/system_tasks.o
 .mdebug.abi32  0xa000043c        0x0 build/default/debug/_ext/1688732426/rtos_hooks.o
 .mdebug.abi32  0xa000043c        0x0 /home/john/MPLAB-X/XC32_Compiler/bin/bin/../../lib/gcc/pic32mx/4.8.3/../../../../pic32mx/lib/libpic32.a(default-bootstrap-exception-handler.o)
 .mdebug.abi32  0xa000043c        0x0 /home/john/MPLAB-X/XC32_Compiler/bin/bin/../../lib/gcc/pic32mx/4.8.3/../../../../pic32mx/lib/libpic32.a(default-on-reset.o)
 .mdebug.abi32  0xa000043c        0x0 /home/john/MPLAB-X/XC32_Compiler/bin/bin/../../lib/gcc/pic32mx/4.8.3/../../../../pic32mx/lib/libpic32.a(default-on-bootstrap.o)
 .mdebug.abi32  0xa000043c        0x0 /home/john/MPLAB-X/XC32_Compiler/bin/bin/../../lib/gcc/pic32mx/4.8.3/../../../../pic32mx/lib/libpic32.a(defaultinterrupt.o)
 .mdebug.abi32  0xa000043c        0x0 /home/john/MPLAB-X/XC32_Compiler/bin/bin/../../lib/gcc/pic32mx/4.8.3/../../../../pic32mx/lib/libdebug.a(appio.o)
 .mdebug.abi32  0xa000043c        0x0 /home/john/MPLAB-X/XC32_Compiler/bin/bin/../../lib/gcc/pic32mx/4.8.3/../../../../pic32mx/lib/libpic32.a(xc32_uart.o)
 .mdebug.abi32  0xa000043c        0x0 /home/john/MPLAB-X/XC32_Compiler/bin/bin/../../lib/gcc/pic32mx/4.8.3/../../../../pic32mx/lib/libc.a(_iob.o)
 .mdebug.abi32  0xa000043c        0x0 /home/john/MPLAB-X/XC32_Compiler/bin/bin/../../lib/gcc/pic32mx/4.8.3/../../../../pic32mx/lib/libc.a(setbuf.o)
 .mdebug.abi32  0xa000043c        0x0 /home/john/MPLAB-X/XC32_Compiler/bin/bin/../../lib/gcc/pic32mx/4.8.3/../../../../pic32mx/lib/libc.a(printf_s.eo)
 .mdebug.abi32  0xa000043c        0x0 /home/john/MPLAB-X/XC32_Compiler/bin/bin/../../lib/gcc/pic32mx/4.8.3/../../../../pic32mx/lib/libc.a(scanf_s.eo)
 .mdebug.abi32  0xa000043c        0x0 /home/john/MPLAB-X/XC32_Compiler/bin/bin/../../lib/gcc/pic32mx/4.8.3/../../../../pic32mx/lib/libc.a(vsnprintf.o)
 .mdebug.abi32  0xa000043c        0x0 /home/john/MPLAB-X/XC32_Compiler/bin/bin/../../lib/gcc/pic32mx/4.8.3/../../../../pic32mx/lib/libc.a(buf.o)
 .mdebug.abi32  0xa000043c        0x0 /home/john/MPLAB-X/XC32_Compiler/bin/bin/../../lib/gcc/pic32mx/4.8.3/../../../../pic32mx/lib/libc.a(errno.o)
 .mdebug.abi32  0xa000043c        0x0 /home/john/MPLAB-X/XC32_Compiler/bin/bin/../../lib/gcc/pic32mx/4.8.3/../../../../pic32mx/lib/libc.a(doprnt_s.eo)
 .mdebug.abi32  0xa000043c        0x0 /home/john/MPLAB-X/XC32_Compiler/bin/bin/../../lib/gcc/pic32mx/4.8.3/../../../../pic32mx/lib/libc.a(doprnt.o)
 .mdebug.abi32  0xa000043c        0x0 /home/john/MPLAB-X/XC32_Compiler/bin/bin/../../lib/gcc/pic32mx/4.8.3/../../../../pic32mx/lib/libc.a(doscan_s.eo)
 .mdebug.abi32  0xa000043c        0x0 /home/john/MPLAB-X/XC32_Compiler/bin/bin/../../lib/gcc/pic32mx/4.8.3/../../../../pic32mx/lib/libc.a(fgetc.o)
 .mdebug.abi32  0xa000043c        0x0 /home/john/MPLAB-X/XC32_Compiler/bin/bin/../../lib/gcc/pic32mx/4.8.3/../../../../pic32mx/lib/libc.a(_fputc_simple.o)
 .mdebug.abi32  0xa000043c        0x0 /home/john/MPLAB-X/XC32_Compiler/bin/bin/../../lib/gcc/pic32mx/4.8.3/../../../../pic32mx/lib/libc.a(atoi.o)
 .mdebug.abi32  0xa000043c        0x0 /home/john/MPLAB-X/XC32_Compiler/bin/bin/../../lib/gcc/pic32mx/4.8.3/../../../../pic32mx/lib/libc.a(ctype.o)
 .mdebug.abi32  0xa000043c        0x0 /home/john/MPLAB-X/XC32_Compiler/bin/bin/../../lib/gcc/pic32mx/4.8.3/../../../../pic32mx/lib/libc.a(ctypef.o)
 .mdebug.abi32  0xa000043c        0x0 /home/john/MPLAB-X/XC32_Compiler/bin/bin/../../lib/gcc/pic32mx/4.8.3/../../../../pic32mx/lib/libc.a(powersf.o)
 .mdebug.abi32  0xa000043c        0x0 /home/john/MPLAB-X/XC32_Compiler/bin/bin/../../lib/gcc/pic32mx/4.8.3/../../../../pic32mx/lib/libc.a(ungetc.o)
 .mdebug.abi32  0xa000043c        0x0 /home/john/MPLAB-X/XC32_Compiler/bin/bin/../../lib/gcc/pic32mx/4.8.3/../../../../pic32mx/lib/libc.a(filbuf.o)
 .mdebug.abi32  0xa000043c        0x0 /home/john/MPLAB-X/XC32_Compiler/bin/bin/../../lib/gcc/pic32mx/4.8.3/../../../../pic32mx/lib/libc.a(_flsbuf_simple.o)
 .mdebug.abi32  0xa000043c        0x0 /home/john/MPLAB-X/XC32_Compiler/bin/bin/../../lib/gcc/pic32mx/4.8.3/../../../../pic32mx/lib/libc.a(fflush.o)
 .mdebug.abi32  0xa000043c        0x0 /home/john/MPLAB-X/XC32_Compiler/bin/bin/../../lib/gcc/pic32mx/4.8.3/../../../../pic32mx/lib/libpic32.a(sbrk.o)
 .mdebug.abi32  0xa000043c        0x0 /home/john/MPLAB-X/XC32_Compiler/bin/bin/../../lib/gcc/pic32mx/4.8.3/../../../../pic32mx/lib/libpic32.a(read.o)
 .mdebug.abi32  0xa000043c        0x0 /home/john/MPLAB-X/XC32_Compiler/bin/bin/../../lib/gcc/pic32mx/4.8.3/../../../../pic32mx/lib/libpic32.a(write.o)
 .mdebug.abi32  0xa000043c        0x0 /home/john/MPLAB-X/XC32_Compiler/bin/bin/../../lib/gcc/pic32mx/4.8.3/../../../../pic32mx/lib/libe.a(_floatdisf.o)
 .mdebug.abi32  0xa000043c        0x0 /home/john/MPLAB-X/XC32_Compiler/bin/bin/../../lib/gcc/pic32mx/4.8.3/libgcc.a(_udivdi3.o)
 .mdebug.abi32  0xa000043c        0x0 /home/john/MPLAB-X/XC32_Compiler/bin/bin/../../lib/gcc/pic32mx/4.8.3/libgcc.a(_umoddi3.o)
 .mdebug.abi32  0xa000043c        0x0 /home/john/MPLAB-X/XC32_Compiler/bin/bin/../../lib/gcc/pic32mx/4.8.3/libgcc.a(floatunsisf.o)

.mdebug.abiN32
 *(.mdebug.abiN32)

.mdebug.abi64
 *(.mdebug.abi64)

.mdebug.abiO64
 *(.mdebug.abiO64)

.mdebug.eabi32
 *(.mdebug.eabi32)

.mdebug.eabi64
 *(.mdebug.eabi64)

.gcc_compiled_long32
 *(.gcc_compiled_long32)

.gcc_compiled_long64
 *(.gcc_compiled_long64)

.stab
 *(.stab)

.stabstr
 *(.stabstr)

.stab.excl
 *(.stab.excl)

.stab.exclstr
 *(.stab.exclstr)

.stab.index
 *(.stab.index)

.stab.indexstr
 *(.stab.indexstr)

.comment        0x00000000      0x20c
 *(.comment)
 .comment       0x00000000       0x3c /home/john/MPLAB-X/XC32_Compiler/bin/bin/../../lib/gcc/pic32mx/4.8.3/../../../../pic32mx/lib/software-debug-break.o
                                 0x3d (size before relaxing)
 .comment       0x00000000       0x3d build/default/debug/_ext/1360937237/app_public.o
 .comment       0x00000000       0x3d build/default/debug/_ext/1360937237/app.o
 .comment       0x00000000       0x3d build/default/debug/_ext/1360937237/main.o
 .comment       0x00000000       0x3d build/default/debug/_ext/382300584/drv_usart.o
 .comment       0x00000000       0x3d build/default/debug/_ext/382300584/drv_usart_byte_model.o
 .comment       0x00000000       0x3d build/default/debug/_ext/1964585049/osal_freertos.o
 .comment       0x00000000       0x3d build/default/debug/_ext/207392127/sys_console.o
 .comment       0x00000000       0x3d build/default/debug/_ext/207392127/sys_console_appio.o
 .comment       0x00000000       0x3d build/default/debug/_ext/1952159421/sys_debug.o
 .comment       0x00000000       0x3d build/default/debug/_ext/1921105363/sys_devcon.o
 .comment       0x00000000       0x3d build/default/debug/_ext/1921105363/sys_devcon_pic32mx.o
 .comment       0x00000000       0x3d build/default/debug/_ext/993332121/sys_int_pic32.o
 .comment       0x00000000       0x3d build/default/debug/_ext/1458882252/croutine.o
 .comment       0x00000000       0x3d build/default/debug/_ext/1458882252/list.o
 .comment       0x00000000       0x3d build/default/debug/_ext/1458882252/queue.o
 .comment       0x00000000       0x3d build/default/debug/_ext/1458882252/tasks.o
 .comment       0x00000000       0x3d build/default/debug/_ext/1458882252/timers.o
 .comment       0x00000000       0x3d build/default/debug/_ext/1458882252/event_groups.o
 .comment       0x00000000       0x3d build/default/debug/_ext/628943767/heap_1.o
 .comment       0x00000000       0x3d build/default/debug/_ext/1338673686/port.o
 .comment       0x00000000       0x3d build/default/debug/_ext/639803181/sys_clk_static.o
 .comment       0x00000000       0x3d build/default/debug/_ext/822048611/sys_ports_static.o
 .comment       0x00000000       0x3d build/default/debug/_ext/1688732426/system_init.o
 .comment       0x00000000       0x3d build/default/debug/_ext/1688732426/system_interrupt.o
 .comment       0x00000000       0x3d build/default/debug/_ext/1688732426/system_exceptions.o
 .comment       0x00000000       0x3d build/default/debug/_ext/1688732426/system_tasks.o
 .comment       0x00000000       0x3d build/default/debug/_ext/1688732426/rtos_hooks.o
 .comment       0x0000003c       0x18 /home/john/MPLAB-X/XC32_Compiler/bin/bin/../../lib/gcc/pic32mx/4.8.3/../../../../pic32mx/lib/libpic32.a(memset.o)
                                 0x19 (size before relaxing)
 .comment       0x00000054       0x19 /home/john/MPLAB-X/XC32_Compiler/bin/bin/../../lib/gcc/pic32mx/4.8.3/../../../../pic32mx/lib/libpic32.a(strcpy.o)
                                 0x1a (size before relaxing)
 .comment       0x0000006d       0x19 /home/john/MPLAB-X/XC32_Compiler/bin/bin/../../lib/gcc/pic32mx/4.8.3/../../../../pic32mx/lib/libpic32.a(strlen.o)
                                 0x1a (size before relaxing)
 .comment       0x00000000       0x3d /home/john/MPLAB-X/XC32_Compiler/bin/bin/../../lib/gcc/pic32mx/4.8.3/../../../../pic32mx/lib/libpic32.a(default-bootstrap-exception-handler.o)
 .comment       0x00000000       0x3d /home/john/MPLAB-X/XC32_Compiler/bin/bin/../../lib/gcc/pic32mx/4.8.3/../../../../pic32mx/lib/libpic32.a(default-on-reset.o)
 .comment       0x00000000       0x3d /home/john/MPLAB-X/XC32_Compiler/bin/bin/../../lib/gcc/pic32mx/4.8.3/../../../../pic32mx/lib/libpic32.a(default-on-bootstrap.o)
 .comment       0x00000000       0x3d /home/john/MPLAB-X/XC32_Compiler/bin/bin/../../lib/gcc/pic32mx/4.8.3/../../../../pic32mx/lib/libpic32.a(defaultinterrupt.o)
 .comment       0x00000000       0x3d /home/john/MPLAB-X/XC32_Compiler/bin/bin/../../lib/gcc/pic32mx/4.8.3/../../../../pic32mx/lib/libdebug.a(appio.o)
 .comment       0x00000000       0x3d /home/john/MPLAB-X/XC32_Compiler/bin/bin/../../lib/gcc/pic32mx/4.8.3/../../../../pic32mx/lib/libpic32.a(xc32_uart.o)
 .comment       0x00000000       0x3d /home/john/MPLAB-X/XC32_Compiler/bin/bin/../../lib/gcc/pic32mx/4.8.3/../../../../pic32mx/lib/libc.a(_iob.o)
 .comment       0x00000000       0x3d /home/john/MPLAB-X/XC32_Compiler/bin/bin/../../lib/gcc/pic32mx/4.8.3/../../../../pic32mx/lib/libc.a(setbuf.o)
 .comment       0x00000000       0x3d /home/john/MPLAB-X/XC32_Compiler/bin/bin/../../lib/gcc/pic32mx/4.8.3/../../../../pic32mx/lib/libc.a(printf_s.eo)
 .comment       0x00000000       0x3d /home/john/MPLAB-X/XC32_Compiler/bin/bin/../../lib/gcc/pic32mx/4.8.3/../../../../pic32mx/lib/libc.a(scanf_s.eo)
 .comment       0x00000000       0x3d /home/john/MPLAB-X/XC32_Compiler/bin/bin/../../lib/gcc/pic32mx/4.8.3/../../../../pic32mx/lib/libc.a(vsnprintf.o)
 .comment       0x00000000       0x3d /home/john/MPLAB-X/XC32_Compiler/bin/bin/../../lib/gcc/pic32mx/4.8.3/../../../../pic32mx/lib/libc.a(buf.o)
 .comment       0x00000000       0x3d /home/john/MPLAB-X/XC32_Compiler/bin/bin/../../lib/gcc/pic32mx/4.8.3/../../../../pic32mx/lib/libc.a(errno.o)
 .comment       0x00000000       0x3d /home/john/MPLAB-X/XC32_Compiler/bin/bin/../../lib/gcc/pic32mx/4.8.3/../../../../pic32mx/lib/libc.a(doprnt_s.eo)
 .comment       0x00000000       0x3d /home/john/MPLAB-X/XC32_Compiler/bin/bin/../../lib/gcc/pic32mx/4.8.3/../../../../pic32mx/lib/libc.a(doprnt.o)
 .comment       0x00000000       0x3d /home/john/MPLAB-X/XC32_Compiler/bin/bin/../../lib/gcc/pic32mx/4.8.3/../../../../pic32mx/lib/libc.a(doscan_s.eo)
 .comment       0x00000000       0x3d /home/john/MPLAB-X/XC32_Compiler/bin/bin/../../lib/gcc/pic32mx/4.8.3/../../../../pic32mx/lib/libc.a(fgetc.o)
 .comment       0x00000000       0x3d /home/john/MPLAB-X/XC32_Compiler/bin/bin/../../lib/gcc/pic32mx/4.8.3/../../../../pic32mx/lib/libc.a(_fputc_simple.o)
 .comment       0x00000000       0x3d /home/john/MPLAB-X/XC32_Compiler/bin/bin/../../lib/gcc/pic32mx/4.8.3/../../../../pic32mx/lib/libc.a(atoi.o)
 .comment       0x00000086       0x4e /home/john/MPLAB-X/XC32_Compiler/bin/bin/../../lib/gcc/pic32mx/4.8.3/../../../../pic32mx/lib/libc.a(ctype.o)
                                 0x8b (size before relaxing)
 .comment       0x000000d4       0x4f /home/john/MPLAB-X/XC32_Compiler/bin/bin/../../lib/gcc/pic32mx/4.8.3/../../../../pic32mx/lib/libc.a(ctypef.o)
                                 0x8c (size before relaxing)
 .comment       0x00000000       0x3d /home/john/MPLAB-X/XC32_Compiler/bin/bin/../../lib/gcc/pic32mx/4.8.3/../../../../pic32mx/lib/libc.a(powersf.o)
 .comment       0x00000000       0x3d /home/john/MPLAB-X/XC32_Compiler/bin/bin/../../lib/gcc/pic32mx/4.8.3/../../../../pic32mx/lib/libc.a(ungetc.o)
 .comment       0x00000000       0x3d /home/john/MPLAB-X/XC32_Compiler/bin/bin/../../lib/gcc/pic32mx/4.8.3/../../../../pic32mx/lib/libc.a(filbuf.o)
 .comment       0x00000000       0x3d /home/john/MPLAB-X/XC32_Compiler/bin/bin/../../lib/gcc/pic32mx/4.8.3/../../../../pic32mx/lib/libc.a(_flsbuf_simple.o)
 .comment       0x00000000       0x3d /home/john/MPLAB-X/XC32_Compiler/bin/bin/../../lib/gcc/pic32mx/4.8.3/../../../../pic32mx/lib/libc.a(fflush.o)
 .comment       0x00000123       0x4b /home/john/MPLAB-X/XC32_Compiler/bin/bin/../../lib/gcc/pic32mx/4.8.3/../../../../pic32mx/lib/libpic32.a(sbrk.o)
                                 0x88 (size before relaxing)
 .comment       0x00000000       0x3d /home/john/MPLAB-X/XC32_Compiler/bin/bin/../../lib/gcc/pic32mx/4.8.3/../../../../pic32mx/lib/libpic32.a(read.o)
 .comment       0x00000000       0x3d /home/john/MPLAB-X/XC32_Compiler/bin/bin/../../lib/gcc/pic32mx/4.8.3/../../../../pic32mx/lib/libpic32.a(write.o)
 .comment       0x0000016e       0x9e /home/john/MPLAB-X/XC32_Compiler/bin/bin/../../lib/gcc/pic32mx/4.8.3/../../../../pic32mx/lib/libe.a(_floatdisf.o)
                                 0xdb (size before relaxing)
 .comment       0x00000000       0x3d /home/john/MPLAB-X/XC32_Compiler/bin/bin/../../lib/gcc/pic32mx/4.8.3/libgcc.a(_udivdi3.o)
 .comment       0x00000000       0x3d /home/john/MPLAB-X/XC32_Compiler/bin/bin/../../lib/gcc/pic32mx/4.8.3/libgcc.a(_umoddi3.o)
 .comment       0x00000000       0x3d /home/john/MPLAB-X/XC32_Compiler/bin/bin/../../lib/gcc/pic32mx/4.8.3/libgcc.a(floatunsisf.o)

.debug
 *(.debug)

.line
 *(.line)

.debug_srcinfo
 *(.debug_srcinfo)

.debug_sfnames
 *(.debug_sfnames)

.debug_aranges  0x00000000     0x1198
 *(.debug_aranges)
 .debug_aranges
                0x00000000       0x20 /home/john/MPLAB-X/XC32_Compiler/bin/bin/../../lib/gcc/pic32mx/4.8.3/../../../../pic32mx/lib/software-debug-break.o
 .debug_aranges
                0x00000020       0x40 build/default/debug/_ext/1360937237/app_public.o
 .debug_aranges
                0x00000060       0x48 build/default/debug/_ext/1360937237/app.o
 .debug_aranges
                0x000000a8       0x38 build/default/debug/_ext/1360937237/main.o
 .debug_aranges
                0x000000e0       0xf0 build/default/debug/_ext/382300584/drv_usart.o
 .debug_aranges
                0x000001d0       0x60 build/default/debug/_ext/382300584/drv_usart_byte_model.o
 .debug_aranges
                0x00000230       0xa0 build/default/debug/_ext/1964585049/osal_freertos.o
 .debug_aranges
                0x000002d0       0x60 build/default/debug/_ext/207392127/sys_console.o
 .debug_aranges
                0x00000330       0x70 build/default/debug/_ext/207392127/sys_console_appio.o
 .debug_aranges
                0x000003a0       0x78 build/default/debug/_ext/1952159421/sys_debug.o
 .debug_aranges
                0x00000418       0x90 build/default/debug/_ext/1921105363/sys_devcon.o
 .debug_aranges
                0x000004a8       0x38 build/default/debug/_ext/1921105363/sys_devcon_pic32mx.o
 .debug_aranges
                0x000004e0       0x60 build/default/debug/_ext/993332121/sys_int_pic32.o
 .debug_aranges
                0x00000540       0x30 build/default/debug/_ext/1458882252/croutine.o
 .debug_aranges
                0x00000570       0x58 build/default/debug/_ext/1458882252/list.o
 .debug_aranges
                0x000005c8       0xd0 build/default/debug/_ext/1458882252/queue.o
 .debug_aranges
                0x00000698      0x1c0 build/default/debug/_ext/1458882252/tasks.o
 .debug_aranges
                0x00000858       0x88 build/default/debug/_ext/1458882252/timers.o
 .debug_aranges
                0x000008e0       0x78 build/default/debug/_ext/1458882252/event_groups.o
 .debug_aranges
                0x00000958       0x50 build/default/debug/_ext/628943767/heap_1.o
 .debug_aranges
                0x000009a8       0x70 build/default/debug/_ext/1338673686/port.o
 .debug_aranges
                0x00000a18       0x20 build/default/debug/_ext/1338673686/port_asm.o
 .debug_aranges
                0x00000a38       0x68 build/default/debug/_ext/639803181/sys_clk_static.o
 .debug_aranges
                0x00000aa0      0x120 build/default/debug/_ext/822048611/sys_ports_static.o
 .debug_aranges
                0x00000bc0       0x38 build/default/debug/_ext/1688732426/system_init.o
 .debug_aranges
                0x00000bf8       0x38 build/default/debug/_ext/1688732426/system_interrupt.o
 .debug_aranges
                0x00000c30       0x38 build/default/debug/_ext/1688732426/system_exceptions.o
 .debug_aranges
                0x00000c68       0x48 build/default/debug/_ext/1688732426/system_tasks.o
 .debug_aranges
                0x00000cb0       0x28 build/default/debug/_ext/1688732426/system_interrupt_a.o
 .debug_aranges
                0x00000cd8       0x40 build/default/debug/_ext/1688732426/rtos_hooks.o
 .debug_aranges
                0x00000d18       0x20 /home/john/MPLAB-X/XC32_Compiler/bin/bin/../../lib/gcc/pic32mx/4.8.3/../../../../pic32mx/lib/libpic32.a(default-bootstrap-exception-handler.o)
 .debug_aranges
                0x00000d38       0x20 /home/john/MPLAB-X/XC32_Compiler/bin/bin/../../lib/gcc/pic32mx/4.8.3/../../../../pic32mx/lib/libpic32.a(default-on-reset.o)
 .debug_aranges
                0x00000d58       0x20 /home/john/MPLAB-X/XC32_Compiler/bin/bin/../../lib/gcc/pic32mx/4.8.3/../../../../pic32mx/lib/libpic32.a(default-on-bootstrap.o)
 .debug_aranges
                0x00000d78       0x20 /home/john/MPLAB-X/XC32_Compiler/bin/bin/../../lib/gcc/pic32mx/4.8.3/../../../../pic32mx/lib/libpic32.a(defaultinterrupt.o)
 .debug_aranges
                0x00000d98       0x50 /home/john/MPLAB-X/XC32_Compiler/bin/bin/../../lib/gcc/pic32mx/4.8.3/../../../../pic32mx/lib/libdebug.a(appio.o)
 .debug_aranges
                0x00000de8       0x28 /home/john/MPLAB-X/XC32_Compiler/bin/bin/../../lib/gcc/pic32mx/4.8.3/../../../../pic32mx/lib/libc.a(setbuf.o)
 .debug_aranges
                0x00000e10       0x20 /home/john/MPLAB-X/XC32_Compiler/bin/bin/../../lib/gcc/pic32mx/4.8.3/../../../../pic32mx/lib/libc.a(printf_s.eo)
 .debug_aranges
                0x00000e30       0x20 /home/john/MPLAB-X/XC32_Compiler/bin/bin/../../lib/gcc/pic32mx/4.8.3/../../../../pic32mx/lib/libc.a(scanf_s.eo)
 .debug_aranges
                0x00000e50       0x20 /home/john/MPLAB-X/XC32_Compiler/bin/bin/../../lib/gcc/pic32mx/4.8.3/../../../../pic32mx/lib/libc.a(vsnprintf.o)
 .debug_aranges
                0x00000e70       0x28 /home/john/MPLAB-X/XC32_Compiler/bin/bin/../../lib/gcc/pic32mx/4.8.3/../../../../pic32mx/lib/libc.a(buf.o)
 .debug_aranges
                0x00000e98       0x20 /home/john/MPLAB-X/XC32_Compiler/bin/bin/../../lib/gcc/pic32mx/4.8.3/../../../../pic32mx/lib/libc.a(doprnt_s.eo)
 .debug_aranges
                0x00000eb8       0x30 /home/john/MPLAB-X/XC32_Compiler/bin/bin/../../lib/gcc/pic32mx/4.8.3/../../../../pic32mx/lib/libc.a(doprnt.o)
 .debug_aranges
                0x00000ee8       0x30 /home/john/MPLAB-X/XC32_Compiler/bin/bin/../../lib/gcc/pic32mx/4.8.3/../../../../pic32mx/lib/libc.a(doscan_s.eo)
 .debug_aranges
                0x00000f18       0x20 /home/john/MPLAB-X/XC32_Compiler/bin/bin/../../lib/gcc/pic32mx/4.8.3/../../../../pic32mx/lib/libc.a(fgetc.o)
 .debug_aranges
                0x00000f38       0x20 /home/john/MPLAB-X/XC32_Compiler/bin/bin/../../lib/gcc/pic32mx/4.8.3/../../../../pic32mx/lib/libc.a(_fputc_simple.o)
 .debug_aranges
                0x00000f58       0x20 /home/john/MPLAB-X/XC32_Compiler/bin/bin/../../lib/gcc/pic32mx/4.8.3/../../../../pic32mx/lib/libc.a(atoi.o)
 .debug_aranges
                0x00000f78       0xa0 /home/john/MPLAB-X/XC32_Compiler/bin/bin/../../lib/gcc/pic32mx/4.8.3/../../../../pic32mx/lib/libc.a(ctypef.o)
 .debug_aranges
                0x00001018       0x20 /home/john/MPLAB-X/XC32_Compiler/bin/bin/../../lib/gcc/pic32mx/4.8.3/../../../../pic32mx/lib/libc.a(ungetc.o)
 .debug_aranges
                0x00001038       0x20 /home/john/MPLAB-X/XC32_Compiler/bin/bin/../../lib/gcc/pic32mx/4.8.3/../../../../pic32mx/lib/libc.a(filbuf.o)
 .debug_aranges
                0x00001058       0x20 /home/john/MPLAB-X/XC32_Compiler/bin/bin/../../lib/gcc/pic32mx/4.8.3/../../../../pic32mx/lib/libc.a(_flsbuf_simple.o)
 .debug_aranges
                0x00001078       0x20 /home/john/MPLAB-X/XC32_Compiler/bin/bin/../../lib/gcc/pic32mx/4.8.3/../../../../pic32mx/lib/libc.a(fflush.o)
 .debug_aranges
                0x00001098       0x40 /home/john/MPLAB-X/XC32_Compiler/bin/bin/../../lib/gcc/pic32mx/4.8.3/../../../../pic32mx/lib/libpic32.a(sbrk.o)
 .debug_aranges
                0x000010d8       0x20 /home/john/MPLAB-X/XC32_Compiler/bin/bin/../../lib/gcc/pic32mx/4.8.3/../../../../pic32mx/lib/libpic32.a(read.o)
 .debug_aranges
                0x000010f8       0x20 /home/john/MPLAB-X/XC32_Compiler/bin/bin/../../lib/gcc/pic32mx/4.8.3/../../../../pic32mx/lib/libpic32.a(write.o)
 .debug_aranges
                0x00001118       0x20 /home/john/MPLAB-X/XC32_Compiler/bin/bin/../../lib/gcc/pic32mx/4.8.3/../../../../pic32mx/lib/libe.a(_floatdisf.o)
 .debug_aranges
                0x00001138       0x20 /home/john/MPLAB-X/XC32_Compiler/bin/bin/../../lib/gcc/pic32mx/4.8.3/libgcc.a(_udivdi3.o)
 .debug_aranges
                0x00001158       0x20 /home/john/MPLAB-X/XC32_Compiler/bin/bin/../../lib/gcc/pic32mx/4.8.3/libgcc.a(_umoddi3.o)
 .debug_aranges
                0x00001178       0x20 /home/john/MPLAB-X/XC32_Compiler/bin/bin/../../lib/gcc/pic32mx/4.8.3/libgcc.a(floatunsisf.o)

.debug_pubnames
 *(.debug_pubnames)

.debug_info     0x00000000    0x28b81
 *(.debug_info .gnu.linkonce.wi.*)
 .debug_info    0x00000000       0xe5 /home/john/MPLAB-X/XC32_Compiler/bin/bin/../../lib/gcc/pic32mx/4.8.3/../../../../pic32mx/lib/software-debug-break.o
 .debug_info    0x000000e5      0x3f1 build/default/debug/_ext/1360937237/app_public.o
 .debug_info    0x000004d6     0x11e5 build/default/debug/_ext/1360937237/app.o
 .debug_info    0x000016bb      0x8c5 build/default/debug/_ext/1360937237/main.o
 .debug_info    0x00001f80     0x79e3 build/default/debug/_ext/382300584/drv_usart.o
 .debug_info    0x00009963     0x2b54 build/default/debug/_ext/382300584/drv_usart_byte_model.o
 .debug_info    0x0000c4b7      0xbb3 build/default/debug/_ext/1964585049/osal_freertos.o
 .debug_info    0x0000d06a      0xcb8 build/default/debug/_ext/207392127/sys_console.o
 .debug_info    0x0000dd22      0xfd5 build/default/debug/_ext/207392127/sys_console_appio.o
 .debug_info    0x0000ecf7      0xa09 build/default/debug/_ext/1952159421/sys_debug.o
 .debug_info    0x0000f700     0x1287 build/default/debug/_ext/1921105363/sys_devcon.o
 .debug_info    0x00010987      0xe6b build/default/debug/_ext/1921105363/sys_devcon_pic32mx.o
 .debug_info    0x000117f2     0x16da build/default/debug/_ext/993332121/sys_int_pic32.o
 .debug_info    0x00012ecc      0x28d build/default/debug/_ext/1458882252/croutine.o
 .debug_info    0x00013159      0x58e build/default/debug/_ext/1458882252/list.o
 .debug_info    0x000136e7     0x1968 build/default/debug/_ext/1458882252/queue.o
 .debug_info    0x0001504f     0x2b56 build/default/debug/_ext/1458882252/tasks.o
 .debug_info    0x00017ba5     0x1614 build/default/debug/_ext/1458882252/timers.o
 .debug_info    0x000191b9      0xe69 build/default/debug/_ext/1458882252/event_groups.o
 .debug_info    0x0001a022      0x490 build/default/debug/_ext/628943767/heap_1.o
 .debug_info    0x0001a4b2     0x12c2 build/default/debug/_ext/1338673686/port.o
 .debug_info    0x0001b774      0x126 build/default/debug/_ext/1338673686/port_asm.o
 .debug_info    0x0001b89a     0x15bb build/default/debug/_ext/639803181/sys_clk_static.o
 .debug_info    0x0001ce55     0x4043 build/default/debug/_ext/822048611/sys_ports_static.o
 .debug_info    0x00020e98     0x2f3c build/default/debug/_ext/1688732426/system_init.o
 .debug_info    0x00023dd4      0x9e2 build/default/debug/_ext/1688732426/system_interrupt.o
 .debug_info    0x000247b6      0xbcd build/default/debug/_ext/1688732426/system_exceptions.o
 .debug_info    0x00025383      0xc72 build/default/debug/_ext/1688732426/system_tasks.o
 .debug_info    0x00025ff5       0xdb build/default/debug/_ext/1688732426/system_interrupt_a.o
 .debug_info    0x000260d0      0x342 build/default/debug/_ext/1688732426/rtos_hooks.o
 .debug_info    0x00026412       0xf5 /home/john/MPLAB-X/XC32_Compiler/bin/bin/../../lib/gcc/pic32mx/4.8.3/../../../../pic32mx/lib/libpic32.a(default-bootstrap-exception-handler.o)
 .debug_info    0x00026507       0xcf /home/john/MPLAB-X/XC32_Compiler/bin/bin/../../lib/gcc/pic32mx/4.8.3/../../../../pic32mx/lib/libpic32.a(default-on-reset.o)
 .debug_info    0x000265d6       0xd7 /home/john/MPLAB-X/XC32_Compiler/bin/bin/../../lib/gcc/pic32mx/4.8.3/../../../../pic32mx/lib/libpic32.a(default-on-bootstrap.o)
 .debug_info    0x000266ad       0xe9 /home/john/MPLAB-X/XC32_Compiler/bin/bin/../../lib/gcc/pic32mx/4.8.3/../../../../pic32mx/lib/libpic32.a(defaultinterrupt.o)
 .debug_info    0x00026796      0x16d /home/john/MPLAB-X/XC32_Compiler/bin/bin/../../lib/gcc/pic32mx/4.8.3/../../../../pic32mx/lib/libdebug.a(appio.o)
 .debug_info    0x00026903       0xdf /home/john/MPLAB-X/XC32_Compiler/bin/bin/../../lib/gcc/pic32mx/4.8.3/../../../../pic32mx/lib/libc.a(setbuf.o)
 .debug_info    0x000269e2       0xcb /home/john/MPLAB-X/XC32_Compiler/bin/bin/../../lib/gcc/pic32mx/4.8.3/../../../../pic32mx/lib/libc.a(printf_s.eo)
 .debug_info    0x00026aad       0xc9 /home/john/MPLAB-X/XC32_Compiler/bin/bin/../../lib/gcc/pic32mx/4.8.3/../../../../pic32mx/lib/libc.a(scanf_s.eo)
 .debug_info    0x00026b76       0xce /home/john/MPLAB-X/XC32_Compiler/bin/bin/../../lib/gcc/pic32mx/4.8.3/../../../../pic32mx/lib/libc.a(vsnprintf.o)
 .debug_info    0x00026c44       0xee /home/john/MPLAB-X/XC32_Compiler/bin/bin/../../lib/gcc/pic32mx/4.8.3/../../../../pic32mx/lib/libc.a(buf.o)
 .debug_info    0x00026d32       0xce /home/john/MPLAB-X/XC32_Compiler/bin/bin/../../lib/gcc/pic32mx/4.8.3/../../../../pic32mx/lib/libc.a(doprnt_s.eo)
 .debug_info    0x00026e00      0x102 /home/john/MPLAB-X/XC32_Compiler/bin/bin/../../lib/gcc/pic32mx/4.8.3/../../../../pic32mx/lib/libc.a(doprnt.o)
 .debug_info    0x00026f02       0xf5 /home/john/MPLAB-X/XC32_Compiler/bin/bin/../../lib/gcc/pic32mx/4.8.3/../../../../pic32mx/lib/libc.a(doscan_s.eo)
 .debug_info    0x00026ff7       0xc6 /home/john/MPLAB-X/XC32_Compiler/bin/bin/../../lib/gcc/pic32mx/4.8.3/../../../../pic32mx/lib/libc.a(fgetc.o)
 .debug_info    0x000270bd       0xc6 /home/john/MPLAB-X/XC32_Compiler/bin/bin/../../lib/gcc/pic32mx/4.8.3/../../../../pic32mx/lib/libc.a(_fputc_simple.o)
 .debug_info    0x00027183       0xc4 /home/john/MPLAB-X/XC32_Compiler/bin/bin/../../lib/gcc/pic32mx/4.8.3/../../../../pic32mx/lib/libc.a(atoi.o)
 .debug_info    0x00027247      0x23c /home/john/MPLAB-X/XC32_Compiler/bin/bin/../../lib/gcc/pic32mx/4.8.3/../../../../pic32mx/lib/libc.a(ctypef.o)
 .debug_info    0x00027483       0xc8 /home/john/MPLAB-X/XC32_Compiler/bin/bin/../../lib/gcc/pic32mx/4.8.3/../../../../pic32mx/lib/libc.a(ungetc.o)
 .debug_info    0x0002754b       0xc9 /home/john/MPLAB-X/XC32_Compiler/bin/bin/../../lib/gcc/pic32mx/4.8.3/../../../../pic32mx/lib/libc.a(filbuf.o)
 .debug_info    0x00027614       0xc9 /home/john/MPLAB-X/XC32_Compiler/bin/bin/../../lib/gcc/pic32mx/4.8.3/../../../../pic32mx/lib/libc.a(_flsbuf_simple.o)
 .debug_info    0x000276dd       0xc8 /home/john/MPLAB-X/XC32_Compiler/bin/bin/../../lib/gcc/pic32mx/4.8.3/../../../../pic32mx/lib/libc.a(fflush.o)
 .debug_info    0x000277a5      0x12c /home/john/MPLAB-X/XC32_Compiler/bin/bin/../../lib/gcc/pic32mx/4.8.3/../../../../pic32mx/lib/libpic32.a(sbrk.o)
 .debug_info    0x000278d1       0xbe /home/john/MPLAB-X/XC32_Compiler/bin/bin/../../lib/gcc/pic32mx/4.8.3/../../../../pic32mx/lib/libpic32.a(read.o)
 .debug_info    0x0002798f       0xc0 /home/john/MPLAB-X/XC32_Compiler/bin/bin/../../lib/gcc/pic32mx/4.8.3/../../../../pic32mx/lib/libpic32.a(write.o)
 .debug_info    0x00027a4f       0xde /home/john/MPLAB-X/XC32_Compiler/bin/bin/../../lib/gcc/pic32mx/4.8.3/../../../../pic32mx/lib/libe.a(_floatdisf.o)
 .debug_info    0x00027b2d      0x773 /home/john/MPLAB-X/XC32_Compiler/bin/bin/../../lib/gcc/pic32mx/4.8.3/libgcc.a(_udivdi3.o)
 .debug_info    0x000282a0      0x7b0 /home/john/MPLAB-X/XC32_Compiler/bin/bin/../../lib/gcc/pic32mx/4.8.3/libgcc.a(_umoddi3.o)
 .debug_info    0x00028a50      0x131 /home/john/MPLAB-X/XC32_Compiler/bin/bin/../../lib/gcc/pic32mx/4.8.3/libgcc.a(floatunsisf.o)

.debug_abbrev   0x00000000     0x4432
 *(.debug_abbrev)
 .debug_abbrev  0x00000000       0x28 /home/john/MPLAB-X/XC32_Compiler/bin/bin/../../lib/gcc/pic32mx/4.8.3/../../../../pic32mx/lib/software-debug-break.o
 .debug_abbrev  0x00000028      0x107 build/default/debug/_ext/1360937237/app_public.o
 .debug_abbrev  0x0000012f      0x232 build/default/debug/_ext/1360937237/app.o
 .debug_abbrev  0x00000361      0x100 build/default/debug/_ext/1360937237/main.o
 .debug_abbrev  0x00000461      0x4cd build/default/debug/_ext/382300584/drv_usart.o
 .debug_abbrev  0x0000092e      0x372 build/default/debug/_ext/382300584/drv_usart_byte_model.o
 .debug_abbrev  0x00000ca0      0x243 build/default/debug/_ext/1964585049/osal_freertos.o
 .debug_abbrev  0x00000ee3      0x25a build/default/debug/_ext/207392127/sys_console.o
 .debug_abbrev  0x0000113d      0x2f9 build/default/debug/_ext/207392127/sys_console_appio.o
 .debug_abbrev  0x00001436      0x29e build/default/debug/_ext/1952159421/sys_debug.o
 .debug_abbrev  0x000016d4      0x2a1 build/default/debug/_ext/1921105363/sys_devcon.o
 .debug_abbrev  0x00001975      0x1b9 build/default/debug/_ext/1921105363/sys_devcon_pic32mx.o
 .debug_abbrev  0x00001b2e      0x20d build/default/debug/_ext/993332121/sys_int_pic32.o
 .debug_abbrev  0x00001d3b       0x74 build/default/debug/_ext/1458882252/croutine.o
 .debug_abbrev  0x00001daf      0x10d build/default/debug/_ext/1458882252/list.o
 .debug_abbrev  0x00001ebc      0x325 build/default/debug/_ext/1458882252/queue.o
 .debug_abbrev  0x000021e1      0x326 build/default/debug/_ext/1458882252/tasks.o
 .debug_abbrev  0x00002507      0x3a2 build/default/debug/_ext/1458882252/timers.o
 .debug_abbrev  0x000028a9      0x2df build/default/debug/_ext/1458882252/event_groups.o
 .debug_abbrev  0x00002b88      0x162 build/default/debug/_ext/628943767/heap_1.o
 .debug_abbrev  0x00002cea      0x2eb build/default/debug/_ext/1338673686/port.o
 .debug_abbrev  0x00002fd5       0x14 build/default/debug/_ext/1338673686/port_asm.o
 .debug_abbrev  0x00002fe9      0x284 build/default/debug/_ext/639803181/sys_clk_static.o
 .debug_abbrev  0x0000326d      0x232 build/default/debug/_ext/822048611/sys_ports_static.o
 .debug_abbrev  0x0000349f      0x34e build/default/debug/_ext/1688732426/system_init.o
 .debug_abbrev  0x000037ed      0x118 build/default/debug/_ext/1688732426/system_interrupt.o
 .debug_abbrev  0x00003905      0x13e build/default/debug/_ext/1688732426/system_exceptions.o
 .debug_abbrev  0x00003a43      0x199 build/default/debug/_ext/1688732426/system_tasks.o
 .debug_abbrev  0x00003bdc       0x12 build/default/debug/_ext/1688732426/system_interrupt_a.o
 .debug_abbrev  0x00003bee       0xd4 build/default/debug/_ext/1688732426/rtos_hooks.o
 .debug_abbrev  0x00003cc2       0x28 /home/john/MPLAB-X/XC32_Compiler/bin/bin/../../lib/gcc/pic32mx/4.8.3/../../../../pic32mx/lib/libpic32.a(default-bootstrap-exception-handler.o)
 .debug_abbrev  0x00003cea       0x28 /home/john/MPLAB-X/XC32_Compiler/bin/bin/../../lib/gcc/pic32mx/4.8.3/../../../../pic32mx/lib/libpic32.a(default-on-reset.o)
 .debug_abbrev  0x00003d12       0x28 /home/john/MPLAB-X/XC32_Compiler/bin/bin/../../lib/gcc/pic32mx/4.8.3/../../../../pic32mx/lib/libpic32.a(default-on-bootstrap.o)
 .debug_abbrev  0x00003d3a       0x28 /home/john/MPLAB-X/XC32_Compiler/bin/bin/../../lib/gcc/pic32mx/4.8.3/../../../../pic32mx/lib/libpic32.a(defaultinterrupt.o)
 .debug_abbrev  0x00003d62       0x3e /home/john/MPLAB-X/XC32_Compiler/bin/bin/../../lib/gcc/pic32mx/4.8.3/../../../../pic32mx/lib/libdebug.a(appio.o)
 .debug_abbrev  0x00003da0       0x28 /home/john/MPLAB-X/XC32_Compiler/bin/bin/../../lib/gcc/pic32mx/4.8.3/../../../../pic32mx/lib/libc.a(setbuf.o)
 .debug_abbrev  0x00003dc8       0x28 /home/john/MPLAB-X/XC32_Compiler/bin/bin/../../lib/gcc/pic32mx/4.8.3/../../../../pic32mx/lib/libc.a(printf_s.eo)
 .debug_abbrev  0x00003df0       0x28 /home/john/MPLAB-X/XC32_Compiler/bin/bin/../../lib/gcc/pic32mx/4.8.3/../../../../pic32mx/lib/libc.a(scanf_s.eo)
 .debug_abbrev  0x00003e18       0x28 /home/john/MPLAB-X/XC32_Compiler/bin/bin/../../lib/gcc/pic32mx/4.8.3/../../../../pic32mx/lib/libc.a(vsnprintf.o)
 .debug_abbrev  0x00003e40       0x4f /home/john/MPLAB-X/XC32_Compiler/bin/bin/../../lib/gcc/pic32mx/4.8.3/../../../../pic32mx/lib/libc.a(buf.o)
 .debug_abbrev  0x00003e8f       0x28 /home/john/MPLAB-X/XC32_Compiler/bin/bin/../../lib/gcc/pic32mx/4.8.3/../../../../pic32mx/lib/libc.a(doprnt_s.eo)
 .debug_abbrev  0x00003eb7       0x45 /home/john/MPLAB-X/XC32_Compiler/bin/bin/../../lib/gcc/pic32mx/4.8.3/../../../../pic32mx/lib/libc.a(doprnt.o)
 .debug_abbrev  0x00003efc       0x3c /home/john/MPLAB-X/XC32_Compiler/bin/bin/../../lib/gcc/pic32mx/4.8.3/../../../../pic32mx/lib/libc.a(doscan_s.eo)
 .debug_abbrev  0x00003f38       0x28 /home/john/MPLAB-X/XC32_Compiler/bin/bin/../../lib/gcc/pic32mx/4.8.3/../../../../pic32mx/lib/libc.a(fgetc.o)
 .debug_abbrev  0x00003f60       0x28 /home/john/MPLAB-X/XC32_Compiler/bin/bin/../../lib/gcc/pic32mx/4.8.3/../../../../pic32mx/lib/libc.a(_fputc_simple.o)
 .debug_abbrev  0x00003f88       0x28 /home/john/MPLAB-X/XC32_Compiler/bin/bin/../../lib/gcc/pic32mx/4.8.3/../../../../pic32mx/lib/libc.a(atoi.o)
 .debug_abbrev  0x00003fb0       0x28 /home/john/MPLAB-X/XC32_Compiler/bin/bin/../../lib/gcc/pic32mx/4.8.3/../../../../pic32mx/lib/libc.a(ctypef.o)
 .debug_abbrev  0x00003fd8       0x28 /home/john/MPLAB-X/XC32_Compiler/bin/bin/../../lib/gcc/pic32mx/4.8.3/../../../../pic32mx/lib/libc.a(ungetc.o)
 .debug_abbrev  0x00004000       0x28 /home/john/MPLAB-X/XC32_Compiler/bin/bin/../../lib/gcc/pic32mx/4.8.3/../../../../pic32mx/lib/libc.a(filbuf.o)
 .debug_abbrev  0x00004028       0x28 /home/john/MPLAB-X/XC32_Compiler/bin/bin/../../lib/gcc/pic32mx/4.8.3/../../../../pic32mx/lib/libc.a(_flsbuf_simple.o)
 .debug_abbrev  0x00004050       0x28 /home/john/MPLAB-X/XC32_Compiler/bin/bin/../../lib/gcc/pic32mx/4.8.3/../../../../pic32mx/lib/libc.a(fflush.o)
 .debug_abbrev  0x00004078       0x54 /home/john/MPLAB-X/XC32_Compiler/bin/bin/../../lib/gcc/pic32mx/4.8.3/../../../../pic32mx/lib/libpic32.a(sbrk.o)
 .debug_abbrev  0x000040cc       0x28 /home/john/MPLAB-X/XC32_Compiler/bin/bin/../../lib/gcc/pic32mx/4.8.3/../../../../pic32mx/lib/libpic32.a(read.o)
 .debug_abbrev  0x000040f4       0x28 /home/john/MPLAB-X/XC32_Compiler/bin/bin/../../lib/gcc/pic32mx/4.8.3/../../../../pic32mx/lib/libpic32.a(write.o)
 .debug_abbrev  0x0000411c       0x35 /home/john/MPLAB-X/XC32_Compiler/bin/bin/../../lib/gcc/pic32mx/4.8.3/../../../../pic32mx/lib/libe.a(_floatdisf.o)
 .debug_abbrev  0x00004151      0x138 /home/john/MPLAB-X/XC32_Compiler/bin/bin/../../lib/gcc/pic32mx/4.8.3/libgcc.a(_udivdi3.o)
 .debug_abbrev  0x00004289      0x147 /home/john/MPLAB-X/XC32_Compiler/bin/bin/../../lib/gcc/pic32mx/4.8.3/libgcc.a(_umoddi3.o)
 .debug_abbrev  0x000043d0       0x62 /home/john/MPLAB-X/XC32_Compiler/bin/bin/../../lib/gcc/pic32mx/4.8.3/libgcc.a(floatunsisf.o)

.debug_line     0x00000000     0x9702
 *(.debug_line)
 .debug_line    0x00000000       0x9c /home/john/MPLAB-X/XC32_Compiler/bin/bin/../../lib/gcc/pic32mx/4.8.3/../../../../pic32mx/lib/software-debug-break.o
 .debug_line    0x0000009c      0x247 build/default/debug/_ext/1360937237/app_public.o
 .debug_line    0x000002e3      0x4e1 build/default/debug/_ext/1360937237/app.o
 .debug_line    0x000007c4      0x1bb build/default/debug/_ext/1360937237/main.o
 .debug_line    0x0000097f     0x1680 build/default/debug/_ext/382300584/drv_usart.o
 .debug_line    0x00001fff      0x7ea build/default/debug/_ext/382300584/drv_usart_byte_model.o
 .debug_line    0x000027e9      0x35e build/default/debug/_ext/1964585049/osal_freertos.o
 .debug_line    0x00002b47      0x322 build/default/debug/_ext/207392127/sys_console.o
 .debug_line    0x00002e69      0x399 build/default/debug/_ext/207392127/sys_console_appio.o
 .debug_line    0x00003202      0x35b build/default/debug/_ext/1952159421/sys_debug.o
 .debug_line    0x0000355d      0x6b2 build/default/debug/_ext/1921105363/sys_devcon.o
 .debug_line    0x00003c0f      0x53c build/default/debug/_ext/1921105363/sys_devcon_pic32mx.o
 .debug_line    0x0000414b      0x435 build/default/debug/_ext/993332121/sys_int_pic32.o
 .debug_line    0x00004580       0x8e build/default/debug/_ext/1458882252/croutine.o
 .debug_line    0x0000460e      0x26d build/default/debug/_ext/1458882252/list.o
 .debug_line    0x0000487b      0x522 build/default/debug/_ext/1458882252/queue.o
 .debug_line    0x00004d9d      0x945 build/default/debug/_ext/1458882252/tasks.o
 .debug_line    0x000056e2      0x417 build/default/debug/_ext/1458882252/timers.o
 .debug_line    0x00005af9      0x3af build/default/debug/_ext/1458882252/event_groups.o
 .debug_line    0x00005ea8      0x29b build/default/debug/_ext/628943767/heap_1.o
 .debug_line    0x00006143      0x2b1 build/default/debug/_ext/1338673686/port.o
 .debug_line    0x000063f4      0x12c build/default/debug/_ext/1338673686/port_asm.o
 .debug_line    0x00006520      0x4f2 build/default/debug/_ext/639803181/sys_clk_static.o
 .debug_line    0x00006a12      0x8db build/default/debug/_ext/822048611/sys_ports_static.o
 .debug_line    0x000072ed      0x815 build/default/debug/_ext/1688732426/system_init.o
 .debug_line    0x00007b02      0x28b build/default/debug/_ext/1688732426/system_interrupt.o
 .debug_line    0x00007d8d      0x290 build/default/debug/_ext/1688732426/system_exceptions.o
 .debug_line    0x0000801d      0x45a build/default/debug/_ext/1688732426/system_tasks.o
 .debug_line    0x00008477       0x7c build/default/debug/_ext/1688732426/system_interrupt_a.o
 .debug_line    0x000084f3      0x1f4 build/default/debug/_ext/1688732426/rtos_hooks.o
 .debug_line    0x000086e7       0xa9 /home/john/MPLAB-X/XC32_Compiler/bin/bin/../../lib/gcc/pic32mx/4.8.3/../../../../pic32mx/lib/libpic32.a(default-bootstrap-exception-handler.o)
 .debug_line    0x00008790       0x96 /home/john/MPLAB-X/XC32_Compiler/bin/bin/../../lib/gcc/pic32mx/4.8.3/../../../../pic32mx/lib/libpic32.a(default-on-reset.o)
 .debug_line    0x00008826       0x9a /home/john/MPLAB-X/XC32_Compiler/bin/bin/../../lib/gcc/pic32mx/4.8.3/../../../../pic32mx/lib/libpic32.a(default-on-bootstrap.o)
 .debug_line    0x000088c0       0xa8 /home/john/MPLAB-X/XC32_Compiler/bin/bin/../../lib/gcc/pic32mx/4.8.3/../../../../pic32mx/lib/libpic32.a(defaultinterrupt.o)
 .debug_line    0x00008968       0x8f /home/john/MPLAB-X/XC32_Compiler/bin/bin/../../lib/gcc/pic32mx/4.8.3/../../../../pic32mx/lib/libdebug.a(appio.o)
 .debug_line    0x000089f7        0x0 /home/john/MPLAB-X/XC32_Compiler/bin/bin/../../lib/gcc/pic32mx/4.8.3/../../../../pic32mx/lib/libpic32.a(xc32_uart.o)
 .debug_line    0x000089f7        0x0 /home/john/MPLAB-X/XC32_Compiler/bin/bin/../../lib/gcc/pic32mx/4.8.3/../../../../pic32mx/lib/libc.a(_iob.o)
 .debug_line    0x000089f7       0x82 /home/john/MPLAB-X/XC32_Compiler/bin/bin/../../lib/gcc/pic32mx/4.8.3/../../../../pic32mx/lib/libc.a(setbuf.o)
 .debug_line    0x00008a79       0x82 /home/john/MPLAB-X/XC32_Compiler/bin/bin/../../lib/gcc/pic32mx/4.8.3/../../../../pic32mx/lib/libc.a(printf_s.eo)
 .debug_line    0x00008afb       0x81 /home/john/MPLAB-X/XC32_Compiler/bin/bin/../../lib/gcc/pic32mx/4.8.3/../../../../pic32mx/lib/libc.a(scanf_s.eo)
 .debug_line    0x00008b7c       0x85 /home/john/MPLAB-X/XC32_Compiler/bin/bin/../../lib/gcc/pic32mx/4.8.3/../../../../pic32mx/lib/libc.a(vsnprintf.o)
 .debug_line    0x00008c01       0x7f /home/john/MPLAB-X/XC32_Compiler/bin/bin/../../lib/gcc/pic32mx/4.8.3/../../../../pic32mx/lib/libc.a(buf.o)
 .debug_line    0x00008c80        0x0 /home/john/MPLAB-X/XC32_Compiler/bin/bin/../../lib/gcc/pic32mx/4.8.3/../../../../pic32mx/lib/libc.a(errno.o)
 .debug_line    0x00008c80       0x82 /home/john/MPLAB-X/XC32_Compiler/bin/bin/../../lib/gcc/pic32mx/4.8.3/../../../../pic32mx/lib/libc.a(doprnt_s.eo)
 .debug_line    0x00008d02       0x82 /home/john/MPLAB-X/XC32_Compiler/bin/bin/../../lib/gcc/pic32mx/4.8.3/../../../../pic32mx/lib/libc.a(doprnt.o)
 .debug_line    0x00008d84       0x82 /home/john/MPLAB-X/XC32_Compiler/bin/bin/../../lib/gcc/pic32mx/4.8.3/../../../../pic32mx/lib/libc.a(doscan_s.eo)
 .debug_line    0x00008e06       0x81 /home/john/MPLAB-X/XC32_Compiler/bin/bin/../../lib/gcc/pic32mx/4.8.3/../../../../pic32mx/lib/libc.a(fgetc.o)
 .debug_line    0x00008e87       0x81 /home/john/MPLAB-X/XC32_Compiler/bin/bin/../../lib/gcc/pic32mx/4.8.3/../../../../pic32mx/lib/libc.a(_fputc_simple.o)
 .debug_line    0x00008f08       0x80 /home/john/MPLAB-X/XC32_Compiler/bin/bin/../../lib/gcc/pic32mx/4.8.3/../../../../pic32mx/lib/libc.a(atoi.o)
 .debug_line    0x00008f88        0x0 /home/john/MPLAB-X/XC32_Compiler/bin/bin/../../lib/gcc/pic32mx/4.8.3/../../../../pic32mx/lib/libc.a(ctype.o)
 .debug_line    0x00008f88       0x82 /home/john/MPLAB-X/XC32_Compiler/bin/bin/../../lib/gcc/pic32mx/4.8.3/../../../../pic32mx/lib/libc.a(ctypef.o)
 .debug_line    0x0000900a        0x0 /home/john/MPLAB-X/XC32_Compiler/bin/bin/../../lib/gcc/pic32mx/4.8.3/../../../../pic32mx/lib/libc.a(powersf.o)
 .debug_line    0x0000900a       0x82 /home/john/MPLAB-X/XC32_Compiler/bin/bin/../../lib/gcc/pic32mx/4.8.3/../../../../pic32mx/lib/libc.a(ungetc.o)
 .debug_line    0x0000908c       0x82 /home/john/MPLAB-X/XC32_Compiler/bin/bin/../../lib/gcc/pic32mx/4.8.3/../../../../pic32mx/lib/libc.a(filbuf.o)
 .debug_line    0x0000910e       0x82 /home/john/MPLAB-X/XC32_Compiler/bin/bin/../../lib/gcc/pic32mx/4.8.3/../../../../pic32mx/lib/libc.a(_flsbuf_simple.o)
 .debug_line    0x00009190       0x82 /home/john/MPLAB-X/XC32_Compiler/bin/bin/../../lib/gcc/pic32mx/4.8.3/../../../../pic32mx/lib/libc.a(fflush.o)
 .debug_line    0x00009212       0x8a /home/john/MPLAB-X/XC32_Compiler/bin/bin/../../lib/gcc/pic32mx/4.8.3/../../../../pic32mx/lib/libpic32.a(sbrk.o)
 .debug_line    0x0000929c       0x8a /home/john/MPLAB-X/XC32_Compiler/bin/bin/../../lib/gcc/pic32mx/4.8.3/../../../../pic32mx/lib/libpic32.a(read.o)
 .debug_line    0x00009326       0x8b /home/john/MPLAB-X/XC32_Compiler/bin/bin/../../lib/gcc/pic32mx/4.8.3/../../../../pic32mx/lib/libpic32.a(write.o)
 .debug_line    0x000093b1       0xa5 /home/john/MPLAB-X/XC32_Compiler/bin/bin/../../lib/gcc/pic32mx/4.8.3/../../../../pic32mx/lib/libe.a(_floatdisf.o)
 .debug_line    0x00009456       0xff /home/john/MPLAB-X/XC32_Compiler/bin/bin/../../lib/gcc/pic32mx/4.8.3/libgcc.a(_udivdi3.o)
 .debug_line    0x00009555      0x111 /home/john/MPLAB-X/XC32_Compiler/bin/bin/../../lib/gcc/pic32mx/4.8.3/libgcc.a(_umoddi3.o)
 .debug_line    0x00009666       0x9c /home/john/MPLAB-X/XC32_Compiler/bin/bin/../../lib/gcc/pic32mx/4.8.3/libgcc.a(floatunsisf.o)

.debug_frame    0x00000000     0x23ac
 *(.debug_frame)
 .debug_frame   0x00000000       0x20 /home/john/MPLAB-X/XC32_Compiler/bin/bin/../../lib/gcc/pic32mx/4.8.3/../../../../pic32mx/lib/software-debug-break.o
 .debug_frame   0x00000020       0x70 build/default/debug/_ext/1360937237/app_public.o
 .debug_frame   0x00000090       0x78 build/default/debug/_ext/1360937237/app.o
 .debug_frame   0x00000108       0x58 build/default/debug/_ext/1360937237/main.o
 .debug_frame   0x00000160      0x2c4 build/default/debug/_ext/382300584/drv_usart.o
 .debug_frame   0x00000424       0xd8 build/default/debug/_ext/382300584/drv_usart_byte_model.o
 .debug_frame   0x000004fc      0x180 build/default/debug/_ext/1964585049/osal_freertos.o
 .debug_frame   0x0000067c      0x108 build/default/debug/_ext/207392127/sys_console.o
 .debug_frame   0x00000784       0xe0 build/default/debug/_ext/207392127/sys_console_appio.o
 .debug_frame   0x00000864       0xe4 build/default/debug/_ext/1952159421/sys_debug.o
 .debug_frame   0x00000948      0x118 build/default/debug/_ext/1921105363/sys_devcon.o
 .debug_frame   0x00000a60       0x58 build/default/debug/_ext/1921105363/sys_devcon_pic32mx.o
 .debug_frame   0x00000ab8       0xc0 build/default/debug/_ext/993332121/sys_int_pic32.o
 .debug_frame   0x00000b78       0x40 build/default/debug/_ext/1458882252/croutine.o
 .debug_frame   0x00000bb8       0x90 build/default/debug/_ext/1458882252/list.o
 .debug_frame   0x00000c48      0x260 build/default/debug/_ext/1458882252/queue.o
 .debug_frame   0x00000ea8      0x524 build/default/debug/_ext/1458882252/tasks.o
 .debug_frame   0x000013cc      0x164 build/default/debug/_ext/1458882252/timers.o
 .debug_frame   0x00001530      0x138 build/default/debug/_ext/1458882252/event_groups.o
 .debug_frame   0x00001668       0x8c build/default/debug/_ext/628943767/heap_1.o
 .debug_frame   0x000016f4       0xf0 build/default/debug/_ext/1338673686/port.o
 .debug_frame   0x000017e4       0xd0 build/default/debug/_ext/639803181/sys_clk_static.o
 .debug_frame   0x000018b4      0x220 build/default/debug/_ext/822048611/sys_ports_static.o
 .debug_frame   0x00001ad4       0x58 build/default/debug/_ext/1688732426/system_init.o
 .debug_frame   0x00001b2c       0x58 build/default/debug/_ext/1688732426/system_interrupt.o
 .debug_frame   0x00001b84       0x58 build/default/debug/_ext/1688732426/system_exceptions.o
 .debug_frame   0x00001bdc       0x88 build/default/debug/_ext/1688732426/system_tasks.o
 .debug_frame   0x00001c64       0x70 build/default/debug/_ext/1688732426/rtos_hooks.o
 .debug_frame   0x00001cd4       0x2c /home/john/MPLAB-X/XC32_Compiler/bin/bin/../../lib/gcc/pic32mx/4.8.3/../../../../pic32mx/lib/libpic32.a(default-bootstrap-exception-handler.o)
 .debug_frame   0x00001d00       0x20 /home/john/MPLAB-X/XC32_Compiler/bin/bin/../../lib/gcc/pic32mx/4.8.3/../../../../pic32mx/lib/libpic32.a(default-on-reset.o)
 .debug_frame   0x00001d20       0x20 /home/john/MPLAB-X/XC32_Compiler/bin/bin/../../lib/gcc/pic32mx/4.8.3/../../../../pic32mx/lib/libpic32.a(default-on-bootstrap.o)
 .debug_frame   0x00001d40       0x20 /home/john/MPLAB-X/XC32_Compiler/bin/bin/../../lib/gcc/pic32mx/4.8.3/../../../../pic32mx/lib/libpic32.a(defaultinterrupt.o)
 .debug_frame   0x00001d60       0x98 /home/john/MPLAB-X/XC32_Compiler/bin/bin/../../lib/gcc/pic32mx/4.8.3/../../../../pic32mx/lib/libdebug.a(appio.o)
 .debug_frame   0x00001df8       0x40 /home/john/MPLAB-X/XC32_Compiler/bin/bin/../../lib/gcc/pic32mx/4.8.3/../../../../pic32mx/lib/libc.a(setbuf.o)
 .debug_frame   0x00001e38       0x28 /home/john/MPLAB-X/XC32_Compiler/bin/bin/../../lib/gcc/pic32mx/4.8.3/../../../../pic32mx/lib/libc.a(printf_s.eo)
 .debug_frame   0x00001e60       0x28 /home/john/MPLAB-X/XC32_Compiler/bin/bin/../../lib/gcc/pic32mx/4.8.3/../../../../pic32mx/lib/libc.a(scanf_s.eo)
 .debug_frame   0x00001e88       0x2c /home/john/MPLAB-X/XC32_Compiler/bin/bin/../../lib/gcc/pic32mx/4.8.3/../../../../pic32mx/lib/libc.a(vsnprintf.o)
 .debug_frame   0x00001eb4       0x38 /home/john/MPLAB-X/XC32_Compiler/bin/bin/../../lib/gcc/pic32mx/4.8.3/../../../../pic32mx/lib/libc.a(buf.o)
 .debug_frame   0x00001eec       0x38 /home/john/MPLAB-X/XC32_Compiler/bin/bin/../../lib/gcc/pic32mx/4.8.3/../../../../pic32mx/lib/libc.a(doprnt_s.eo)
 .debug_frame   0x00001f24       0x74 /home/john/MPLAB-X/XC32_Compiler/bin/bin/../../lib/gcc/pic32mx/4.8.3/../../../../pic32mx/lib/libc.a(doprnt.o)
 .debug_frame   0x00001f98       0x6c /home/john/MPLAB-X/XC32_Compiler/bin/bin/../../lib/gcc/pic32mx/4.8.3/../../../../pic32mx/lib/libc.a(doscan_s.eo)
 .debug_frame   0x00002004       0x2c /home/john/MPLAB-X/XC32_Compiler/bin/bin/../../lib/gcc/pic32mx/4.8.3/../../../../pic32mx/lib/libc.a(fgetc.o)
 .debug_frame   0x00002030       0x2c /home/john/MPLAB-X/XC32_Compiler/bin/bin/../../lib/gcc/pic32mx/4.8.3/../../../../pic32mx/lib/libc.a(_fputc_simple.o)
 .debug_frame   0x0000205c       0x20 /home/john/MPLAB-X/XC32_Compiler/bin/bin/../../lib/gcc/pic32mx/4.8.3/../../../../pic32mx/lib/libc.a(atoi.o)
 .debug_frame   0x0000207c      0x120 /home/john/MPLAB-X/XC32_Compiler/bin/bin/../../lib/gcc/pic32mx/4.8.3/../../../../pic32mx/lib/libc.a(ctypef.o)
 .debug_frame   0x0000219c       0x20 /home/john/MPLAB-X/XC32_Compiler/bin/bin/../../lib/gcc/pic32mx/4.8.3/../../../../pic32mx/lib/libc.a(ungetc.o)
 .debug_frame   0x000021bc       0x30 /home/john/MPLAB-X/XC32_Compiler/bin/bin/../../lib/gcc/pic32mx/4.8.3/../../../../pic32mx/lib/libc.a(filbuf.o)
 .debug_frame   0x000021ec       0x28 /home/john/MPLAB-X/XC32_Compiler/bin/bin/../../lib/gcc/pic32mx/4.8.3/../../../../pic32mx/lib/libc.a(_flsbuf_simple.o)
 .debug_frame   0x00002214       0x28 /home/john/MPLAB-X/XC32_Compiler/bin/bin/../../lib/gcc/pic32mx/4.8.3/../../../../pic32mx/lib/libc.a(fflush.o)
 .debug_frame   0x0000223c       0x84 /home/john/MPLAB-X/XC32_Compiler/bin/bin/../../lib/gcc/pic32mx/4.8.3/../../../../pic32mx/lib/libpic32.a(sbrk.o)
 .debug_frame   0x000022c0       0x2c /home/john/MPLAB-X/XC32_Compiler/bin/bin/../../lib/gcc/pic32mx/4.8.3/../../../../pic32mx/lib/libpic32.a(read.o)
 .debug_frame   0x000022ec       0x38 /home/john/MPLAB-X/XC32_Compiler/bin/bin/../../lib/gcc/pic32mx/4.8.3/../../../../pic32mx/lib/libpic32.a(write.o)
 .debug_frame   0x00002324       0x20 /home/john/MPLAB-X/XC32_Compiler/bin/bin/../../lib/gcc/pic32mx/4.8.3/../../../../pic32mx/lib/libe.a(_floatdisf.o)
 .debug_frame   0x00002344       0x20 /home/john/MPLAB-X/XC32_Compiler/bin/bin/../../lib/gcc/pic32mx/4.8.3/libgcc.a(_udivdi3.o)
 .debug_frame   0x00002364       0x20 /home/john/MPLAB-X/XC32_Compiler/bin/bin/../../lib/gcc/pic32mx/4.8.3/libgcc.a(_umoddi3.o)
 .debug_frame   0x00002384       0x28 /home/john/MPLAB-X/XC32_Compiler/bin/bin/../../lib/gcc/pic32mx/4.8.3/libgcc.a(floatunsisf.o)

.debug_str      0x00000000      0x7f8
 *(.debug_str)
 .debug_str     0x00000000        0x0 /home/john/MPLAB-X/XC32_Compiler/bin/bin/../../lib/gcc/pic32mx/4.8.3/../../../../pic32mx/lib/software-debug-break.o
 .debug_str     0x00000000        0x0 build/default/debug/_ext/1360937237/app_public.o
 .debug_str     0x00000000       0x15 build/default/debug/_ext/1360937237/app.o
 .debug_str     0x00000015        0x0 build/default/debug/_ext/1360937237/main.o
 .debug_str     0x00000015      0x195 build/default/debug/_ext/382300584/drv_usart.o
 .debug_str     0x000001aa       0x28 build/default/debug/_ext/382300584/drv_usart_byte_model.o