
Optional file libmchp_peripheral.a not found

Optional file libmchp_peripheral_32MX795F512L.a not found
Archive member included because of file (symbol)

/home/john/microchip/xc32/v1.42/bin/bin/../../lib/gcc/pic32mx/4.8.3/../../../../pic32mx/lib/libpic32.a(memcpy.o)
                              build/default/production/_ext/1128951024/queue.o (memcpy)
/home/john/microchip/xc32/v1.42/bin/bin/../../lib/gcc/pic32mx/4.8.3/../../../../pic32mx/lib/libpic32.a(memset.o)
                              build/default/production/_ext/1128951024/tasks.o (memset)
/home/john/microchip/xc32/v1.42/bin/bin/../../lib/gcc/pic32mx/4.8.3/../../../../pic32mx/lib/libpic32.a(strcpy.o)
                              build/default/production/_ext/1360937237/serialresponds.o (strcpy)
/home/john/microchip/xc32/v1.42/bin/bin/../../lib/gcc/pic32mx/4.8.3/../../../../pic32mx/lib/libpic32.a(strlen.o)
                              build/default/production/_ext/1360937237/tsk_rvrstatus.o (strlen)
/home/john/microchip/xc32/v1.42/bin/bin/../../lib/gcc/pic32mx/4.8.3/../../../../pic32mx/lib/libpic32.a(default-bootstrap-exception-handler.o)
                              /home/john/microchip/xc32/v1.42/bin/bin/../../lib/gcc/pic32mx/4.8.3/../../../../pic32mx/lib/./proc/32MX795F512L/crt0_mips32r2.o (_bootstrap_exception_handler)
/home/john/microchip/xc32/v1.42/bin/bin/../../lib/gcc/pic32mx/4.8.3/../../../../pic32mx/lib/libpic32.a(default-on-reset.o)
                              /home/john/microchip/xc32/v1.42/bin/bin/../../lib/gcc/pic32mx/4.8.3/../../../../pic32mx/lib/./proc/32MX795F512L/crt0_mips32r2.o (_on_reset)
/home/john/microchip/xc32/v1.42/bin/bin/../../lib/gcc/pic32mx/4.8.3/../../../../pic32mx/lib/libpic32.a(default-on-bootstrap.o)
                              /home/john/microchip/xc32/v1.42/bin/bin/../../lib/gcc/pic32mx/4.8.3/../../../../pic32mx/lib/./proc/32MX795F512L/crt0_mips32r2.o (_on_bootstrap)
/home/john/microchip/xc32/v1.42/bin/bin/../../lib/gcc/pic32mx/4.8.3/../../../../pic32mx/lib/libpic32.a(default-nmi-handler.o)
                              /home/john/microchip/xc32/v1.42/bin/bin/../../lib/gcc/pic32mx/4.8.3/../../../../pic32mx/lib/./proc/32MX795F512L/crt0_mips32r2.o (_nmi_handler)
/home/john/microchip/xc32/v1.42/bin/bin/../../lib/gcc/pic32mx/4.8.3/../../../../pic32mx/lib/libpic32.a(general-exception.o)
                              /home/john/microchip/xc32/v1.42/bin/bin/../../lib/gcc/pic32mx/4.8.3/../../../../pic32mx/lib/./proc/32MX795F512L/crt0_mips32r2.o (_general_exception_context)
/home/john/microchip/xc32/v1.42/bin/bin/../../lib/gcc/pic32mx/4.8.3/../../../../pic32mx/lib/libpic32.a(vector0.o)
                              /home/john/microchip/xc32/v1.42/bin/bin/../../lib/gcc/pic32mx/4.8.3/../../../../pic32mx/lib/./proc/32MX795F512L/default_isr_vectors.o (__vector_dispatch_0)
/home/john/microchip/xc32/v1.42/bin/bin/../../lib/gcc/pic32mx/4.8.3/../../../../pic32mx/lib/libpic32.a(vector2.o)
                              /home/john/microchip/xc32/v1.42/bin/bin/../../lib/gcc/pic32mx/4.8.3/../../../../pic32mx/lib/./proc/32MX795F512L/default_isr_vectors.o (__vector_dispatch_2)
/home/john/microchip/xc32/v1.42/bin/bin/../../lib/gcc/pic32mx/4.8.3/../../../../pic32mx/lib/libpic32.a(vector3.o)
                              /home/john/microchip/xc32/v1.42/bin/bin/../../lib/gcc/pic32mx/4.8.3/../../../../pic32mx/lib/./proc/32MX795F512L/default_isr_vectors.o (__vector_dispatch_3)
/home/john/microchip/xc32/v1.42/bin/bin/../../lib/gcc/pic32mx/4.8.3/../../../../pic32mx/lib/libpic32.a(vector5.o)
                              /home/john/microchip/xc32/v1.42/bin/bin/../../lib/gcc/pic32mx/4.8.3/../../../../pic32mx/lib/./proc/32MX795F512L/default_isr_vectors.o (__vector_dispatch_5)
/home/john/microchip/xc32/v1.42/bin/bin/../../lib/gcc/pic32mx/4.8.3/../../../../pic32mx/lib/libpic32.a(vector6.o)
                              /home/john/microchip/xc32/v1.42/bin/bin/../../lib/gcc/pic32mx/4.8.3/../../../../pic32mx/lib/./proc/32MX795F512L/default_isr_vectors.o (__vector_dispatch_6)
/home/john/microchip/xc32/v1.42/bin/bin/../../lib/gcc/pic32mx/4.8.3/../../../../pic32mx/lib/libpic32.a(vector7.o)
                              /home/john/microchip/xc32/v1.42/bin/bin/../../lib/gcc/pic32mx/4.8.3/../../../../pic32mx/lib/./proc/32MX795F512L/default_isr_vectors.o (__vector_dispatch_7)
/home/john/microchip/xc32/v1.42/bin/bin/../../lib/gcc/pic32mx/4.8.3/../../../../pic32mx/lib/libpic32.a(vector8.o)
                              /home/john/microchip/xc32/v1.42/bin/bin/../../lib/gcc/pic32mx/4.8.3/../../../../pic32mx/lib/./proc/32MX795F512L/default_isr_vectors.o (__vector_dispatch_8)
/home/john/microchip/xc32/v1.42/bin/bin/../../lib/gcc/pic32mx/4.8.3/../../../../pic32mx/lib/libpic32.a(vector9.o)
                              /home/john/microchip/xc32/v1.42/bin/bin/../../lib/gcc/pic32mx/4.8.3/../../../../pic32mx/lib/./proc/32MX795F512L/default_isr_vectors.o (__vector_dispatch_9)
[...]
Memory Configuration

Name             Origin             Length             Attributes
kseg0_program_mem 0x9d000000         0x00080000         xr
kseg0_boot_mem   0x9fc00490         0x00000970
exception_mem    0x9fc01000         0x00001000
kseg1_boot_mem   0xbfc00000         0x00000490
debug_exec_mem   0xbfc02000         0x00000ff0
config3          0xbfc02ff0         0x00000004
config2          0xbfc02ff4         0x00000004
config1          0xbfc02ff8         0x00000004
config0          0xbfc02ffc         0x00000004
kseg1_data_mem   0xa0000000         0x00020000         w !x
sfrs             0xbf800000         0x00100000
configsfrs       0xbfc02ff0         0x00000010
*default*        0x00000000         0xffffffff

Linker script and memory map

LOAD /home/john/microchip/xc32/v1.42/bin/bin/../../lib/gcc/pic32mx/4.8.3/../../../../pic32mx/lib/./proc/32MX795F512L/crt0_mips32r2.o
LOAD /home/john/microchip/xc32/v1.42/bin/bin/../../lib/gcc/pic32mx/4.8.3/../../../../pic32mx/lib/debug-exception-return.o
LOAD build/default/production/_ext/327000265/drv_usart_mapping.o
LOAD build/default/production/_ext/327000265/drv_usart_static.o
LOAD build/default/production/_ext/327000265/drv_usart_static_byte_model.o
LOAD build/default/production/_ext/639803181/sys_clk_static.o
LOAD build/default/production/_ext/822048611/sys_ports_static.o
LOAD build/default/production/_ext/1688732426/system_init.o
LOAD build/default/production/_ext/1688732426/system_interrupt.o
LOAD build/default/production/_ext/1688732426/system_exceptions.o
LOAD build/default/production/_ext/1688732426/system_tasks.o
LOAD build/default/production/_ext/1688732426/system_interrupt_a.o
LOAD build/default/production/_ext/1688732426/rtos_hooks.o
LOAD build/default/production/_ext/1360937237/main.o
LOAD build/default/production/_ext/1360937237/tsk_lfa_rx.o
LOAD build/default/production/_ext/1360937237/tsk_wifly_rx.o
LOAD build/default/production/_ext/1360937237/tsk_wifly_tx.o
LOAD build/default/production/_ext/1360937237/custom_init.o
LOAD build/default/production/_ext/1360937237/serialfsm.o
LOAD build/default/production/_ext/1360937237/serialresponds.o
LOAD build/default/production/_ext/1360937237/debug.o
LOAD build/default/production/_ext/1360937237/tsk_rvrstatus.o
LOAD build/default/production/_ext/1360937237/tsk_debug.o
LOAD build/default/production/_ext/24337685/osal_freertos.o
LOAD build/default/production/_ext/1271179505/sys_devcon.o
LOAD build/default/production/_ext/1271179505/sys_devcon_pic32mx.o
LOAD build/default/production/_ext/122796885/sys_int_pic32.o
LOAD build/default/production/_ext/1856876499/heap_1.o
LOAD build/default/production/_ext/12131622/port.o
LOAD build/default/production/_ext/12131622/port_asm.o
LOAD build/default/production/_ext/1128951024/croutine.o
LOAD build/default/production/_ext/1128951024/list.o
LOAD build/default/production/_ext/1128951024/queue.o
LOAD build/default/production/_ext/1128951024/tasks.o
LOAD build/default/production/_ext/1128951024/timers.o
LOAD build/default/production/_ext/1128951024/event_groups.o
LOAD build/default/production/_ext/659856544/I2CStop.o
LOAD build/default/production/_ext/659856544/I2CSendByte.o
LOAD build/default/production/_ext/659856544/I2CClearStatus.o
LOAD build/default/production/_ext/659856544/I2CRepeatStart.o
LOAD build/default/production/_ext/659856544/I2CAcknowledgeByte.o
LOAD build/default/production/_ext/659856544/I2CGetByte.o
LOAD build/default/production/_ext/659856544/I2CBusIsIdle.o
LOAD build/default/production/_ext/659856544/I2CTransmissionHasCompleted.o
LOAD build/default/production/_ext/659856544/I2CReceiverEnable.o
LOAD build/default/production/_ext/659856544/I2CTransmitterIsReady.o
LOAD build/default/production/_ext/659856544/I2CSlaveClockHold.o
LOAD build/default/production/_ext/659856544/I2CStart.o
LOAD build/default/production/_ext/659856544/I2CReceivedDataIsAvailable.o
LOAD build/default/production/_ext/659856544/I2CSetSlaveAddress.o
LOAD build/default/production/_ext/659856544/I2CEnable.o
LOAD build/default/production/_ext/659856544/I2CSlaveDataReadRequested.o
LOAD build/default/production/_ext/659856544/I2CConfigure.o
LOAD build/default/production/_ext/659856544/I2CReceivedByteIsAnAddress.o
LOAD build/default/production/_ext/659856544/I2CSlaveClockRelease.o
LOAD build/default/production/_ext/659856544/I2CByteWasAcknowledged.o
LOAD build/default/production/_ext/659856544/I2CAcknowledgeHasCompleted.o
LOAD build/default/production/_ext/659856544/I2CGetStatus.o
LOAD build/default/production/_ext/659856544/I2CPrivate.o
LOAD build/default/production/_ext/659856544/I2CSetFrequency.o
LOAD ../../../../bin/framework/peripheral/PIC32MX795F512L_peripherals.a
LOAD ../../../../framework/tcpip/src/crypto/aes_pic32mx.a
                0x00000001                __MPLAB_BUILD = 0x1
                0x00000000                _min_heap_size = 0x0
LOAD /home/john/microchip/xc32/v1.42/bin/bin/../../lib/gcc/pic32mx/4.8.3/../../../../pic32mx/lib/./proc/32MX795F512L/default_isr_vectors.o
LOAD /home/john/microchip/xc32/v1.42/bin/bin/../../lib/gcc/pic32mx/4.8.3/../../../../pic32mx/lib/pic32_software_reset.o
                0x00000400                PROVIDE (_min_stack_size, 0x400)
LOAD /home/john/microchip/xc32/v1.42/bin/bin/../../lib/gcc/pic32mx/4.8.3/../../../../pic32mx/lib/./proc/32MX795F512L/processor.o
START GROUP
LOAD libmchp_peripheral.a
END GROUP
START GROUP
LOAD libmchp_peripheral_32MX795F512L.a
END GROUP
                0x00000001                PROVIDE (_vector_spacing, 0x1)
                0x9fc01000                PROVIDE (_ebase_address, 0x9fc01000)
                0xbfc00000                _RESET_ADDR = 0xbfc00000
                0xbfc00380                _BEV_EXCPT_ADDR = 0xbfc00380
                0xbfc00480                _DBG_EXCPT_ADDR = 0xbfc00480
                0xbfc02000                _DBG_CODE_ADDR = 0xbfc02000
                0x00000ff0                _DBG_CODE_SIZE = 0xff0
                0x9fc01180                _GEN_EXCPT_ADDR = (_ebase_address + 0x180)

.config_BFC02FF0
                0xbfc02ff0        0x4
 *(.config_BFC02FF0)
 .config_BFC02FF0
                0xbfc02ff0        0x4 build/default/production/_ext/1688732426/system_init.o

.config_BFC02FF4
                0xbfc02ff4        0x4
 *(.config_BFC02FF4)
 .config_BFC02FF4
                0xbfc02ff4        0x4 build/default/production/_ext/1688732426/system_init.o

.config_BFC02FF8
                0xbfc02ff8        0x4
 *(.config_BFC02FF8)
 .config_BFC02FF8
                0xbfc02ff8        0x4 build/default/production/_ext/1688732426/system_init.o

.config_BFC02FFC
                0xbfc02ffc        0x4
 *(.config_BFC02FFC)
 .config_BFC02FFC
                0xbfc02ffc        0x4 build/default/production/_ext/1688732426/system_init.o
                0xbfc02000                PROVIDE (_DBG_CODE_ADDR, 0xbfc02000)
                0x00000ff0                PROVIDE (_DBG_CODE_SIZE, 0xff0)

.reset          0xbfc00000      0x208
 *(.reset)
 .reset         0xbfc00000        0x8 /home/john/microchip/xc32/v1.42/bin/bin/../../lib/gcc/pic32mx/4.8.3/../../../../pic32mx/lib/./proc/32MX795F512L/crt0_mips32r2.o
                0xbfc00000                _reset
 *(.reset.startup)
 .reset.startup
                0xbfc00008      0x200 /home/john/microchip/xc32/v1.42/bin/bin/../../lib/gcc/pic32mx/4.8.3/../../../../pic32mx/lib/./proc/32MX795F512L/crt0_mips32r2.o

.bev_excpt      0xbfc00380       0x10
 *(.bev_handler)
 .bev_handler   0xbfc00380       0x10 /home/john/microchip/xc32/v1.42/bin/bin/../../lib/gcc/pic32mx/4.8.3/../../../../pic32mx/lib/./proc/32MX795F512L/crt0_mips32r2.o

.dbg_excpt      0xbfc00480        0x0
                0xbfc00480                . = (. + DEFINED (_DEBUGGER)?0x8:0x0)

.dbg_code       0xbfc02000        0x0
                0xbfc02000                . = (. + DEFINED (_DEBUGGER)?_DBG_CODE_SIZE:0x0)

.app_excpt      0x9fc01180       0x10
 *(.gen_handler)
 .gen_handler   0x9fc01180       0x10 /home/john/microchip/xc32/v1.42/bin/bin/../../lib/gcc/pic32mx/4.8.3/../../../../pic32mx/lib/./proc/32MX795F512L/crt0_mips32r2.o

.vector_0       0x9fc01200        0x8
 *(.vector_0)
 .vector_0      0x9fc01200        0x8 /home/john/microchip/xc32/v1.42/bin/bin/../../lib/gcc/pic32mx/4.8.3/../../../../pic32mx/lib/libpic32.a(vector0.o)
                0x9fc01200                __vector_dispatch_0
                0x00000001                ASSERT (((_vector_spacing == 0x0) || (SIZEOF (.vector_0) <= (_vector_spacing << 0x5))), function at exception vector 0 too large)

.vector_1       0x9fc01220        0x8
 *(.vector_1)
 .vector_1      0x9fc01220        0x8 build/default/production/_ext/12131622/port.o
                0x9fc01220                __vector_dispatch_1
                0x00000001                ASSERT (((_vector_spacing == 0x0) || (SIZEOF (.vector_1) <= (_vector_spacing << 0x5))), function at exception vector 1 too large)

.vector_2       0x9fc01240        0x8
 *(.vector_2)
 .vector_2      0x9fc01240        0x8 /home/john/microchip/xc32/v1.42/bin/bin/../../lib/gcc/pic32mx/4.8.3/../../../../pic32mx/lib/libpic32.a(vector2.o)
                0x9fc01240                __vector_dispatch_2
                0x00000001                ASSERT (((_vector_spacing == 0x0) || (SIZEOF (.vector_2) <= (_vector_spacing << 0x5))), function at exception vector 2 too large)

.vector_3       0x9fc01260        0x8
 *(.vector_3)
 .vector_3      0x9fc01260        0x8 /home/john/microchip/xc32/v1.42/bin/bin/../../lib/gcc/pic32mx/4.8.3/../../../../pic32mx/lib/libpic32.a(vector3.o)
                0x9fc01260                __vector_dispatch_3
                0x00000001                ASSERT (((_vector_spacing == 0x0) || (SIZEOF (.vector_3) <= (_vector_spacing << 0x5))), function at exception vector 3 too large)

.vector_4       0x9fc01280        0x8
 *(.vector_4)
 .vector_4      0x9fc01280        0x8 build/default/production/_ext/12131622/port.o
                0x9fc01280                __vector_dispatch_4
                0x00000001                ASSERT (((_vector_spacing == 0x0) || (SIZEOF (.vector_4) <= (_vector_spacing << 0x5))), function at exception vector 4 too large)

.vector_5       0x9fc012a0        0x8
 *(.vector_5)
 .vector_5      0x9fc012a0        0x8 /home/john/microchip/xc32/v1.42/bin/bin/../../lib/gcc/pic32mx/4.8.3/../../../../pic32mx/lib/libpic32.a(vector5.o)
                0x9fc012a0                __vector_dispatch_5
                0x00000001                ASSERT (((_vector_spacing == 0x0) || (SIZEOF (.vector_5) <= (_vector_spacing << 0x5))), function at exception vector 5 too large)

.vector_6       0x9fc012c0        0x8
 *(.vector_6)
 .vector_6      0x9fc012c0        0x8 /home/john/microchip/xc32/v1.42/bin/bin/../../lib/gcc/pic32mx/4.8.3/../../../../pic32mx/lib/libpic32.a(vector6.o)
                0x9fc012c0                __vector_dispatch_6
                0x00000001                ASSERT (((_vector_spacing == 0x0) || (SIZEOF (.vector_6) <= (_vector_spacing << 0x5))), function at exception vector 6 too large)

.vector_7       0x9fc012e0        0x8
 *(.vector_7)
 .vector_7      0x9fc012e0        0x8 /home/john/microchip/xc32/v1.42/bin/bin/../../lib/gcc/pic32mx/4.8.3/../../../../pic32mx/lib/libpic32.a(vector7.o)
                0x9fc012e0                __vector_dispatch_7
                0x00000001                ASSERT (((_vector_spacing == 0x0) || (SIZEOF (.vector_7) <= (_vector_spacing << 0x5))), function at exception vector 7 too large)

.vector_8       0x9fc01300        0x8
 *(.vector_8)
 .vector_8      0x9fc01300        0x8 /home/john/microchip/xc32/v1.42/bin/bin/../../lib/gcc/pic32mx/4.8.3/../../../../pic32mx/lib/libpic32.a(vector8.o)
                0x9fc01300                __vector_dispatch_8
                0x00000001                ASSERT (((_vector_spacing == 0x0) || (SIZEOF (.vector_8) <= (_vector_spacing << 0x5))), function at exception vector 8 too large)

.vector_9       0x9fc01320        0x8
 *(.vector_9)
 .vector_9      0x9fc01320        0x8 /home/john/microchip/xc32/v1.42/bin/bin/../../lib/gcc/pic32mx/4.8.3/../../../../pic32mx/lib/libpic32.a(vector9.o)
                0x9fc01320                __vector_dispatch_9
                0x00000001                ASSERT (((_vector_spacing == 0x0) || (SIZEOF (.vector_9) <= (_vector_spacing << 0x5))), function at exception vector 9 too large)

.vector_10      0x9fc01340        0x8
 *(.vector_10)
 .vector_10     0x9fc01340        0x8 /home/john/microchip/xc32/v1.42/bin/bin/../../lib/gcc/pic32mx/4.8.3/../../../../pic32mx/lib/libpic32.a(vector10.o)
                0x9fc01340                __vector_dispatch_10
                0x00000001                ASSERT (((_vector_spacing == 0x0) || (SIZEOF (.vector_10) <= (_vector_spacing << 0x5))), function at exception vector 10 too large)

.vector_11      0x9fc01360        0x8
 *(.vector_11)
 .vector_11     0x9fc01360        0x8 /home/john/microchip/xc32/v1.42/bin/bin/../../lib/gcc/pic32mx/4.8.3/../../../../pic32mx/lib/libpic32.a(vector11.o)
                0x9fc01360                __vector_dispatch_11
                0x00000001                ASSERT (((_vector_spacing == 0x0) || (SIZEOF (.vector_11) <= (_vector_spacing << 0x5))), function at exception vector 11 too large)

.vector_12      0x9fc01380        0x8
 *(.vector_12)
 .vector_12     0x9fc01380        0x8 /home/john/microchip/xc32/v1.42/bin/bin/../../lib/gcc/pic32mx/4.8.3/../../../../pic32mx/lib/libpic32.a(vector12.o)
                0x9fc01380                __vector_dispatch_12
                0x00000001                ASSERT (((_vector_spacing == 0x0) || (SIZEOF (.vector_12) <= (_vector_spacing << 0x5))), function at exception vector 12 too large)

.vector_13      0x9fc013a0        0x8
 *(.vector_13)
 .vector_13     0x9fc013a0        0x8 /home/john/microchip/xc32/v1.42/bin/bin/../../lib/gcc/pic32mx/4.8.3/../../../../pic32mx/lib/libpic32.a(vector13.o)
                0x9fc013a0                __vector_dispatch_13
                0x00000001                ASSERT (((_vector_spacing == 0x0) || (SIZEOF (.vector_13) <= (_vector_spacing << 0x5))), function at exception vector 13 too large)

.vector_14      0x9fc013c0        0x8
 *(.vector_14)
 .vector_14     0x9fc013c0        0x8 /home/john/microchip/xc32/v1.42/bin/bin/../../lib/gcc/pic32mx/4.8.3/../../../../pic32mx/lib/libpic32.a(vector14.o)
                0x9fc013c0                __vector_dispatch_14
                0x00000001                ASSERT (((_vector_spacing == 0x0) || (SIZEOF (.vector_14) <= (_vector_spacing << 0x5))), function at exception vector 14 too large)

.vector_15      0x9fc013e0        0x8
 *(.vector_15)
 .vector_15     0x9fc013e0        0x8 /home/john/microchip/xc32/v1.42/bin/bin/../../lib/gcc/pic32mx/4.8.3/../../../../pic32mx/lib/libpic32.a(vector15.o)
                0x9fc013e0                __vector_dispatch_15
                0x00000001                ASSERT (((_vector_spacing == 0x0) || (SIZEOF (.vector_15) <= (_vector_spacing << 0x5))), function at exception vector 15 too large)

.vector_16      0x9fc01400        0x8
 *(.vector_16)
 .vector_16     0x9fc01400        0x8 /home/john/microchip/xc32/v1.42/bin/bin/../../lib/gcc/pic32mx/4.8.3/../../../../pic32mx/lib/libpic32.a(vector16.o)
                0x9fc01400                __vector_dispatch_16
                0x00000001                ASSERT (((_vector_spacing == 0x0) || (SIZEOF (.vector_16) <= (_vector_spacing << 0x5))), function at exception vector 16 too large)

.vector_17      0x9fc01420        0x8
 *(.vector_17)
 .vector_17     0x9fc01420        0x8 /home/john/microchip/xc32/v1.42/bin/bin/../../lib/gcc/pic32mx/4.8.3/../../../../pic32mx/lib/libpic32.a(vector17.o)
                0x9fc01420                __vector_dispatch_17
                0x00000001                ASSERT (((_vector_spacing == 0x0) || (SIZEOF (.vector_17) <= (_vector_spacing << 0x5))), function at exception vector 17 too large)

.vector_18      0x9fc01440        0x8
 *(.vector_18)
 .vector_18     0x9fc01440        0x8 /home/john/microchip/xc32/v1.42/bin/bin/../../lib/gcc/pic32mx/4.8.3/../../../../pic32mx/lib/libpic32.a(vector18.o)
                0x9fc01440                __vector_dispatch_18
                0x00000001                ASSERT (((_vector_spacing == 0x0) || (SIZEOF (.vector_18) <= (_vector_spacing << 0x5))), function at exception vector 18 too large)

.vector_19      0x9fc01460        0x8
 *(.vector_19)
 .vector_19     0x9fc01460        0x8 /home/john/microchip/xc32/v1.42/bin/bin/../../lib/gcc/pic32mx/4.8.3/../../../../pic32mx/lib/libpic32.a(vector19.o)
                0x9fc01460                __vector_dispatch_19
                0x00000001                ASSERT (((_vector_spacing == 0x0) || (SIZEOF (.vector_19) <= (_vector_spacing << 0x5))), function at exception vector 19 too large)

.vector_20      0x9fc01480        0x8
 *(.vector_20)
 .vector_20     0x9fc01480        0x8 /home/john/microchip/xc32/v1.42/bin/bin/../../lib/gcc/pic32mx/4.8.3/../../../../pic32mx/lib/libpic32.a(vector20.o)
                0x9fc01480                __vector_dispatch_20
                0x00000001                ASSERT (((_vector_spacing == 0x0) || (SIZEOF (.vector_20) <= (_vector_spacing << 0x5))), function at exception vector 20 too large)

.vector_21      0x9fc014a0        0x8
 *(.vector_21)
 .vector_21     0x9fc014a0        0x8 /home/john/microchip/xc32/v1.42/bin/bin/../../lib/gcc/pic32mx/4.8.3/../../../../pic32mx/lib/libpic32.a(vector21.o)
                0x9fc014a0                __vector_dispatch_21
                0x00000001                ASSERT (((_vector_spacing == 0x0) || (SIZEOF (.vector_21) <= (_vector_spacing << 0x5))), function at exception vector 21 too large)

.vector_22      0x9fc014c0        0x8
 *(.vector_22)
 .vector_22     0x9fc014c0        0x8 /home/john/microchip/xc32/v1.42/bin/bin/../../lib/gcc/pic32mx/4.8.3/../../../../pic32mx/lib/libpic32.a(vector22.o)
                0x9fc014c0                __vector_dispatch_22
                0x00000001                ASSERT (((_vector_spacing == 0x0) || (SIZEOF (.vector_22) <= (_vector_spacing << 0x5))), function at exception vector 22 too large)

.vector_23      0x9fc014e0        0x8
 *(.vector_23)
 .vector_23     0x9fc014e0        0x8 /home/john/microchip/xc32/v1.42/bin/bin/../../lib/gcc/pic32mx/4.8.3/../../../../pic32mx/lib/libpic32.a(vector23.o)
                0x9fc014e0                __vector_dispatch_23
                0x00000001                ASSERT (((_vector_spacing == 0x0) || (SIZEOF (.vector_23) <= (_vector_spacing << 0x5))), function at exception vector 23 too large)

.vector_24      0x9fc01500       0x10
 *(.vector_24)
 .vector_24     0x9fc01500       0x10 build/default/production/_ext/1688732426/system_interrupt_a.o
                0x9fc01500                __vector_dispatch_24
                0x00000001                ASSERT (((_vector_spacing == 0x0) || (SIZEOF (.vector_24) <= (_vector_spacing << 0x5))), function at exception vector 24 too large)

.vector_25      0x9fc01520        0x8
 *(.vector_25)
 .vector_25     0x9fc01520        0x8 /home/john/microchip/xc32/v1.42/bin/bin/../../lib/gcc/pic32mx/4.8.3/../../../../pic32mx/lib/libpic32.a(vector25.o)
                0x9fc01520                __vector_dispatch_25
                0x00000001                ASSERT (((_vector_spacing == 0x0) || (SIZEOF (.vector_25) <= (_vector_spacing << 0x5))), function at exception vector 25 too large)

.vector_26      0x9fc01540        0x8
 *(.vector_26)
 .vector_26     0x9fc01540        0x8 /home/john/microchip/xc32/v1.42/bin/bin/../../lib/gcc/pic32mx/4.8.3/../../../../pic32mx/lib/libpic32.a(vector26.o)
                0x9fc01540                __vector_dispatch_26
                0x00000001                ASSERT (((_vector_spacing == 0x0) || (SIZEOF (.vector_26) <= (_vector_spacing << 0x5))), function at exception vector 26 too large)

.vector_27      0x9fc01560        0x8
 *(.vector_27)
 .vector_27     0x9fc01560        0x8 /home/john/microchip/xc32/v1.42/bin/bin/../../lib/gcc/pic32mx/4.8.3/../../../../pic32mx/lib/libpic32.a(vector27.o)
                0x9fc01560                __vector_dispatch_27
                0x00000001                ASSERT (((_vector_spacing == 0x0) || (SIZEOF (.vector_27) <= (_vector_spacing << 0x5))), function at exception vector 27 too large)

.vector_28      0x9fc01580        0x8
 *(.vector_28)
 .vector_28     0x9fc01580        0x8 /home/john/microchip/xc32/v1.42/bin/bin/../../lib/gcc/pic32mx/4.8.3/../../../../pic32mx/lib/libpic32.a(vector28.o)
                0x9fc01580                __vector_dispatch_28
                0x00000001                ASSERT (((_vector_spacing == 0x0) || (SIZEOF (.vector_28) <= (_vector_spacing << 0x5))), function at exception vector 28 too large)

.vector_29      0x9fc015a0        0x8
 *(.vector_29)
 .vector_29     0x9fc015a0        0x8 /home/john/microchip/xc32/v1.42/bin/bin/../../lib/gcc/pic32mx/4.8.3/../../../../pic32mx/lib/libpic32.a(vector29.o)
                0x9fc015a0                __vector_dispatch_29
                0x00000001                ASSERT (((_vector_spacing == 0x0) || (SIZEOF (.vector_29) <= (_vector_spacing << 0x5))), function at exception vector 29 too large)

.vector_30      0x9fc015c0        0x8
 *(.vector_30)
 .vector_30     0x9fc015c0        0x8 /home/john/microchip/xc32/v1.42/bin/bin/../../lib/gcc/pic32mx/4.8.3/../../../../pic32mx/lib/libpic32.a(vector30.o)
                0x9fc015c0                __vector_dispatch_30
                0x00000001                ASSERT (((_vector_spacing == 0x0) || (SIZEOF (.vector_30) <= (_vector_spacing << 0x5))), function at exception vector 30 too large)

.vector_31      0x9fc015e0        0x8
 *(.vector_31)
 .vector_31     0x9fc015e0        0x8 /home/john/microchip/xc32/v1.42/bin/bin/../../lib/gcc/pic32mx/4.8.3/../../../../pic32mx/lib/libpic32.a(vector31.o)
                0x9fc015e0                __vector_dispatch_31
                0x00000001                ASSERT (((_vector_spacing == 0x0) || (SIZEOF (.vector_31) <= (_vector_spacing << 0x5))), function at exception vector 31 too large)

.vector_32      0x9fc01600       0x10
 *(.vector_32)
 .vector_32     0x9fc01600       0x10 build/default/production/_ext/1688732426/system_interrupt_a.o
                0x9fc01600                __vector_dispatch_32
                0x00000001                ASSERT (((_vector_spacing == 0x0) || (SIZEOF (.vector_32) <= (_vector_spacing << 0x5))), function at exception vector 32 too large)

.vector_33      0x9fc01620        0x8
 *(.vector_33)
 .vector_33     0x9fc01620        0x8 /home/john/microchip/xc32/v1.42/bin/bin/../../lib/gcc/pic32mx/4.8.3/../../../../pic32mx/lib/libpic32.a(vector33.o)
                0x9fc01620                __vector_dispatch_33
                0x00000001                ASSERT (((_vector_spacing == 0x0) || (SIZEOF (.vector_33) <= (_vector_spacing << 0x5))), function at exception vector 33 too large)

.vector_34      0x9fc01640        0x8
 *(.vector_34)
 .vector_34     0x9fc01640        0x8 /home/john/microchip/xc32/v1.42/bin/bin/../../lib/gcc/pic32mx/4.8.3/../../../../pic32mx/lib/libpic32.a(vector34.o)
                0x9fc01640                __vector_dispatch_34
                0x00000001                ASSERT (((_vector_spacing == 0x0) || (SIZEOF (.vector_34) <= (_vector_spacing << 0x5))), function at exception vector 34 too large)

.vector_35      0x9fc01660        0x8
 *(.vector_35)
 .vector_35     0x9fc01660        0x8 /home/john/microchip/xc32/v1.42/bin/bin/../../lib/gcc/pic32mx/4.8.3/../../../../pic32mx/lib/libpic32.a(vector35.o)
                0x9fc01660                __vector_dispatch_35
                0x00000001                ASSERT (((_vector_spacing == 0x0) || (SIZEOF (.vector_35) <= (_vector_spacing << 0x5))), function at exception vector 35 too large)

.vector_36      0x9fc01680        0x8
 *(.vector_36)
 .vector_36     0x9fc01680        0x8 /home/john/microchip/xc32/v1.42/bin/bin/../../lib/gcc/pic32mx/4.8.3/../../../../pic32mx/lib/libpic32.a(vector36.o)
                0x9fc01680                __vector_dispatch_36
                0x00000001                ASSERT (((_vector_spacing == 0x0) || (SIZEOF (.vector_36) <= (_vector_spacing << 0x5))), function at exception vector 36 too large)

.vector_37      0x9fc016a0        0x8
 *(.vector_37)
 .vector_37     0x9fc016a0        0x8 /home/john/microchip/xc32/v1.42/bin/bin/../../lib/gcc/pic32mx/4.8.3/../../../../pic32mx/lib/libpic32.a(vector37.o)
                0x9fc016a0                __vector_dispatch_37
                0x00000001                ASSERT (((_vector_spacing == 0x0) || (SIZEOF (.vector_37) <= (_vector_spacing << 0x5))), function at exception vector 37 too large)

.vector_38      0x9fc016c0        0x8
 *(.vector_38)
 .vector_38     0x9fc016c0        0x8 /home/john/microchip/xc32/v1.42/bin/bin/../../lib/gcc/pic32mx/4.8.3/../../../../pic32mx/lib/libpic32.a(vector38.o)
                0x9fc016c0                __vector_dispatch_38
                0x00000001                ASSERT (((_vector_spacing == 0x0) || (SIZEOF (.vector_38) <= (_vector_spacing << 0x5))), function at exception vector 38 too large)

.vector_39      0x9fc016e0        0x8
 *(.vector_39)
 .vector_39     0x9fc016e0        0x8 /home/john/microchip/xc32/v1.42/bin/bin/../../lib/gcc/pic32mx/4.8.3/../../../../pic32mx/lib/libpic32.a(vector39.o)
                0x9fc016e0                __vector_dispatch_39
                0x00000001                ASSERT (((_vector_spacing == 0x0) || (SIZEOF (.vector_39) <= (_vector_spacing << 0x5))), function at exception vector 39 too large)

.vector_40      0x9fc01700        0x8
 *(.vector_40)
 .vector_40     0x9fc01700        0x8 /home/john/microchip/xc32/v1.42/bin/bin/../../lib/gcc/pic32mx/4.8.3/../../../../pic32mx/lib/libpic32.a(vector40.o)
                0x9fc01700                __vector_dispatch_40
                0x00000001                ASSERT (((_vector_spacing == 0x0) || (SIZEOF (.vector_40) <= (_vector_spacing << 0x5))), function at exception vector 40 too large)

.vector_41      0x9fc01720        0x8
 *(.vector_41)
 .vector_41     0x9fc01720        0x8 /home/john/microchip/xc32/v1.42/bin/bin/../../lib/gcc/pic32mx/4.8.3/../../../../pic32mx/lib/libpic32.a(vector41.o)
                0x9fc01720                __vector_dispatch_41
                0x00000001                ASSERT (((_vector_spacing == 0x0) || (SIZEOF (.vector_41) <= (_vector_spacing << 0x5))), function at exception vector 41 too large)

.vector_42      0x9fc01740        0x8
 *(.vector_42)
 .vector_42     0x9fc01740        0x8 /home/john/microchip/xc32/v1.42/bin/bin/../../lib/gcc/pic32mx/4.8.3/../../../../pic32mx/lib/libpic32.a(vector42.o)
                0x9fc01740                __vector_dispatch_42
                0x00000001                ASSERT (((_vector_spacing == 0x0) || (SIZEOF (.vector_42) <= (_vector_spacing << 0x5))), function at exception vector 42 too large)

.vector_43      0x9fc01760        0x8
 *(.vector_43)
 .vector_43     0x9fc01760        0x8 /home/john/microchip/xc32/v1.42/bin/bin/../../lib/gcc/pic32mx/4.8.3/../../../../pic32mx/lib/libpic32.a(vector43.o)
                0x9fc01760                __vector_dispatch_43
                0x00000001                ASSERT (((_vector_spacing == 0x0) || (SIZEOF (.vector_43) <= (_vector_spacing << 0x5))), function at exception vector 43 too large)

.vector_44      0x9fc01780        0x8
 *(.vector_44)
 .vector_44     0x9fc01780        0x8 /home/john/microchip/xc32/v1.42/bin/bin/../../lib/gcc/pic32mx/4.8.3/../../../../pic32mx/lib/libpic32.a(vector44.o)
                0x9fc01780                __vector_dispatch_44
                0x00000001                ASSERT (((_vector_spacing == 0x0) || (SIZEOF (.vector_44) <= (_vector_spacing << 0x5))), function at exception vector 44 too large)

.vector_45      0x9fc017a0        0x8
 *(.vector_45)
 .vector_45     0x9fc017a0        0x8 /home/john/microchip/xc32/v1.42/bin/bin/../../lib/gcc/pic32mx/4.8.3/../../../../pic32mx/lib/libpic32.a(vector45.o)
                0x9fc017a0                __vector_dispatch_45
                0x00000001                ASSERT (((_vector_spacing == 0x0) || (SIZEOF (.vector_45) <= (_vector_spacing << 0x5))), function at exception vector 45 too large)

.vector_46      0x9fc017c0        0x8
 *(.vector_46)
 .vector_46     0x9fc017c0        0x8 /home/john/microchip/xc32/v1.42/bin/bin/../../lib/gcc/pic32mx/4.8.3/../../../../pic32mx/lib/libpic32.a(vector46.o)
                0x9fc017c0                __vector_dispatch_46
                0x00000001                ASSERT (((_vector_spacing == 0x0) || (SIZEOF (.vector_46) <= (_vector_spacing << 0x5))), function at exception vector 46 too large)

.vector_47      0x9fc017e0        0x8
 *(.vector_47)
 .vector_47     0x9fc017e0        0x8 /home/john/microchip/xc32/v1.42/bin/bin/../../lib/gcc/pic32mx/4.8.3/../../../../pic32mx/lib/libpic32.a(vector47.o)
                0x9fc017e0                __vector_dispatch_47
                0x00000001                ASSERT (((_vector_spacing == 0x0) || (SIZEOF (.vector_47) <= (_vector_spacing << 0x5))), function at exception vector 47 too large)

.vector_48      0x9fc01800        0x8
 *(.vector_48)
 .vector_48     0x9fc01800        0x8 /home/john/microchip/xc32/v1.42/bin/bin/../../lib/gcc/pic32mx/4.8.3/../../../../pic32mx/lib/libpic32.a(vector48.o)
                0x9fc01800                __vector_dispatch_48
                0x00000001                ASSERT (((_vector_spacing == 0x0) || (SIZEOF (.vector_48) <= (_vector_spacing << 0x5))), function at exception vector 48 too large)

.vector_49      0x9fc01820        0x8
 *(.vector_49)
 .vector_49     0x9fc01820        0x8 /home/john/microchip/xc32/v1.42/bin/bin/../../lib/gcc/pic32mx/4.8.3/../../../../pic32mx/lib/libpic32.a(vector49.o)
                0x9fc01820                __vector_dispatch_49
                0x00000001                ASSERT (((_vector_spacing == 0x0) || (SIZEOF (.vector_49) <= (_vector_spacing << 0x5))), function at exception vector 49 too large)

.vector_50      0x9fc01840        0x8
 *(.vector_50)
 .vector_50     0x9fc01840        0x8 /home/john/microchip/xc32/v1.42/bin/bin/../../lib/gcc/pic32mx/4.8.3/../../../../pic32mx/lib/libpic32.a(vector50.o)
                0x9fc01840                __vector_dispatch_50
                0x00000001                ASSERT (((_vector_spacing == 0x0) || (SIZEOF (.vector_50) <= (_vector_spacing << 0x5))), function at exception vector 50 too large)

.vector_51      0x9fc01860        0x8
 *(.vector_51)
 .vector_51     0x9fc01860        0x8 /home/john/microchip/xc32/v1.42/bin/bin/../../lib/gcc/pic32mx/4.8.3/../../../../pic32mx/lib/libpic32.a(vector51.o)
                0x9fc01860                __vector_dispatch_51
                0x00000001                ASSERT (((_vector_spacing == 0x0) || (SIZEOF (.vector_51) <= (_vector_spacing << 0x5))), function at exception vector 51 too large)

.vector_52      0x9fc01880        0x0
 *(.vector_52)
                0x00000001                ASSERT (((_vector_spacing == 0x0) || (SIZEOF (.vector_52) <= (_vector_spacing << 0x5))), function at exception vector 52 too large)

.vector_53      0x9fc018a0        0x0
 *(.vector_53)
                0x00000001                ASSERT (((_vector_spacing == 0x0) || (SIZEOF (.vector_53) <= (_vector_spacing << 0x5))), function at exception vector 53 too large)

.vector_54      0x9fc018c0        0x0
 *(.vector_54)
                0x00000001                ASSERT (((_vector_spacing == 0x0) || (SIZEOF (.vector_54) <= (_vector_spacing << 0x5))), function at exception vector 54 too large)

.vector_55      0x9fc018e0        0x0
 *(.vector_55)
                0x00000001                ASSERT (((_vector_spacing == 0x0) || (SIZEOF (.vector_55) <= (_vector_spacing << 0x5))), function at exception vector 55 too large)

.vector_56      0x9fc01900        0x0
 *(.vector_56)
                0x00000001                ASSERT (((_vector_spacing == 0x0) || (SIZEOF (.vector_56) <= (_vector_spacing << 0x5))), function at exception vector 56 too large)

.vector_57      0x9fc01920        0x0
 *(.vector_57)
                0x00000001                ASSERT (((_vector_spacing == 0x0) || (SIZEOF (.vector_57) <= (_vector_spacing << 0x5))), function at exception vector 57 too large)

.vector_58      0x9fc01940        0x0
 *(.vector_58)
                0x00000001                ASSERT (((_vector_spacing == 0x0) || (SIZEOF (.vector_58) <= (_vector_spacing << 0x5))), function at exception vector 58 too large)

.vector_59      0x9fc01960        0x0
 *(.vector_59)
                0x00000001                ASSERT (((_vector_spacing == 0x0) || (SIZEOF (.vector_59) <= (_vector_spacing << 0x5))), function at exception vector 59 too large)

.vector_60      0x9fc01980        0x0
 *(.vector_60)
                0x00000001                ASSERT (((_vector_spacing == 0x0) || (SIZEOF (.vector_60) <= (_vector_spacing << 0x5))), function at exception vector 60 too large)

.vector_61      0x9fc019a0        0x0
 *(.vector_61)
                0x00000001                ASSERT (((_vector_spacing == 0x0) || (SIZEOF (.vector_61) <= (_vector_spacing << 0x5))), function at exception vector 61 too large)

.vector_62      0x9fc019c0        0x0
 *(.vector_62)
                0x00000001                ASSERT (((_vector_spacing == 0x0) || (SIZEOF (.vector_62) <= (_vector_spacing << 0x5))), function at exception vector 62 too large)

.vector_63      0x9fc019e0        0x0
 *(.vector_63)
                0x00000001                ASSERT (((_vector_spacing == 0x0) || (SIZEOF (.vector_63) <= (_vector_spacing << 0x5))), function at exception vector 63 too large)

.startup
 *(.startup)

.text           0x9d000000        0x0
 *(.stub .gnu.linkonce.t.*)
 *(.text.*personality*)
 *(.mips16.fn.*)
 *(.mips16.call.*)
 *(.gnu.warning)
                0x9d000000                . = ALIGN (0x4)

.init           0x9d000000        0x0
 *crti.o(.init)
 *crtbegin.o(.init)
 *(EXCLUDE_FILE(*crtn.o *crtend?.o *crtend.o) .init)
 *crtend.o(.init)
 *crtn.o(.init)
                0x9d000000                . = ALIGN (0x4)

.fini           0x9d000000        0x0
 *(.fini)
                0x9d000000                . = ALIGN (0x4)

.preinit_array  0x9d000000        0x0
                0x9d000000                PROVIDE (__preinit_array_start, .)
 *(.preinit_array)
                0x9d000000                PROVIDE (__preinit_array_end, .)
                0x9d000000                . = ALIGN (0x4)

.init_array     0x9d000000        0x0
                0x9d000000                PROVIDE (__init_array_start, .)
 *(SORT(.init_array.*))
 *(.init_array)
                0x9d000000                PROVIDE (__init_array_end, .)
                0x9d000000                . = ALIGN (0x4)

.fini_array     0x9d000000        0x0
                0x9d000000                PROVIDE (__fini_array_start, .)
 *(SORT(.fini_array.*))
 *(.fini_array)
                0x9d000000                PROVIDE (__fini_array_end, .)
                0x9d000000                . = ALIGN (0x4)

.ctors          0x9d000000        0x0
 *crtbegin.o(.ctors)
 *crtbegin?.o(.ctors)
 *(EXCLUDE_FILE(*crtend?.o *crtend.o) .ctors)
 *(SORT(.ctors.*))
 *(.ctors)
                0x9d000000                . = ALIGN (0x4)

.dtors          0x9d000000        0x0
 *crtbegin.o(.dtors)
 *crtbegin?.o(.dtors)
 *(EXCLUDE_FILE(*crtend?.o *crtend.o) .dtors)
 *(SORT(.dtors.*))
 *(.dtors)
                0x9d000000                . = ALIGN (0x4)

.rodata         0x9d000000        0x0
 *(.gnu.linkonce.r.*)
 *(.rodata1)
                0x9d000000                . = ALIGN (0x4)

.sdata2         0x9fc00490        0x0
 *(.sdata2 .sdata2.* .gnu.linkonce.s2.*)
                0x9fc00490                . = ALIGN (0x4)

.sbss2          0x9fc00490        0x0
 *(.sbss2 .sbss2.* .gnu.linkonce.sb2.*)
                0x9fc00490                . = ALIGN (0x4)

.eh_frame_hdr
 *(.eh_frame_hdr)
                0x9fc00490                . = ALIGN (0x4)

.eh_frame
 *(.eh_frame)
                0x9fc00490                . = ALIGN (0x4)

.gcc_except_table
 *(.gcc_except_table .gcc_except_table.*)
                0x9fc00490                . = ALIGN (0x4)

.dbg_data       0xa0000000        0x0
                0xa0000000                . = (. + DEFINED (_DEBUGGER)?0x200:0x0)

.jcr            0xa0000000        0x0
 *(.jcr)
                0xa0000000                . = ALIGN (0x4)

.eh_frame
 *(.eh_frame)
                0xa0000000                . = ALIGN (0x4)

.gcc_except_table
 *(.gcc_except_table .gcc_except_table.*)
                0xa0000000                . = ALIGN (0x4)

.persist        0xa0000000        0x0
                0xa0000000                _persist_begin = .
 *(.persist .persist.*)
 *(.pbss .pbss.*)
                0xa0000000                . = ALIGN (0x4)
                0xa0000000                _persist_end = .

.data           0xa0000000        0x0
 *(.gnu.linkonce.d.*)
 *(.data1)
                0xa0000000                . = ALIGN (0x4)
                0xa0000000                . = .
                0xa0007ff0                _gp = (ALIGN (0x10) + 0x7ff0)

.got            0xa0000000        0x0
 *(.got.plt)
 *(.got)
                0xa0000000                . = ALIGN (0x4)

.sdata          0xa0000000        0x4
                0xa0000000                _sdata_begin = .
 *(.sdata .sdata.* .gnu.linkonce.s.*)
 .sdata         0xa0000000        0x4 build/default/production/_ext/12131622/port.o
                0xa0000000                uxInterruptNesting
                0xa0000004                . = ALIGN (0x4)
                0xa0000004                _sdata_end = .

.lit8
 *(.lit8)

.lit4
 *(.lit4)
                0xa0000004                . = ALIGN (0x4)
                0xa0000004                _data_end = .
                0xa0000004                _bss_begin = .

.sbss           0xa0000004       0xb4
                0xa0000004                _sbss_begin = .
 *(.dynsbss)
 *(.sbss .sbss.* .gnu.linkonce.sb.*)
 .sbss          0xa0000004        0xc build/default/production/_ext/1688732426/system_exceptions.o
 .sbss          0xa0000010        0x4 build/default/production/_ext/1360937237/tsk_lfa_rx.o
 .sbss          0xa0000014        0x8 build/default/production/_ext/1856876499/heap_1.o
 .sbss          0xa000001c        0x4 build/default/production/_ext/12131622/port.o
                0xa000001c                uxSavedTaskStackPointer
 .sbss          0xa0000020       0x38 build/default/production/_ext/1128951024/tasks.o
                0xa0000054                pxCurrentTCB
 .sbss          0xa0000058       0x10 build/default/production/_ext/1128951024/timers.o
 *(.scommon)
 .scommon       0xa0000068       0x1c build/default/production/_ext/327000265/drv_usart_mapping.o
                0xa0000068                valid_data_queue
                0xa000006c                wifly_rx_queue
                0xa0000070                RVR_CurDirection
                0xa0000071                RVR_CurSpeed
                0xa0000074                debug_queue
                0xa0000078                UART_TX_Mutex
                0xa000007c                lfa_rx_queue
                0xa0000080                wifly_tx_queue
 .scommon       0xa0000084        0x8 build/default/production/_ext/327000265/drv_usart_static.o
                0xa0000084                gDrvUSART0Obj
                0xa0000088                gDrvUSART1Obj
 .scommon       0xa000008c        0x0 build/default/production/_ext/327000265/drv_usart_static_byte_model.o
 .scommon       0xa000008c        0x0 build/default/production/_ext/639803181/sys_clk_static.o
 .scommon       0xa000008c        0x0 build/default/production/_ext/1688732426/system_init.o
 .scommon       0xa000008c        0xd build/default/production/_ext/1688732426/system_interrupt.o
                0xa000008c                uart1ByteRcvBuffer
                0xa0000090                qSendCheckISR1
                0xa0000094                qSendCheckISR0
                0xa0000098                uart0ByteRcvBuffer
 .scommon       0xa0000099        0x0 build/default/production/_ext/1688732426/system_exceptions.o
 .scommon       0xa0000099        0x0 build/default/production/_ext/1688732426/system_tasks.o
 *fill*         0xa0000099        0x3 
 .scommon       0xa000009c        0x8 build/default/production/_ext/1360937237/tsk_lfa_rx.o
                0xa000009c                lfa_rx_i2c_buf
                0xa00000a0                lfa_rxData
 .scommon       0xa00000a4        0x8 build/default/production/_ext/1360937237/tsk_wifly_rx.o
                0xa00000a4                wiflyRcvByteBuffer
                0xa00000a8                wifly_rxData
 .scommon       0xa00000ac        0x4 build/default/production/_ext/1360937237/tsk_wifly_tx.o
                0xa00000ac                wifly_txData
 .scommon       0xa00000b0        0x0 build/default/production/_ext/1360937237/custom_init.o
 .scommon       0xa00000b0        0x0 build/default/production/_ext/1360937237/serialfsm.o
 .scommon       0xa00000b0        0x0 build/default/production/_ext/1360937237/serialresponds.o
 .scommon       0xa00000b0        0x0 build/default/production/_ext/1360937237/debug.o
 .scommon       0xa00000b0        0x0 build/default/production/_ext/1360937237/tsk_rvrstatus.o
 .scommon       0xa00000b0        0x0 build/default/production/_ext/1360937237/tsk_debug.o
 .scommon       0xa00000b0        0x8 build/default/production/_ext/1271179505/sys_devcon.o
                0xa00000b0                sysDevconObj
                0xa00000b8                _sbss_end = .
                0xa00000b8                . = ALIGN (0x4)

.bss            0xa00000b8       0xb8
 *(.dynbss)
 *(COMMON)
 COMMON         0xa00000b8        0xc build/default/production/_ext/1688732426/system_init.o
                0xa00000b8                sysObj
 COMMON         0xa00000c4       0x2c build/default/production/_ext/1360937237/tsk_wifly_rx.o
                0xa00000c4                testMsg
                0xa00000e4                serialData
 COMMON         0xa00000f0       0x20 build/default/production/_ext/1360937237/tsk_wifly_tx.o
                0xa00000f0                wiflyTransBuffer
 COMMON         0xa0000110       0x20 build/default/production/_ext/1360937237/serialresponds.o
                0xa0000110                s0RespBuffer
 COMMON         0xa0000130       0x20 build/default/production/_ext/1360937237/tsk_rvrstatus.o
                0xa0000130                rvrStatusBuffer
 COMMON         0xa0000150       0x20 build/default/production/_ext/1360937237/tsk_debug.o
                0xa0000150                debugTransBuffer
                0xa0000170                . = ALIGN ((. != 0x0)?0x4:0x1)
                0xa0000170                . = ALIGN (0x4)
                0xa0000170                _end = .
                0xa0000170                _bss_end = .
                0x00020000                _bmxdudba_address = 0x20000
                0x00020000                _bmxdupba_address = 0x20000

/DISCARD/
 *(.pdr)
 *(.rel.dyn)
 *(.note.GNU-stack)
 *(.note.GNU-stack)
 *(.gnu_debuglink)
 *(.gnu.lto_*)
 *(.discard)

.gptab.sdata
 *(.gptab.data)
 *(.gptab.sdata)

.gptab.sbss
 *(.gptab.bss)
 *(.gptab.sbss)

.mdebug.abi32   0xa0000170        0x0
 *(.mdebug.abi32)
 .mdebug.abi32  0xa0000170        0x0 build/default/production/_ext/327000265/drv_usart_mapping.o
 .mdebug.abi32  0xa0000170        0x0 build/default/production/_ext/327000265/drv_usart_static.o
 .mdebug.abi32  0xa0000170        0x0 build/default/production/_ext/327000265/drv_usart_static_byte_model.o
 .mdebug.abi32  0xa0000170        0x0 build/default/production/_ext/639803181/sys_clk_static.o
 .mdebug.abi32  0xa0000170        0x0 build/default/production/_ext/822048611/sys_ports_static.o
 .mdebug.abi32  0xa0000170        0x0 build/default/production/_ext/1688732426/system_init.o
 .mdebug.abi32  0xa0000170        0x0 build/default/production/_ext/1688732426/system_interrupt.o
 .mdebug.abi32  0xa0000170        0x0 build/default/production/_ext/1688732426/system_exceptions.o
 .mdebug.abi32  0xa0000170        0x0 build/default/production/_ext/1688732426/system_tasks.o
 .mdebug.abi32  0xa0000170        0x0 build/default/production/_ext/1688732426/rtos_hooks.o
 .mdebug.abi32  0xa0000170        0x0 build/default/production/_ext/1360937237/main.o
 .mdebug.abi32  0xa0000170        0x0 build/default/production/_ext/1360937237/tsk_lfa_rx.o
 .mdebug.abi32  0xa0000170        0x0 build/default/production/_ext/1360937237/tsk_wifly_rx.o
 .mdebug.abi32  0xa0000170        0x0 build/default/production/_ext/1360937237/tsk_wifly_tx.o
 .mdebug.abi32  0xa0000170        0x0 build/default/production/_ext/1360937237/custom_init.o
 .mdebug.abi32  0xa0000170        0x0 build/default/production/_ext/1360937237/serialfsm.o
 .mdebug.abi32  0xa0000170        0x0 build/default/production/_ext/1360937237/serialresponds.o
 .mdebug.abi32  0xa0000170        0x0 build/default/production/_ext/1360937237/debug.o
 .mdebug.abi32  0xa0000170        0x0 build/default/production/_ext/1360937237/tsk_rvrstatus.o
 .mdebug.abi32  0xa0000170        0x0 build/default/production/_ext/1360937237/tsk_debug.o
 .mdebug.abi32  0xa0000170        0x0 build/default/production/_ext/24337685/osal_freertos.o
 .mdebug.abi32  0xa0000170        0x0 build/default/production/_ext/1271179505/sys_devcon.o
 .mdebug.abi32  0xa0000170        0x0 build/default/production/_ext/1271179505/sys_devcon_pic32mx.o
 .mdebug.abi32  0xa0000170        0x0 build/default/production/_ext/122796885/sys_int_pic32.o
 .mdebug.abi32  0xa0000170        0x0 build/default/production/_ext/1856876499/heap_1.o
 .mdebug.abi32  0xa0000170        0x0 build/default/production/_ext/12131622/port.o
 .mdebug.abi32  0xa0000170        0x0 build/default/production/_ext/1128951024/croutine.o
 .mdebug.abi32  0xa0000170        0x0 build/default/production/_ext/1128951024/list.o
 .mdebug.abi32  0xa0000170        0x0 build/default/production/_ext/1128951024/queue.o
 .mdebug.abi32  0xa0000170        0x0 build/default/production/_ext/1128951024/tasks.o
 .mdebug.abi32  0xa0000170        0x0 build/default/production/_ext/1128951024/timers.o
 .mdebug.abi32  0xa0000170        0x0 build/default/production/_ext/1128951024/event_groups.o
 .mdebug.abi32  0xa0000170        0x0 build/default/production/_ext/659856544/I2CStop.o
 .mdebug.abi32  0xa0000170        0x0 build/default/production/_ext/659856544/I2CSendByte.o
 .mdebug.abi32  0xa0000170        0x0 build/default/production/_ext/659856544/I2CClearStatus.o
 .mdebug.abi32  0xa0000170        0x0 build/default/production/_ext/659856544/I2CRepeatStart.o
 .mdebug.abi32  0xa0000170        0x0 build/default/production/_ext/659856544/I2CAcknowledgeByte.o
 .mdebug.abi32  0xa0000170        0x0 build/default/production/_ext/659856544/I2CGetByte.o
 .mdebug.abi32  0xa0000170        0x0 build/default/production/_ext/659856544/I2CBusIsIdle.o
 .mdebug.abi32  0xa0000170        0x0 build/default/production/_ext/659856544/I2CTransmissionHasCompleted.o
 .mdebug.abi32  0xa0000170        0x0 build/default/production/_ext/659856544/I2CReceiverEnable.o
 .mdebug.abi32  0xa0000170        0x0 build/default/production/_ext/659856544/I2CTransmitterIsReady.o
 .mdebug.abi32  0xa0000170        0x0 build/default/production/_ext/659856544/I2CSlaveClockHold.o
 .mdebug.abi32  0xa0000170        0x0 build/default/production/_ext/659856544/I2CStart.o
 .mdebug.abi32  0xa0000170        0x0 build/default/production/_ext/659856544/I2CReceivedDataIsAvailable.o
 .mdebug.abi32  0xa0000170        0x0 build/default/production/_ext/659856544/I2CSetSlaveAddress.o
 .mdebug.abi32  0xa0000170        0x0 build/default/production/_ext/659856544/I2CEnable.o
 .mdebug.abi32  0xa0000170        0x0 build/default/production/_ext/659856544/I2CSlaveDataReadRequested.o
 .mdebug.abi32  0xa0000170        0x0 build/default/production/_ext/659856544/I2CConfigure.o
 .mdebug.abi32  0xa0000170        0x0 build/default/production/_ext/659856544/I2CReceivedByteIsAnAddress.o
 .mdebug.abi32  0xa0000170        0x0 build/default/production/_ext/659856544/I2CSlaveClockRelease.o
 .mdebug.abi32  0xa0000170        0x0 build/default/production/_ext/659856544/I2CByteWasAcknowledged.o
 .mdebug.abi32  0xa0000170        0x0 build/default/production/_ext/659856544/I2CAcknowledgeHasCompleted.o
 .mdebug.abi32  0xa0000170        0x0 build/default/production/_ext/659856544/I2CGetStatus.o
 .mdebug.abi32  0xa0000170        0x0 build/default/production/_ext/659856544/I2CPrivate.o
 .mdebug.abi32  0xa0000170        0x0 build/default/production/_ext/659856544/I2CSetFrequency.o
 .mdebug.abi32  0xa0000170        0x0 /home/john/microchip/xc32/v1.42/bin/bin/../../lib/gcc/pic32mx/4.8.3/../../../../pic32mx/lib/libpic32.a(default-bootstrap-exception-handler.o)
 .mdebug.abi32  0xa0000170        0x0 /home/john/microchip/xc32/v1.42/bin/bin/../../lib/gcc/pic32mx/4.8.3/../../../../pic32mx/lib/libpic32.a(default-on-reset.o)
 .mdebug.abi32  0xa0000170        0x0 /home/john/microchip/xc32/v1.42/bin/bin/../../lib/gcc/pic32mx/4.8.3/../../../../pic32mx/lib/libpic32.a(default-on-bootstrap.o)
 .mdebug.abi32  0xa0000170        0x0 /home/john/microchip/xc32/v1.42/bin/bin/../../lib/gcc/pic32mx/4.8.3/../../../../pic32mx/lib/libpic32.a(defaultinterrupt.o)

.mdebug.abiN32
 *(.mdebug.abiN32)

.mdebug.abi64
 *(.mdebug.abi64)

.mdebug.abiO64
 *(.mdebug.abiO64)

.mdebug.eabi32
 *(.mdebug.eabi32)

.mdebug.eabi64
 *(.mdebug.eabi64)

.gcc_compiled_long32
 *(.gcc_compiled_long32)

.gcc_compiled_long64
 *(.gcc_compiled_long64)

.stab
 *(.stab)

.stabstr
 *(.stabstr)

.stab.excl
 *(.stab.excl)

.stab.exclstr
 *(.stab.exclstr)

.stab.index
 *(.stab.index)

.stab.indexstr
 *(.stab.indexstr)

.comment        0x00000000       0x86
 *(.comment)
 .comment       0x00000000       0x3c build/default/production/_ext/327000265/drv_usart_mapping.o
                                 0x3d (size before relaxing)
 .comment       0x00000000       0x3d build/default/production/_ext/327000265/drv_usart_static.o
 .comment       0x00000000       0x3d build/default/production/_ext/327000265/drv_usart_static_byte_model.o
 .comment       0x00000000       0x3d build/default/production/_ext/639803181/sys_clk_static.o
 .comment       0x00000000       0x3d build/default/production/_ext/822048611/sys_ports_static.o
 .comment       0x00000000       0x3d build/default/production/_ext/1688732426/system_init.o
 .comment       0x00000000       0x3d build/default/production/_ext/1688732426/system_interrupt.o
 .comment       0x00000000       0x3d build/default/production/_ext/1688732426/system_exceptions.o
 .comment       0x00000000       0x3d build/default/production/_ext/1688732426/system_tasks.o
 .comment       0x00000000       0x3d build/default/production/_ext/1688732426/rtos_hooks.o
 .comment       0x00000000       0x3d build/default/production/_ext/1360937237/main.o
 .comment       0x00000000       0x3d build/default/production/_ext/1360937237/tsk_lfa_rx.o
 .comment       0x00000000       0x3d build/default/production/_ext/1360937237/tsk_wifly_rx.o
 .comment       0x00000000       0x3d build/default/production/_ext/1360937237/tsk_wifly_tx.o
 .comment       0x00000000       0x3d build/default/production/_ext/1360937237/custom_init.o
 .comment       0x00000000       0x3d build/default/production/_ext/1360937237/serialfsm.o
 .comment       0x00000000       0x3d build/default/production/_ext/1360937237/serialresponds.o
 .comment       0x00000000       0x3d build/default/production/_ext/1360937237/debug.o
 .comment       0x00000000       0x3d build/default/production/_ext/1360937237/tsk_rvrstatus.o
 .comment       0x00000000       0x3d build/default/production/_ext/1360937237/tsk_debug.o
 .comment       0x00000000       0x3d build/default/production/_ext/24337685/osal_freertos.o
 .comment       0x00000000       0x3d build/default/production/_ext/1271179505/sys_devcon.o
 .comment       0x00000000       0x3d build/default/production/_ext/1271179505/sys_devcon_pic32mx.o
 .comment       0x00000000       0x3d build/default/production/_ext/122796885/sys_int_pic32.o
 .comment       0x00000000       0x3d build/default/production/_ext/1856876499/heap_1.o
 .comment       0x00000000       0x3d build/default/production/_ext/12131622/port.o
 .comment       0x00000000       0x3d build/default/production/_ext/1128951024/croutine.o
 .comment       0x00000000       0x3d build/default/production/_ext/1128951024/list.o
 .comment       0x00000000       0x3d build/default/production/_ext/1128951024/queue.o
 .comment       0x00000000       0x3d build/default/production/_ext/1128951024/tasks.o
 .comment       0x00000000       0x3d build/default/production/_ext/1128951024/timers.o
 .comment       0x00000000       0x3d build/default/production/_ext/1128951024/event_groups.o
 .comment       0x00000000       0x3d build/default/production/_ext/659856544/I2CStop.o
 .comment       0x00000000       0x3d build/default/production/_ext/659856544/I2CSendByte.o
 .comment       0x00000000       0x3d build/default/production/_ext/659856544/I2CClearStatus.o
 .comment       0x00000000       0x3d build/default/production/_ext/659856544/I2CRepeatStart.o
 .comment       0x00000000       0x3d build/default/production/_ext/659856544/I2CAcknowledgeByte.o
 .comment       0x00000000       0x3d build/default/production/_ext/659856544/I2CGetByte.o
 .comment       0x00000000       0x3d build/default/production/_ext/659856544/I2CBusIsIdle.o
 .comment       0x00000000       0x3d build/default/production/_ext/659856544/I2CTransmissionHasCompleted.o
 .comment       0x00000000       0x3d build/default/production/_ext/659856544/I2CReceiverEnable.o
 .comment       0x00000000       0x3d build/default/production/_ext/659856544/I2CTransmitterIsReady.o
 .comment       0x00000000       0x3d build/default/production/_ext/659856544/I2CSlaveClockHold.o
 .comment       0x00000000       0x3d build/default/production/_ext/659856544/I2CStart.o
 .comment       0x00000000       0x3d build/default/production/_ext/659856544/I2CReceivedDataIsAvailable.o
 .comment       0x00000000       0x3d build/default/production/_ext/659856544/I2CSetSlaveAddress.o
 .comment       0x00000000       0x3d build/default/production/_ext/659856544/I2CEnable.o
 .comment       0x00000000       0x3d build/default/production/_ext/659856544/I2CSlaveDataReadRequested.o
 .comment       0x00000000       0x3d build/default/production/_ext/659856544/I2CConfigure.o
 .comment       0x00000000       0x3d build/default/production/_ext/659856544/I2CReceivedByteIsAnAddress.o
 .comment       0x00000000       0x3d build/default/production/_ext/659856544/I2CSlaveClockRelease.o
 .comment       0x00000000       0x3d build/default/production/_ext/659856544/I2CByteWasAcknowledged.o
 .comment       0x00000000       0x3d build/default/production/_ext/659856544/I2CAcknowledgeHasCompleted.o
 .comment       0x00000000       0x3d build/default/production/_ext/659856544/I2CGetStatus.o
 .comment       0x00000000       0x3d build/default/production/_ext/659856544/I2CPrivate.o
 .comment       0x00000000       0x3d build/default/production/_ext/659856544/I2CSetFrequency.o
 .comment       0x0000003c       0x18 /home/john/microchip/xc32/v1.42/bin/bin/../../lib/gcc/pic32mx/4.8.3/../../../../pic32mx/lib/libpic32.a(memset.o)
                                 0x19 (size before relaxing)
 .comment       0x00000054       0x19 /home/john/microchip/xc32/v1.42/bin/bin/../../lib/gcc/pic32mx/4.8.3/../../../../pic32mx/lib/libpic32.a(strcpy.o)
                                 0x1a (size before relaxing)
 .comment       0x0000006d       0x19 /home/john/microchip/xc32/v1.42/bin/bin/../../lib/gcc/pic32mx/4.8.3/../../../../pic32mx/lib/libpic32.a(strlen.o)
                                 0x1a (size before relaxing)
 .comment       0x00000000       0x3d /home/john/microchip/xc32/v1.42/bin/bin/../../lib/gcc/pic32mx/4.8.3/../../../../pic32mx/lib/libpic32.a(default-bootstrap-exception-handler.o)
 .comment       0x00000000       0x3d /home/john/microchip/xc32/v1.42/bin/bin/../../lib/gcc/pic32mx/4.8.3/../../../../pic32mx/lib/libpic32.a(default-on-reset.o)
 .comment       0x00000000       0x3d /home/john/microchip/xc32/v1.42/bin/bin/../../lib/gcc/pic32mx/4.8.3/../../../../pic32mx/lib/libpic32.a(default-on-bootstrap.o)
 .comment       0x00000000       0x3d /home/john/microchip/xc32/v1.42/bin/bin/../../lib/gcc/pic32mx/4.8.3/../../../../pic32mx/lib/libpic32.a(defaultinterrupt.o)

.debug
 *(.debug)

.line
 *(.line)

.debug_srcinfo
 *(.debug_srcinfo)

.debug_sfnames
 *(.debug_sfnames)

.debug_aranges  0x00000000      0xf38
 *(.debug_aranges)
 .debug_aranges
                0x00000000       0xa8 build/default/production/_ext/327000265/drv_usart_mapping.o
 .debug_aranges
                0x000000a8       0xd8 build/default/production/_ext/327000265/drv_usart_static.o
 .debug_aranges
                0x00000180       0x78 build/default/production/_ext/327000265/drv_usart_static_byte_model.o
 .debug_aranges
                0x000001f8       0x50 build/default/production/_ext/639803181/sys_clk_static.o
 .debug_aranges
                0x00000248      0x108 build/default/production/_ext/822048611/sys_ports_static.o
 .debug_aranges
                0x00000350       0x20 build/default/production/_ext/1688732426/system_init.o
 .debug_aranges
                0x00000370       0x28 build/default/production/_ext/1688732426/system_interrupt.o
 .debug_aranges
                0x00000398       0x20 build/default/production/_ext/1688732426/system_exceptions.o
 .debug_aranges
                0x000003b8       0x48 build/default/production/_ext/1688732426/system_tasks.o
 .debug_aranges
                0x00000400       0x38 build/default/production/_ext/1688732426/system_interrupt_a.o
 .debug_aranges
                0x00000438       0x28 build/default/production/_ext/1688732426/rtos_hooks.o
 .debug_aranges
                0x00000460       0x20 build/default/production/_ext/1360937237/main.o
 .debug_aranges
                0x00000480       0x68 build/default/production/_ext/1360937237/tsk_lfa_rx.o
 .debug_aranges
                0x000004e8       0x28 build/default/production/_ext/1360937237/tsk_wifly_rx.o
 .debug_aranges
                0x00000510       0x28 build/default/production/_ext/1360937237/tsk_wifly_tx.o
 .debug_aranges
                0x00000538       0x30 build/default/production/_ext/1360937237/custom_init.o
 .debug_aranges
                0x00000568       0x20 build/default/production/_ext/1360937237/serialfsm.o
 .debug_aranges
                0x00000588       0x20 build/default/production/_ext/1360937237/serialresponds.o
 .debug_aranges
                0x000005a8       0x50 build/default/production/_ext/1360937237/debug.o
 .debug_aranges
                0x000005f8       0x28 build/default/production/_ext/1360937237/tsk_rvrstatus.o
 .debug_aranges
                0x00000620       0x28 build/default/production/_ext/1360937237/tsk_debug.o
 .debug_aranges
                0x00000648       0x88 build/default/production/_ext/24337685/osal_freertos.o
 .debug_aranges
                0x000006d0       0x78 build/default/production/_ext/1271179505/sys_devcon.o
 .debug_aranges
                0x00000748       0x20 build/default/production/_ext/1271179505/sys_devcon_pic32mx.o
 .debug_aranges
                0x00000768       0x48 build/default/production/_ext/122796885/sys_int_pic32.o
 .debug_aranges
                0x000007b0       0x38 build/default/production/_ext/1856876499/heap_1.o
 .debug_aranges
                0x000007e8       0x58 build/default/production/_ext/12131622/port.o
 .debug_aranges
                0x00000840       0x20 build/default/production/_ext/12131622/port_asm.o
 .debug_aranges
                0x00000860       0x18 build/default/production/_ext/1128951024/croutine.o
 .debug_aranges
                0x00000878       0x40 build/default/production/_ext/1128951024/list.o
 .debug_aranges
                0x000008b8       0xb8 build/default/production/_ext/1128951024/queue.o
 .debug_aranges
                0x00000970      0x180 build/default/production/_ext/1128951024/tasks.o
 .debug_aranges
                0x00000af0       0x70 build/default/production/_ext/1128951024/timers.o
 .debug_aranges
                0x00000b60       0x60 build/default/production/_ext/1128951024/event_groups.o
 .debug_aranges
                0x00000bc0       0x20 build/default/production/_ext/659856544/I2CStop.o
 .debug_aranges
                0x00000be0       0x20 build/default/production/_ext/659856544/I2CSendByte.o
 .debug_aranges
                0x00000c00       0x20 build/default/production/_ext/659856544/I2CClearStatus.o
 .debug_aranges
                0x00000c20       0x20 build/default/production/_ext/659856544/I2CRepeatStart.o
 .debug_aranges
                0x00000c40       0x20 build/default/production/_ext/659856544/I2CAcknowledgeByte.o
 .debug_aranges
                0x00000c60       0x20 build/default/production/_ext/659856544/I2CGetByte.o
 .debug_aranges
                0x00000c80       0x20 build/default/production/_ext/659856544/I2CBusIsIdle.o
 .debug_aranges
                0x00000ca0       0x20 build/default/production/_ext/659856544/I2CTransmissionHasCompleted.o
 .debug_aranges
                0x00000cc0       0x20 build/default/production/_ext/659856544/I2CReceiverEnable.o
 .debug_aranges
                0x00000ce0       0x20 build/default/production/_ext/659856544/I2CTransmitterIsReady.o
 .debug_aranges
                0x00000d00       0x20 build/default/production/_ext/659856544/I2CSlaveClockHold.o
 .debug_aranges
                0x00000d20       0x20 build/default/production/_ext/659856544/I2CStart.o
 .debug_aranges
                0x00000d40       0x20 build/default/production/_ext/659856544/I2CReceivedDataIsAvailable.o
 .debug_aranges
                0x00000d60       0x20 build/default/production/_ext/659856544/I2CSetSlaveAddress.o
 .debug_aranges
                0x00000d80       0x20 build/default/production/_ext/659856544/I2CEnable.o
 .debug_aranges
                0x00000da0       0x20 build/default/production/_ext/659856544/I2CSlaveDataReadRequested.o
 .debug_aranges
                0x00000dc0       0x20 build/default/production/_ext/659856544/I2CConfigure.o
 .debug_aranges
                0x00000de0       0x20 build/default/production/_ext/659856544/I2CReceivedByteIsAnAddress.o
 .debug_aranges
                0x00000e00       0x20 build/default/production/_ext/659856544/I2CSlaveClockRelease.o
 .debug_aranges
                0x00000e20       0x20 build/default/production/_ext/659856544/I2CByteWasAcknowledged.o
 .debug_aranges
                0x00000e40       0x20 build/default/production/_ext/659856544/I2CAcknowledgeHasCompleted.o
 .debug_aranges
                0x00000e60       0x20 build/default/production/_ext/659856544/I2CGetStatus.o
 .debug_aranges
                0x00000e80       0x18 build/default/production/_ext/659856544/I2CPrivate.o
 .debug_aranges
                0x00000e98       0x20 build/default/production/_ext/659856544/I2CSetFrequency.o
 .debug_aranges
                0x00000eb8       0x20 /home/john/microchip/xc32/v1.42/bin/bin/../../lib/gcc/pic32mx/4.8.3/../../../../pic32mx/lib/libpic32.a(default-bootstrap-exception-handler.o)
 .debug_aranges
                0x00000ed8       0x20 /home/john/microchip/xc32/v1.42/bin/bin/../../lib/gcc/pic32mx/4.8.3/../../../../pic32mx/lib/libpic32.a(default-on-reset.o)
 .debug_aranges
                0x00000ef8       0x20 /home/john/microchip/xc32/v1.42/bin/bin/../../lib/gcc/pic32mx/4.8.3/../../../../pic32mx/lib/libpic32.a(default-on-bootstrap.o)
 .debug_aranges
                0x00000f18       0x20 /home/john/microchip/xc32/v1.42/bin/bin/../../lib/gcc/pic32mx/4.8.3/../../../../pic32mx/lib/libpic32.a(defaultinterrupt.o)

.debug_pubnames
 *(.debug_pubnames)

.debug_info     0x00000000    0x33964
 *(.debug_info .gnu.linkonce.wi.*)
 .debug_info    0x00000000     0x1d74 build/default/production/_ext/327000265/drv_usart_mapping.o
 .debug_info    0x00001d74     0x4703 build/default/production/_ext/327000265/drv_usart_static.o
 .debug_info    0x00006477     0x2172 build/default/production/_ext/327000265/drv_usart_static_byte_model.o
 .debug_info    0x000085e9     0x17bc build/default/production/_ext/639803181/sys_clk_static.o
 .debug_info    0x00009da5     0x3ae6 build/default/production/_ext/822048611/sys_ports_static.o
 .debug_info    0x0000d88b     0x1aca build/default/production/_ext/1688732426/system_init.o
 .debug_info    0x0000f355     0x110c build/default/production/_ext/1688732426/system_interrupt.o
 .debug_info    0x00010461      0xb38 build/default/production/_ext/1688732426/system_exceptions.o
 .debug_info    0x00010f99      0xfee build/default/production/_ext/1688732426/system_tasks.o
 .debug_info    0x00011f87       0xad build/default/production/_ext/1688732426/system_interrupt_a.o
 .debug_info    0x00012034      0x263 build/default/production/_ext/1688732426/rtos_hooks.o
 .debug_info    0x00012297      0x1bb build/default/production/_ext/1360937237/main.o
 .debug_info    0x00012452     0x1b8a build/default/production/_ext/1360937237/tsk_lfa_rx.o
 .debug_info    0x00013fdc      0xdd1 build/default/production/_ext/1360937237/tsk_wifly_rx.o
 .debug_info    0x00014dad      0xe5c build/default/production/_ext/1360937237/tsk_wifly_tx.o
 .debug_info    0x00015c09      0xc80 build/default/production/_ext/1360937237/custom_init.o
 .debug_info    0x00016889      0xcf4 build/default/production/_ext/1360937237/serialfsm.o
 .debug_info    0x0001757d      0xbc4 build/default/production/_ext/1360937237/serialresponds.o
 .debug_info    0x00018141     0x174a build/default/production/_ext/1360937237/debug.o
 .debug_info    0x0001988b      0xce4 build/default/production/_ext/1360937237/tsk_rvrstatus.o
 .debug_info    0x0001a56f      0xdda build/default/production/_ext/1360937237/tsk_debug.o
 .debug_info    0x0001b349      0xa9b build/default/production/_ext/24337685/osal_freertos.o
 .debug_info    0x0001bde4     0x115f build/default/production/_ext/1271179505/sys_devcon.o
 .debug_info    0x0001cf43      0xd50 build/default/production/_ext/1271179505/sys_devcon_pic32mx.o
 .debug_info    0x0001dc93     0x15b7 build/default/production/_ext/122796885/sys_int_pic32.o
 .debug_info    0x0001f24a      0x384 build/default/production/_ext/1856876499/heap_1.o
 .debug_info    0x0001f5ce     0x11af build/default/production/_ext/12131622/port.o
 .debug_info    0x0002077d       0xce build/default/production/_ext/12131622/port_asm.o
 .debug_info    0x0002084b      0x180 build/default/production/_ext/1128951024/croutine.o
 .debug_info    0x000209cb      0x470 build/default/production/_ext/1128951024/list.o
 .debug_info    0x00020e3b     0x1840 build/default/production/_ext/1128951024/queue.o
 .debug_info    0x0002267b     0x2a0b build/default/production/_ext/1128951024/tasks.o
 .debug_info    0x00025086     0x1505 build/default/production/_ext/1128951024/timers.o
 .debug_info    0x0002658b      0xd52 build/default/production/_ext/1128951024/event_groups.o
 .debug_info    0x000272dd      0x7b9 build/default/production/_ext/659856544/I2CStop.o
 .debug_info    0x00027a96      0x84b build/default/production/_ext/659856544/I2CSendByte.o
 .debug_info    0x000282e1      0x902 build/default/production/_ext/659856544/I2CClearStatus.o
 .debug_info    0x00028be3      0x836 build/default/production/_ext/659856544/I2CRepeatStart.o
 .debug_info    0x00029419      0x806 build/default/production/_ext/659856544/I2CAcknowledgeByte.o
 .debug_info    0x00029c1f      0x7d2 build/default/production/_ext/659856544/I2CGetByte.o
 .debug_info    0x0002a3f1      0x7f1 build/default/production/_ext/659856544/I2CBusIsIdle.o
 .debug_info    0x0002abe2      0x811 build/default/production/_ext/659856544/I2CTransmissionHasCompleted.o
 .debug_info    0x0002b3f3      0x876 build/default/production/_ext/659856544/I2CReceiverEnable.o
 .debug_info    0x0002bc69      0x805 build/default/production/_ext/659856544/I2CTransmitterIsReady.o
 .debug_info    0x0002c46e      0x7cd build/default/production/_ext/659856544/I2CSlaveClockHold.o
 .debug_info    0x0002cc3b      0x82a build/default/production/_ext/659856544/I2CStart.o
 .debug_info    0x0002d465      0x80f build/default/production/_ext/659856544/I2CReceivedDataIsAvailable.o
 .debug_info    0x0002dc74      0x8a1 build/default/production/_ext/659856544/I2CSetSlaveAddress.o
 .debug_info    0x0002e515      0x7f7 build/default/production/_ext/659856544/I2CEnable.o
 .debug_info    0x0002ed0c      0x80d build/default/production/_ext/659856544/I2CSlaveDataReadRequested.o
 .debug_info    0x0002f519      0x863 build/default/production/_ext/659856544/I2CConfigure.o
 .debug_info    0x0002fd7c      0x80f build/default/production/_ext/659856544/I2CReceivedByteIsAnAddress.o
 .debug_info    0x0003058b      0x7d3 build/default/production/_ext/659856544/I2CSlaveClockRelease.o
 .debug_info    0x00030d5e      0x807 build/default/production/_ext/659856544/I2CByteWasAcknowledged.o
 .debug_info    0x00031565      0x80f build/default/production/_ext/659856544/I2CAcknowledgeHasCompleted.o
 .debug_info    0x00031d74      0x917 build/default/production/_ext/659856544/I2CGetStatus.o
 .debug_info    0x0003268b      0x75d build/default/production/_ext/659856544/I2CPrivate.o
 .debug_info    0x00032de8      0x7f8 build/default/production/_ext/659856544/I2CSetFrequency.o
 .debug_info    0x000335e0       0xf5 /home/john/microchip/xc32/v1.42/bin/bin/../../lib/gcc/pic32mx/4.8.3/../../../../pic32mx/lib/libpic32.a(default-bootstrap-exception-handler.o)
 .debug_info    0x000336d5       0xcf /home/john/microchip/xc32/v1.42/bin/bin/../../lib/gcc/pic32mx/4.8.3/../../../../pic32mx/lib/libpic32.a(default-on-reset.o)
 .debug_info    0x000337a4       0xd7 /home/john/microchip/xc32/v1.42/bin/bin/../../lib/gcc/pic32mx/4.8.3/../../../../pic32mx/lib/libpic32.a(default-on-bootstrap.o)
 .debug_info    0x0003387b       0xe9 /home/john/microchip/xc32/v1.42/bin/bin/../../lib/gcc/pic32mx/4.8.3/../../../../pic32mx/lib/libpic32.a(defaultinterrupt.o)

.debug_abbrev   0x00000000     0x58fa
 *(.debug_abbrev)
 .debug_abbrev  0x00000000      0x235 build/default/production/_ext/327000265/drv_usart_mapping.o
 .debug_abbrev  0x00000235      0x40a build/default/production/_ext/327000265/drv_usart_static.o
 .debug_abbrev  0x0000063f      0x260 build/default/production/_ext/327000265/drv_usart_static_byte_model.o
 .debug_abbrev  0x0000089f      0x282 build/default/production/_ext/639803181/sys_clk_static.o
 .debug_abbrev  0x00000b21      0x222 build/default/production/_ext/822048611/sys_ports_static.o
 .debug_abbrev  0x00000d43      0x2df build/default/production/_ext/1688732426/system_init.o
 .debug_abbrev  0x00001022      0x203 build/default/production/_ext/1688732426/system_interrupt.o
 .debug_abbrev  0x00001225       0xbd build/default/production/_ext/1688732426/system_exceptions.o
 .debug_abbrev  0x000012e2      0x1a2 build/default/production/_ext/1688732426/system_tasks.o
 .debug_abbrev  0x00001484       0x12 build/default/production/_ext/1688732426/system_interrupt_a.o
 .debug_abbrev  0x00001496       0x97 build/default/production/_ext/1688732426/rtos_hooks.o
 .debug_abbrev  0x0000152d       0x93 build/default/production/_ext/1360937237/main.o
 .debug_abbrev  0x000015c0      0x1ef build/default/production/_ext/1360937237/tsk_lfa_rx.o
 .debug_abbrev  0x000017af      0x141 build/default/production/_ext/1360937237/tsk_wifly_rx.o
 .debug_abbrev  0x000018f0      0x18b build/default/production/_ext/1360937237/tsk_wifly_tx.o
 .debug_abbrev  0x00001a7b      0x104 build/default/production/_ext/1360937237/custom_init.o
 .debug_abbrev  0x00001b7f      0x133 build/default/production/_ext/1360937237/serialfsm.o
 .debug_abbrev  0x00001cb2      0x119 build/default/production/_ext/1360937237/serialresponds.o
 .debug_abbrev  0x00001dcb      0x202 build/default/production/_ext/1360937237/debug.o
 .debug_abbrev  0x00001fcd      0x14a build/default/production/_ext/1360937237/tsk_rvrstatus.o
 .debug_abbrev  0x00002117      0x178 build/default/production/_ext/1360937237/tsk_debug.o
 .debug_abbrev  0x0000228f      0x1fe build/default/production/_ext/24337685/osal_freertos.o
 .debug_abbrev  0x0000248d      0x26d build/default/production/_ext/1271179505/sys_devcon.o
 .debug_abbrev  0x000026fa      0x16d build/default/production/_ext/1271179505/sys_devcon_pic32mx.o
 .debug_abbrev  0x00002867      0x1d0 build/default/production/_ext/122796885/sys_int_pic32.o
 .debug_abbrev  0x00002a37      0x13f build/default/production/_ext/1856876499/heap_1.o
 .debug_abbrev  0x00002b76      0x2cf build/default/production/_ext/12131622/port.o
 .debug_abbrev  0x00002e45       0x14 build/default/production/_ext/12131622/port_asm.o
 .debug_abbrev  0x00002e59       0x1b build/default/production/_ext/1128951024/croutine.o
 .debug_abbrev  0x00002e74       0xf1 build/default/production/_ext/1128951024/list.o
 .debug_abbrev  0x00002f65      0x2c4 build/default/production/_ext/1128951024/queue.o
 .debug_abbrev  0x00003229      0x36d build/default/production/_ext/1128951024/tasks.o
 .debug_abbrev  0x00003596      0x341 build/default/production/_ext/1128951024/timers.o
 .debug_abbrev  0x000038d7      0x29a build/default/production/_ext/1128951024/event_groups.o
 .debug_abbrev  0x00003b71      0x120 build/default/production/_ext/659856544/I2CStop.o
 .debug_abbrev  0x00003c91      0x14b build/default/production/_ext/659856544/I2CSendByte.o
 .debug_abbrev  0x00003ddc      0x149 build/default/production/_ext/659856544/I2CClearStatus.o
 .debug_abbrev  0x00003f25      0x13c build/default/production/_ext/659856544/I2CRepeatStart.o
 .debug_abbrev  0x00004061      0x13e build/default/production/_ext/659856544/I2CAcknowledgeByte.o
 .debug_abbrev  0x0000419f      0x12f build/default/production/_ext/659856544/I2CGetByte.o
 .debug_abbrev  0x000042ce      0x131 build/default/production/_ext/659856544/I2CBusIsIdle.o
 .debug_abbrev  0x000043ff      0x131 build/default/production/_ext/659856544/I2CTransmissionHasCompleted.o
 .debug_abbrev  0x00004530      0x15a build/default/production/_ext/659856544/I2CReceiverEnable.o
 .debug_abbrev  0x0000468a      0x131 build/default/production/_ext/659856544/I2CTransmitterIsReady.o
 .debug_abbrev  0x000047bb      0x120 build/default/production/_ext/659856544/I2CSlaveClockHold.o
 .debug_abbrev  0x000048db      0x13c build/default/production/_ext/659856544/I2CStart.o
 .debug_abbrev  0x00004a17      0x131 build/default/production/_ext/659856544/I2CReceivedDataIsAvailable.o
 .debug_abbrev  0x00004b48      0x149 build/default/production/_ext/659856544/I2CSetSlaveAddress.o
 .debug_abbrev  0x00004c91      0x13e build/default/production/_ext/659856544/I2CEnable.o
 .debug_abbrev  0x00004dcf      0x131 build/default/production/_ext/659856544/I2CSlaveDataReadRequested.o
 .debug_abbrev  0x00004f00      0x149 build/default/production/_ext/659856544/I2CConfigure.o
 .debug_abbrev  0x00005049      0x131 build/default/production/_ext/659856544/I2CReceivedByteIsAnAddress.o
 .debug_abbrev  0x0000517a      0x120 build/default/production/_ext/659856544/I2CSlaveClockRelease.o
 .debug_abbrev  0x0000529a      0x131 build/default/production/_ext/659856544/I2CByteWasAcknowledged.o
 .debug_abbrev  0x000053cb      0x131 build/default/production/_ext/659856544/I2CAcknowledgeHasCompleted.o
 .debug_abbrev  0x000054fc      0x14b build/default/production/_ext/659856544/I2CGetStatus.o
 .debug_abbrev  0x00005647       0xe2 build/default/production/_ext/659856544/I2CPrivate.o
 .debug_abbrev  0x00005729      0x131 build/default/production/_ext/659856544/I2CSetFrequency.o
 .debug_abbrev  0x0000585a       0x28 /home/john/microchip/xc32/v1.42/bin/bin/../../lib/gcc/pic32mx/4.8.3/../../../../pic32mx/lib/libpic32.a(default-bootstrap-exception-handler.o)
 .debug_abbrev  0x00005882       0x28 /home/john/microchip/xc32/v1.42/bin/bin/../../lib/gcc/pic32mx/4.8.3/../../../../pic32mx/lib/libpic32.a(default-on-reset.o)
 .debug_abbrev  0x000058aa       0x28 /home/john/microchip/xc32/v1.42/bin/bin/../../lib/gcc/pic32mx/4.8.3/../../../../pic32mx/lib/libpic32.a(default-on-bootstrap.o)
 .debug_abbrev  0x000058d2       0x28 /home/john/microchip/xc32/v1.42/bin/bin/../../lib/gcc/pic32mx/4.8.3/../../../../pic32mx/lib/libpic32.a(defaultinterrupt.o)

.debug_line     0x00000000     0xa6d2
 *(.debug_line)
 .debug_line    0x00000000      0x5c4 build/default/production/_ext/327000265/drv_usart_mapping.o
 .debug_line    0x000005c4      0xb17 build/default/production/_ext/327000265/drv_usart_static.o
 .debug_line    0x000010db      0x65a build/default/production/_ext/327000265/drv_usart_static_byte_model.o
 .debug_line    0x00001735      0x5ae build/default/production/_ext/639803181/sys_clk_static.o
 .debug_line    0x00001ce3      0x7af build/default/production/_ext/822048611/sys_ports_static.o
 .debug_line    0x00002492      0x68f build/default/production/_ext/1688732426/system_init.o
 .debug_line    0x00002b21      0x4d3 build/default/production/_ext/1688732426/system_interrupt.o
 .debug_line    0x00002ff4      0x2a1 build/default/production/_ext/1688732426/system_exceptions.o
 .debug_line    0x00003295      0x43d build/default/production/_ext/1688732426/system_tasks.o
 .debug_line    0x000036d2       0xa6 build/default/production/_ext/1688732426/system_interrupt_a.o
 .debug_line    0x00003778      0x14e build/default/production/_ext/1688732426/rtos_hooks.o
 .debug_line    0x000038c6       0xcf build/default/production/_ext/1360937237/main.o
 .debug_line    0x00003995      0x471 build/default/production/_ext/1360937237/tsk_lfa_rx.o
 .debug_line    0x00003e06      0x2f0 build/default/production/_ext/1360937237/tsk_wifly_rx.o
 .debug_line    0x000040f6      0x3f6 build/default/production/_ext/1360937237/tsk_wifly_tx.o
 .debug_line    0x000044ec      0x2e3 build/default/production/_ext/1360937237/custom_init.o
 .debug_line    0x000047cf      0x300 build/default/production/_ext/1360937237/serialfsm.o
 .debug_line    0x00004acf      0x2e7 build/default/production/_ext/1360937237/serialresponds.o
 .debug_line    0x00004db6      0x4c6 build/default/production/_ext/1360937237/debug.o
 .debug_line    0x0000527c      0x31f build/default/production/_ext/1360937237/tsk_rvrstatus.o
 .debug_line    0x0000559b      0x3ea build/default/production/_ext/1360937237/tsk_debug.o
 .debug_line    0x00005985      0x2ce build/default/production/_ext/24337685/osal_freertos.o
 .debug_line    0x00005c53      0x627 build/default/production/_ext/1271179505/sys_devcon.o
 .debug_line    0x0000627a      0x4c7 build/default/production/_ext/1271179505/sys_devcon_pic32mx.o
 .debug_line    0x00006741      0x3b6 build/default/production/_ext/122796885/sys_int_pic32.o
 .debug_line    0x00006af7      0x21f build/default/production/_ext/1856876499/heap_1.o
 .debug_line    0x00006d16      0x238 build/default/production/_ext/12131622/port.o
 .debug_line    0x00006f4e      0x102 build/default/production/_ext/12131622/port_asm.o
 .debug_line    0x00007050       0x1d build/default/production/_ext/1128951024/croutine.o
 .debug_line    0x0000706d      0x1f1 build/default/production/_ext/1128951024/list.o
 .debug_line    0x0000725e      0x4a9 build/default/production/_ext/1128951024/queue.o
 .debug_line    0x00007707      0x81e build/default/production/_ext/1128951024/tasks.o
 .debug_line    0x00007f25      0x39e build/default/production/_ext/1128951024/timers.o
 .debug_line    0x000082c3      0x32a build/default/production/_ext/1128951024/event_groups.o
 .debug_line    0x000085ed      0x139 build/default/production/_ext/659856544/I2CStop.o
 .debug_line    0x00008726      0x140 build/default/production/_ext/659856544/I2CSendByte.o
 .debug_line    0x00008866      0x141 build/default/production/_ext/659856544/I2CClearStatus.o
 .debug_line    0x000089a7      0x142 build/default/production/_ext/659856544/I2CRepeatStart.o
 .debug_line    0x00008ae9      0x147 build/default/production/_ext/659856544/I2CAcknowledgeByte.o
 .debug_line    0x00008c30      0x13e build/default/production/_ext/659856544/I2CGetByte.o
 .debug_line    0x00008d6e      0x145 build/default/production/_ext/659856544/I2CBusIsIdle.o
 .debug_line    0x00008eb3      0x14f build/default/production/_ext/659856544/I2CTransmissionHasCompleted.o
 .debug_line    0x00009002      0x146 build/default/production/_ext/659856544/I2CReceiverEnable.o
 .debug_line    0x00009148      0x149 build/default/production/_ext/659856544/I2CTransmitterIsReady.o
 .debug_line    0x00009291      0x143 build/default/production/_ext/659856544/I2CSlaveClockHold.o
 .debug_line    0x000093d4      0x13d build/default/production/_ext/659856544/I2CStart.o
 .debug_line    0x00009511      0x14e build/default/production/_ext/659856544/I2CReceivedDataIsAvailable.o
 .debug_line    0x0000965f      0x148 build/default/production/_ext/659856544/I2CSetSlaveAddress.o
 .debug_line    0x000097a7      0x13c build/default/production/_ext/659856544/I2CEnable.o
 .debug_line    0x000098e3      0x14d build/default/production/_ext/659856544/I2CSlaveDataReadRequested.o
 .debug_line    0x00009a30      0x13f build/default/production/_ext/659856544/I2CConfigure.o
 .debug_line    0x00009b6f      0x14e build/default/production/_ext/659856544/I2CReceivedByteIsAnAddress.o
 .debug_line    0x00009cbd      0x147 build/default/production/_ext/659856544/I2CSlaveClockRelease.o
 .debug_line    0x00009e04      0x14a build/default/production/_ext/659856544/I2CByteWasAcknowledged.o
 .debug_line    0x00009f4e      0x14e build/default/production/_ext/659856544/I2CAcknowledgeHasCompleted.o
 .debug_line    0x0000a09c      0x145 build/default/production/_ext/659856544/I2CGetStatus.o
 .debug_line    0x0000a1e1      0x12a build/default/production/_ext/659856544/I2CPrivate.o
 .debug_line    0x0000a30b      0x146 build/default/production/_ext/659856544/I2CSetFrequency.o
 .debug_line    0x0000a451       0xa9 /home/john/microchip/xc32/v1.42/bin/bin/../../lib/gcc/pic32mx/4.8.3/../../../../pic32mx/lib/libpic32.a(default-bootstrap-exception-handler.o)
 .debug_line    0x0000a4fa       0x96 /home/john/microchip/xc32/v1.42/bin/bin/../../lib/gcc/pic32mx/4.8.3/../../../../pic32mx/lib/libpic32.a(default-on-reset.o)
 .debug_line    0x0000a590       0x9a /home/john/microchip/xc32/v1.42/bin/bin/../../lib/gcc/pic32mx/4.8.3/../../../../pic32mx/lib/libpic32.a(default-on-bootstrap.o)
 .debug_line    0x0000a62a       0xa8 /home/john/microchip/xc32/v1.42/bin/bin/../../lib/gcc/pic32mx/4.8.3/../../../../pic32mx/lib/libpic32.a(defaultinterrupt.o)

.debug_frame    0x00000000     0x1cc4
 *(.debug_frame)
 .debug_frame   0x00000000      0x1c0 build/default/production/_ext/327000265/drv_usart_mapping.o
 .debug_frame   0x000001c0      0x1e8 build/default/production/_ext/327000265/drv_usart_static.o
 .debug_frame   0x000003a8       0xf0 build/default/production/_ext/327000265/drv_usart_static_byte_model.o
 .debug_frame   0x00000498       0xa0 build/default/production/_ext/639803181/sys_clk_static.o
 .debug_frame   0x00000538      0x1f0 build/default/production/_ext/822048611/sys_ports_static.o
 .debug_frame   0x00000728       0x28 build/default/production/_ext/1688732426/system_init.o
 .debug_frame   0x00000750       0x40 build/default/production/_ext/1688732426/system_interrupt.o
 .debug_frame   0x00000790       0x28 build/default/production/_ext/1688732426/system_exceptions.o
 .debug_frame   0x000007b8       0xa0 build/default/production/_ext/1688732426/system_tasks.o
 .debug_frame   0x00000858       0x40 build/default/production/_ext/1688732426/rtos_hooks.o
 .debug_frame   0x00000898       0x28 build/default/production/_ext/1360937237/main.o
 .debug_frame   0x000008c0       0xf8 build/default/production/_ext/1360937237/tsk_lfa_rx.o
 .debug_frame   0x000009b8       0x40 build/default/production/_ext/1360937237/tsk_wifly_rx.o
 .debug_frame   0x000009f8       0x44 build/default/production/_ext/1360937237/tsk_wifly_tx.o
 .debug_frame   0x00000a3c       0x58 build/default/production/_ext/1360937237/custom_init.o
 .debug_frame   0x00000a94       0x28 build/default/production/_ext/1360937237/serialfsm.o
 .debug_frame   0x00000abc       0x28 build/default/production/_ext/1360937237/serialresponds.o
 .debug_frame   0x00000ae4       0xa8 build/default/production/_ext/1360937237/debug.o
 .debug_frame   0x00000b8c       0x40 build/default/production/_ext/1360937237/tsk_rvrstatus.o
 .debug_frame   0x00000bcc       0x44 build/default/production/_ext/1360937237/tsk_debug.o
 .debug_frame   0x00000c10      0x150 build/default/production/_ext/24337685/osal_freertos.o
 .debug_frame   0x00000d60       0xe8 build/default/production/_ext/1271179505/sys_devcon.o
 .debug_frame   0x00000e48       0x28 build/default/production/_ext/1271179505/sys_devcon_pic32mx.o
 .debug_frame   0x00000e70       0x90 build/default/production/_ext/122796885/sys_int_pic32.o
 .debug_frame   0x00000f00       0x5c build/default/production/_ext/1856876499/heap_1.o
 .debug_frame   0x00000f5c       0xc0 build/default/production/_ext/12131622/port.o
 .debug_frame   0x0000101c       0x60 build/default/production/_ext/1128951024/list.o
 .debug_frame   0x0000107c      0x230 build/default/production/_ext/1128951024/queue.o
 .debug_frame   0x000012ac      0x470 build/default/production/_ext/1128951024/tasks.o
 .debug_frame   0x0000171c      0x134 build/default/production/_ext/1128951024/timers.o
 .debug_frame   0x00001850      0x108 build/default/production/_ext/1128951024/event_groups.o
 .debug_frame   0x00001958       0x20 build/default/production/_ext/659856544/I2CStop.o
 .debug_frame   0x00001978       0x20 build/default/production/_ext/659856544/I2CSendByte.o
 .debug_frame   0x00001998       0x20 build/default/production/_ext/659856544/I2CClearStatus.o
 .debug_frame   0x000019b8       0x20 build/default/production/_ext/659856544/I2CRepeatStart.o
 .debug_frame   0x000019d8       0x20 build/default/production/_ext/659856544/I2CAcknowledgeByte.o
 .debug_frame   0x000019f8       0x20 build/default/production/_ext/659856544/I2CGetByte.o
 .debug_frame   0x00001a18       0x20 build/default/production/_ext/659856544/I2CBusIsIdle.o
 .debug_frame   0x00001a38       0x20 build/default/production/_ext/659856544/I2CTransmissionHasCompleted.o
 .debug_frame   0x00001a58       0x20 build/default/production/_ext/659856544/I2CReceiverEnable.o
 .debug_frame   0x00001a78       0x20 build/default/production/_ext/659856544/I2CTransmitterIsReady.o
 .debug_frame   0x00001a98       0x20 build/default/production/_ext/659856544/I2CSlaveClockHold.o
 .debug_frame   0x00001ab8       0x20 build/default/production/_ext/659856544/I2CStart.o
 .debug_frame   0x00001ad8       0x20 build/default/production/_ext/659856544/I2CReceivedDataIsAvailable.o
 .debug_frame   0x00001af8       0x20 build/default/production/_ext/659856544/I2CSetSlaveAddress.o
 .debug_frame   0x00001b18       0x20 build/default/production/_ext/659856544/I2CEnable.o
 .debug_frame   0x00001b38       0x20 build/default/production/_ext/659856544/I2CSlaveDataReadRequested.o
 .debug_frame   0x00001b58       0x20 build/default/production/_ext/659856544/I2CConfigure.o
 .debug_frame   0x00001b78       0x20 build/default/production/_ext/659856544/I2CReceivedByteIsAnAddress.o
 .debug_frame   0x00001b98       0x20 build/default/production/_ext/659856544/I2CSlaveClockRelease.o
 .debug_frame   0x00001bb8       0x20 build/default/production/_ext/659856544/I2CByteWasAcknowledged.o
 .debug_frame   0x00001bd8       0x20 build/default/production/_ext/659856544/I2CAcknowledgeHasCompleted.o
 .debug_frame   0x00001bf8       0x20 build/default/production/_ext/659856544/I2CGetStatus.o
 .debug_frame   0x00001c18       0x20 build/default/production/_ext/659856544/I2CSetFrequency.o
 .debug_frame   0x00001c38       0x2c /home/john/microchip/xc32/v1.42/bin/bin/../../lib/gcc/pic32mx/4.8.3/../../../../pic32mx/lib/libpic32.a(default-bootstrap-exception-handler.o)
 .debug_frame   0x00001c64       0x20 /home/john/microchip/xc32/v1.42/bin/bin/../../lib/gcc/pic32mx/4.8.3/../../../../pic32mx/lib/libpic32.a(default-on-reset.o)
 .debug_frame   0x00001c84       0x20 /home/john/microchip/xc32/v1.42/bin/bin/../../lib/gcc/pic32mx/4.8.3/../../../../pic32mx/lib/libpic32.a(default-on-bootstrap.o)
 .debug_frame   0x00001ca4       0x20 /home/john/microchip/xc32/v1.42/bin/bin/../../lib/gcc/pic32mx/4.8.3/../../../../pic32mx/lib/libpic32.a(defaultinterrupt.o)

.debug_str      0x00000000      0x77b
 *(.debug_str)
 .debug_str     0x00000000       0x23 build/default/production/_ext/327000265/drv_usart_mapping.o
 .debug_str     0x00000023       0xfb build/default/production/_ext/327000265/drv_usart_static.o
 .debug_str     0x0000011e       0x1c build/default/production/_ext/327000265/drv_usart_static_byte_model.o
 .debug_str     0x0000013a       0x39 build/default/production/_ext/639803181/sys_clk_static.o
 .debug_str     0x00000173       0x55 build/default/production/_ext/822048611/sys_ports_static.o
 .debug_str     0x000001c8       0x42 build/default/production/_ext/1688732426/system_init.o
 .debug_str     0x0000020a       0x14 build/default/production/_ext/1688732426/system_interrupt.o
 .debug_str     0x0000021e        0x0 build/default/production/_ext/1688732426/system_exceptions.o
 .debug_str     0x0000021e        0xc build/default/production/_ext/1688732426/system_tasks.o
 .debug_str     0x0000022a        0x9 build/default/production/_ext/1688732426/rtos_hooks.o
 .debug_str     0x00000233        0x0 build/default/production/_ext/1360937237/main.o
 .debug_str     0x00000233        0x0 build/default/production/_ext/1360937237/tsk_lfa_rx.o
 .debug_str     0x00000233        0x0 build/default/production/_ext/1360937237/tsk_wifly_rx.o
 .debug_str     0x00000233        0x0 build/default/production/_ext/1360937237/tsk_wifly_tx.o
 .debug_str     0x00000233        0x0 build/default/production/_ext/1360937237/custom_init.o
 .debug_str     0x00000233        0x0 build/default/production/_ext/1360937237/serialfsm.o
 .debug_str     0x00000233        0x0 build/default/production/_ext/1360937237/serialresponds.o
 .debug_str     0x00000233       0x19 build/default/production/_ext/1360937237/debug.o
 .debug_str     0x0000024c        0x0 build/default/production/_ext/1360937237/tsk_rvrstatus.o
 .debug_str     0x0000024c        0x0 build/default/production/_ext/1360937237/tsk_debug.o
 .debug_str     0x0000024c       0x40 build/default/production/_ext/24337685/osal_freertos.o
 .debug_str     0x0000028c       0x16 build/default/production/_ext/1271179505/sys_devcon.o
 .debug_str     0x000002a2        0x6 build/default/production/_ext/1271179505/sys_devcon_pic32mx.o
 .debug_str     0x000002a8       0x2d build/default/production/_ext/122796885/sys_int_pic32.o
 .debug_str     0x000002d5       0x1d build/default/production/_ext/1856876499/heap_1.o
 .debug_str     0x000002f2       0x37 build/default/production/_ext/12131622/port.o
 .debug_str     0x00000329        0x0 build/default/production/_ext/1128951024/croutine.o
 .debug_str     0x00000329       0x2b build/default/production/_ext/1128951024/list.o
 .debug_str     0x00000354       0xf1 build/default/production/_ext/1128951024/queue.o
 .debug_str     0x00000445      0x191 build/default/production/_ext/1128951024/tasks.o
 .debug_str     0x000005d6       0xbf build/default/production/_ext/1128951024/timers.o
 .debug_str     0x00000695       0xe6 build/default/production/_ext/1128951024/event_groups.o
 .debug_str     0x0000077b        0x0 build/default/production/_ext/659856544/I2CStop.o
 .debug_str     0x0000077b        0x0 build/default/production/_ext/659856544/I2CSendByte.o
 .debug_str     0x0000077b        0x0 build/default/production/_ext/659856544/I2CClearStatus.o
 .debug_str     0x0000077b        0x0 build/default/production/_ext/659856544/I2CRepeatStart.o
 .debug_str     0x0000077b        0x0 build/default/production/_ext/659856544/I2CAcknowledgeByte.o
 .debug_str     0x0000077b        0x0 build/default/production/_ext/659856544/I2CGetByte.o
 .debug_str     0x0000077b        0x0 build/default/production/_ext/659856544/I2CBusIsIdle.o
 .debug_str     0x0000077b        0x0 build/default/production/_ext/659856544/I2CTransmissionHasCompleted.o
 .debug_str     0x0000077b        0x0 build/default/production/_ext/659856544/I2CReceiverEnable.o
 .debug_str     0x0000077b        0x0 build/default/production/_ext/659856544/I2CTransmitterIsReady.o
 .debug_str     0x0000077b        0x0 build/default/production/_ext/659856544/I2CSlaveClockHold.o
 .debug_str     0x0000077b        0x0 build/default/production/_ext/659856544/I2CStart.o
 .debug_str     0x0000077b        0x0 build/default/production/_ext/659856544/I2CReceivedDataIsAvailable.o
 .debug_str     0x0000077b        0x0 build/default/production/_ext/659856544/I2CSetSlaveAddress.o
 .debug_str     0x0000077b        0x0 build/default/production/_ext/659856544/I2CEnable.o
 .debug_str     0x0000077b        0x0 build/default/production/_ext/659856544/I2CSlaveDataReadRequested.o
 .debug_str     0x0000077b        0x0 build/default/production/_ext/659856544/I2CConfigure.o
 .debug_str     0x0000077b        0x0 build/default/production/_ext/659856544/I2CReceivedByteIsAnAddress.o
 .debug_str     0x0000077b        0x0 build/default/production/_ext/659856544/I2CSlaveClockRelease.o
 .debug_str     0x0000077b        0x0 build/default/production/_ext/659856544/I2CByteWasAcknowledged.o
 .debug_str     0x0000077b        0x0 build/default/production/_ext/659856544/I2CAcknowledgeHasCompleted.o
 .debug_str     0x0000077b        0x0 build/default/production/_ext/659856544/I2CGetStatus.o
 .debug_str     0x0000077b        0x0 build/default/production/_ext/659856544/I2CPrivate.o
 .debug_str     0x0000077b        0x0 build/default/production/_ext/659856544/I2CSetFrequency.o
 .debug_str     0x0000077b        0x0 /home/john/microchip/xc32/v1.42/bin/bin/../../lib/gcc/pic32mx/4.8.3/../../../../pic32mx/lib/libpic32.a(default-bootstrap-exception-handler.o)
 .debug_str     0x0000077b        0x0 /home/john/microchip/xc32/v1.42/bin/bin/../../lib/gcc/pic32mx/4.8.3/../../../../pic32mx/lib/libpic32.a(default-on-reset.o)
 .debug_str     0x0000077b        0x0 /home/john/microchip/xc32/v1.42/bin/bin/../../lib/gcc/pic32mx/4.8.3/../../../../pic32mx/lib/libpic32.a(default-on-bootstrap.o)
 .debug_str     0x0000077b        0x0 /home/john/microchip/xc32/v1.42/bin/bin/../../lib/gcc/pic32mx/4.8.3/../../../../pic32mx/lib/libpic32.a(defaultinterrupt.o)

.debug_loc      0x00000000     0x68be
 *(.debug_loc)
 .debug_loc     0x00000000      0x703 build/default/production/_ext/327000265/drv_usart_mapping.o
 .debug_loc     0x00000703      0xb2f build/default/production/_ext/327000265/drv_usart_static.o
 .debug_loc     0x00001232       0xe8 build/default/production/_ext/327000265/drv_usart_static_byte_model.o
 .debug_loc     0x0000131a       0x49 build/default/production/_ext/639803181/sys_clk_static.o
 .debug_loc     0x00001363      0xecf build/default/production/_ext/822048611/sys_ports_static.o
 .debug_loc     0x00002232       0x21 build/default/production/_ext/1688732426/system_init.o